<?xml version="1.0"?>
<link_info>
   <banner>TI ARM Linker PC v5.2.4</banner>
   <copyright>Copyright (c) 1996-2015 Texas Instruments Incorporated</copyright>
   <link_time>0x561db82b</link_time>
   <link_errors>0x0</link_errors>
   <output_file>TimerA0PWM_MSP432.out</output_file>
   <entry_point>
      <name>_c_int00</name>
      <address>0x815</address>
   </entry_point>
   <input_file_list>
      <input_file id="fl-2">
         <path>.\</path>
         <kind>object</kind>
         <file>ClockSystem.obj</file>
         <name>ClockSystem.obj</name>
      </input_file>
      <input_file id="fl-3">
         <path>.\</path>
         <kind>object</kind>
         <file>PWM.obj</file>
         <name>PWM.obj</name>
      </input_file>
      <input_file id="fl-4">
         <path>.\</path>
         <kind>object</kind>
         <file>main.obj</file>
         <name>main.obj</name>
      </input_file>
      <input_file id="fl-5">
         <path>.\</path>
         <kind>object</kind>
         <file>msp432_startup_ccs.obj</file>
         <name>msp432_startup_ccs.obj</name>
      </input_file>
      <input_file id="fl-12b">
         <path>C:\ti\ccsv6\tools\compiler\ti-cgt-arm_5.2.4\lib\</path>
         <kind>archive</kind>
         <file>rtsv7M4_T_le_v4SPD16_eabi.lib</file>
         <name>boot.obj</name>
      </input_file>
      <input_file id="fl-12c">
         <path>C:\ti\ccsv6\tools\compiler\ti-cgt-arm_5.2.4\lib\</path>
         <kind>archive</kind>
         <file>rtsv7M4_T_le_v4SPD16_eabi.lib</file>
         <name>copy_decompress_none.obj</name>
      </input_file>
      <input_file id="fl-12d">
         <path>C:\ti\ccsv6\tools\compiler\ti-cgt-arm_5.2.4\lib\</path>
         <kind>archive</kind>
         <file>rtsv7M4_T_le_v4SPD16_eabi.lib</file>
         <name>copy_decompress_rle.obj</name>
      </input_file>
      <input_file id="fl-12e">
         <path>C:\ti\ccsv6\tools\compiler\ti-cgt-arm_5.2.4\lib\</path>
         <kind>archive</kind>
         <file>rtsv7M4_T_le_v4SPD16_eabi.lib</file>
         <name>copy_zero_init.obj</name>
      </input_file>
      <input_file id="fl-12f">
         <path>C:\ti\ccsv6\tools\compiler\ti-cgt-arm_5.2.4\lib\</path>
         <kind>archive</kind>
         <file>rtsv7M4_T_le_v4SPD16_eabi.lib</file>
         <name>exit.obj</name>
      </input_file>
      <input_file id="fl-130">
         <path>C:\ti\ccsv6\tools\compiler\ti-cgt-arm_5.2.4\lib\</path>
         <kind>archive</kind>
         <file>rtsv7M4_T_le_v4SPD16_eabi.lib</file>
         <name>memcpy_t2.obj</name>
      </input_file>
      <input_file id="fl-131">
         <path>C:\ti\ccsv6\tools\compiler\ti-cgt-arm_5.2.4\lib\</path>
         <kind>archive</kind>
         <file>rtsv7M4_T_le_v4SPD16_eabi.lib</file>
         <name>memset_t2.obj</name>
      </input_file>
      <input_file id="fl-132">
         <path>C:\ti\ccsv6\tools\compiler\ti-cgt-arm_5.2.4\lib\</path>
         <kind>archive</kind>
         <file>rtsv7M4_T_le_v4SPD16_eabi.lib</file>
         <name>pre_init.obj</name>
      </input_file>
      <input_file id="fl-133">
         <path>C:\ti\ccsv6\tools\compiler\ti-cgt-arm_5.2.4\lib\</path>
         <kind>archive</kind>
         <file>rtsv7M4_T_le_v4SPD16_eabi.lib</file>
         <name>stkdepth_vars.obj</name>
      </input_file>
      <input_file id="fl-134">
         <path>C:\ti\ccsv6\tools\compiler\ti-cgt-arm_5.2.4\lib\</path>
         <kind>archive</kind>
         <file>rtsv7M4_T_le_v4SPD16_eabi.lib</file>
         <name>_lock.obj</name>
      </input_file>
      <input_file id="fl-135">
         <path>C:\ti\ccsv6\tools\compiler\ti-cgt-arm_5.2.4\lib\</path>
         <kind>archive</kind>
         <file>rtsv7M4_T_le_v4SPD16_eabi.lib</file>
         <name>args_main.obj</name>
      </input_file>
      <input_file id="fl-136">
         <path>C:\ti\ccsv6\tools\compiler\ti-cgt-arm_5.2.4\lib\</path>
         <kind>archive</kind>
         <file>rtsv7M4_T_le_v4SPD16_eabi.lib</file>
         <name>autoinit.obj</name>
      </input_file>
      <input_file id="fl-137">
         <path>C:\ti\ccsv6\tools\compiler\ti-cgt-arm_5.2.4\lib\</path>
         <kind>archive</kind>
         <file>rtsv7M4_T_le_v4SPD16_eabi.lib</file>
         <name>cpy_tbl.obj</name>
      </input_file>
   </input_file_list>
   <object_component_list>
      <object_component id="oc-10">
         <name>.intvecs</name>
         <load_address>0x0</load_address>
         <run_address>0x0</run_address>
         <size>0x144</size>
         <input_file_ref idref="fl-5"/>
      </object_component>
      <object_component id="oc-e2">
         <name>.text</name>
         <load_address>0x144</load_address>
         <run_address>0x144</run_address>
         <size>0x330</size>
         <input_file_ref idref="fl-2"/>
      </object_component>
      <object_component id="oc-ba">
         <name>.text</name>
         <load_address>0x474</load_address>
         <run_address>0x474</run_address>
         <size>0x118</size>
         <input_file_ref idref="fl-3"/>
      </object_component>
      <object_component id="oc-34">
         <name>.text</name>
         <load_address>0x58c</load_address>
         <run_address>0x58c</run_address>
         <size>0x9c</size>
         <input_file_ref idref="fl-130"/>
      </object_component>
      <object_component id="oc-2b">
         <name>.text</name>
         <load_address>0x628</load_address>
         <run_address>0x628</run_address>
         <size>0x9a</size>
         <input_file_ref idref="fl-5"/>
      </object_component>
      <object_component id="oc-4d">
         <name>.text</name>
         <load_address>0x6c2</load_address>
         <run_address>0x6c2</run_address>
         <size>0x7a</size>
         <input_file_ref idref="fl-131"/>
      </object_component>
      <object_component id="oc-5f">
         <name>.text</name>
         <load_address>0x73c</load_address>
         <run_address>0x73c</run_address>
         <size>0x6c</size>
         <input_file_ref idref="fl-136"/>
      </object_component>
      <object_component id="oc-40">
         <name>.text</name>
         <load_address>0x7a8</load_address>
         <run_address>0x7a8</run_address>
         <size>0x6a</size>
         <input_file_ref idref="fl-12d"/>
      </object_component>
      <object_component id="oc-25">
         <name>.text</name>
         <load_address>0x814</load_address>
         <run_address>0x814</run_address>
         <size>0x50</size>
         <input_file_ref idref="fl-12b"/>
      </object_component>
      <object_component id="oc-91">
         <name>.text</name>
         <load_address>0x864</load_address>
         <run_address>0x864</run_address>
         <size>0x4c</size>
         <input_file_ref idref="fl-137"/>
      </object_component>
      <object_component id="oc-6b">
         <name>.text</name>
         <load_address>0x8b0</load_address>
         <run_address>0x8b0</run_address>
         <size>0x44</size>
         <input_file_ref idref="fl-12f"/>
      </object_component>
      <object_component id="oc-65">
         <name>.text</name>
         <load_address>0x8f4</load_address>
         <run_address>0x8f4</run_address>
         <size>0x18</size>
         <input_file_ref idref="fl-135"/>
      </object_component>
      <object_component id="oc-cd">
         <name>.text</name>
         <load_address>0x90c</load_address>
         <run_address>0x90c</run_address>
         <size>0x14</size>
         <input_file_ref idref="fl-134"/>
      </object_component>
      <object_component id="oc-13">
         <name>.text:decompress:none</name>
         <load_address>0x920</load_address>
         <run_address>0x920</run_address>
         <size>0xe</size>
         <input_file_ref idref="fl-12c"/>
      </object_component>
      <object_component id="oc-99">
         <name>.text</name>
         <load_address>0x92e</load_address>
         <run_address>0x92e</run_address>
         <size>0xe</size>
         <input_file_ref idref="fl-4"/>
      </object_component>
      <object_component id="oc-19">
         <name>.text:decompress:rle24</name>
         <load_address>0x93c</load_address>
         <run_address>0x93c</run_address>
         <size>0x6</size>
         <input_file_ref idref="fl-12d"/>
      </object_component>
      <object_component id="oc-59">
         <name>.text</name>
         <load_address>0x942</load_address>
         <run_address>0x942</run_address>
         <size>0x4</size>
         <input_file_ref idref="fl-132"/>
      </object_component>
      <object_component id="oc-11a">
         <name>.cinit..data.load</name>
         <load_address>0x948</load_address>
         <run_address>0x948</run_address>
         <size>0x12</size>
      </object_component>
      <object_component id="oc-118">
         <name>__TI_handler_table</name>
         <load_address>0x95c</load_address>
         <run_address>0x95c</run_address>
         <size>0x8</size>
      </object_component>
      <object_component id="oc-119">
         <name>__TI_cinit_table</name>
         <load_address>0x964</load_address>
         <run_address>0x964</run_address>
         <size>0x8</size>
      </object_component>
      <object_component id="oc-2a">
         <name>.stack</name>
         <uninitialized>true</uninitialized>
         <run_address>0x2000fe00</run_address>
         <size>0x0</size>
         <input_file_ref idref="fl-12b"/>
      </object_component>
      <object_component id="oc-11b">
         <name>.stack</name>
         <uninitialized>true</uninitialized>
         <run_address>0x2000fe00</run_address>
         <size>0x0</size>
      </object_component>
      <object_component id="oc-ec">
         <name>.data</name>
         <load_address>0x20000000</load_address>
         <run_address>0x20000000</run_address>
         <size>0x14</size>
         <input_file_ref idref="fl-2"/>
      </object_component>
      <object_component id="oc-a4">
         <name>.data</name>
         <load_address>0x2000001c</load_address>
         <run_address>0x2000001c</run_address>
         <size>0x8</size>
         <input_file_ref idref="fl-12f"/>
      </object_component>
      <object_component id="oc-71">
         <name>.data</name>
         <load_address>0x20000024</load_address>
         <run_address>0x20000024</run_address>
         <size>0x4</size>
         <input_file_ref idref="fl-133"/>
      </object_component>
      <object_component id="oc-a1">
         <name>.data</name>
         <load_address>0x20000014</load_address>
         <run_address>0x20000014</run_address>
         <size>0x8</size>
         <input_file_ref idref="fl-134"/>
      </object_component>
      <object_component id="oc-ed">
         <name>.debug_info</name>
         <load_address>0x0</load_address>
         <run_address>0x0</run_address>
         <size>0x162</size>
         <input_file_ref idref="fl-2"/>
      </object_component>
      <object_component id="oc-e3">
         <name>.debug_info</name>
         <load_address>0x162</load_address>
         <run_address>0x162</run_address>
         <size>0x263</size>
         <input_file_ref idref="fl-2"/>
      </object_component>
      <object_component id="oc-78">
         <name>.debug_info</name>
         <load_address>0x3c5</load_address>
         <run_address>0x3c5</run_address>
         <size>0x84</size>
         <input_file_ref idref="fl-2"/>
      </object_component>
      <object_component id="oc-c1">
         <name>.debug_info</name>
         <load_address>0x449</load_address>
         <run_address>0x449</run_address>
         <size>0x18b</size>
         <input_file_ref idref="fl-2"/>
      </object_component>
      <object_component id="oc-f0">
         <name>.debug_info</name>
         <load_address>0x5d4</load_address>
         <run_address>0x5d4</run_address>
         <size>0x57</size>
         <input_file_ref idref="fl-2"/>
      </object_component>
      <object_component id="oc-bb">
         <name>.debug_info</name>
         <load_address>0x62b</load_address>
         <run_address>0x62b</run_address>
         <size>0x25f</size>
         <input_file_ref idref="fl-3"/>
      </object_component>
      <object_component id="oc-9a">
         <name>.debug_info</name>
         <load_address>0x88a</load_address>
         <run_address>0x88a</run_address>
         <size>0x122</size>
         <input_file_ref idref="fl-4"/>
      </object_component>
      <object_component id="oc-33">
         <name>.debug_info</name>
         <load_address>0x9ac</load_address>
         <run_address>0x9ac</run_address>
         <size>0x106</size>
         <input_file_ref idref="fl-5"/>
      </object_component>
      <object_component id="oc-11">
         <name>.debug_info</name>
         <load_address>0xab2</load_address>
         <run_address>0xab2</run_address>
         <size>0xf3</size>
         <input_file_ref idref="fl-5"/>
      </object_component>
      <object_component id="oc-2c">
         <name>.debug_info</name>
         <load_address>0xba5</load_address>
         <run_address>0xba5</run_address>
         <size>0x169f</size>
         <input_file_ref idref="fl-5"/>
      </object_component>
      <object_component id="oc-27">
         <name>.debug_info</name>
         <load_address>0x2244</load_address>
         <run_address>0x2244</run_address>
         <size>0x136</size>
         <input_file_ref idref="fl-12b"/>
      </object_component>
      <object_component id="oc-3f">
         <name>.debug_info</name>
         <load_address>0x237a</load_address>
         <run_address>0x237a</run_address>
         <size>0x123</size>
         <input_file_ref idref="fl-12c"/>
      </object_component>
      <object_component id="oc-16">
         <name>.debug_info</name>
         <load_address>0x249d</load_address>
         <run_address>0x249d</run_address>
         <size>0x1c2</size>
         <input_file_ref idref="fl-12c"/>
      </object_component>
      <object_component id="oc-3a">
         <name>.debug_info</name>
         <load_address>0x265f</load_address>
         <run_address>0x265f</run_address>
         <size>0x46</size>
         <input_file_ref idref="fl-12c"/>
      </object_component>
      <object_component id="oc-7e">
         <name>.debug_info</name>
         <load_address>0x26a5</load_address>
         <run_address>0x26a5</run_address>
         <size>0x2c</size>
         <input_file_ref idref="fl-12c"/>
      </object_component>
      <object_component id="oc-47">
         <name>.debug_info</name>
         <load_address>0x26d1</load_address>
         <run_address>0x26d1</run_address>
         <size>0x117</size>
         <input_file_ref idref="fl-12d"/>
      </object_component>
      <object_component id="oc-41">
         <name>.debug_info</name>
         <load_address>0x27e8</load_address>
         <run_address>0x27e8</run_address>
         <size>0x22a</size>
         <input_file_ref idref="fl-12d"/>
      </object_component>
      <object_component id="oc-1a">
         <name>.debug_info</name>
         <load_address>0x2a12</load_address>
         <run_address>0x2a12</run_address>
         <size>0x194</size>
         <input_file_ref idref="fl-12d"/>
      </object_component>
      <object_component id="oc-48">
         <name>.debug_info</name>
         <load_address>0x2ba6</load_address>
         <run_address>0x2ba6</run_address>
         <size>0x39</size>
         <input_file_ref idref="fl-12d"/>
      </object_component>
      <object_component id="oc-88">
         <name>.debug_info</name>
         <load_address>0x2bdf</load_address>
         <run_address>0x2bdf</run_address>
         <size>0x2c</size>
         <input_file_ref idref="fl-12d"/>
      </object_component>
      <object_component id="oc-a8">
         <name>.debug_info</name>
         <load_address>0x2c0b</load_address>
         <run_address>0x2c0b</run_address>
         <size>0x174</size>
         <input_file_ref idref="fl-12f"/>
      </object_component>
      <object_component id="oc-a5">
         <name>.debug_info</name>
         <load_address>0x2d7f</load_address>
         <run_address>0x2d7f</run_address>
         <size>0x119</size>
         <input_file_ref idref="fl-12f"/>
      </object_component>
      <object_component id="oc-6c">
         <name>.debug_info</name>
         <load_address>0x2e98</load_address>
         <run_address>0x2e98</run_address>
         <size>0x1f0</size>
         <input_file_ref idref="fl-12f"/>
      </object_component>
      <object_component id="oc-35">
         <name>.debug_info</name>
         <load_address>0x3088</load_address>
         <run_address>0x3088</run_address>
         <size>0xf8</size>
         <input_file_ref idref="fl-130"/>
      </object_component>
      <object_component id="oc-4e">
         <name>.debug_info</name>
         <load_address>0x3180</load_address>
         <run_address>0x3180</run_address>
         <size>0x126</size>
         <input_file_ref idref="fl-131"/>
      </object_component>
      <object_component id="oc-5a">
         <name>.debug_info</name>
         <load_address>0x32a6</load_address>
         <run_address>0x32a6</run_address>
         <size>0x12b</size>
         <input_file_ref idref="fl-132"/>
      </object_component>
      <object_component id="oc-72">
         <name>.debug_info</name>
         <load_address>0x33d1</load_address>
         <run_address>0x33d1</run_address>
         <size>0xec</size>
         <input_file_ref idref="fl-133"/>
      </object_component>
      <object_component id="oc-d5">
         <name>.debug_info</name>
         <load_address>0x34bd</load_address>
         <run_address>0x34bd</run_address>
         <size>0x107</size>
         <input_file_ref idref="fl-134"/>
      </object_component>
      <object_component id="oc-a2">
         <name>.debug_info</name>
         <load_address>0x35c4</load_address>
         <run_address>0x35c4</run_address>
         <size>0xf6</size>
         <input_file_ref idref="fl-134"/>
      </object_component>
      <object_component id="oc-cf">
         <name>.debug_info</name>
         <load_address>0x36ba</load_address>
         <run_address>0x36ba</run_address>
         <size>0x202</size>
         <input_file_ref idref="fl-134"/>
      </object_component>
      <object_component id="oc-a0">
         <name>.debug_info</name>
         <load_address>0x38bc</load_address>
         <run_address>0x38bc</run_address>
         <size>0x149</size>
         <input_file_ref idref="fl-135"/>
      </object_component>
      <object_component id="oc-66">
         <name>.debug_info</name>
         <load_address>0x3a05</load_address>
         <run_address>0x3a05</run_address>
         <size>0x14a</size>
         <input_file_ref idref="fl-135"/>
      </object_component>
      <object_component id="oc-c8">
         <name>.debug_info</name>
         <load_address>0x3b4f</load_address>
         <run_address>0x3b4f</run_address>
         <size>0x5e</size>
         <input_file_ref idref="fl-135"/>
      </object_component>
      <object_component id="oc-98">
         <name>.debug_info</name>
         <load_address>0x3bad</load_address>
         <run_address>0x3bad</run_address>
         <size>0x2a0</size>
         <input_file_ref idref="fl-136"/>
      </object_component>
      <object_component id="oc-60">
         <name>.debug_info</name>
         <load_address>0x3e4d</load_address>
         <run_address>0x3e4d</run_address>
         <size>0x15a</size>
         <input_file_ref idref="fl-136"/>
      </object_component>
      <object_component id="oc-b0">
         <name>.debug_info</name>
         <load_address>0x3fa7</load_address>
         <run_address>0x3fa7</run_address>
         <size>0x39</size>
         <input_file_ref idref="fl-136"/>
      </object_component>
      <object_component id="oc-b5">
         <name>.debug_info</name>
         <load_address>0x3fe0</load_address>
         <run_address>0x3fe0</run_address>
         <size>0xcd</size>
         <input_file_ref idref="fl-136"/>
      </object_component>
      <object_component id="oc-ad">
         <name>.debug_info</name>
         <load_address>0x40ad</load_address>
         <run_address>0x40ad</run_address>
         <size>0x1c3</size>
         <input_file_ref idref="fl-137"/>
      </object_component>
      <object_component id="oc-92">
         <name>.debug_info</name>
         <load_address>0x4270</load_address>
         <run_address>0x4270</run_address>
         <size>0x166</size>
         <input_file_ref idref="fl-137"/>
      </object_component>
      <object_component id="oc-dd">
         <name>.debug_info</name>
         <load_address>0x43d6</load_address>
         <run_address>0x43d6</run_address>
         <size>0x2c</size>
         <input_file_ref idref="fl-137"/>
      </object_component>
      <object_component id="oc-11c">
         <name>.debug_info</name>
         <load_address>0x4402</load_address>
         <run_address>0x4402</run_address>
         <size>0xab</size>
      </object_component>
      <object_component id="oc-f6">
         <name>.debug_line</name>
         <load_address>0x0</load_address>
         <run_address>0x0</run_address>
         <size>0x34</size>
         <input_file_ref idref="fl-2"/>
      </object_component>
      <object_component id="oc-e6">
         <name>.debug_line</name>
         <load_address>0x34</load_address>
         <run_address>0x34</run_address>
         <size>0x138</size>
         <input_file_ref idref="fl-2"/>
      </object_component>
      <object_component id="oc-7b">
         <name>.debug_line</name>
         <load_address>0x16c</load_address>
         <run_address>0x16c</run_address>
         <size>0x20</size>
         <input_file_ref idref="fl-2"/>
      </object_component>
      <object_component id="oc-c4">
         <name>.debug_line</name>
         <load_address>0x18c</load_address>
         <run_address>0x18c</run_address>
         <size>0x60</size>
         <input_file_ref idref="fl-2"/>
      </object_component>
      <object_component id="oc-f3">
         <name>.debug_line</name>
         <load_address>0x1ec</load_address>
         <run_address>0x1ec</run_address>
         <size>0x34</size>
         <input_file_ref idref="fl-2"/>
      </object_component>
      <object_component id="oc-be">
         <name>.debug_line</name>
         <load_address>0x220</load_address>
         <run_address>0x220</run_address>
         <size>0x9f</size>
         <input_file_ref idref="fl-3"/>
      </object_component>
      <object_component id="oc-9d">
         <name>.debug_line</name>
         <load_address>0x2bf</load_address>
         <run_address>0x2bf</run_address>
         <size>0x44</size>
         <input_file_ref idref="fl-4"/>
      </object_component>
      <object_component id="oc-77">
         <name>.debug_line</name>
         <load_address>0x303</load_address>
         <run_address>0x303</run_address>
         <size>0x3b</size>
         <input_file_ref idref="fl-5"/>
      </object_component>
      <object_component id="oc-32">
         <name>.debug_line</name>
         <load_address>0x33e</load_address>
         <run_address>0x33e</run_address>
         <size>0x3b</size>
         <input_file_ref idref="fl-5"/>
      </object_component>
      <object_component id="oc-2f">
         <name>.debug_line</name>
         <load_address>0x379</load_address>
         <run_address>0x379</run_address>
         <size>0x55a</size>
         <input_file_ref idref="fl-5"/>
      </object_component>
      <object_component id="oc-29">
         <name>.debug_line</name>
         <load_address>0x8d3</load_address>
         <run_address>0x8d3</run_address>
         <size>0x52</size>
         <input_file_ref idref="fl-12b"/>
      </object_component>
      <object_component id="oc-84">
         <name>.debug_line</name>
         <load_address>0x925</load_address>
         <run_address>0x925</run_address>
         <size>0x72</size>
         <input_file_ref idref="fl-12c"/>
      </object_component>
      <object_component id="oc-15">
         <name>.debug_line</name>
         <load_address>0x997</load_address>
         <run_address>0x997</run_address>
         <size>0x55</size>
         <input_file_ref idref="fl-12c"/>
      </object_component>
      <object_component id="oc-3d">
         <name>.debug_line</name>
         <load_address>0x9ec</load_address>
         <run_address>0x9ec</run_address>
         <size>0x3a</size>
         <input_file_ref idref="fl-12c"/>
      </object_component>
      <object_component id="oc-81">
         <name>.debug_line</name>
         <load_address>0xa26</load_address>
         <run_address>0xa26</run_address>
         <size>0x72</size>
         <input_file_ref idref="fl-12c"/>
      </object_component>
      <object_component id="oc-87">
         <name>.debug_line</name>
         <load_address>0xa98</load_address>
         <run_address>0xa98</run_address>
         <size>0x72</size>
         <input_file_ref idref="fl-12d"/>
      </object_component>
      <object_component id="oc-45">
         <name>.debug_line</name>
         <load_address>0xb0a</load_address>
         <run_address>0xb0a</run_address>
         <size>0x98</size>
         <input_file_ref idref="fl-12d"/>
      </object_component>
      <object_component id="oc-1d">
         <name>.debug_line</name>
         <load_address>0xba2</load_address>
         <run_address>0xba2</run_address>
         <size>0x4b</size>
         <input_file_ref idref="fl-12d"/>
      </object_component>
      <object_component id="oc-4b">
         <name>.debug_line</name>
         <load_address>0xbed</load_address>
         <run_address>0xbed</run_address>
         <size>0x39</size>
         <input_file_ref idref="fl-12d"/>
      </object_component>
      <object_component id="oc-8b">
         <name>.debug_line</name>
         <load_address>0xc26</load_address>
         <run_address>0xc26</run_address>
         <size>0x72</size>
         <input_file_ref idref="fl-12d"/>
      </object_component>
      <object_component id="oc-da">
         <name>.debug_line</name>
         <load_address>0xc98</load_address>
         <run_address>0xc98</run_address>
         <size>0x71</size>
         <input_file_ref idref="fl-12f"/>
      </object_component>
      <object_component id="oc-d8">
         <name>.debug_line</name>
         <load_address>0xd09</load_address>
         <run_address>0xd09</run_address>
         <size>0x2a</size>
         <input_file_ref idref="fl-12f"/>
      </object_component>
      <object_component id="oc-6f">
         <name>.debug_line</name>
         <load_address>0xd33</load_address>
         <run_address>0xd33</run_address>
         <size>0x7a</size>
         <input_file_ref idref="fl-12f"/>
      </object_component>
      <object_component id="oc-38">
         <name>.debug_line</name>
         <load_address>0xdad</load_address>
         <run_address>0xdad</run_address>
         <size>0x88</size>
         <input_file_ref idref="fl-130"/>
      </object_component>
      <object_component id="oc-51">
         <name>.debug_line</name>
         <load_address>0xe35</load_address>
         <run_address>0xe35</run_address>
         <size>0x79</size>
         <input_file_ref idref="fl-131"/>
      </object_component>
      <object_component id="oc-5d">
         <name>.debug_line</name>
         <load_address>0xeae</load_address>
         <run_address>0xeae</run_address>
         <size>0x40</size>
         <input_file_ref idref="fl-132"/>
      </object_component>
      <object_component id="oc-ab">
         <name>.debug_line</name>
         <load_address>0xeee</load_address>
         <run_address>0xeee</run_address>
         <size>0x33</size>
         <input_file_ref idref="fl-133"/>
      </object_component>
      <object_component id="oc-eb">
         <name>.debug_line</name>
         <load_address>0xf21</load_address>
         <run_address>0xf21</run_address>
         <size>0x20</size>
         <input_file_ref idref="fl-134"/>
      </object_component>
      <object_component id="oc-d4">
         <name>.debug_line</name>
         <load_address>0xf41</load_address>
         <run_address>0xf41</run_address>
         <size>0x2b</size>
         <input_file_ref idref="fl-134"/>
      </object_component>
      <object_component id="oc-ce">
         <name>.debug_line</name>
         <load_address>0xf6c</load_address>
         <run_address>0xf6c</run_address>
         <size>0x68</size>
         <input_file_ref idref="fl-134"/>
      </object_component>
      <object_component id="oc-c7">
         <name>.debug_line</name>
         <load_address>0xfd4</load_address>
         <run_address>0xfd4</run_address>
         <size>0x2b</size>
         <input_file_ref idref="fl-135"/>
      </object_component>
      <object_component id="oc-69">
         <name>.debug_line</name>
         <load_address>0xfff</load_address>
         <run_address>0xfff</run_address>
         <size>0x50</size>
         <input_file_ref idref="fl-135"/>
      </object_component>
      <object_component id="oc-cb">
         <name>.debug_line</name>
         <load_address>0x104f</load_address>
         <run_address>0x104f</run_address>
         <size>0x2b</size>
         <input_file_ref idref="fl-135"/>
      </object_component>
      <object_component id="oc-af">
         <name>.debug_line</name>
         <load_address>0x107a</load_address>
         <run_address>0x107a</run_address>
         <size>0x81</size>
         <input_file_ref idref="fl-136"/>
      </object_component>
      <object_component id="oc-63">
         <name>.debug_line</name>
         <load_address>0x10fb</load_address>
         <run_address>0x10fb</run_address>
         <size>0x79</size>
         <input_file_ref idref="fl-136"/>
      </object_component>
      <object_component id="oc-b3">
         <name>.debug_line</name>
         <load_address>0x1174</load_address>
         <run_address>0x1174</run_address>
         <size>0x2e</size>
         <input_file_ref idref="fl-136"/>
      </object_component>
      <object_component id="oc-b8">
         <name>.debug_line</name>
         <load_address>0x11a2</load_address>
         <run_address>0x11a2</run_address>
         <size>0x73</size>
         <input_file_ref idref="fl-136"/>
      </object_component>
      <object_component id="oc-dc">
         <name>.debug_line</name>
         <load_address>0x1215</load_address>
         <run_address>0x1215</run_address>
         <size>0x80</size>
         <input_file_ref idref="fl-137"/>
      </object_component>
      <object_component id="oc-95">
         <name>.debug_line</name>
         <load_address>0x1295</load_address>
         <run_address>0x1295</run_address>
         <size>0x68</size>
         <input_file_ref idref="fl-137"/>
      </object_component>
      <object_component id="oc-e0">
         <name>.debug_line</name>
         <load_address>0x12fd</load_address>
         <run_address>0x12fd</run_address>
         <size>0x2e</size>
         <input_file_ref idref="fl-137"/>
      </object_component>
      <object_component id="oc-e7">
         <name>.debug_frame</name>
         <load_address>0x0</load_address>
         <run_address>0x0</run_address>
         <size>0xb8</size>
         <input_file_ref idref="fl-2"/>
      </object_component>
      <object_component id="oc-bf">
         <name>.debug_frame</name>
         <load_address>0xb8</load_address>
         <run_address>0xb8</run_address>
         <size>0xb9</size>
         <input_file_ref idref="fl-3"/>
      </object_component>
      <object_component id="oc-9e">
         <name>.debug_frame</name>
         <load_address>0x171</load_address>
         <run_address>0x171</run_address>
         <size>0x8a</size>
         <input_file_ref idref="fl-4"/>
      </object_component>
      <object_component id="oc-30">
         <name>.debug_frame</name>
         <load_address>0x1fb</load_address>
         <run_address>0x1fb</run_address>
         <size>0x404</size>
         <input_file_ref idref="fl-5"/>
      </object_component>
      <object_component id="oc-14">
         <name>.debug_frame</name>
         <load_address>0x5ff</load_address>
         <run_address>0x5ff</run_address>
         <size>0x7f</size>
         <input_file_ref idref="fl-12c"/>
      </object_component>
      <object_component id="oc-44">
         <name>.debug_frame</name>
         <load_address>0x67e</load_address>
         <run_address>0x67e</run_address>
         <size>0x8e</size>
         <input_file_ref idref="fl-12d"/>
      </object_component>
      <object_component id="oc-1e">
         <name>.debug_frame</name>
         <load_address>0x70c</load_address>
         <run_address>0x70c</run_address>
         <size>0x7f</size>
         <input_file_ref idref="fl-12d"/>
      </object_component>
      <object_component id="oc-70">
         <name>.debug_frame</name>
         <load_address>0x78b</load_address>
         <run_address>0x78b</run_address>
         <size>0xb3</size>
         <input_file_ref idref="fl-12f"/>
      </object_component>
      <object_component id="oc-5e">
         <name>.debug_frame</name>
         <load_address>0x83e</load_address>
         <run_address>0x83e</run_address>
         <size>0x7f</size>
         <input_file_ref idref="fl-132"/>
      </object_component>
      <object_component id="oc-d2">
         <name>.debug_frame</name>
         <load_address>0x8bd</load_address>
         <run_address>0x8bd</run_address>
         <size>0xa1</size>
         <input_file_ref idref="fl-134"/>
      </object_component>
      <object_component id="oc-6a">
         <name>.debug_frame</name>
         <load_address>0x95e</load_address>
         <run_address>0x95e</run_address>
         <size>0x7f</size>
         <input_file_ref idref="fl-135"/>
      </object_component>
      <object_component id="oc-64">
         <name>.debug_frame</name>
         <load_address>0x9dd</load_address>
         <run_address>0x9dd</run_address>
         <size>0x8a</size>
         <input_file_ref idref="fl-136"/>
      </object_component>
      <object_component id="oc-96">
         <name>.debug_frame</name>
         <load_address>0xa67</load_address>
         <run_address>0xa67</run_address>
         <size>0x8e</size>
         <input_file_ref idref="fl-137"/>
      </object_component>
      <object_component id="oc-f5">
         <name>.debug_abbrev</name>
         <load_address>0x0</load_address>
         <run_address>0x0</run_address>
         <size>0x29</size>
         <input_file_ref idref="fl-2"/>
      </object_component>
      <object_component id="oc-ef">
         <name>.debug_abbrev</name>
         <load_address>0x29</load_address>
         <run_address>0x29</run_address>
         <size>0x99</size>
         <input_file_ref idref="fl-2"/>
      </object_component>
      <object_component id="oc-7a">
         <name>.debug_abbrev</name>
         <load_address>0xc2</load_address>
         <run_address>0xc2</run_address>
         <size>0x1f</size>
         <input_file_ref idref="fl-2"/>
      </object_component>
      <object_component id="oc-c3">
         <name>.debug_abbrev</name>
         <load_address>0xe1</load_address>
         <run_address>0xe1</run_address>
         <size>0x35</size>
         <input_file_ref idref="fl-2"/>
      </object_component>
      <object_component id="oc-f2">
         <name>.debug_abbrev</name>
         <load_address>0x116</load_address>
         <run_address>0x116</run_address>
         <size>0x42</size>
         <input_file_ref idref="fl-2"/>
      </object_component>
      <object_component id="oc-e8">
         <name>.debug_abbrev</name>
         <load_address>0x158</load_address>
         <run_address>0x158</run_address>
         <size>0x7a</size>
         <input_file_ref idref="fl-3"/>
      </object_component>
      <object_component id="oc-c0">
         <name>.debug_abbrev</name>
         <load_address>0x1d2</load_address>
         <run_address>0x1d2</run_address>
         <size>0x62</size>
         <input_file_ref idref="fl-4"/>
      </object_component>
      <object_component id="oc-76">
         <name>.debug_abbrev</name>
         <load_address>0x234</load_address>
         <run_address>0x234</run_address>
         <size>0x5d</size>
         <input_file_ref idref="fl-5"/>
      </object_component>
      <object_component id="oc-31">
         <name>.debug_abbrev</name>
         <load_address>0x291</load_address>
         <run_address>0x291</run_address>
         <size>0x29</size>
         <input_file_ref idref="fl-5"/>
      </object_component>
      <object_component id="oc-75">
         <name>.debug_abbrev</name>
         <load_address>0x2ba</load_address>
         <run_address>0x2ba</run_address>
         <size>0xf8</size>
         <input_file_ref idref="fl-5"/>
      </object_component>
      <object_component id="oc-74">
         <name>.debug_abbrev</name>
         <load_address>0x3b2</load_address>
         <run_address>0x3b2</run_address>
         <size>0x3e</size>
         <input_file_ref idref="fl-12b"/>
      </object_component>
      <object_component id="oc-83">
         <name>.debug_abbrev</name>
         <load_address>0x3f0</load_address>
         <run_address>0x3f0</run_address>
         <size>0x52</size>
         <input_file_ref idref="fl-12c"/>
      </object_component>
      <object_component id="oc-39">
         <name>.debug_abbrev</name>
         <load_address>0x442</load_address>
         <run_address>0x442</run_address>
         <size>0x74</size>
         <input_file_ref idref="fl-12c"/>
      </object_component>
      <object_component id="oc-3c">
         <name>.debug_abbrev</name>
         <load_address>0x4b6</load_address>
         <run_address>0x4b6</run_address>
         <size>0x24</size>
         <input_file_ref idref="fl-12c"/>
      </object_component>
      <object_component id="oc-80">
         <name>.debug_abbrev</name>
         <load_address>0x4da</load_address>
         <run_address>0x4da</run_address>
         <size>0x24</size>
         <input_file_ref idref="fl-12c"/>
      </object_component>
      <object_component id="oc-86">
         <name>.debug_abbrev</name>
         <load_address>0x4fe</load_address>
         <run_address>0x4fe</run_address>
         <size>0x52</size>
         <input_file_ref idref="fl-12d"/>
      </object_component>
      <object_component id="oc-85">
         <name>.debug_abbrev</name>
         <load_address>0x550</load_address>
         <run_address>0x550</run_address>
         <size>0x7b</size>
         <input_file_ref idref="fl-12d"/>
      </object_component>
      <object_component id="oc-46">
         <name>.debug_abbrev</name>
         <load_address>0x5cb</load_address>
         <run_address>0x5cb</run_address>
         <size>0x66</size>
         <input_file_ref idref="fl-12d"/>
      </object_component>
      <object_component id="oc-4a">
         <name>.debug_abbrev</name>
         <load_address>0x631</load_address>
         <run_address>0x631</run_address>
         <size>0x24</size>
         <input_file_ref idref="fl-12d"/>
      </object_component>
      <object_component id="oc-8a">
         <name>.debug_abbrev</name>
         <load_address>0x655</load_address>
         <run_address>0x655</run_address>
         <size>0x24</size>
         <input_file_ref idref="fl-12d"/>
      </object_component>
      <object_component id="oc-d9">
         <name>.debug_abbrev</name>
         <load_address>0x679</load_address>
         <run_address>0x679</run_address>
         <size>0x6b</size>
         <input_file_ref idref="fl-12f"/>
      </object_component>
      <object_component id="oc-d7">
         <name>.debug_abbrev</name>
         <load_address>0x6e4</load_address>
         <run_address>0x6e4</run_address>
         <size>0x29</size>
         <input_file_ref idref="fl-12f"/>
      </object_component>
      <object_component id="oc-a7">
         <name>.debug_abbrev</name>
         <load_address>0x70d</load_address>
         <run_address>0x70d</run_address>
         <size>0xba</size>
         <input_file_ref idref="fl-12f"/>
      </object_component>
      <object_component id="oc-7d">
         <name>.debug_abbrev</name>
         <load_address>0x7c7</load_address>
         <run_address>0x7c7</run_address>
         <size>0x3e</size>
         <input_file_ref idref="fl-130"/>
      </object_component>
      <object_component id="oc-8d">
         <name>.debug_abbrev</name>
         <load_address>0x805</load_address>
         <run_address>0x805</run_address>
         <size>0x4f</size>
         <input_file_ref idref="fl-131"/>
      </object_component>
      <object_component id="oc-90">
         <name>.debug_abbrev</name>
         <load_address>0x854</load_address>
         <run_address>0x854</run_address>
         <size>0x55</size>
         <input_file_ref idref="fl-132"/>
      </object_component>
      <object_component id="oc-aa">
         <name>.debug_abbrev</name>
         <load_address>0x8a9</load_address>
         <run_address>0x8a9</run_address>
         <size>0x27</size>
         <input_file_ref idref="fl-133"/>
      </object_component>
      <object_component id="oc-ea">
         <name>.debug_abbrev</name>
         <load_address>0x8d0</load_address>
         <run_address>0x8d0</run_address>
         <size>0x45</size>
         <input_file_ref idref="fl-134"/>
      </object_component>
      <object_component id="oc-d3">
         <name>.debug_abbrev</name>
         <load_address>0x915</load_address>
         <run_address>0x915</run_address>
         <size>0x29</size>
         <input_file_ref idref="fl-134"/>
      </object_component>
      <object_component id="oc-e9">
         <name>.debug_abbrev</name>
         <load_address>0x93e</load_address>
         <run_address>0x93e</run_address>
         <size>0x6f</size>
         <input_file_ref idref="fl-134"/>
      </object_component>
      <object_component id="oc-c6">
         <name>.debug_abbrev</name>
         <load_address>0x9ad</load_address>
         <run_address>0x9ad</run_address>
         <size>0x8e</size>
         <input_file_ref idref="fl-135"/>
      </object_component>
      <object_component id="oc-9f">
         <name>.debug_abbrev</name>
         <load_address>0xa3b</load_address>
         <run_address>0xa3b</run_address>
         <size>0x68</size>
         <input_file_ref idref="fl-135"/>
      </object_component>
      <object_component id="oc-ca">
         <name>.debug_abbrev</name>
         <load_address>0xaa3</load_address>
         <run_address>0xaa3</run_address>
         <size>0x49</size>
         <input_file_ref idref="fl-135"/>
      </object_component>
      <object_component id="oc-ae">
         <name>.debug_abbrev</name>
         <load_address>0xaec</load_address>
         <run_address>0xaec</run_address>
         <size>0x9a</size>
         <input_file_ref idref="fl-136"/>
      </object_component>
      <object_component id="oc-97">
         <name>.debug_abbrev</name>
         <load_address>0xb86</load_address>
         <run_address>0xb86</run_address>
         <size>0x7e</size>
         <input_file_ref idref="fl-136"/>
      </object_component>
      <object_component id="oc-b2">
         <name>.debug_abbrev</name>
         <load_address>0xc04</load_address>
         <run_address>0xc04</run_address>
         <size>0x24</size>
         <input_file_ref idref="fl-136"/>
      </object_component>
      <object_component id="oc-b7">
         <name>.debug_abbrev</name>
         <load_address>0xc28</load_address>
         <run_address>0xc28</run_address>
         <size>0x4b</size>
         <input_file_ref idref="fl-136"/>
      </object_component>
      <object_component id="oc-db">
         <name>.debug_abbrev</name>
         <load_address>0xc73</load_address>
         <run_address>0xc73</run_address>
         <size>0x9c</size>
         <input_file_ref idref="fl-137"/>
      </object_component>
      <object_component id="oc-ac">
         <name>.debug_abbrev</name>
         <load_address>0xd0f</load_address>
         <run_address>0xd0f</run_address>
         <size>0x8c</size>
         <input_file_ref idref="fl-137"/>
      </object_component>
      <object_component id="oc-df">
         <name>.debug_abbrev</name>
         <load_address>0xd9b</load_address>
         <run_address>0xd9b</run_address>
         <size>0x24</size>
         <input_file_ref idref="fl-137"/>
      </object_component>
      <object_component id="oc-11d">
         <name>.debug_abbrev</name>
         <load_address>0xdbf</load_address>
         <run_address>0xdbf</run_address>
         <size>0xf</size>
      </object_component>
      <object_component id="oc-7c">
         <name>.debug_str</name>
         <load_address>0x0</load_address>
         <run_address>0x0</run_address>
         <size>0xf5</size>
         <input_file_ref idref="fl-2"/>
      </object_component>
      <object_component id="oc-c5">
         <name>.debug_str</name>
         <load_address>0xf5</load_address>
         <run_address>0xf5</run_address>
         <size>0x219</size>
         <input_file_ref idref="fl-2"/>
      </object_component>
      <object_component id="oc-f4">
         <name>.debug_str</name>
         <load_address>0x30e</load_address>
         <run_address>0x30e</run_address>
         <size>0xd9</size>
         <input_file_ref idref="fl-2"/>
      </object_component>
      <object_component id="oc-3e">
         <name>.debug_str</name>
         <load_address>0x3e7</load_address>
         <run_address>0x3e7</run_address>
         <size>0xe3</size>
         <input_file_ref idref="fl-12c"/>
      </object_component>
      <object_component id="oc-82">
         <name>.debug_str</name>
         <load_address>0x4ca</load_address>
         <run_address>0x4ca</run_address>
         <size>0xf8</size>
         <input_file_ref idref="fl-12c"/>
      </object_component>
      <object_component id="oc-4c">
         <name>.debug_str</name>
         <load_address>0x5c2</load_address>
         <run_address>0x5c2</run_address>
         <size>0xd5</size>
         <input_file_ref idref="fl-12d"/>
      </object_component>
      <object_component id="oc-8c">
         <name>.debug_str</name>
         <load_address>0x697</load_address>
         <run_address>0x697</run_address>
         <size>0xf8</size>
         <input_file_ref idref="fl-12d"/>
      </object_component>
      <object_component id="oc-cc">
         <name>.debug_str</name>
         <load_address>0x78f</load_address>
         <run_address>0x78f</run_address>
         <size>0xb9</size>
         <input_file_ref idref="fl-135"/>
      </object_component>
      <object_component id="oc-b4">
         <name>.debug_str</name>
         <load_address>0x848</load_address>
         <run_address>0x848</run_address>
         <size>0xc5</size>
         <input_file_ref idref="fl-136"/>
      </object_component>
      <object_component id="oc-b9">
         <name>.debug_str</name>
         <load_address>0x90d</load_address>
         <run_address>0x90d</run_address>
         <size>0x14f</size>
         <input_file_ref idref="fl-136"/>
      </object_component>
      <object_component id="oc-e1">
         <name>.debug_str</name>
         <load_address>0xa5c</load_address>
         <run_address>0xa5c</run_address>
         <size>0xba</size>
         <input_file_ref idref="fl-137"/>
      </object_component>
      <object_component id="oc-e4">
         <name>.debug_aranges</name>
         <load_address>0x0</load_address>
         <run_address>0x0</run_address>
         <size>0x38</size>
         <input_file_ref idref="fl-2"/>
      </object_component>
      <object_component id="oc-bc">
         <name>.debug_aranges</name>
         <load_address>0x38</load_address>
         <run_address>0x38</run_address>
         <size>0x30</size>
         <input_file_ref idref="fl-3"/>
      </object_component>
      <object_component id="oc-9b">
         <name>.debug_aranges</name>
         <load_address>0x68</load_address>
         <run_address>0x68</run_address>
         <size>0x20</size>
         <input_file_ref idref="fl-4"/>
      </object_component>
      <object_component id="oc-2d">
         <name>.debug_aranges</name>
         <load_address>0x88</load_address>
         <run_address>0x88</run_address>
         <size>0x1c8</size>
         <input_file_ref idref="fl-5"/>
      </object_component>
      <object_component id="oc-26">
         <name>.debug_aranges</name>
         <load_address>0x250</load_address>
         <run_address>0x250</run_address>
         <size>0x20</size>
         <input_file_ref idref="fl-12b"/>
      </object_component>
      <object_component id="oc-18">
         <name>.debug_aranges</name>
         <load_address>0x270</load_address>
         <run_address>0x270</run_address>
         <size>0x20</size>
         <input_file_ref idref="fl-12c"/>
      </object_component>
      <object_component id="oc-43">
         <name>.debug_aranges</name>
         <load_address>0x290</load_address>
         <run_address>0x290</run_address>
         <size>0x20</size>
         <input_file_ref idref="fl-12d"/>
      </object_component>
      <object_component id="oc-1c">
         <name>.debug_aranges</name>
         <load_address>0x2b0</load_address>
         <run_address>0x2b0</run_address>
         <size>0x20</size>
         <input_file_ref idref="fl-12d"/>
      </object_component>
      <object_component id="oc-6d">
         <name>.debug_aranges</name>
         <load_address>0x2d0</load_address>
         <run_address>0x2d0</run_address>
         <size>0x30</size>
         <input_file_ref idref="fl-12f"/>
      </object_component>
      <object_component id="oc-36">
         <name>.debug_aranges</name>
         <load_address>0x300</load_address>
         <run_address>0x300</run_address>
         <size>0x20</size>
         <input_file_ref idref="fl-130"/>
      </object_component>
      <object_component id="oc-4f">
         <name>.debug_aranges</name>
         <load_address>0x320</load_address>
         <run_address>0x320</run_address>
         <size>0x28</size>
         <input_file_ref idref="fl-131"/>
      </object_component>
      <object_component id="oc-5b">
         <name>.debug_aranges</name>
         <load_address>0x348</load_address>
         <run_address>0x348</run_address>
         <size>0x20</size>
         <input_file_ref idref="fl-132"/>
      </object_component>
      <object_component id="oc-d0">
         <name>.debug_aranges</name>
         <load_address>0x368</load_address>
         <run_address>0x368</run_address>
         <size>0x30</size>
         <input_file_ref idref="fl-134"/>
      </object_component>
      <object_component id="oc-67">
         <name>.debug_aranges</name>
         <load_address>0x398</load_address>
         <run_address>0x398</run_address>
         <size>0x20</size>
         <input_file_ref idref="fl-135"/>
      </object_component>
      <object_component id="oc-61">
         <name>.debug_aranges</name>
         <load_address>0x3b8</load_address>
         <run_address>0x3b8</run_address>
         <size>0x20</size>
         <input_file_ref idref="fl-136"/>
      </object_component>
      <object_component id="oc-93">
         <name>.debug_aranges</name>
         <load_address>0x3d8</load_address>
         <run_address>0x3d8</run_address>
         <size>0x20</size>
         <input_file_ref idref="fl-137"/>
      </object_component>
      <object_component id="oc-ee">
         <name>.debug_pubnames</name>
         <load_address>0x0</load_address>
         <run_address>0x0</run_address>
         <size>0x54</size>
         <input_file_ref idref="fl-2"/>
      </object_component>
      <object_component id="oc-e5">
         <name>.debug_pubnames</name>
         <load_address>0x54</load_address>
         <run_address>0x54</run_address>
         <size>0x60</size>
         <input_file_ref idref="fl-2"/>
      </object_component>
      <object_component id="oc-bd">
         <name>.debug_pubnames</name>
         <load_address>0xb4</load_address>
         <run_address>0xb4</run_address>
         <size>0x3b</size>
         <input_file_ref idref="fl-3"/>
      </object_component>
      <object_component id="oc-9c">
         <name>.debug_pubnames</name>
         <load_address>0xef</load_address>
         <run_address>0xef</run_address>
         <size>0x1b</size>
         <input_file_ref idref="fl-4"/>
      </object_component>
      <object_component id="oc-12">
         <name>.debug_pubnames</name>
         <load_address>0x10a</load_address>
         <run_address>0x10a</run_address>
         <size>0x27</size>
         <input_file_ref idref="fl-5"/>
      </object_component>
      <object_component id="oc-2e">
         <name>.debug_pubnames</name>
         <load_address>0x131</load_address>
         <run_address>0x131</run_address>
         <size>0x474</size>
         <input_file_ref idref="fl-5"/>
      </object_component>
      <object_component id="oc-28">
         <name>.debug_pubnames</name>
         <load_address>0x5a5</load_address>
         <run_address>0x5a5</run_address>
         <size>0x1f</size>
         <input_file_ref idref="fl-12b"/>
      </object_component>
      <object_component id="oc-17">
         <name>.debug_pubnames</name>
         <load_address>0x5c4</load_address>
         <run_address>0x5c4</run_address>
         <size>0x2b</size>
         <input_file_ref idref="fl-12c"/>
      </object_component>
      <object_component id="oc-42">
         <name>.debug_pubnames</name>
         <load_address>0x5ef</load_address>
         <run_address>0x5ef</run_address>
         <size>0x2f</size>
         <input_file_ref idref="fl-12d"/>
      </object_component>
      <object_component id="oc-1b">
         <name>.debug_pubnames</name>
         <load_address>0x61e</load_address>
         <run_address>0x61e</run_address>
         <size>0x2c</size>
         <input_file_ref idref="fl-12d"/>
      </object_component>
      <object_component id="oc-a6">
         <name>.debug_pubnames</name>
         <load_address>0x64a</load_address>
         <run_address>0x64a</run_address>
         <size>0x3a</size>
         <input_file_ref idref="fl-12f"/>
      </object_component>
      <object_component id="oc-6e">
         <name>.debug_pubnames</name>
         <load_address>0x684</load_address>
         <run_address>0x684</run_address>
         <size>0x35</size>
         <input_file_ref idref="fl-12f"/>
      </object_component>
      <object_component id="oc-37">
         <name>.debug_pubnames</name>
         <load_address>0x6b9</load_address>
         <run_address>0x6b9</run_address>
         <size>0x1d</size>
         <input_file_ref idref="fl-130"/>
      </object_component>
      <object_component id="oc-50">
         <name>.debug_pubnames</name>
         <load_address>0x6d6</load_address>
         <run_address>0x6d6</run_address>
         <size>0x37</size>
         <input_file_ref idref="fl-131"/>
      </object_component>
      <object_component id="oc-5c">
         <name>.debug_pubnames</name>
         <load_address>0x70d</load_address>
         <run_address>0x70d</run_address>
         <size>0x27</size>
         <input_file_ref idref="fl-132"/>
      </object_component>
      <object_component id="oc-73">
         <name>.debug_pubnames</name>
         <load_address>0x734</load_address>
         <run_address>0x734</run_address>
         <size>0x23</size>
         <input_file_ref idref="fl-133"/>
      </object_component>
      <object_component id="oc-a3">
         <name>.debug_pubnames</name>
         <load_address>0x757</load_address>
         <run_address>0x757</run_address>
         <size>0x28</size>
         <input_file_ref idref="fl-134"/>
      </object_component>
      <object_component id="oc-d1">
         <name>.debug_pubnames</name>
         <load_address>0x77f</load_address>
         <run_address>0x77f</run_address>
         <size>0x43</size>
         <input_file_ref idref="fl-134"/>
      </object_component>
      <object_component id="oc-68">
         <name>.debug_pubnames</name>
         <load_address>0x7c2</load_address>
         <run_address>0x7c2</run_address>
         <size>0x21</size>
         <input_file_ref idref="fl-135"/>
      </object_component>
      <object_component id="oc-62">
         <name>.debug_pubnames</name>
         <load_address>0x7e3</load_address>
         <run_address>0x7e3</run_address>
         <size>0x25</size>
         <input_file_ref idref="fl-136"/>
      </object_component>
      <object_component id="oc-94">
         <name>.debug_pubnames</name>
         <load_address>0x808</load_address>
         <run_address>0x808</run_address>
         <size>0x1e</size>
         <input_file_ref idref="fl-137"/>
      </object_component>
      <object_component id="oc-79">
         <name>.debug_pubtypes</name>
         <load_address>0x0</load_address>
         <run_address>0x0</run_address>
         <size>0xed</size>
         <input_file_ref idref="fl-2"/>
      </object_component>
      <object_component id="oc-c2">
         <name>.debug_pubtypes</name>
         <load_address>0xed</load_address>
         <run_address>0xed</run_address>
         <size>0x1c6</size>
         <input_file_ref idref="fl-2"/>
      </object_component>
      <object_component id="oc-f1">
         <name>.debug_pubtypes</name>
         <load_address>0x2b3</load_address>
         <run_address>0x2b3</run_address>
         <size>0x23</size>
         <input_file_ref idref="fl-2"/>
      </object_component>
      <object_component id="oc-3b">
         <name>.debug_pubtypes</name>
         <load_address>0x2d6</load_address>
         <run_address>0x2d6</run_address>
         <size>0x48</size>
         <input_file_ref idref="fl-12c"/>
      </object_component>
      <object_component id="oc-7f">
         <name>.debug_pubtypes</name>
         <load_address>0x31e</load_address>
         <run_address>0x31e</run_address>
         <size>0x1d</size>
         <input_file_ref idref="fl-12c"/>
      </object_component>
      <object_component id="oc-49">
         <name>.debug_pubtypes</name>
         <load_address>0x33b</load_address>
         <run_address>0x33b</run_address>
         <size>0x37</size>
         <input_file_ref idref="fl-12d"/>
      </object_component>
      <object_component id="oc-89">
         <name>.debug_pubtypes</name>
         <load_address>0x372</load_address>
         <run_address>0x372</run_address>
         <size>0x1d</size>
         <input_file_ref idref="fl-12d"/>
      </object_component>
      <object_component id="oc-a9">
         <name>.debug_pubtypes</name>
         <load_address>0x38f</load_address>
         <run_address>0x38f</run_address>
         <size>0x1f</size>
         <input_file_ref idref="fl-12f"/>
      </object_component>
      <object_component id="oc-d6">
         <name>.debug_pubtypes</name>
         <load_address>0x3ae</load_address>
         <run_address>0x3ae</run_address>
         <size>0x1f</size>
         <input_file_ref idref="fl-134"/>
      </object_component>
      <object_component id="oc-c9">
         <name>.debug_pubtypes</name>
         <load_address>0x3cd</load_address>
         <run_address>0x3cd</run_address>
         <size>0x1b</size>
         <input_file_ref idref="fl-135"/>
      </object_component>
      <object_component id="oc-b1">
         <name>.debug_pubtypes</name>
         <load_address>0x3e8</load_address>
         <run_address>0x3e8</run_address>
         <size>0x32</size>
         <input_file_ref idref="fl-136"/>
      </object_component>
      <object_component id="oc-b6">
         <name>.debug_pubtypes</name>
         <load_address>0x41a</load_address>
         <run_address>0x41a</run_address>
         <size>0x50</size>
         <input_file_ref idref="fl-136"/>
      </object_component>
      <object_component id="oc-de">
         <name>.debug_pubtypes</name>
         <load_address>0x46a</load_address>
         <run_address>0x46a</run_address>
         <size>0x23</size>
         <input_file_ref idref="fl-137"/>
      </object_component>
   </object_component_list>
   <logical_group_list>
      <logical_group id="lg-4" display="no" color="cyan">
         <name>.intvecs</name>
         <load_address>0x0</load_address>
         <run_address>0x0</run_address>
         <size>0x144</size>
         <contents>
            <object_component_ref idref="oc-10"/>
         </contents>
      </logical_group>
      <logical_group id="lg-5" display="no" color="cyan">
         <name>.text</name>
         <load_address>0x144</load_address>
         <run_address>0x144</run_address>
         <size>0x802</size>
         <contents>
            <object_component_ref idref="oc-e2"/>
            <object_component_ref idref="oc-ba"/>
            <object_component_ref idref="oc-34"/>
            <object_component_ref idref="oc-2b"/>
            <object_component_ref idref="oc-4d"/>
            <object_component_ref idref="oc-5f"/>
            <object_component_ref idref="oc-40"/>
            <object_component_ref idref="oc-25"/>
            <object_component_ref idref="oc-91"/>
            <object_component_ref idref="oc-6b"/>
            <object_component_ref idref="oc-65"/>
            <object_component_ref idref="oc-cd"/>
            <object_component_ref idref="oc-13"/>
            <object_component_ref idref="oc-99"/>
            <object_component_ref idref="oc-19"/>
            <object_component_ref idref="oc-59"/>
         </contents>
      </logical_group>
      <logical_group id="lg-6" display="no" color="cyan">
         <name>.const</name>
         <run_address>0x0</run_address>
         <size>0x0</size>
         <contents>
         </contents>
      </logical_group>
      <logical_group id="lg-7" display="no" color="cyan">
         <name>.cinit</name>
         <load_address>0x948</load_address>
         <run_address>0x948</run_address>
         <size>0x24</size>
         <contents>
            <object_component_ref idref="oc-11a"/>
            <object_component_ref idref="oc-118"/>
            <object_component_ref idref="oc-119"/>
         </contents>
      </logical_group>
      <logical_group id="lg-8" display="no" color="cyan">
         <name>.pinit</name>
         <run_address>0x0</run_address>
         <size>0x0</size>
         <contents>
         </contents>
      </logical_group>
      <logical_group id="lg-9" display="no" color="cyan">
         <name>.flashMailbox</name>
         <run_address>0x0</run_address>
         <size>0x0</size>
         <contents>
         </contents>
      </logical_group>
      <logical_group id="lg-a" display="no" color="cyan">
         <name>.vtable</name>
         <run_address>0x0</run_address>
         <size>0x0</size>
         <contents>
         </contents>
      </logical_group>
      <logical_group id="lg-d" display="no" color="cyan">
         <name>.sysmem</name>
         <run_address>0x0</run_address>
         <size>0x0</size>
         <contents>
         </contents>
      </logical_group>
      <logical_group id="lg-e" display="no" color="cyan">
         <name>.stack</name>
         <run_address>0x2000fe00</run_address>
         <size>0x200</size>
         <contents>
            <object_component_ref idref="oc-2a"/>
            <object_component_ref idref="oc-11b"/>
         </contents>
      </logical_group>
      <logical_group id="lg-f8" display="no" color="cyan">
         <name>.TI.noinit</name>
         <run_address>0x0</run_address>
         <size>0x0</size>
         <contents>
         </contents>
      </logical_group>
      <logical_group id="lg-c" display="no" color="cyan">
         <name>.bss</name>
         <run_address>0x0</run_address>
         <size>0x0</size>
         <contents>
         </contents>
      </logical_group>
      <logical_group id="lg-f7" display="no" color="cyan">
         <name>BSS_GROUP</name>
         <run_address>0x0</run_address>
         <size>0x0</size>
         <contents>
            <logical_group_ref idref="lg-f8"/>
            <logical_group_ref idref="lg-c"/>
         </contents>
      </logical_group>
      <logical_group id="lg-fa" display="no" color="cyan">
         <name>.TI.persistent</name>
         <run_address>0x20000000</run_address>
         <size>0x0</size>
         <contents>
         </contents>
      </logical_group>
      <logical_group id="lg-b" display="no" color="cyan">
         <name>.data</name>
         <run_address>0x20000000</run_address>
         <size>0x28</size>
         <contents>
            <object_component_ref idref="oc-ec"/>
            <object_component_ref idref="oc-a4"/>
            <object_component_ref idref="oc-71"/>
            <object_component_ref idref="oc-a1"/>
         </contents>
      </logical_group>
      <logical_group id="lg-f9" display="no" color="cyan">
         <name>DATA_GROUP</name>
         <load_address>0x20000000</load_address>
         <run_address>0x20000000</run_address>
         <size>0x28</size>
         <contents>
            <logical_group_ref idref="lg-fa"/>
            <logical_group_ref idref="lg-b"/>
         </contents>
      </logical_group>
      <logical_group id="lg-108" display="never" color="cyan">
         <name>.debug_info</name>
         <load_address>0x0</load_address>
         <run_address>0x0</run_address>
         <size>0x44ad</size>
         <contents>
            <object_component_ref idref="oc-ed"/>
            <object_component_ref idref="oc-e3"/>
            <object_component_ref idref="oc-78"/>
            <object_component_ref idref="oc-c1"/>
            <object_component_ref idref="oc-f0"/>
            <object_component_ref idref="oc-bb"/>
            <object_component_ref idref="oc-9a"/>
            <object_component_ref idref="oc-33"/>
            <object_component_ref idref="oc-11"/>
            <object_component_ref idref="oc-2c"/>
            <object_component_ref idref="oc-27"/>
            <object_component_ref idref="oc-3f"/>
            <object_component_ref idref="oc-16"/>
            <object_component_ref idref="oc-3a"/>
            <object_component_ref idref="oc-7e"/>
            <object_component_ref idref="oc-47"/>
            <object_component_ref idref="oc-41"/>
            <object_component_ref idref="oc-1a"/>
            <object_component_ref idref="oc-48"/>
            <object_component_ref idref="oc-88"/>
            <object_component_ref idref="oc-a8"/>
            <object_component_ref idref="oc-a5"/>
            <object_component_ref idref="oc-6c"/>
            <object_component_ref idref="oc-35"/>
            <object_component_ref idref="oc-4e"/>
            <object_component_ref idref="oc-5a"/>
            <object_component_ref idref="oc-72"/>
            <object_component_ref idref="oc-d5"/>
            <object_component_ref idref="oc-a2"/>
            <object_component_ref idref="oc-cf"/>
            <object_component_ref idref="oc-a0"/>
            <object_component_ref idref="oc-66"/>
            <object_component_ref idref="oc-c8"/>
            <object_component_ref idref="oc-98"/>
            <object_component_ref idref="oc-60"/>
            <object_component_ref idref="oc-b0"/>
            <object_component_ref idref="oc-b5"/>
            <object_component_ref idref="oc-ad"/>
            <object_component_ref idref="oc-92"/>
            <object_component_ref idref="oc-dd"/>
            <object_component_ref idref="oc-11c"/>
         </contents>
      </logical_group>
      <logical_group id="lg-10a" display="never" color="cyan">
         <name>.debug_line</name>
         <load_address>0x0</load_address>
         <run_address>0x0</run_address>
         <size>0x132b</size>
         <contents>
            <object_component_ref idref="oc-f6"/>
            <object_component_ref idref="oc-e6"/>
            <object_component_ref idref="oc-7b"/>
            <object_component_ref idref="oc-c4"/>
            <object_component_ref idref="oc-f3"/>
            <object_component_ref idref="oc-be"/>
            <object_component_ref idref="oc-9d"/>
            <object_component_ref idref="oc-77"/>
            <object_component_ref idref="oc-32"/>
            <object_component_ref idref="oc-2f"/>
            <object_component_ref idref="oc-29"/>
            <object_component_ref idref="oc-84"/>
            <object_component_ref idref="oc-15"/>
            <object_component_ref idref="oc-3d"/>
            <object_component_ref idref="oc-81"/>
            <object_component_ref idref="oc-87"/>
            <object_component_ref idref="oc-45"/>
            <object_component_ref idref="oc-1d"/>
            <object_component_ref idref="oc-4b"/>
            <object_component_ref idref="oc-8b"/>
            <object_component_ref idref="oc-da"/>
            <object_component_ref idref="oc-d8"/>
            <object_component_ref idref="oc-6f"/>
            <object_component_ref idref="oc-38"/>
            <object_component_ref idref="oc-51"/>
            <object_component_ref idref="oc-5d"/>
            <object_component_ref idref="oc-ab"/>
            <object_component_ref idref="oc-eb"/>
            <object_component_ref idref="oc-d4"/>
            <object_component_ref idref="oc-ce"/>
            <object_component_ref idref="oc-c7"/>
            <object_component_ref idref="oc-69"/>
            <object_component_ref idref="oc-cb"/>
            <object_component_ref idref="oc-af"/>
            <object_component_ref idref="oc-63"/>
            <object_component_ref idref="oc-b3"/>
            <object_component_ref idref="oc-b8"/>
            <object_component_ref idref="oc-dc"/>
            <object_component_ref idref="oc-95"/>
            <object_component_ref idref="oc-e0"/>
         </contents>
      </logical_group>
      <logical_group id="lg-10c" display="never" color="cyan">
         <name>.debug_frame</name>
         <load_address>0x0</load_address>
         <run_address>0x0</run_address>
         <size>0xaf5</size>
         <contents>
            <object_component_ref idref="oc-e7"/>
            <object_component_ref idref="oc-bf"/>
            <object_component_ref idref="oc-9e"/>
            <object_component_ref idref="oc-30"/>
            <object_component_ref idref="oc-14"/>
            <object_component_ref idref="oc-44"/>
            <object_component_ref idref="oc-1e"/>
            <object_component_ref idref="oc-70"/>
            <object_component_ref idref="oc-5e"/>
            <object_component_ref idref="oc-d2"/>
            <object_component_ref idref="oc-6a"/>
            <object_component_ref idref="oc-64"/>
            <object_component_ref idref="oc-96"/>
         </contents>
      </logical_group>
      <logical_group id="lg-10e" display="never" color="cyan">
         <name>.debug_abbrev</name>
         <load_address>0x0</load_address>
         <run_address>0x0</run_address>
         <size>0xdce</size>
         <contents>
            <object_component_ref idref="oc-f5"/>
            <object_component_ref idref="oc-ef"/>
            <object_component_ref idref="oc-7a"/>
            <object_component_ref idref="oc-c3"/>
            <object_component_ref idref="oc-f2"/>
            <object_component_ref idref="oc-e8"/>
            <object_component_ref idref="oc-c0"/>
            <object_component_ref idref="oc-76"/>
            <object_component_ref idref="oc-31"/>
            <object_component_ref idref="oc-75"/>
            <object_component_ref idref="oc-74"/>
            <object_component_ref idref="oc-83"/>
            <object_component_ref idref="oc-39"/>
            <object_component_ref idref="oc-3c"/>
            <object_component_ref idref="oc-80"/>
            <object_component_ref idref="oc-86"/>
            <object_component_ref idref="oc-85"/>
            <object_component_ref idref="oc-46"/>
            <object_component_ref idref="oc-4a"/>
            <object_component_ref idref="oc-8a"/>
            <object_component_ref idref="oc-d9"/>
            <object_component_ref idref="oc-d7"/>
            <object_component_ref idref="oc-a7"/>
            <object_component_ref idref="oc-7d"/>
            <object_component_ref idref="oc-8d"/>
            <object_component_ref idref="oc-90"/>
            <object_component_ref idref="oc-aa"/>
            <object_component_ref idref="oc-ea"/>
            <object_component_ref idref="oc-d3"/>
            <object_component_ref idref="oc-e9"/>
            <object_component_ref idref="oc-c6"/>
            <object_component_ref idref="oc-9f"/>
            <object_component_ref idref="oc-ca"/>
            <object_component_ref idref="oc-ae"/>
            <object_component_ref idref="oc-97"/>
            <object_component_ref idref="oc-b2"/>
            <object_component_ref idref="oc-b7"/>
            <object_component_ref idref="oc-db"/>
            <object_component_ref idref="oc-ac"/>
            <object_component_ref idref="oc-df"/>
            <object_component_ref idref="oc-11d"/>
         </contents>
      </logical_group>
      <logical_group id="lg-110" display="never" color="cyan">
         <name>.debug_str</name>
         <load_address>0x0</load_address>
         <run_address>0x0</run_address>
         <size>0xb16</size>
         <contents>
            <object_component_ref idref="oc-7c"/>
            <object_component_ref idref="oc-c5"/>
            <object_component_ref idref="oc-f4"/>
            <object_component_ref idref="oc-3e"/>
            <object_component_ref idref="oc-82"/>
            <object_component_ref idref="oc-4c"/>
            <object_component_ref idref="oc-8c"/>
            <object_component_ref idref="oc-cc"/>
            <object_component_ref idref="oc-b4"/>
            <object_component_ref idref="oc-b9"/>
            <object_component_ref idref="oc-e1"/>
         </contents>
      </logical_group>
      <logical_group id="lg-112" display="never" color="cyan">
         <name>.debug_aranges</name>
         <load_address>0x0</load_address>
         <run_address>0x0</run_address>
         <size>0x3f8</size>
         <contents>
            <object_component_ref idref="oc-e4"/>
            <object_component_ref idref="oc-bc"/>
            <object_component_ref idref="oc-9b"/>
            <object_component_ref idref="oc-2d"/>
            <object_component_ref idref="oc-26"/>
            <object_component_ref idref="oc-18"/>
            <object_component_ref idref="oc-43"/>
            <object_component_ref idref="oc-1c"/>
            <object_component_ref idref="oc-6d"/>
            <object_component_ref idref="oc-36"/>
            <object_component_ref idref="oc-4f"/>
            <object_component_ref idref="oc-5b"/>
            <object_component_ref idref="oc-d0"/>
            <object_component_ref idref="oc-67"/>
            <object_component_ref idref="oc-61"/>
            <object_component_ref idref="oc-93"/>
         </contents>
      </logical_group>
      <logical_group id="lg-114" display="never" color="cyan">
         <name>.debug_pubnames</name>
         <load_address>0x0</load_address>
         <run_address>0x0</run_address>
         <size>0x826</size>
         <contents>
            <object_component_ref idref="oc-ee"/>
            <object_component_ref idref="oc-e5"/>
            <object_component_ref idref="oc-bd"/>
            <object_component_ref idref="oc-9c"/>
            <object_component_ref idref="oc-12"/>
            <object_component_ref idref="oc-2e"/>
            <object_component_ref idref="oc-28"/>
            <object_component_ref idref="oc-17"/>
            <object_component_ref idref="oc-42"/>
            <object_component_ref idref="oc-1b"/>
            <object_component_ref idref="oc-a6"/>
            <object_component_ref idref="oc-6e"/>
            <object_component_ref idref="oc-37"/>
            <object_component_ref idref="oc-50"/>
            <object_component_ref idref="oc-5c"/>
            <object_component_ref idref="oc-73"/>
            <object_component_ref idref="oc-a3"/>
            <object_component_ref idref="oc-d1"/>
            <object_component_ref idref="oc-68"/>
            <object_component_ref idref="oc-62"/>
            <object_component_ref idref="oc-94"/>
         </contents>
      </logical_group>
      <logical_group id="lg-116" display="never" color="cyan">
         <name>.debug_pubtypes</name>
         <load_address>0x0</load_address>
         <run_address>0x0</run_address>
         <size>0x48d</size>
         <contents>
            <object_component_ref idref="oc-79"/>
            <object_component_ref idref="oc-c2"/>
            <object_component_ref idref="oc-f1"/>
            <object_component_ref idref="oc-3b"/>
            <object_component_ref idref="oc-7f"/>
            <object_component_ref idref="oc-49"/>
            <object_component_ref idref="oc-89"/>
            <object_component_ref idref="oc-a9"/>
            <object_component_ref idref="oc-d6"/>
            <object_component_ref idref="oc-c9"/>
            <object_component_ref idref="oc-b1"/>
            <object_component_ref idref="oc-b6"/>
            <object_component_ref idref="oc-de"/>
         </contents>
      </logical_group>
      <load_segment id="lg-120" display="no" color="cyan">
         <name>SEGMENT_0</name>
         <load_address>0x0</load_address>
         <run_address>0x0</run_address>
         <size>0x96c</size>
         <flags>0x5</flags>
         <contents>
            <logical_group_ref idref="lg-4"/>
            <logical_group_ref idref="lg-5"/>
            <logical_group_ref idref="lg-7"/>
         </contents>
      </load_segment>
      <load_segment id="lg-121" display="no" color="cyan">
         <name>SEGMENT_1</name>
         <run_address>0x20000000</run_address>
         <size>0x28</size>
         <flags>0x6</flags>
         <contents>
            <logical_group_ref idref="lg-b"/>
         </contents>
      </load_segment>
      <load_segment id="lg-122" display="no" color="cyan">
         <name>SEGMENT_2</name>
         <run_address>0x2000fe00</run_address>
         <size>0x200</size>
         <flags>0x6</flags>
         <contents>
[...]
               <size>0x802</size>
               <logical_group_ref idref="lg-5"/>
            </allocated_space>
            <available_space>
               <start_address>0x946</start_address>
               <size>0x2</size>
            </available_space>
            <allocated_space>
               <start_address>0x948</start_address>
               <size>0x24</size>
               <logical_group_ref idref="lg-7"/>
            </allocated_space>
            <available_space>
               <start_address>0x96c</start_address>
               <size>0x3f694</size>
            </available_space>
         </usage_details>
      </memory_area>
      <memory_area display="yes" color="green">
         <name>INFO</name>
         <page_id>0x0</page_id>
         <origin>0x200000</origin>
         <length>0x4000</length>
         <used_space>0x0</used_space>
         <unused_space>0x4000</unused_space>
         <attributes>RX</attributes>
         <usage_details>
         </usage_details>
      </memory_area>
      <memory_area display="yes" color="green">
         <name>SRAM_CODE</name>
         <page_id>0x0</page_id>
         <origin>0x1000000</origin>
         <length>0x10000</length>
         <used_space>0x0</used_space>
         <unused_space>0x10000</unused_space>
         <attributes>RWX</attributes>
         <usage_details>
         </usage_details>
      </memory_area>
      <memory_area display="yes" color="green">
         <name>SRAM_DATA</name>
         <page_id>0x0</page_id>
         <origin>0x20000000</origin>
         <length>0x10000</length>
         <used_space>0x228</used_space>
         <unused_space>0xfdd8</unused_space>
         <attributes>RW</attributes>
         <usage_details>
            <allocated_space>
               <start_address>0x20000000</start_address>
               <size>0x28</size>
               <logical_group_ref idref="lg-f9"/>
            </allocated_space>
            <available_space>
               <start_address>0x20000028</start_address>
               <size>0xfdd8</size>
            </available_space>
            <allocated_space>
               <start_address>0x2000fe00</start_address>
               <size>0x200</size>
               <logical_group_ref idref="lg-e"/>
            </allocated_space>
         </usage_details>
      </memory_area>
   </placement_map>
   <cptbl_list>
      <cptbl>
         <name>__TI_cinit_table</name>
         <cprec>
            <name>.data</name>
            <load_address>0x948</load_address>
            <load_size>0x12</load_size>
            <run_address>0x20000000</run_address>
            <run_size>0x28</run_size>
            <compression>rle</compression>
         </cprec>
      </cptbl>
   </cptbl_list>
   <handler_table>
      <handler_table_name>__TI_handler_table</handler_table_name>
      <handler>
         <index>0x0</index>
         <name>__TI_decompress_rle24</name>
      </handler>
      <handler>
         <index>0x1</index>
         <name>__TI_decompress_none</name>
      </handler>
   </handler_table>
   <symbol_table>
      <symbol id="sm-1">
         <name>WDTCTL_SYM</name>
         <value>0x4000480c</value>
      </symbol>
      <symbol id="sm-2">
         <name>__TI_CINIT_Base</name>
         <value>0x964</value>
      </symbol>
      <symbol id="sm-3">
         <name>__TI_CINIT_Limit</name>
         <value>0x96c</value>
      </symbol>
      <symbol id="sm-4">
         <name>__TI_Handler_Table_Base</name>
         <value>0x95c</value>
      </symbol>
      <symbol id="sm-5">
         <name>__TI_Handler_Table_Limit</name>
         <value>0x964</value>
      </symbol>
      <symbol id="sm-6">
         <name>binit</name>
         <value>0xffffffff</value>
      </symbol>
      <symbol id="sm-7">
         <name>__binit__</name>
         <value>0xffffffff</value>
      </symbol>
      <symbol id="sm-8">
         <name>__STACK_SIZE</name>
         <value>0x200</value>
      </symbol>
      <symbol id="sm-9">
         <name>__STACK_END</name>
         <value>0x20010000</value>
      </symbol>
      <symbol id="sm-a">
         <name>__c_args__</name>
         <value>0xffffffff</value>
      </symbol>
      <symbol id="sm-78">
         <name>Crystalstable</name>
         <value>0x20000010</value>
         <object_component_ref idref="oc-ec"/>
      </symbol>
      <symbol id="sm-79">
         <name>Clock_InitLowPower</name>
         <value>0x371</value>
         <object_component_ref idref="oc-e2"/>
      </symbol>
      <symbol id="sm-7a">
         <name>Prewait</name>
         <value>0x20000000</value>
         <object_component_ref idref="oc-ec"/>
      </symbol>
      <symbol id="sm-7b">
         <name>Clock_Init32kHz</name>
         <value>0x27f</value>
         <object_component_ref idref="oc-e2"/>
      </symbol>
      <symbol id="sm-7c">
         <name>IFlags</name>
         <value>0x2000000c</value>
         <object_component_ref idref="oc-ec"/>
      </symbol>
      <symbol id="sm-7d">
         <name>Postwait</name>
         <value>0x20000008</value>
         <object_component_ref idref="oc-ec"/>
      </symbol>
      <symbol id="sm-7e">
         <name>Clock_Init</name>
         <value>0x145</value>
         <object_component_ref idref="oc-e2"/>
      </symbol>
      <symbol id="sm-7f">
         <name>CPMwait</name>
         <value>0x20000004</value>
         <object_component_ref idref="oc-ec"/>
      </symbol>
      <symbol id="sm-80">
         <name>Clock_Init48MHz</name>
         <value>0x18f</value>
         <object_component_ref idref="oc-e2"/>
      </symbol>
      <symbol id="sm-9d">
         <name>PWM_Duty2</name>
         <value>0x537</value>
         <object_component_ref idref="oc-ba"/>
      </symbol>
      <symbol id="sm-9e">
         <name>PWM_Duty1</name>
         <value>0x517</value>
         <object_component_ref idref="oc-ba"/>
      </symbol>
      <symbol id="sm-9f">
         <name>PWM_Init</name>
         <value>0x475</value>
         <object_component_ref idref="oc-ba"/>
      </symbol>
      <symbol id="sm-aa">
         <name>main</name>
         <value>0x92f</value>
         <object_component_ref idref="oc-99"/>
      </symbol>
      <symbol id="sm-12a">
         <name>T32_INT2_IRQHandler</name>
         <value>0x681</value>
         <object_component_ref idref="oc-2b"/>
      </symbol>
      <symbol id="sm-12b">
         <name>PendSV_Handler</name>
         <value>0x649</value>
         <object_component_ref idref="oc-2b"/>
      </symbol>
      <symbol id="sm-12c">
         <name>SysTick_Handler</name>
         <value>0x64b</value>
         <object_component_ref idref="oc-2b"/>
      </symbol>
      <symbol id="sm-12d">
         <name>EUSCIA3_IRQHandler</name>
         <value>0x673</value>
         <object_component_ref idref="oc-2b"/>
      </symbol>
      <symbol id="sm-12e">
         <name>SVC_Handler</name>
         <value>0x645</value>
         <object_component_ref idref="oc-2b"/>
      </symbol>
      <symbol id="sm-12f">
         <name>EUSCIB1_IRQHandler</name>
         <value>0x677</value>
         <object_component_ref idref="oc-2b"/>
      </symbol>
      <symbol id="sm-130">
         <name>PORT4_IRQHandler</name>
         <value>0x699</value>
         <object_component_ref idref="oc-2b"/>
      </symbol>
      <symbol id="sm-131">
         <name>AES256_IRQHandler</name>
         <value>0x685</value>
         <object_component_ref idref="oc-2b"/>
      </symbol>
      <symbol id="sm-132">
         <name>FPU_IRQHandler</name>
         <value>0x655</value>
         <object_component_ref idref="oc-2b"/>
      </symbol>
      <symbol id="sm-133">
         <name>EUSCIB2_IRQHandler</name>
         <value>0x679</value>
         <object_component_ref idref="oc-2b"/>
      </symbol>
      <symbol id="sm-134">
         <name>PORT1_IRQHandler</name>
         <value>0x693</value>
         <object_component_ref idref="oc-2b"/>
      </symbol>
      <symbol id="sm-135">
         <name>RTC_C_IRQHandler</name>
         <value>0x687</value>
         <object_component_ref idref="oc-2b"/>
      </symbol>
      <symbol id="sm-136">
         <name>TA2_0_IRQHandler</name>
         <value>0x665</value>
         <object_component_ref idref="oc-2b"/>
      </symbol>
      <symbol id="sm-137">
         <name>TA3_N_IRQHandler</name>
         <value>0x66b</value>
         <object_component_ref idref="oc-2b"/>
      </symbol>
      <symbol id="sm-138">
         <name>DMA_INT3_IRQHandler</name>
         <value>0x68b</value>
         <object_component_ref idref="oc-2b"/>
      </symbol>
      <symbol id="sm-139">
         <name>PORT2_IRQHandler</name>
         <value>0x695</value>
         <object_component_ref idref="oc-2b"/>
      </symbol>
      <symbol id="sm-13a">
         <name>StartCritical</name>
         <value>0x6ab</value>
         <object_component_ref idref="oc-2b"/>
      </symbol>
      <symbol id="sm-13b">
         <name>TA0_0_IRQHandler</name>
         <value>0x65d</value>
         <object_component_ref idref="oc-2b"/>
      </symbol>
      <symbol id="sm-13c">
         <name>PSS_IRQHandler</name>
         <value>0x64d</value>
         <object_component_ref idref="oc-2b"/>
      </symbol>
      <symbol id="sm-13d">
         <name>TA1_N_IRQHandler</name>
         <value>0x663</value>
         <object_component_ref idref="oc-2b"/>
      </symbol>
      <symbol id="sm-13e">
         <name>EUSCIA1_IRQHandler</name>
         <value>0x66f</value>
         <object_component_ref idref="oc-2b"/>
      </symbol>
      <symbol id="sm-13f">
         <name>EUSCIA2_IRQHandler</name>
         <value>0x671</value>
         <object_component_ref idref="oc-2b"/>
      </symbol>
      <symbol id="sm-140">
         <name>COMP_E0_IRQHandler</name>
         <value>0x659</value>
         <object_component_ref idref="oc-2b"/>
      </symbol>
      <symbol id="sm-141">
         <name>WDT_A_IRQHandler</name>
         <value>0x653</value>
         <object_component_ref idref="oc-2b"/>
      </symbol>
      <symbol id="sm-142">
         <name>EUSCIB0_IRQHandler</name>
         <value>0x675</value>
         <object_component_ref idref="oc-2b"/>
      </symbol>
      <symbol id="sm-143">
         <name>FLCTL_IRQHandler</name>
         <value>0x657</value>
         <object_component_ref idref="oc-2b"/>
      </symbol>
      <symbol id="sm-144">
         <name>EndCritical</name>
         <value>0x6b5</value>
         <object_component_ref idref="oc-2b"/>
      </symbol>
      <symbol id="sm-145">
         <name>DMA_INT1_IRQHandler</name>
         <value>0x68f</value>
         <object_component_ref idref="oc-2b"/>
      </symbol>
      <symbol id="sm-146">
         <name>PCM_IRQHandler</name>
         <value>0x651</value>
         <object_component_ref idref="oc-2b"/>
      </symbol>
      <symbol id="sm-147">
         <name>ADC14_IRQHandler</name>
         <value>0x67d</value>
         <object_component_ref idref="oc-2b"/>
      </symbol>
      <symbol id="sm-148">
         <name>T32_INTC_IRQHandler</name>
         <value>0x683</value>
         <object_component_ref idref="oc-2b"/>
      </symbol>
      <symbol id="sm-149">
         <name>DMA_INT2_IRQHandler</name>
         <value>0x68d</value>
         <object_component_ref idref="oc-2b"/>
      </symbol>
      <symbol id="sm-14a">
         <name>TA3_0_IRQHandler</name>
         <value>0x669</value>
         <object_component_ref idref="oc-2b"/>
      </symbol>
      <symbol id="sm-14b">
         <name>EUSCIA0_IRQHandler</name>
         <value>0x66d</value>
         <object_component_ref idref="oc-2b"/>
      </symbol>
      <symbol id="sm-14c">
         <name>DMA_ERR_IRQHandler</name>
         <value>0x689</value>
         <object_component_ref idref="oc-2b"/>
      </symbol>
      <symbol id="sm-14d">
         <name>DisableInterrupts</name>
         <value>0x69f</value>
         <object_component_ref idref="oc-2b"/>
      </symbol>
      <symbol id="sm-14e">
         <name>PORT5_IRQHandler</name>
         <value>0x69b</value>
         <object_component_ref idref="oc-2b"/>
      </symbol>
      <symbol id="sm-14f">
         <name>TA1_0_IRQHandler</name>
         <value>0x661</value>
         <object_component_ref idref="oc-2b"/>
      </symbol>
      <symbol id="sm-150">
         <name>TA2_N_IRQHandler</name>
         <value>0x667</value>
         <object_component_ref idref="oc-2b"/>
      </symbol>
      <symbol id="sm-151">
         <name>COMP_E1_IRQHandler</name>
         <value>0x65b</value>
         <object_component_ref idref="oc-2b"/>
      </symbol>
      <symbol id="sm-152">
         <name>EUSCIB3_IRQHandler</name>
         <value>0x67b</value>
         <object_component_ref idref="oc-2b"/>
      </symbol>
      <symbol id="sm-153">
         <name>WaitForInterrupt</name>
         <value>0x6bd</value>
         <object_component_ref idref="oc-2b"/>
      </symbol>
      <symbol id="sm-154">
         <name>interruptVectors</name>
         <value>0x0</value>
         <object_component_ref idref="oc-10"/>
      </symbol>
      <symbol id="sm-155">
         <name>EnableInterrupts</name>
         <value>0x6a5</value>
         <object_component_ref idref="oc-2b"/>
      </symbol>
      <symbol id="sm-156">
         <name>PORT6_IRQHandler</name>
         <value>0x69d</value>
         <object_component_ref idref="oc-2b"/>
      </symbol>
      <symbol id="sm-157">
         <name>TA0_N_IRQHandler</name>
         <value>0x65f</value>
         <object_component_ref idref="oc-2b"/>
      </symbol>
      <symbol id="sm-158">
         <name>T32_INT1_IRQHandler</name>
         <value>0x67f</value>
         <object_component_ref idref="oc-2b"/>
      </symbol>
      <symbol id="sm-159">
         <name>DebugMon_Handler</name>
         <value>0x647</value>
         <object_component_ref idref="oc-2b"/>
      </symbol>
      <symbol id="sm-15a">
         <name>DMA_INT0_IRQHandler</name>
         <value>0x691</value>
         <object_component_ref idref="oc-2b"/>
      </symbol>
      <symbol id="sm-15b">
         <name>PORT3_IRQHandler</name>
         <value>0x697</value>
         <object_component_ref idref="oc-2b"/>
      </symbol>
      <symbol id="sm-15c">
         <name>CS_IRQHandler</name>
         <value>0x64f</value>
         <object_component_ref idref="oc-2b"/>
      </symbol>
      <symbol id="sm-16e">
         <name>_c_int00</name>
         <value>0x815</value>
         <object_component_ref idref="oc-25"/>
      </symbol>
      <symbol id="sm-16f">
         <name>__stack</name>
         <value>0x2000fe00</value>
         <object_component_ref idref="oc-2a"/>
      </symbol>
      <symbol id="sm-186">
         <name>__TI_decompress_none</name>
         <value>0x921</value>
         <object_component_ref idref="oc-13"/>
      </symbol>
      <symbol id="sm-1ae">
         <name>__TI_decompress_rle24</name>
         <value>0x93d</value>
         <object_component_ref idref="oc-19"/>
      </symbol>
      <symbol id="sm-1ce">
         <name>C$$EXIT</name>
         <value>0x8b1</value>
         <object_component_ref idref="oc-6b"/>
      </symbol>
      <symbol id="sm-1cf">
         <name>abort</name>
         <value>0x8b5</value>
         <object_component_ref idref="oc-6b"/>
      </symbol>
      <symbol id="sm-1d0">
         <name>exit</name>
         <value>0x8bd</value>
         <object_component_ref idref="oc-6b"/>
      </symbol>
      <symbol id="sm-1d1">
         <name>__TI_dtors_ptr</name>
         <value>0x20000020</value>
         <object_component_ref idref="oc-a4"/>
      </symbol>
      <symbol id="sm-1d2">
         <name>__TI_cleanup_ptr</name>
         <value>0x2000001c</value>
         <object_component_ref idref="oc-a4"/>
      </symbol>
      <symbol id="sm-1ed">
         <name>memcpy</name>
         <value>0x58d</value>
         <object_component_ref idref="oc-34"/>
      </symbol>
      <symbol id="sm-1ee">
         <name>__aeabi_memcpy</name>
         <value>0x58d</value>
         <object_component_ref idref="oc-34"/>
      </symbol>
      <symbol id="sm-1ef">
         <name>__aeabi_memcpy8</name>
         <value>0x58d</value>
         <object_component_ref idref="oc-34"/>
      </symbol>
      <symbol id="sm-1f0">
         <name>__aeabi_memcpy4</name>
         <value>0x58d</value>
         <object_component_ref idref="oc-34"/>
      </symbol>
      <symbol id="sm-1ff">
         <name>__aeabi_memset</name>
         <value>0x6c5</value>
         <object_component_ref idref="oc-4d"/>
      </symbol>
      <symbol id="sm-200">
         <name>memset</name>
         <value>0x6cb</value>
         <object_component_ref idref="oc-4d"/>
      </symbol>
      <symbol id="sm-201">
         <name>__aeabi_memset8</name>
         <value>0x6c5</value>
         <object_component_ref idref="oc-4d"/>
      </symbol>
      <symbol id="sm-202">
         <name>__aeabi_memset4</name>
         <value>0x6c5</value>
         <object_component_ref idref="oc-4d"/>
      </symbol>
      <symbol id="sm-203">
         <name>__aeabi_memclr8</name>
         <value>0x6c3</value>
         <object_component_ref idref="oc-4d"/>
      </symbol>
      <symbol id="sm-204">
         <name>__aeabi_memclr4</name>
         <value>0x6c3</value>
         <object_component_ref idref="oc-4d"/>
      </symbol>
      <symbol id="sm-205">
         <name>__aeabi_memclr</name>
         <value>0x6c3</value>
         <object_component_ref idref="oc-4d"/>
      </symbol>
      <symbol id="sm-20f">
         <name>_system_pre_init</name>
         <value>0x943</value>
         <object_component_ref idref="oc-59"/>
      </symbol>
      <symbol id="sm-217">
         <name>main_func_sp</name>
         <value>0x20000024</value>
         <object_component_ref idref="oc-71"/>
      </symbol>
      <symbol id="sm-230">
         <name>_nop</name>
         <value>0x91b</value>
         <object_component_ref idref="oc-cd"/>
      </symbol>
      <symbol id="sm-231">
         <name>_lock</name>
         <value>0x20000014</value>
         <object_component_ref idref="oc-a1"/>
      </symbol>
      <symbol id="sm-232">
         <name>_unlock</name>
         <value>0x20000018</value>
         <object_component_ref idref="oc-a1"/>
      </symbol>
      <symbol id="sm-233">
         <name>_register_lock</name>
         <value>0x913</value>
         <object_component_ref idref="oc-cd"/>
      </symbol>
      <symbol id="sm-234">
         <name>_register_unlock</name>
         <value>0x90d</value>
         <object_component_ref idref="oc-cd"/>
      </symbol>
      <symbol id="sm-249">
         <name>_args_main</name>
         <value>0x8f5</value>
         <object_component_ref idref="oc-65"/>
      </symbol>
      <symbol id="sm-26f">
         <name>__TI_auto_init</name>
         <value>0x73d</value>
         <object_component_ref idref="oc-5f"/>
      </symbol>
      <symbol id="sm-289">
         <name>copy_in</name>
         <value>0x865</value>
         <object_component_ref idref="oc-91"/>
      </symbol>
      <symbol id="sm-28a">
         <name>__TI_static_base__</name>
         <value>0x0</value>
      </symbol>
      <symbol id="sm-28d">
         <name>SHT$$INIT_ARRAY$$Limit</name>
         <value>0x0</value>
      </symbol>
      <symbol id="sm-28e">
         <name>SHT$$INIT_ARRAY$$Base</name>
         <value>0x0</value>
      </symbol>
   </symbol_table>
   <title>Link successful</title>
</link_info>
