Component: ARM Compiler 5.06 update 1 (build 61) Tool: armlink [4d35a8]

==============================================================================

Section Cross References

    clocksystem.o(i.Clock_Init32kHz) refers to clocksystem.o(.data) for Prewait
    clocksystem.o(i.Clock_Init48MHz) refers to clocksystem.o(.data) for Prewait
    clocksystem.o(i.Clock_InitLowPower) refers to clocksystem.o(.data) for Prewait
    clocksystemtestmain.o(i.ResistanceMeasure) refers to clocksystemtestmain.o(.emb_text) for Delay
    clocksystemtestmain.o(i.ResistanceMeasure) refers to clocksystemtestmain.o(i.calculateDistance) for calculateDistance
    clocksystemtestmain.o(i.calculateDistance) refers to pow.o(i.__hardfp_pow) for __hardfp_pow
    clocksystemtestmain.o(i.calculateDistance) refers to dflt_clz.o(x$fpl$dfltu) for __aeabi_ui2d
    clocksystemtestmain.o(i.calculateDistance) refers to dmul.o(x$fpl$dmul) for __aeabi_dmul
    clocksystemtestmain.o(i.main) refers to clocksystem.o(i.Clock_Init48MHz) for Clock_Init48MHz
    clocksystemtestmain.o(i.main) refers to clocksystemtestmain.o(i.ResistanceMeasure_Init) for ResistanceMeasure_Init
    clocksystemtestmain.o(i.main) refers to clocksystemtestmain.o(i.ResistanceMeasure) for ResistanceMeasure
    startup_msp432.o(STACK) refers (Special) to heapauxi.o(.text) for __use_two_region_memory
    startup_msp432.o(HEAP) refers (Special) to heapauxi.o(.text) for __use_two_region_memory
    startup_msp432.o(RESET) refers (Special) to heapauxi.o(.text) for __use_two_region_memory
    startup_msp432.o(RESET) refers to startup_msp432.o(STACK) for __initial_sp
    startup_msp432.o(RESET) refers to startup_msp432.o(.text) for Reset_Handler
    startup_msp432.o(.text) refers (Special) to heapauxi.o(.text) for __use_two_region_memory
    startup_msp432.o(.text) refers to system_msp432.o(i.SystemInit) for SystemInit
    startup_msp432.o(.text) refers to __main.o(!!!main) for __main
    startup_msp432.o(.text) refers to startup_msp432.o(HEAP) for Heap_Mem
    startup_msp432.o(.text) refers to startup_msp432.o(STACK) for Stack_Mem
    system_msp432.o(i.SystemCoreClockUpdate) refers to system_msp432.o(.data) for SystemCoreClock
    system_msp432.o(i.SystemInit) refers to system_msp432.o(.data) for SystemCoreClock
    __main.o(!!!main) refers to __rtentry.o(.ARM.Collect$$rtentry$$00000000) for __rt_entry
    dflt_clz.o(x$fpl$dfltu) refers (Special) to usenofp.o(x$fpl$usenofp) for __I$use$fp
    dflt_clz.o(x$fpl$dflt) refers (Special) to usenofp.o(x$fpl$usenofp) for __I$use$fp
    dflt_clz.o(x$fpl$dfltn) refers (Special) to usenofp.o(x$fpl$usenofp) for __I$use$fp
    dmul.o(x$fpl$dmul) refers (Special) to usenofp.o(x$fpl$usenofp) for __I$use$fp
    dmul.o(x$fpl$dmul) refers to dretinf.o(x$fpl$dretinf) for __fpl_dretinf
    dmul.o(x$fpl$dmul) refers to dnaninf.o(x$fpl$dnaninf) for __fpl_dnaninf
    pow.o(i.__hardfp_pow) refers (Special) to usenofp.o(x$fpl$usenofp) for __I$use$fp
    pow.o(i.__hardfp_pow) refers to dunder.o(i.__mathlib_dbl_infnan2) for __mathlib_dbl_infnan2
    pow.o(i.__hardfp_pow) refers to _rserrno.o(.text) for __set_errno
    pow.o(i.__hardfp_pow) refers to dunder.o(i.__mathlib_dbl_divzero) for __mathlib_dbl_divzero
    pow.o(i.__hardfp_pow) refers to basic.o(x$fpl$basic) for __aeabi_dneg
    pow.o(i.__hardfp_pow) refers to dunder.o(i.__mathlib_dbl_overflow) for __mathlib_dbl_overflow
    pow.o(i.__hardfp_pow) refers to ddiv.o(x$fpl$ddiv) for __aeabi_ddiv
    pow.o(i.__hardfp_pow) refers to sqrt.o(i.sqrt) for sqrt
    pow.o(i.__hardfp_pow) refers to fabs.o(i.fabs) for fabs
    pow.o(i.__hardfp_pow) refers to dflt_clz.o(x$fpl$dflt) for __aeabi_i2d
    pow.o(i.__hardfp_pow) refers to dunder.o(i.__mathlib_dbl_invalid) for __mathlib_dbl_invalid
    pow.o(i.__hardfp_pow) refers to dmul.o(x$fpl$dmul) for __aeabi_dmul
    pow.o(i.__hardfp_pow) refers to dunder.o(i.__mathlib_dbl_underflow) for __mathlib_dbl_underflow
    pow.o(i.__hardfp_pow) refers to daddsub_clz.o(x$fpl$dsub) for __aeabi_dsub
    pow.o(i.__hardfp_pow) refers to daddsub_clz.o(x$fpl$drsb) for __aeabi_drsub
    pow.o(i.__hardfp_pow) refers to qnan.o(.constdata) for __mathlib_zero
    pow.o(i.__hardfp_pow) refers to daddsub_clz.o(x$fpl$dadd) for __aeabi_dadd
    pow.o(i.__hardfp_pow) refers to poly.o(i.__kernel_poly) for __kernel_poly
    pow.o(i.__hardfp_pow) refers to pow.o(.constdata) for .constdata
    pow.o(i.__hardfp_pow) refers to drleqf.o(x$fpl$drleqf) for __aeabi_cdrcmple
    pow.o(i.__hardfp_pow) refers to scalbn.o(x$fpl$scalbn) for __ARM_scalbn
    pow.o(i.__hardfp_pow) refers to fpclassify.o(i.__ARM_fpclassify) for __ARM_fpclassify
    pow.o(i.__softfp_pow) refers (Special) to usenofp.o(x$fpl$usenofp) for __I$use$fp
    pow.o(i.__softfp_pow) refers to pow.o(i.__hardfp_pow) for __hardfp_pow
    pow.o(i.pow) refers (Special) to usenofp.o(x$fpl$usenofp) for __I$use$fp
    pow.o(i.pow) refers to pow.o(i.__hardfp_pow) for __hardfp_pow
    pow.o(.constdata) refers (Special) to usenofp.o(x$fpl$usenofp) for __I$use$fp
    pow_x.o(i.____hardfp_pow$lsc) refers (Special) to usenofp.o(x$fpl$usenofp) for __I$use$fp
    pow_x.o(i.____hardfp_pow$lsc) refers to dunder.o(i.__mathlib_dbl_infnan2) for __mathlib_dbl_infnan2
    pow_x.o(i.____hardfp_pow$lsc) refers to _rserrno.o(.text) for __set_errno
    pow_x.o(i.____hardfp_pow$lsc) refers to basic.o(x$fpl$basic) for __aeabi_dneg
    pow_x.o(i.____hardfp_pow$lsc) refers to ddiv.o(x$fpl$ddiv) for __aeabi_ddiv
    pow_x.o(i.____hardfp_pow$lsc) refers to sqrt.o(i.sqrt) for sqrt
    pow_x.o(i.____hardfp_pow$lsc) refers to fabs.o(i.fabs) for fabs
    pow_x.o(i.____hardfp_pow$lsc) refers to dflt_clz.o(x$fpl$dflt) for __aeabi_i2d
    pow_x.o(i.____hardfp_pow$lsc) refers to dmul.o(x$fpl$dmul) for __aeabi_dmul
    pow_x.o(i.____hardfp_pow$lsc) refers to daddsub_clz.o(x$fpl$dsub) for __aeabi_dsub
    pow_x.o(i.____hardfp_pow$lsc) refers to daddsub_clz.o(x$fpl$drsb) for __aeabi_drsub
    pow_x.o(i.____hardfp_pow$lsc) refers to qnan.o(.constdata) for __mathlib_zero
    pow_x.o(i.____hardfp_pow$lsc) refers to daddsub_clz.o(x$fpl$dadd) for __aeabi_dadd
    pow_x.o(i.____hardfp_pow$lsc) refers to poly.o(i.__kernel_poly) for __kernel_poly
    pow_x.o(i.____hardfp_pow$lsc) refers to pow_x.o(.constdata) for .constdata
    pow_x.o(i.____hardfp_pow$lsc) refers to drleqf.o(x$fpl$drleqf) for __aeabi_cdrcmple
    pow_x.o(i.____hardfp_pow$lsc) refers to scalbn.o(x$fpl$scalbn) for __ARM_scalbn
    pow_x.o(i.____softfp_pow$lsc) refers (Special) to usenofp.o(x$fpl$usenofp) for __I$use$fp
    pow_x.o(i.____softfp_pow$lsc) refers to pow_x.o(i.____hardfp_pow$lsc) for ____hardfp_pow$lsc
    pow_x.o(i.__pow$lsc) refers (Special) to usenofp.o(x$fpl$usenofp) for __I$use$fp
    pow_x.o(i.__pow$lsc) refers to pow_x.o(i.____hardfp_pow$lsc) for ____hardfp_pow$lsc
    pow_x.o(.constdata) refers (Special) to usenofp.o(x$fpl$usenofp) for __I$use$fp
    __rtentry.o(.ARM.Collect$$rtentry$$00000000) refers (Special) to __rtentry2.o(.ARM.Collect$$rtentry$$0000000A) for __rt_entry_li
    __rtentry.o(.ARM.Collect$$rtentry$$00000000) refers (Special) to __rtentry2.o(.ARM.Collect$$rtentry$$0000000D) for __rt_entry_main
    __rtentry.o(.ARM.Collect$$rtentry$$00000000) refers (Special) to __rtentry2.o(.ARM.Collect$$rtentry$$0000000C) for __rt_entry_postli_1
    __rtentry.o(.ARM.Collect$$rtentry$$00000000) refers (Special) to __rtentry2.o(.ARM.Collect$$rtentry$$00000009) for __rt_entry_postsh_1
    __rtentry.o(.ARM.Collect$$rtentry$$00000000) refers (Special) to __rtentry2.o(.ARM.Collect$$rtentry$$00000002) for __rt_entry_presh_1
    __rtentry.o(.ARM.Collect$$rtentry$$00000000) refers (Special) to __rtentry4.o(.ARM.Collect$$rtentry$$00000004) for __rt_entry_sh
    _rserrno.o(.text) refers to rt_errno_addr_intlibspace.o(.text) for __aeabi_errno_addr
    basic.o(x$fpl$basic) refers (Special) to usenofp.o(x$fpl$usenofp) for __I$use$fp
    daddsub_clz.o(x$fpl$dadd) refers (Special) to usenofp.o(x$fpl$usenofp) for __I$use$fp
    daddsub_clz.o(x$fpl$dadd) refers to daddsub_clz.o(x$fpl$dsub) for _dsub1
    daddsub_clz.o(x$fpl$dadd) refers to dretinf.o(x$fpl$dretinf) for __fpl_dretinf
    daddsub_clz.o(x$fpl$dadd) refers to dnaninf.o(x$fpl$dnaninf) for __fpl_dnaninf
    daddsub_clz.o(x$fpl$drsb) refers (Special) to usenofp.o(x$fpl$usenofp) for __I$use$fp
    daddsub_clz.o(x$fpl$drsb) refers to daddsub_clz.o(x$fpl$dadd) for _dadd1
    daddsub_clz.o(x$fpl$drsb) refers to daddsub_clz.o(x$fpl$dsub) for _dsub1
    daddsub_clz.o(x$fpl$dsub) refers (Special) to usenofp.o(x$fpl$usenofp) for __I$use$fp
    daddsub_clz.o(x$fpl$dsub) refers to daddsub_clz.o(x$fpl$dadd) for _dadd1
    daddsub_clz.o(x$fpl$dsub) refers to dnaninf.o(x$fpl$dnaninf) for __fpl_dnaninf
    ddiv.o(x$fpl$drdiv) refers (Special) to usenofp.o(x$fpl$usenofp) for __I$use$fp
    ddiv.o(x$fpl$drdiv) refers to ddiv.o(x$fpl$ddiv) for ddiv_entry
    ddiv.o(x$fpl$ddiv) refers (Special) to usenofp.o(x$fpl$usenofp) for __I$use$fp
    ddiv.o(x$fpl$ddiv) refers to dretinf.o(x$fpl$dretinf) for __fpl_dretinf
    ddiv.o(x$fpl$ddiv) refers to dnaninf.o(x$fpl$dnaninf) for __fpl_dnaninf
    dnaninf.o(x$fpl$dnaninf) refers (Special) to usenofp.o(x$fpl$usenofp) for __I$use$fp
    dretinf.o(x$fpl$dretinf) refers (Special) to usenofp.o(x$fpl$usenofp) for __I$use$fp
    drleqf.o(x$fpl$drleqf) refers (Special) to usenofp.o(x$fpl$usenofp) for __I$use$fp
    drleqf.o(x$fpl$drleqf) refers to dleqf.o(x$fpl$dleqf) for __fpl_dcmple_InfNaN
    scalbn.o(x$fpl$scalbn) refers (Special) to usenofp.o(x$fpl$usenofp) for __I$use$fp
    scalbn.o(x$fpl$scalbn) refers to dcheck1.o(x$fpl$dcheck1) for __fpl_dcheck_NaN1
    dunder.o(i.__mathlib_dbl_divzero) refers to ddiv.o(x$fpl$ddiv) for __aeabi_ddiv
    dunder.o(i.__mathlib_dbl_infnan) refers to daddsub_clz.o(x$fpl$dadd) for __aeabi_dadd
    dunder.o(i.__mathlib_dbl_infnan2) refers to daddsub_clz.o(x$fpl$dadd) for __aeabi_dadd
    dunder.o(i.__mathlib_dbl_invalid) refers to ddiv.o(x$fpl$ddiv) for __aeabi_ddiv
    dunder.o(i.__mathlib_dbl_overflow) refers to dmul.o(x$fpl$dmul) for __aeabi_dmul
    dunder.o(i.__mathlib_dbl_posinfnan) refers to dmul.o(x$fpl$dmul) for __aeabi_dmul
    dunder.o(i.__mathlib_dbl_underflow) refers to dmul.o(x$fpl$dmul) for __aeabi_dmul
    fabs.o(i.__hardfp_fabs) refers (Special) to usenofp.o(x$fpl$usenofp) for __I$use$fp
    fabs.o(i.__softfp_fabs) refers (Special) to usenofp.o(x$fpl$usenofp) for __I$use$fp
    fabs.o(i.fabs) refers (Special) to usenofp.o(x$fpl$usenofp) for __I$use$fp
    fpclassify.o(i.__ARM_fpclassify) refers (Special) to usenofp.o(x$fpl$usenofp) for __I$use$fp
    poly.o(i.__kernel_poly) refers (Special) to usenofp.o(x$fpl$usenofp) for __I$use$fp
    poly.o(i.__kernel_poly) refers to dmul.o(x$fpl$dmul) for __aeabi_dmul
    poly.o(i.__kernel_poly) refers to daddsub_clz.o(x$fpl$dadd) for __aeabi_dadd
    qnan.o(.constdata) refers (Special) to usenofp.o(x$fpl$usenofp) for __I$use$fp
    sqrt.o(i.__hardfp_sqrt) refers (Special) to usenofp.o(x$fpl$usenofp) for __I$use$fp
    sqrt.o(i.__hardfp_sqrt) refers to dsqrt_umaal.o(x$fpl$dsqrt) for _dsqrt
    sqrt.o(i.__hardfp_sqrt) refers to _rserrno.o(.text) for __set_errno
    sqrt.o(i.__softfp_sqrt) refers (Special) to usenofp.o(x$fpl$usenofp) for __I$use$fp
    sqrt.o(i.__softfp_sqrt) refers to dsqrt_umaal.o(x$fpl$dsqrt) for _dsqrt
    sqrt.o(i.__softfp_sqrt) refers to _rserrno.o(.text) for __set_errno
    sqrt.o(i.sqrt) refers (Special) to usenofp.o(x$fpl$usenofp) for __I$use$fp
    sqrt.o(i.sqrt) refers to dsqrt_umaal.o(x$fpl$dsqrt) for _dsqrt
    sqrt.o(i.sqrt) refers to _rserrno.o(.text) for __set_errno
    sqrt_x.o(i.____hardfp_sqrt$lsc) refers (Special) to usenofp.o(x$fpl$usenofp) for __I$use$fp
    sqrt_x.o(i.____hardfp_sqrt$lsc) refers to dleqf.o(x$fpl$dleqf) for __aeabi_cdcmple
    sqrt_x.o(i.____hardfp_sqrt$lsc) refers to _rserrno.o(.text) for __set_errno
    sqrt_x.o(i.____hardfp_sqrt$lsc) refers to dsqrt_umaal.o(x$fpl$dsqrt) for _dsqrt
    sqrt_x.o(i.____softfp_sqrt$lsc) refers (Special) to usenofp.o(x$fpl$usenofp) for __I$use$fp
    sqrt_x.o(i.____softfp_sqrt$lsc) refers to dleqf.o(x$fpl$dleqf) for __aeabi_cdcmple
    sqrt_x.o(i.____softfp_sqrt$lsc) refers to _rserrno.o(.text) for __set_errno
    sqrt_x.o(i.____softfp_sqrt$lsc) refers to dsqrt_umaal.o(x$fpl$dsqrt) for _dsqrt
    sqrt_x.o(i.__sqrt$lsc) refers (Special) to usenofp.o(x$fpl$usenofp) for __I$use$fp
    sqrt_x.o(i.__sqrt$lsc) refers to dleqf.o(x$fpl$dleqf) for __aeabi_cdcmple
    sqrt_x.o(i.__sqrt$lsc) refers to _rserrno.o(.text) for __set_errno
    sqrt_x.o(i.__sqrt$lsc) refers to dsqrt_umaal.o(x$fpl$dsqrt) for _dsqrt
    __rtentry2.o(.ARM.Collect$$rtentry$$00000008) refers to boardinit2.o(.text) for _platform_post_stackheap_init
    __rtentry2.o(.ARM.Collect$$rtentry$$0000000A) refers to libinit.o(.ARM.Collect$$libinit$$00000000) for __rt_lib_init
    __rtentry2.o(.ARM.Collect$$rtentry$$0000000B) refers to boardinit3.o(.text) for _platform_post_lib_init
    __rtentry2.o(.ARM.Collect$$rtentry$$0000000D) refers to clocksystemtestmain.o(i.main) for main
    __rtentry2.o(.ARM.Collect$$rtentry$$0000000D) refers to exit.o(.text) for exit
    __rtentry2.o(.ARM.exidx) refers to __rtentry2.o(.ARM.Collect$$rtentry$$00000001) for .ARM.Collect$$rtentry$$00000001
    __rtentry2.o(.ARM.exidx) refers to __rtentry2.o(.ARM.Collect$$rtentry$$00000008) for .ARM.Collect$$rtentry$$00000008
    __rtentry2.o(.ARM.exidx) refers to __rtentry2.o(.ARM.Collect$$rtentry$$0000000A) for .ARM.Collect$$rtentry$$0000000A
    __rtentry2.o(.ARM.exidx) refers to __rtentry2.o(.ARM.Collect$$rtentry$$0000000B) for .ARM.Collect$$rtentry$$0000000B
    __rtentry2.o(.ARM.exidx) refers to __rtentry2.o(.ARM.Collect$$rtentry$$0000000D) for .ARM.Collect$$rtentry$$0000000D
    __rtentry4.o(.ARM.Collect$$rtentry$$00000004) refers to sys_stackheap_outer.o(.text) for __user_setup_stackheap
    __rtentry4.o(.ARM.exidx) refers to __rtentry4.o(.ARM.Collect$$rtentry$$00000004) for .ARM.Collect$$rtentry$$00000004
    rt_errno_addr.o(.text) refers to rt_errno_addr.o(.bss) for __aeabi_errno_addr_data
    rt_errno_addr_intlibspace.o(.text) refers to libspace.o(.bss) for __libspace_start
    dcheck1.o(x$fpl$dcheck1) refers (Special) to usenofp.o(x$fpl$usenofp) for __I$use$fp
    dcheck1.o(x$fpl$dcheck1) refers to retnan.o(x$fpl$retnan) for __fpl_return_NaN
    dleqf.o(x$fpl$dleqf) refers (Special) to usenofp.o(x$fpl$usenofp) for __I$use$fp
    dleqf.o(x$fpl$dleqf) refers to dnaninf.o(x$fpl$dnaninf) for __fpl_dnaninf
    dleqf.o(x$fpl$dleqf) refers to dcmpi.o(x$fpl$dcmpinf) for __fpl_dcmp_Inf
    dsqrt_umaal.o(x$fpl$dsqrt) refers (Special) to usenofp.o(x$fpl$usenofp) for __I$use$fp
    dsqrt_umaal.o(x$fpl$dsqrt) refers to dnaninf.o(x$fpl$dnaninf) for __fpl_dnaninf
    libspace.o(.text) refers to libspace.o(.bss) for __libspace_start
    sys_stackheap_outer.o(.text) refers to libspace.o(.text) for __user_perproc_libspace
    sys_stackheap_outer.o(.text) refers to startup_msp432.o(.text) for __user_initial_stackheap
    exit.o(.text) refers to rtexit.o(.ARM.Collect$$rtexit$$00000000) for __rt_exit
    libinit.o(.ARM.Collect$$libinit$$00000000) refers (Special) to libinit2.o(.ARM.Collect$$libinit$$0000002E) for __rt_lib_init_alloca_1
    libinit.o(.ARM.Collect$$libinit$$00000000) refers (Special) to libinit2.o(.ARM.Collect$$libinit$$0000002C) for __rt_lib_init_argv_1
    libinit.o(.ARM.Collect$$libinit$$00000000) refers (Special) to libinit2.o(.ARM.Collect$$libinit$$0000001B) for __rt_lib_init_atexit_1
    libinit.o(.ARM.Collect$$libinit$$00000000) refers (Special) to libinit2.o(.ARM.Collect$$libinit$$00000021) for __rt_lib_init_clock_1
    libinit.o(.ARM.Collect$$libinit$$00000000) refers (Special) to libinit2.o(.ARM.Collect$$libinit$$00000032) for __rt_lib_init_cpp_1
    libinit.o(.ARM.Collect$$libinit$$00000000) refers (Special) to libinit2.o(.ARM.Collect$$libinit$$00000030) for __rt_lib_init_exceptions_1
    libinit.o(.ARM.Collect$$libinit$$00000000) refers (Special) to libinit2.o(.ARM.Collect$$libinit$$00000001) for __rt_lib_init_fp_1
    libinit.o(.ARM.Collect$$libinit$$00000000) refers (Special) to libinit2.o(.ARM.Collect$$libinit$$0000001F) for __rt_lib_init_fp_trap_1
    libinit.o(.ARM.Collect$$libinit$$00000000) refers (Special) to libinit2.o(.ARM.Collect$$libinit$$00000023) for __rt_lib_init_getenv_1
    libinit.o(.ARM.Collect$$libinit$$00000000) refers (Special) to libinit2.o(.ARM.Collect$$libinit$$0000000A) for __rt_lib_init_heap_1
    libinit.o(.ARM.Collect$$libinit$$00000000) refers (Special) to libinit2.o(.ARM.Collect$$libinit$$00000011) for __rt_lib_init_lc_collate_1
    libinit.o(.ARM.Collect$$libinit$$00000000) refers (Special) to libinit2.o(.ARM.Collect$$libinit$$00000013) for __rt_lib_init_lc_ctype_1
    libinit.o(.ARM.Collect$$libinit$$00000000) refers (Special) to libinit2.o(.ARM.Collect$$libinit$$00000015) for __rt_lib_init_lc_monetary_1
    libinit.o(.ARM.Collect$$libinit$$00000000) refers (Special) to libinit2.o(.ARM.Collect$$libinit$$00000017) for __rt_lib_init_lc_numeric_1
    libinit.o(.ARM.Collect$$libinit$$00000000) refers (Special) to libinit2.o(.ARM.Collect$$libinit$$00000019) for __rt_lib_init_lc_time_1
    libinit.o(.ARM.Collect$$libinit$$00000000) refers (Special) to libinit2.o(.ARM.Collect$$libinit$$00000004) for __rt_lib_init_preinit_1
    libinit.o(.ARM.Collect$$libinit$$00000000) refers (Special) to libinit2.o(.ARM.Collect$$libinit$$0000000E) for __rt_lib_init_rand_1
    libinit.o(.ARM.Collect$$libinit$$00000000) refers (Special) to libinit2.o(.ARM.Collect$$libinit$$00000033) for __rt_lib_init_return
    libinit.o(.ARM.Collect$$libinit$$00000000) refers (Special) to libinit2.o(.ARM.Collect$$libinit$$0000001D) for __rt_lib_init_signal_1
    libinit.o(.ARM.Collect$$libinit$$00000000) refers (Special) to libinit2.o(.ARM.Collect$$libinit$$00000025) for __rt_lib_init_stdio_1
    libinit.o(.ARM.Collect$$libinit$$00000000) refers (Special) to libinit2.o(.ARM.Collect$$libinit$$0000000C) for __rt_lib_init_user_alloc_1
    dcmpi.o(x$fpl$dcmpinf) refers (Special) to usenofp.o(x$fpl$usenofp) for __I$use$fp
    retnan.o(x$fpl$retnan) refers (Special) to usenofp.o(x$fpl$usenofp) for __I$use$fp
    retnan.o(x$fpl$retnan) refers to trapv.o(x$fpl$trapveneer) for __fpl_cmpreturn
    rtexit.o(.ARM.Collect$$rtexit$$00000000) refers (Special) to rtexit2.o(.ARM.Collect$$rtexit$$00000004) for __rt_exit_exit
    rtexit.o(.ARM.Collect$$rtexit$$00000000) refers (Special) to rtexit2.o(.ARM.Collect$$rtexit$$00000003) for __rt_exit_ls
    rtexit.o(.ARM.Collect$$rtexit$$00000000) refers (Special) to rtexit2.o(.ARM.Collect$$rtexit$$00000002) for __rt_exit_prels_1
    rtexit.o(.ARM.exidx) refers (Special) to rtexit2.o(.ARM.Collect$$rtexit$$00000004) for __rt_exit_exit
    rtexit.o(.ARM.exidx) refers (Special) to rtexit2.o(.ARM.Collect$$rtexit$$00000003) for __rt_exit_ls
    rtexit.o(.ARM.exidx) refers (Special) to rtexit2.o(.ARM.Collect$$rtexit$$00000002) for __rt_exit_prels_1
    rtexit.o(.ARM.exidx) refers to rtexit.o(.ARM.Collect$$rtexit$$00000000) for .ARM.Collect$$rtexit$$00000000
    libinit2.o(.ARM.Collect$$libinit$$00000001) refers to fpinit.o(x$fpl$fpinit) for _fp_init
    libinit2.o(.ARM.Collect$$libinit$$00000010) refers to libinit2.o(.ARM.Collect$$libinit$$0000000F) for .ARM.Collect$$libinit$$0000000F
    libinit2.o(.ARM.Collect$$libinit$$00000012) refers to libinit2.o(.ARM.Collect$$libinit$$0000000F) for .ARM.Collect$$libinit$$0000000F
    libinit2.o(.ARM.Collect$$libinit$$00000014) refers to libinit2.o(.ARM.Collect$$libinit$$0000000F) for .ARM.Collect$$libinit$$0000000F
    libinit2.o(.ARM.Collect$$libinit$$00000016) refers to libinit2.o(.ARM.Collect$$libinit$$0000000F) for .ARM.Collect$$libinit$$0000000F
    libinit2.o(.ARM.Collect$$libinit$$00000018) refers to libinit2.o(.ARM.Collect$$libinit$$0000000F) for .ARM.Collect$$libinit$$0000000F
    libinit2.o(.ARM.Collect$$libinit$$00000026) refers to argv_veneer.o(.emb_text) for __ARM_argv_veneer
    libinit2.o(.ARM.Collect$$libinit$$00000027) refers to argv_veneer.o(.emb_text) for __ARM_argv_veneer
    trapv.o(x$fpl$trapveneer) refers (Special) to usenofp.o(x$fpl$usenofp) for __I$use$fp
    rtexit2.o(.ARM.Collect$$rtexit$$00000003) refers to libshutdown.o(.ARM.Collect$$libshutdown$$00000000) for __rt_lib_shutdown
    rtexit2.o(.ARM.Collect$$rtexit$$00000004) refers to sys_exit.o(.text) for _sys_exit
    rtexit2.o(.ARM.exidx) refers to rtexit2.o(.ARM.Collect$$rtexit$$00000001) for .ARM.Collect$$rtexit$$00000001
    rtexit2.o(.ARM.exidx) refers to rtexit2.o(.ARM.Collect$$rtexit$$00000003) for .ARM.Collect$$rtexit$$00000003
    rtexit2.o(.ARM.exidx) refers to rtexit2.o(.ARM.Collect$$rtexit$$00000004) for .ARM.Collect$$rtexit$$00000004
    argv_veneer.o(.emb_text) refers to no_argv.o(.text) for __ARM_get_argv
    sys_exit.o(.text) refers (Special) to use_no_semi.o(.text) for __I$use$semihosting
    sys_exit.o(.text) refers (Special) to indicate_semi.o(.text) for __semihosting_library_function
    _get_argv_nomalloc.o(.text) refers (Special) to hrguard.o(.text) for __heap_region$guard
    _get_argv_nomalloc.o(.text) refers to defsig_rtmem_outer.o(.text) for __rt_SIGRTMEM
    _get_argv_nomalloc.o(.text) refers to sys_command.o(.text) for _sys_command_string
    libshutdown.o(.ARM.Collect$$libshutdown$$00000000) refers (Special) to libshutdown2.o(.ARM.Collect$$libshutdown$$00000002) for __rt_lib_shutdown_cpp_1
    libshutdown.o(.ARM.Collect$$libshutdown$$00000000) refers (Special) to libshutdown2.o(.ARM.Collect$$libshutdown$$00000007) for __rt_lib_shutdown_fp_trap_1
    libshutdown.o(.ARM.Collect$$libshutdown$$00000000) refers (Special) to libshutdown2.o(.ARM.Collect$$libshutdown$$0000000F) for __rt_lib_shutdown_heap_1
    libshutdown.o(.ARM.Collect$$libshutdown$$00000000) refers (Special) to libshutdown2.o(.ARM.Collect$$libshutdown$$00000010) for __rt_lib_shutdown_return
    libshutdown.o(.ARM.Collect$$libshutdown$$00000000) refers (Special) to libshutdown2.o(.ARM.Collect$$libshutdown$$0000000A) for __rt_lib_shutdown_signal_1
    libshutdown.o(.ARM.Collect$$libshutdown$$00000000) refers (Special) to libshutdown2.o(.ARM.Collect$$libshutdown$$00000004) for __rt_lib_shutdown_stdio_1
    libshutdown.o(.ARM.Collect$$libshutdown$$00000000) refers (Special) to libshutdown2.o(.ARM.Collect$$libshutdown$$0000000C) for __rt_lib_shutdown_user_alloc_1
    sys_command.o(.text) refers (Special) to use_no_semi.o(.text) for __I$use$semihosting
    sys_command.o(.text) refers (Special) to indicate_semi.o(.text) for __semihosting_library_function
    defsig_rtmem_outer.o(.text) refers to defsig_rtmem_inner.o(.text) for __rt_SIGRTMEM_inner
    defsig_rtmem_outer.o(.text) refers to defsig_exit.o(.text) for __sig_exit
    defsig_rtmem_formal.o(.text) refers to rt_raise.o(.text) for __rt_raise
    rt_raise.o(.text) refers to __raise.o(.text) for __raise
    rt_raise.o(.text) refers to sys_exit.o(.text) for _sys_exit
    defsig_exit.o(.text) refers to sys_exit.o(.text) for _sys_exit
    defsig_rtmem_inner.o(.text) refers to defsig_general.o(.text) for __default_signal_display
    __raise.o(.text) refers to defsig.o(CL$$defsig) for __default_signal_handler
    defsig_general.o(.text) refers to sys_wrch.o(.text) for _ttywrch
    sys_wrch.o(.text) refers (Special) to use_no_semi.o(.text) for __I$use$semihosting
    sys_wrch.o(.text) refers (Special) to indicate_semi.o(.text) for __semihosting_library_function
    defsig.o(CL$$defsig) refers to defsig_rtmem_inner.o(.text) for __rt_SIGRTMEM_inner
    defsig_abrt_inner.o(.text) refers to defsig_general.o(.text) for __default_signal_display
    defsig_fpe_inner.o(.text) refers to defsig_general.o(.text) for __default_signal_display
    defsig_rtred_inner.o(.text) refers to defsig_general.o(.text) for __default_signal_display
    defsig_stak_inner.o(.text) refers to defsig_general.o(.text) for __default_signal_display
    defsig_pvfn_inner.o(.text) refers to defsig_general.o(.text) for __default_signal_display
    defsig_cppl_inner.o(.text) refers to defsig_general.o(.text) for __default_signal_display
    defsig_segv_inner.o(.text) refers to defsig_general.o(.text) for __default_signal_display
    defsig_other.o(.text) refers to defsig_general.o(.text) for __default_signal_display


==============================================================================

Removing Unused input sections from the image.

    Removing clocksystem.o(.rev16_text), (4 bytes).
    Removing clocksystem.o(.revsh_text), (4 bytes).
    Removing clocksystem.o(.rrx_text), (6 bytes).
    Removing clocksystem.o(i.Clock_Init), (68 bytes).
    Removing clocksystem.o(i.Clock_Init32kHz), (336 bytes).
    Removing clocksystem.o(i.Clock_InitLowPower), (224 bytes).
    Removing clocksystemtestmain.o(.rev16_text), (4 bytes).
    Removing clocksystemtestmain.o(.revsh_text), (4 bytes).
    Removing clocksystemtestmain.o(.rrx_text), (6 bytes).
    Removing system_msp432.o(.rev16_text), (4 bytes).
    Removing system_msp432.o(.revsh_text), (4 bytes).
    Removing system_msp432.o(.rrx_text), (6 bytes).
    Removing system_msp432.o(i.SystemCoreClockUpdate), (16 bytes).

13 unused section(s) (total 686 bytes) removed from the image.

==============================================================================

Image Symbol Table

    Local Symbols

    Symbol Name                              Value     Ov Type        Size  Object(Section)

    RESET                                    0x00000000   Section      324  startup_msp432.o(RESET)
    ../clib/angel/boardlib.s                 0x00000000   Number         0  boardinit3.o ABSOLUTE
    ../clib/angel/boardlib.s                 0x00000000   Number         0  boardinit2.o ABSOLUTE
    ../clib/angel/boardlib.s                 0x00000000   Number         0  boardinit1.o ABSOLUTE
    ../clib/angel/boardlib.s                 0x00000000   Number         0  boardshut.o ABSOLUTE
    ../clib/angel/handlers.s                 0x00000000   Number         0  __scatter_copy.o ABSOLUTE
    ../clib/angel/handlers.s                 0x00000000   Number         0  __scatter_zi.o ABSOLUTE
    ../clib/angel/kernel.s                   0x00000000   Number         0  rtexit2.o ABSOLUTE
    ../clib/angel/kernel.s                   0x00000000   Number         0  __rtentry2.o ABSOLUTE
    ../clib/angel/kernel.s                   0x00000000   Number         0  __rtentry4.o ABSOLUTE
    ../clib/angel/kernel.s                   0x00000000   Number         0  rtexit.o ABSOLUTE
    ../clib/angel/kernel.s                   0x00000000   Number         0  __rtentry.o ABSOLUTE
    ../clib/angel/rt.s                       0x00000000   Number         0  rt_errno_addr.o ABSOLUTE
    ../clib/angel/rt.s                       0x00000000   Number         0  rt_errno_addr_intlibspace.o ABSOLUTE
    ../clib/angel/rt.s                       0x00000000   Number         0  rt_raise.o ABSOLUTE
    ../clib/angel/scatter.s                  0x00000000   Number         0  __scatter.o ABSOLUTE
    ../clib/angel/startup.s                  0x00000000   Number         0  __main.o ABSOLUTE
    ../clib/angel/sys.s                      0x00000000   Number         0  indicate_semi.o ABSOLUTE
    ../clib/angel/sys.s                      0x00000000   Number         0  libspace.o ABSOLUTE
    ../clib/angel/sys.s                      0x00000000   Number         0  use_no_semi.o ABSOLUTE
    ../clib/angel/sys.s                      0x00000000   Number         0  sys_stackheap_outer.o ABSOLUTE
    ../clib/angel/sysapp.c                   0x00000000   Number         0  sys_command.o ABSOLUTE
    ../clib/angel/sysapp.c                   0x00000000   Number         0  sys_wrch.o ABSOLUTE
    ../clib/angel/sysapp.c                   0x00000000   Number         0  sys_exit.o ABSOLUTE
    ../clib/armsys.c                         0x00000000   Number         0  argv_veneer.o ABSOLUTE
    ../clib/armsys.c                         0x00000000   Number         0  no_argv.o ABSOLUTE
    ../clib/armsys.c                         0x00000000   Number         0  _get_argv_nomalloc.o ABSOLUTE
    ../clib/armsys.c                         0x00000000   Number         0  argv_veneer.o ABSOLUTE
    ../clib/fenv.c                           0x00000000   Number         0  _rserrno.o ABSOLUTE
    ../clib/heapalloc.c                      0x00000000   Number         0  hrguard.o ABSOLUTE
    ../clib/heapaux.c                        0x00000000   Number         0  heapauxi.o ABSOLUTE
    ../clib/libinit.s                        0x00000000   Number         0  libinit.o ABSOLUTE
    ../clib/libinit.s                        0x00000000   Number         0  libshutdown2.o ABSOLUTE
    ../clib/libinit.s                        0x00000000   Number         0  libshutdown.o ABSOLUTE
    ../clib/libinit.s                        0x00000000   Number         0  libinit2.o ABSOLUTE
    ../clib/signal.c                         0x00000000   Number         0  defsig_other.o ABSOLUTE
    ../clib/signal.c                         0x00000000   Number         0  defsig_segv_inner.o ABSOLUTE
    ../clib/signal.c                         0x00000000   Number         0  defsig_pvfn_inner.o ABSOLUTE
    ../clib/signal.c                         0x00000000   Number         0  defsig_stak_inner.o ABSOLUTE
    ../clib/signal.c                         0x00000000   Number         0  defsig_rtred_inner.o ABSOLUTE
    ../clib/signal.c                         0x00000000   Number         0  defsig_fpe_inner.o ABSOLUTE
    ../clib/signal.c                         0x00000000   Number         0  defsig_exit.o ABSOLUTE
    ../clib/signal.c                         0x00000000   Number         0  defsig_rtmem_inner.o ABSOLUTE
    ../clib/signal.c                         0x00000000   Number         0  __raise.o ABSOLUTE
    ../clib/signal.c                         0x00000000   Number         0  defsig_rtmem_formal.o ABSOLUTE
    ../clib/signal.c                         0x00000000   Number         0  defsig_rtmem_outer.o ABSOLUTE
    ../clib/signal.c                         0x00000000   Number         0  defsig_general.o ABSOLUTE
    ../clib/signal.c                         0x00000000   Number         0  defsig_abrt_inner.o ABSOLUTE
    ../clib/signal.c                         0x00000000   Number         0  defsig_cppl_inner.o ABSOLUTE
    ../clib/signal.s                         0x00000000   Number         0  defsig.o ABSOLUTE
    ../clib/stdlib.c                         0x00000000   Number         0  exit.o ABSOLUTE
    ../fplib/basic.s                         0x00000000   Number         0  basic.o ABSOLUTE
    ../fplib/daddsub.s                       0x00000000   Number         0  daddsub_clz.o ABSOLUTE
    ../fplib/dcheck1.s                       0x00000000   Number         0  dcheck1.o ABSOLUTE
    ../fplib/dcmpi.s                         0x00000000   Number         0  dcmpi.o ABSOLUTE
    ../fplib/ddiv.s                          0x00000000   Number         0  ddiv.o ABSOLUTE
    ../fplib/dflt.s                          0x00000000   Number         0  dflt_clz.o ABSOLUTE
    ../fplib/dleqf.s                         0x00000000   Number         0  dleqf.o ABSOLUTE
    ../fplib/dmul.s                          0x00000000   Number         0  dmul.o ABSOLUTE
    ../fplib/dnaninf.s                       0x00000000   Number         0  dnaninf.o ABSOLUTE
    ../fplib/dretinf.s                       0x00000000   Number         0  dretinf.o ABSOLUTE
    ../fplib/drleqf.s                        0x00000000   Number         0  drleqf.o ABSOLUTE
    ../fplib/dsqrt.s                         0x00000000   Number         0  dsqrt_umaal.o ABSOLUTE
    ../fplib/fpinit.s                        0x00000000   Number         0  fpinit.o ABSOLUTE
    ../fplib/retnan.s                        0x00000000   Number         0  retnan.o ABSOLUTE
    ../fplib/scalbn.s                        0x00000000   Number         0  scalbn.o ABSOLUTE
    ../fplib/trapv.s                         0x00000000   Number         0  trapv.o ABSOLUTE
    ../fplib/usenofp.s                       0x00000000   Number         0  usenofp.o ABSOLUTE
    ../mathlib/dunder.c                      0x00000000   Number         0  dunder.o ABSOLUTE
    ../mathlib/fabs.c                        0x00000000   Number         0  fabs.o ABSOLUTE
    ../mathlib/fpclassify.c                  0x00000000   Number         0  fpclassify.o ABSOLUTE
    ../mathlib/poly.c                        0x00000000   Number         0  poly.o ABSOLUTE
    ../mathlib/pow.c                         0x00000000   Number         0  pow.o ABSOLUTE
    ../mathlib/pow.c                         0x00000000   Number         0  pow_x.o ABSOLUTE
    ../mathlib/qnan.c                        0x00000000   Number         0  qnan.o ABSOLUTE
    ../mathlib/sqrt.c                        0x00000000   Number         0  sqrt_x.o ABSOLUTE
    ../mathlib/sqrt.c                        0x00000000   Number         0  sqrt.o ABSOLUTE
    ClockSystem.c                            0x00000000   Number         0  clocksystem.o ABSOLUTE
    ClockSystem.c                            0x00000000   Number         0  clocksystem.o ABSOLUTE
    ClockSystemTestMain.c                    0x00000000   Number         0  clocksystemtestmain.o ABSOLUTE
    ClockSystemTestMain.c                    0x00000000   Number         0  clocksystemtestmain.o ABSOLUTE
    RTE\Device\MSP432P401R\startup_msp432.s  0x00000000   Number         0  startup_msp432.o ABSOLUTE
    RTE\Device\MSP432P401R\system_msp432.c   0x00000000   Number         0  system_msp432.o ABSOLUTE
    RTE\\Device\\MSP432P401R\\system_msp432.c 0x00000000   Number         0  system_msp432.o ABSOLUTE
    dc.s                                     0x00000000   Number         0  dc.o ABSOLUTE
    !!!main                                  0x00000144   Section        8  __main.o(!!!main)
    !!!scatter                               0x0000014c   Section       52  __scatter.o(!!!scatter)
    !!handler_copy                           0x00000180   Section       26  __scatter_copy.o(!!handler_copy)
    !!handler_zi                             0x0000019c   Section       28  __scatter_zi.o(!!handler_zi)
    .ARM.Collect$$libinit$$00000000          0x000001b8   Section        2  libinit.o(.ARM.Collect$$libinit$$00000000)
    .ARM.Collect$$libinit$$00000001          0x000001ba   Section        4  libinit2.o(.ARM.Collect$$libinit$$00000001)
    .ARM.Collect$$libinit$$00000004          0x000001be   Section        0  libinit2.o(.ARM.Collect$$libinit$$00000004)
    .ARM.Collect$$libinit$$0000000A          0x000001be   Section        0  libinit2.o(.ARM.Collect$$libinit$$0000000A)
    .ARM.Collect$$libinit$$0000000C          0x000001be   Section        0  libinit2.o(.ARM.Collect$$libinit$$0000000C)
    .ARM.Collect$$libinit$$0000000E          0x000001be   Section        0  libinit2.o(.ARM.Collect$$libinit$$0000000E)
    .ARM.Collect$$libinit$$00000011          0x000001be   Section        0  libinit2.o(.ARM.Collect$$libinit$$00000011)
    .ARM.Collect$$libinit$$00000013          0x000001be   Section        0  libinit2.o(.ARM.Collect$$libinit$$00000013)
    .ARM.Collect$$libinit$$00000015          0x000001be   Section        0  libinit2.o(.ARM.Collect$$libinit$$00000015)
    .ARM.Collect$$libinit$$00000017          0x000001be   Section        0  libinit2.o(.ARM.Collect$$libinit$$00000017)
    .ARM.Collect$$libinit$$00000019          0x000001be   Section        0  libinit2.o(.ARM.Collect$$libinit$$00000019)
    .ARM.Collect$$libinit$$0000001B          0x000001be   Section        0  libinit2.o(.ARM.Collect$$libinit$$0000001B)
    .ARM.Collect$$libinit$$0000001D          0x000001be   Section        0  libinit2.o(.ARM.Collect$$libinit$$0000001D)
    .ARM.Collect$$libinit$$0000001F          0x000001be   Section        0  libinit2.o(.ARM.Collect$$libinit$$0000001F)
    .ARM.Collect$$libinit$$00000021          0x000001be   Section        0  libinit2.o(.ARM.Collect$$libinit$$00000021)
    .ARM.Collect$$libinit$$00000023          0x000001be   Section        0  libinit2.o(.ARM.Collect$$libinit$$00000023)
    .ARM.Collect$$libinit$$00000025          0x000001be   Section        0  libinit2.o(.ARM.Collect$$libinit$$00000025)
    .ARM.Collect$$libinit$$0000002C          0x000001be   Section        0  libinit2.o(.ARM.Collect$$libinit$$0000002C)
    .ARM.Collect$$libinit$$0000002E          0x000001be   Section        0  libinit2.o(.ARM.Collect$$libinit$$0000002E)
    .ARM.Collect$$libinit$$00000030          0x000001be   Section        0  libinit2.o(.ARM.Collect$$libinit$$00000030)
    .ARM.Collect$$libinit$$00000032          0x000001be   Section        0  libinit2.o(.ARM.Collect$$libinit$$00000032)
    .ARM.Collect$$libinit$$00000033          0x000001be   Section        2  libinit2.o(.ARM.Collect$$libinit$$00000033)
    .ARM.Collect$$libshutdown$$00000000      0x000001c0   Section        2  libshutdown.o(.ARM.Collect$$libshutdown$$00000000)
    .ARM.Collect$$libshutdown$$00000002      0x000001c2   Section        0  libshutdown2.o(.ARM.Collect$$libshutdown$$00000002)
    .ARM.Collect$$libshutdown$$00000004      0x000001c2   Section        0  libshutdown2.o(.ARM.Collect$$libshutdown$$00000004)
    .ARM.Collect$$libshutdown$$00000007      0x000001c2   Section        0  libshutdown2.o(.ARM.Collect$$libshutdown$$00000007)
    .ARM.Collect$$libshutdown$$0000000A      0x000001c2   Section        0  libshutdown2.o(.ARM.Collect$$libshutdown$$0000000A)
    .ARM.Collect$$libshutdown$$0000000C      0x000001c2   Section        0  libshutdown2.o(.ARM.Collect$$libshutdown$$0000000C)
    .ARM.Collect$$libshutdown$$0000000F      0x000001c2   Section        0  libshutdown2.o(.ARM.Collect$$libshutdown$$0000000F)
    .ARM.Collect$$libshutdown$$00000010      0x000001c2   Section        2  libshutdown2.o(.ARM.Collect$$libshutdown$$00000010)
    .ARM.Collect$$rtentry$$00000000          0x000001c4   Section        0  __rtentry.o(.ARM.Collect$$rtentry$$00000000)
    .ARM.Collect$$rtentry$$00000002          0x000001c4   Section        0  __rtentry2.o(.ARM.Collect$$rtentry$$00000002)
    .ARM.Collect$$rtentry$$00000004          0x000001c4   Section        6  __rtentry4.o(.ARM.Collect$$rtentry$$00000004)
    .ARM.Collect$$rtentry$$00000009          0x000001ca   Section        0  __rtentry2.o(.ARM.Collect$$rtentry$$00000009)
    .ARM.Collect$$rtentry$$0000000A          0x000001ca   Section        4  __rtentry2.o(.ARM.Collect$$rtentry$$0000000A)
    .ARM.Collect$$rtentry$$0000000C          0x000001ce   Section        0  __rtentry2.o(.ARM.Collect$$rtentry$$0000000C)
    .ARM.Collect$$rtentry$$0000000D          0x000001ce   Section        8  __rtentry2.o(.ARM.Collect$$rtentry$$0000000D)
    .ARM.Collect$$rtexit$$00000000           0x000001d6   Section        2  rtexit.o(.ARM.Collect$$rtexit$$00000000)
    .ARM.Collect$$rtexit$$00000002           0x000001d8   Section        0  rtexit2.o(.ARM.Collect$$rtexit$$00000002)
    .ARM.Collect$$rtexit$$00000003           0x000001d8   Section        4  rtexit2.o(.ARM.Collect$$rtexit$$00000003)
    .ARM.Collect$$rtexit$$00000004           0x000001dc   Section        6  rtexit2.o(.ARM.Collect$$rtexit$$00000004)
    .emb_text                                0x000001e4   Section        6  clocksystemtestmain.o(.emb_text)
    $v0                                      0x000001e4   Number         0  clocksystemtestmain.o(.emb_text)
    .text                                    0x000001ec   Section       84  startup_msp432.o(.text)
    $v0                                      0x000001ec   Number         0  startup_msp432.o(.text)
    .text                                    0x00000240   Section        0  heapauxi.o(.text)
    .text                                    0x00000246   Section        0  _rserrno.o(.text)
    .text                                    0x0000025c   Section        8  rt_errno_addr_intlibspace.o(.text)
    .text                                    0x00000264   Section        8  libspace.o(.text)
    .text                                    0x0000026c   Section       74  sys_stackheap_outer.o(.text)
    .text                                    0x000002b6   Section        0  exit.o(.text)
    .text                                    0x000002c8   Section        0  sys_exit.o(.text)
    .text                                    0x000002d4   Section        2  use_no_semi.o(.text)
    .text                                    0x000002d6   Section        0  indicate_semi.o(.text)
    i.Clock_Init48MHz                        0x000002d8   Section        0  clocksystem.o(i.Clock_Init48MHz)
    i.ResistanceMeasure                      0x00000428   Section        0  clocksystemtestmain.o(i.ResistanceMeasure)
    i.ResistanceMeasure_Init                 0x000004cc   Section        0  clocksystemtestmain.o(i.ResistanceMeasure_Init)
    i.SystemInit                             0x00000548   Section        0  system_msp432.o(i.SystemInit)
    i.__ARM_fpclassify                       0x00000574   Section        0  fpclassify.o(i.__ARM_fpclassify)
    i.__hardfp_pow                           0x000005a8   Section        0  pow.o(i.__hardfp_pow)
    i.__kernel_poly                          0x000011f8   Section        0  poly.o(i.__kernel_poly)
    i.__mathlib_dbl_divzero                  0x000012f0   Section        0  dunder.o(i.__mathlib_dbl_divzero)
    i.__mathlib_dbl_infnan2                  0x00001320   Section        0  dunder.o(i.__mathlib_dbl_infnan2)
    i.__mathlib_dbl_invalid                  0x00001338   Section        0  dunder.o(i.__mathlib_dbl_invalid)
    i.__mathlib_dbl_overflow                 0x00001358   Section        0  dunder.o(i.__mathlib_dbl_overflow)
    i.__mathlib_dbl_underflow                0x00001378   Section        0  dunder.o(i.__mathlib_dbl_underflow)
    i.calculateDistance                      0x00001398   Section        0  clocksystemtestmain.o(i.calculateDistance)
    i.fabs                                   0x00001414   Section        0  fabs.o(i.fabs)
    i.main                                   0x0000142c   Section        0  clocksystemtestmain.o(i.main)
    i.sqrt                                   0x00001452   Section        0  sqrt.o(i.sqrt)
    x$fpl$basic                              0x000014c0   Section       24  basic.o(x$fpl$basic)
    $v0                                      0x000014c0   Number         0  basic.o(x$fpl$basic)
    x$fpl$dadd                               0x000014d8   Section      336  daddsub_clz.o(x$fpl$dadd)
    $v0                                      0x000014d8   Number         0  daddsub_clz.o(x$fpl$dadd)
    _dadd1                                   0x000014e9   Thumb Code     0  daddsub_clz.o(x$fpl$dadd)
    x$fpl$dcheck1                            0x00001628   Section       16  dcheck1.o(x$fpl$dcheck1)
    $v0                                      0x00001628   Number         0  dcheck1.o(x$fpl$dcheck1)
    x$fpl$dcmpinf                            0x00001638   Section       24  dcmpi.o(x$fpl$dcmpinf)
    $v0                                      0x00001638   Number         0  dcmpi.o(x$fpl$dcmpinf)
    x$fpl$ddiv                               0x00001650   Section      688  ddiv.o(x$fpl$ddiv)
    $v0                                      0x00001650   Number         0  ddiv.o(x$fpl$ddiv)
    ddiv_entry                               0x00001657   Thumb Code     0  ddiv.o(x$fpl$ddiv)
    x$fpl$dflt                               0x00001900   Section       46  dflt_clz.o(x$fpl$dflt)
    $v0                                      0x00001900   Number         0  dflt_clz.o(x$fpl$dflt)
    x$fpl$dfltu                              0x0000192e   Section       38  dflt_clz.o(x$fpl$dfltu)
    $v0                                      0x0000192e   Number         0  dflt_clz.o(x$fpl$dfltu)
    x$fpl$dleqf                              0x00001954   Section      120  dleqf.o(x$fpl$dleqf)
    $v0                                      0x00001954   Number         0  dleqf.o(x$fpl$dleqf)
    x$fpl$dmul                               0x000019cc   Section      340  dmul.o(x$fpl$dmul)
    $v0                                      0x000019cc   Number         0  dmul.o(x$fpl$dmul)
    x$fpl$dnaninf                            0x00001b20   Section      156  dnaninf.o(x$fpl$dnaninf)
    $v0                                      0x00001b20   Number         0  dnaninf.o(x$fpl$dnaninf)
    x$fpl$dretinf                            0x00001bbc   Section       12  dretinf.o(x$fpl$dretinf)
    $v0                                      0x00001bbc   Number         0  dretinf.o(x$fpl$dretinf)
    x$fpl$drleqf                             0x00001bc8   Section      108  drleqf.o(x$fpl$drleqf)
    $v0                                      0x00001bc8   Number         0  drleqf.o(x$fpl$drleqf)
    x$fpl$drsb                               0x00001c34   Section       22  daddsub_clz.o(x$fpl$drsb)
    $v0                                      0x00001c34   Number         0  daddsub_clz.o(x$fpl$drsb)
    x$fpl$dsqrt                              0x00001c4c   Section      408  dsqrt_umaal.o(x$fpl$dsqrt)
    $v0                                      0x00001c4c   Number         0  dsqrt_umaal.o(x$fpl$dsqrt)
    x$fpl$dsub                               0x00001de4   Section      468  daddsub_clz.o(x$fpl$dsub)
    $v0                                      0x00001de4   Number         0  daddsub_clz.o(x$fpl$dsub)
    _dsub1                                   0x00001df5   Thumb Code     0  daddsub_clz.o(x$fpl$dsub)
    x$fpl$fpinit                             0x00001fb8   Section       10  fpinit.o(x$fpl$fpinit)
    $v0                                      0x00001fb8   Number         0  fpinit.o(x$fpl$fpinit)
    x$fpl$retnan                             0x00001fc2   Section      100  retnan.o(x$fpl$retnan)
    $v0                                      0x00001fc2   Number         0  retnan.o(x$fpl$retnan)
    x$fpl$scalbn                             0x00002026   Section       92  scalbn.o(x$fpl$scalbn)
    $v0                                      0x00002026   Number         0  scalbn.o(x$fpl$scalbn)
    x$fpl$trapveneer                         0x00002082   Section       48  trapv.o(x$fpl$trapveneer)
    $v0                                      0x00002082   Number         0  trapv.o(x$fpl$trapveneer)
    x$fpl$usenofp                            0x000020b2   Section        0  usenofp.o(x$fpl$usenofp)
    .constdata                               0x000020b8   Section      136  pow.o(.constdata)
    bp                                       0x000020b8   Data          16  pow.o(.constdata)
    dp_h                                     0x000020c8   Data          16  pow.o(.constdata)
    dp_l                                     0x000020d8   Data          16  pow.o(.constdata)
    L                                        0x000020e8   Data          48  pow.o(.constdata)
    P                                        0x00002118   Data          40  pow.o(.constdata)
    .constdata                               0x00002140   Section        8  qnan.o(.constdata)
    .data                                    0x20000000   Section       20  clocksystem.o(.data)
    .data                                    0x20000014   Section        4  system_msp432.o(.data)
    .bss                                     0x20000018   Section       96  libspace.o(.bss)
    HEAP                                     0x20000078   Section        0  startup_msp432.o(HEAP)
    STACK                                    0x20000078   Section     1024  startup_msp432.o(STACK)
    Heap_Mem                                 0x20000078   Data           0  startup_msp432.o(HEAP)
    Stack_Mem                                0x20000078   Data        1024  startup_msp432.o(STACK)
    __initial_sp                             0x20000478   Data           0  startup_msp432.o(STACK)

    Global Symbols

    Symbol Name                              Value     Ov Type        Size  Object(Section)

    BuildAttributes$$THM_ISAv4$E$P$D$K$B$S$7EM$VFPi3$EXTD16$VFPS$VFMA$PE$A:L22UL41UL21$X:L11$S22US41US21$IEEE1$IW$USESV6$~STKCKD$USESV7$~SHL$OTIME$ROPI$IEEEX$EBA8$UX$STANDARDLIB$REQ8$PRES8$EABIv2 0x00000000   Number         0  anon$$obj.o ABSOLUTE
    __ARM_use_no_argv                        0x00000000   Number         0  clocksystemtestmain.o ABSOLUTE
    __Vectors                                0x00000000   Data           4  startup_msp432.o(RESET)
    __ARM_exceptions_init                     - Undefined Weak Reference
    __alloca_initialize                       - Undefined Weak Reference
    __arm_preinit_                            - Undefined Weak Reference
    __cpp_initialize__aeabi_                  - Undefined Weak Reference
    __cxa_finalize                            - Undefined Weak Reference
    __rt_locale                               - Undefined Weak Reference
    __sigvec_lookup                           - Undefined Weak Reference
    _atexit_init                              - Undefined Weak Reference
    _call_atexit_fns                          - Undefined Weak Reference
    _clock_init                               - Undefined Weak Reference
    _fp_trap_init                             - Undefined Weak Reference
    _fp_trap_shutdown                         - Undefined Weak Reference
    _get_lc_collate                           - Undefined Weak Reference
    _get_lc_ctype                             - Undefined Weak Reference
    _get_lc_monetary                          - Undefined Weak Reference
    _get_lc_numeric                           - Undefined Weak Reference
    _get_lc_time                              - Undefined Weak Reference
    _getenv_init                              - Undefined Weak Reference
    _handle_redirection                       - Undefined Weak Reference
    _init_alloc                               - Undefined Weak Reference
    _init_user_alloc                          - Undefined Weak Reference
    _initio                                   - Undefined Weak Reference
    _rand_init                                - Undefined Weak Reference
    _signal_finish                            - Undefined Weak Reference
    _signal_init                              - Undefined Weak Reference
    _terminate_alloc                          - Undefined Weak Reference
    _terminate_user_alloc                     - Undefined Weak Reference
    _terminateio                              - Undefined Weak Reference
    __Vectors_End                            0x00000144   Data           0  startup_msp432.o(RESET)
    __Vectors_Size                           0x00000144   Number         0  startup_msp432.o ABSOLUTE
    __main                                   0x00000145   Thumb Code     8  __main.o(!!!main)
    __scatterload                            0x0000014d   Thumb Code     0  __scatter.o(!!!scatter)
    __scatterload_rt2                        0x0000014d   Thumb Code    44  __scatter.o(!!!scatter)
    __scatterload_rt2_thumb_only             0x0000014d   Thumb Code     0  __scatter.o(!!!scatter)
    __scatterload_null                       0x0000015b   Thumb Code     0  __scatter.o(!!!scatter)
    __scatterload_copy                       0x00000181   Thumb Code    26  __scatter_copy.o(!!handler_copy)
    __scatterload_zeroinit                   0x0000019d   Thumb Code    28  __scatter_zi.o(!!handler_zi)
    __rt_lib_init                            0x000001b9   Thumb Code     0  libinit.o(.ARM.Collect$$libinit$$00000000)
    __rt_lib_init_fp_1                       0x000001bb   Thumb Code     0  libinit2.o(.ARM.Collect$$libinit$$00000001)
    __rt_lib_init_alloca_1                   0x000001bf   Thumb Code     0  libinit2.o(.ARM.Collect$$libinit$$0000002E)
    __rt_lib_init_argv_1                     0x000001bf   Thumb Code     0  libinit2.o(.ARM.Collect$$libinit$$0000002C)
    __rt_lib_init_atexit_1                   0x000001bf   Thumb Code     0  libinit2.o(.ARM.Collect$$libinit$$0000001B)
    __rt_lib_init_clock_1                    0x000001bf   Thumb Code     0  libinit2.o(.ARM.Collect$$libinit$$00000021)
    __rt_lib_init_cpp_1                      0x000001bf   Thumb Code     0  libinit2.o(.ARM.Collect$$libinit$$00000032)
    __rt_lib_init_exceptions_1               0x000001bf   Thumb Code     0  libinit2.o(.ARM.Collect$$libinit$$00000030)
    __rt_lib_init_fp_trap_1                  0x000001bf   Thumb Code     0  libinit2.o(.ARM.Collect$$libinit$$0000001F)
    __rt_lib_init_getenv_1                   0x000001bf   Thumb Code     0  libinit2.o(.ARM.Collect$$libinit$$00000023)
    __rt_lib_init_heap_1                     0x000001bf   Thumb Code     0  libinit2.o(.ARM.Collect$$libinit$$0000000A)
    __rt_lib_init_lc_collate_1               0x000001bf   Thumb Code     0  libinit2.o(.ARM.Collect$$libinit$$00000011)
    __rt_lib_init_lc_ctype_1                 0x000001bf   Thumb Code     0  libinit2.o(.ARM.Collect$$libinit$$00000013)
    __rt_lib_init_lc_monetary_1              0x000001bf   Thumb Code     0  libinit2.o(.ARM.Collect$$libinit$$00000015)
    __rt_lib_init_lc_numeric_1               0x000001bf   Thumb Code     0  libinit2.o(.ARM.Collect$$libinit$$00000017)
    __rt_lib_init_lc_time_1                  0x000001bf   Thumb Code     0  libinit2.o(.ARM.Collect$$libinit$$00000019)
    __rt_lib_init_preinit_1                  0x000001bf   Thumb Code     0  libinit2.o(.ARM.Collect$$libinit$$00000004)
    __rt_lib_init_rand_1                     0x000001bf   Thumb Code     0  libinit2.o(.ARM.Collect$$libinit$$0000000E)
    __rt_lib_init_return                     0x000001bf   Thumb Code     0  libinit2.o(.ARM.Collect$$libinit$$00000033)
    __rt_lib_init_signal_1                   0x000001bf   Thumb Code     0  libinit2.o(.ARM.Collect$$libinit$$0000001D)
    __rt_lib_init_stdio_1                    0x000001bf   Thumb Code     0  libinit2.o(.ARM.Collect$$libinit$$00000025)
    __rt_lib_init_user_alloc_1               0x000001bf   Thumb Code     0  libinit2.o(.ARM.Collect$$libinit$$0000000C)
    __rt_lib_shutdown                        0x000001c1   Thumb Code     0  libshutdown.o(.ARM.Collect$$libshutdown$$00000000)
    __rt_lib_shutdown_cpp_1                  0x000001c3   Thumb Code     0  libshutdown2.o(.ARM.Collect$$libshutdown$$00000002)
    __rt_lib_shutdown_fp_trap_1              0x000001c3   Thumb Code     0  libshutdown2.o(.ARM.Collect$$libshutdown$$00000007)
    __rt_lib_shutdown_heap_1                 0x000001c3   Thumb Code     0  libshutdown2.o(.ARM.Collect$$libshutdown$$0000000F)
    __rt_lib_shutdown_return                 0x000001c3   Thumb Code     0  libshutdown2.o(.ARM.Collect$$libshutdown$$00000010)
    __rt_lib_shutdown_signal_1               0x000001c3   Thumb Code     0  libshutdown2.o(.ARM.Collect$$libshutdown$$0000000A)
    __rt_lib_shutdown_stdio_1                0x000001c3   Thumb Code     0  libshutdown2.o(.ARM.Collect$$libshutdown$$00000004)
    __rt_lib_shutdown_user_alloc_1           0x000001c3   Thumb Code     0  libshutdown2.o(.ARM.Collect$$libshutdown$$0000000C)
    __rt_entry                               0x000001c5   Thumb Code     0  __rtentry.o(.ARM.Collect$$rtentry$$00000000)
    __rt_entry_presh_1                       0x000001c5   Thumb Code     0  __rtentry2.o(.ARM.Collect$$rtentry$$00000002)
    __rt_entry_sh                            0x000001c5   Thumb Code     0  __rtentry4.o(.ARM.Collect$$rtentry$$00000004)
    __rt_entry_li                            0x000001cb   Thumb Code     0  __rtentry2.o(.ARM.Collect$$rtentry$$0000000A)
    __rt_entry_postsh_1                      0x000001cb   Thumb Code     0  __rtentry2.o(.ARM.Collect$$rtentry$$00000009)
    __rt_entry_main                          0x000001cf   Thumb Code     0  __rtentry2.o(.ARM.Collect$$rtentry$$0000000D)
    __rt_entry_postli_1                      0x000001cf   Thumb Code     0  __rtentry2.o(.ARM.Collect$$rtentry$$0000000C)
    __rt_exit                                0x000001d7   Thumb Code     0  rtexit.o(.ARM.Collect$$rtexit$$00000000)
    __rt_exit_ls                             0x000001d9   Thumb Code     0  rtexit2.o(.ARM.Collect$$rtexit$$00000003)
    __rt_exit_prels_1                        0x000001d9   Thumb Code     0  rtexit2.o(.ARM.Collect$$rtexit$$00000002)
    __rt_exit_exit                           0x000001dd   Thumb Code     0  rtexit2.o(.ARM.Collect$$rtexit$$00000004)
    Delay                                    0x000001e5   Thumb Code     6  clocksystemtestmain.o(.emb_text)
    Reset_Handler                            0x000001ed   Thumb Code     8  startup_msp432.o(.text)
    NMI_Handler                              0x000001f5   Thumb Code     2  startup_msp432.o(.text)
    HardFault_Handler                        0x000001f7   Thumb Code     2  startup_msp432.o(.text)
    MemManage_Handler                        0x000001f9   Thumb Code     2  startup_msp432.o(.text)
    BusFault_Handler                         0x000001fb   Thumb Code     2  startup_msp432.o(.text)
    UsageFault_Handler                       0x000001fd   Thumb Code     2  startup_msp432.o(.text)
    SVC_Handler                              0x000001ff   Thumb Code     2  startup_msp432.o(.text)
    DebugMon_Handler                         0x00000201   Thumb Code     2  startup_msp432.o(.text)
    PendSV_Handler                           0x00000203   Thumb Code     2  startup_msp432.o(.text)
    SysTick_Handler                          0x00000205   Thumb Code     2  startup_msp432.o(.text)
    ADC14_IRQHandler                         0x00000207   Thumb Code     0  startup_msp432.o(.text)
    AES256_IRQHandler                        0x00000207   Thumb Code     0  startup_msp432.o(.text)
    COMP_E0_IRQHandler                       0x00000207   Thumb Code     0  startup_msp432.o(.text)
    COMP_E1_IRQHandler                       0x00000207   Thumb Code     0  startup_msp432.o(.text)
    CS_IRQHandler                            0x00000207   Thumb Code     0  startup_msp432.o(.text)
    DMA_ERR_IRQHandler                       0x00000207   Thumb Code     0  startup_msp432.o(.text)
    DMA_INT0_IRQHandler                      0x00000207   Thumb Code     0  startup_msp432.o(.text)
    DMA_INT1_IRQHandler                      0x00000207   Thumb Code     0  startup_msp432.o(.text)
    DMA_INT2_IRQHandler                      0x00000207   Thumb Code     0  startup_msp432.o(.text)
    DMA_INT3_IRQHandler                      0x00000207   Thumb Code     0  startup_msp432.o(.text)
    EUSCIA0_IRQHandler                       0x00000207   Thumb Code     0  startup_msp432.o(.text)
    EUSCIA1_IRQHandler                       0x00000207   Thumb Code     0  startup_msp432.o(.text)
    EUSCIA2_IRQHandler                       0x00000207   Thumb Code     0  startup_msp432.o(.text)
    EUSCIA3_IRQHandler                       0x00000207   Thumb Code     0  startup_msp432.o(.text)
    EUSCIB0_IRQHandler                       0x00000207   Thumb Code     0  startup_msp432.o(.text)
    EUSCIB1_IRQHandler                       0x00000207   Thumb Code     0  startup_msp432.o(.text)
    EUSCIB2_IRQHandler                       0x00000207   Thumb Code     0  startup_msp432.o(.text)
    EUSCIB3_IRQHandler                       0x00000207   Thumb Code     0  startup_msp432.o(.text)
    FLCTL_IRQHandler                         0x00000207   Thumb Code     0  startup_msp432.o(.text)
    FPU_IRQHandler                           0x00000207   Thumb Code     0  startup_msp432.o(.text)
    PCM_IRQHandler                           0x00000207   Thumb Code     0  startup_msp432.o(.text)
    PORT1_IRQHandler                         0x00000207   Thumb Code     0  startup_msp432.o(.text)
    PORT2_IRQHandler                         0x00000207   Thumb Code     0  startup_msp432.o(.text)
    PORT3_IRQHandler                         0x00000207   Thumb Code     0  startup_msp432.o(.text)
    PORT4_IRQHandler                         0x00000207   Thumb Code     0  startup_msp432.o(.text)
    PORT5_IRQHandler                         0x00000207   Thumb Code     0  startup_msp432.o(.text)
    PORT6_IRQHandler                         0x00000207   Thumb Code     0  startup_msp432.o(.text)
    PSS_IRQHandler                           0x00000207   Thumb Code     0  startup_msp432.o(.text)
    RTC_C_IRQHandler                         0x00000207   Thumb Code     0  startup_msp432.o(.text)
    T32_INT1_IRQHandler                      0x00000207   Thumb Code     0  startup_msp432.o(.text)
    T32_INT2_IRQHandler                      0x00000207   Thumb Code     0  startup_msp432.o(.text)
    T32_INTC_IRQHandler                      0x00000207   Thumb Code     0  startup_msp432.o(.text)
    TA0_0_IRQHandler                         0x00000207   Thumb Code     0  startup_msp432.o(.text)
    TA0_N_IRQHandler                         0x00000207   Thumb Code     0  startup_msp432.o(.text)
    TA1_0_IRQHandler                         0x00000207   Thumb Code     0  startup_msp432.o(.text)
    TA1_N_IRQHandler                         0x00000207   Thumb Code     0  startup_msp432.o(.text)
    TA2_0_IRQHandler                         0x00000207   Thumb Code     0  startup_msp432.o(.text)
    TA2_N_IRQHandler                         0x00000207   Thumb Code     0  startup_msp432.o(.text)
    TA3_0_IRQHandler                         0x00000207   Thumb Code     0  startup_msp432.o(.text)
    TA3_N_IRQHandler                         0x00000207   Thumb Code     0  startup_msp432.o(.text)
    WDT_A_IRQHandler                         0x00000207   Thumb Code     0  startup_msp432.o(.text)
    DisableInterrupts                        0x00000211   Thumb Code     0  startup_msp432.o(.text)
    EnableInterrupts                         0x00000215   Thumb Code     0  startup_msp432.o(.text)
    StartCritical                            0x00000219   Thumb Code     0  startup_msp432.o(.text)
    EndCritical                              0x00000221   Thumb Code     0  startup_msp432.o(.text)
    WaitForInterrupt                         0x00000227   Thumb Code     0  startup_msp432.o(.text)
    __user_initial_stackheap                 0x0000022b   Thumb Code    10  startup_msp432.o(.text)
    __use_two_region_memory                  0x00000241   Thumb Code     2  heapauxi.o(.text)
    __rt_heap_escrow$2region                 0x00000243   Thumb Code     2  heapauxi.o(.text)
    __rt_heap_expand$2region                 0x00000245   Thumb Code     2  heapauxi.o(.text)
    __read_errno                             0x00000247   Thumb Code    10  _rserrno.o(.text)
    __set_errno                              0x00000251   Thumb Code    12  _rserrno.o(.text)
    __aeabi_errno_addr                       0x0000025d   Thumb Code     8  rt_errno_addr_intlibspace.o(.text)
    __errno$intlibspace                      0x0000025d   Thumb Code     0  rt_errno_addr_intlibspace.o(.text)
    __rt_errno_addr$intlibspace              0x0000025d   Thumb Code     0  rt_errno_addr_intlibspace.o(.text)
    __user_libspace                          0x00000265   Thumb Code     8  libspace.o(.text)
    __user_perproc_libspace                  0x00000265   Thumb Code     0  libspace.o(.text)
    __user_perthread_libspace                0x00000265   Thumb Code     0  libspace.o(.text)
    __user_setup_stackheap                   0x0000026d   Thumb Code    74  sys_stackheap_outer.o(.text)
    exit                                     0x000002b7   Thumb Code    18  exit.o(.text)
    _sys_exit                                0x000002c9   Thumb Code     8  sys_exit.o(.text)
    __I$use$semihosting                      0x000002d5   Thumb Code     0  use_no_semi.o(.text)
    __use_no_semihosting_swi                 0x000002d5   Thumb Code     2  use_no_semi.o(.text)
    __semihosting_library_function           0x000002d7   Thumb Code     0  indicate_semi.o(.text)
    Clock_Init48MHz                          0x000002d9   Thumb Code   286  clocksystem.o(i.Clock_Init48MHz)
    ResistanceMeasure                        0x00000429   Thumb Code   160  clocksystemtestmain.o(i.ResistanceMeasure)
    ResistanceMeasure_Init                   0x000004cd   Thumb Code   120  clocksystemtestmain.o(i.ResistanceMeasure_Init)
    SystemInit                               0x00000549   Thumb Code    28  system_msp432.o(i.SystemInit)
    __ARM_fpclassify                         0x00000575   Thumb Code    48  fpclassify.o(i.__ARM_fpclassify)
    __hardfp_pow                             0x000005a9   Thumb Code  3072  pow.o(i.__hardfp_pow)
    __kernel_poly                            0x000011f9   Thumb Code   248  poly.o(i.__kernel_poly)
    __mathlib_dbl_divzero                    0x000012f1   Thumb Code    28  dunder.o(i.__mathlib_dbl_divzero)
    __mathlib_dbl_infnan2                    0x00001321   Thumb Code    20  dunder.o(i.__mathlib_dbl_infnan2)
    __mathlib_dbl_invalid                    0x00001339   Thumb Code    24  dunder.o(i.__mathlib_dbl_invalid)
    __mathlib_dbl_overflow                   0x00001359   Thumb Code    24  dunder.o(i.__mathlib_dbl_overflow)
    __mathlib_dbl_underflow                  0x00001379   Thumb Code    24  dunder.o(i.__mathlib_dbl_underflow)
    calculateDistance                        0x00001399   Thumb Code    92  clocksystemtestmain.o(i.calculateDistance)
    fabs                                     0x00001415   Thumb Code    24  fabs.o(i.fabs)
    main                                     0x0000142d   Thumb Code    38  clocksystemtestmain.o(i.main)
    sqrt                                     0x00001453   Thumb Code   110  sqrt.o(i.sqrt)
    __aeabi_dneg                             0x000014c1   Thumb Code     0  basic.o(x$fpl$basic)
    _dneg                                    0x000014c1   Thumb Code     6  basic.o(x$fpl$basic)
    __aeabi_fneg                             0x000014c7   Thumb Code     0  basic.o(x$fpl$basic)
    _fneg                                    0x000014c7   Thumb Code     6  basic.o(x$fpl$basic)
    _dabs                                    0x000014cd   Thumb Code     6  basic.o(x$fpl$basic)
    _fabs                                    0x000014d3   Thumb Code     6  basic.o(x$fpl$basic)
    __aeabi_dadd                             0x000014d9   Thumb Code     0  daddsub_clz.o(x$fpl$dadd)
    _dadd                                    0x000014d9   Thumb Code   332  daddsub_clz.o(x$fpl$dadd)
    __fpl_dcheck_NaN1                        0x00001629   Thumb Code    10  dcheck1.o(x$fpl$dcheck1)
    __fpl_dcmp_Inf                           0x00001639   Thumb Code    24  dcmpi.o(x$fpl$dcmpinf)
    __aeabi_ddiv                             0x00001651   Thumb Code     0  ddiv.o(x$fpl$ddiv)
    _ddiv                                    0x00001651   Thumb Code   552  ddiv.o(x$fpl$ddiv)
    __aeabi_i2d                              0x00001901   Thumb Code     0  dflt_clz.o(x$fpl$dflt)
    _dflt                                    0x00001901   Thumb Code    46  dflt_clz.o(x$fpl$dflt)
    __aeabi_ui2d                             0x0000192f   Thumb Code     0  dflt_clz.o(x$fpl$dfltu)
    _dfltu                                   0x0000192f   Thumb Code    38  dflt_clz.o(x$fpl$dfltu)
    __aeabi_cdcmple                          0x00001955   Thumb Code     0  dleqf.o(x$fpl$dleqf)
    _dcmple                                  0x00001955   Thumb Code   120  dleqf.o(x$fpl$dleqf)
    __fpl_dcmple_InfNaN                      0x000019b7   Thumb Code     0  dleqf.o(x$fpl$dleqf)
    __aeabi_dmul                             0x000019cd   Thumb Code     0  dmul.o(x$fpl$dmul)
    _dmul                                    0x000019cd   Thumb Code   332  dmul.o(x$fpl$dmul)
    __fpl_dnaninf                            0x00001b21   Thumb Code   156  dnaninf.o(x$fpl$dnaninf)
    __fpl_dretinf                            0x00001bbd   Thumb Code    12  dretinf.o(x$fpl$dretinf)
    __aeabi_cdrcmple                         0x00001bc9   Thumb Code     0  drleqf.o(x$fpl$drleqf)
    _drcmple                                 0x00001bc9   Thumb Code   108  drleqf.o(x$fpl$drleqf)
    __aeabi_drsub                            0x00001c35   Thumb Code     0  daddsub_clz.o(x$fpl$drsb)
    _drsb                                    0x00001c35   Thumb Code    22  daddsub_clz.o(x$fpl$drsb)
    _dsqrt                                   0x00001c4d   Thumb Code   404  dsqrt_umaal.o(x$fpl$dsqrt)
    __aeabi_dsub                             0x00001de5   Thumb Code     0  daddsub_clz.o(x$fpl$dsub)
    _dsub                                    0x00001de5   Thumb Code   464  daddsub_clz.o(x$fpl$dsub)
    _fp_init                                 0x00001fb9   Thumb Code    10  fpinit.o(x$fpl$fpinit)
    __fplib_config_fpu_vfp                   0x00001fc1   Thumb Code     0  fpinit.o(x$fpl$fpinit)
    __fplib_config_pureend_doubles           0x00001fc1   Thumb Code     0  fpinit.o(x$fpl$fpinit)
    __fpl_return_NaN                         0x00001fc3   Thumb Code   100  retnan.o(x$fpl$retnan)
    __ARM_scalbn                             0x00002027   Thumb Code    92  scalbn.o(x$fpl$scalbn)
    __fpl_cmpreturn                          0x00002083   Thumb Code    48  trapv.o(x$fpl$trapveneer)
    __I$use$fp                               0x000020b2   Number         0  usenofp.o(x$fpl$usenofp)
    __mathlib_zero                           0x00002140   Data           8  qnan.o(.constdata)
    Region$$Table$$Base                      0x00002148   Number         0  anon$$obj.o(Region$$Table)
    Region$$Table$$Limit                     0x00002168   Number         0  anon$$obj.o(Region$$Table)
    Prewait                                  0x20000000   Data           4  clocksystem.o(.data)
    CPMwait                                  0x20000004   Data           4  clocksystem.o(.data)
    Postwait                                 0x20000008   Data           4  clocksystem.o(.data)
    IFlags                                   0x2000000c   Data           4  clocksystem.o(.data)
    Crystalstable                            0x20000010   Data           4  clocksystem.o(.data)
    SystemCoreClock                          0x20000014   Data           4  system_msp432.o(.data)
    __libspace_start                         0x20000018   Data          96  libspace.o(.bss)
    __temporary_stack_top$libspace           0x20000078   Data           0  libspace.o(.bss)



==============================================================================

Memory Map of the image

  Image Entry point : 0x000001ed

  Load Region LR_1 (Base: 0x00000000, Size: 0x00002180, Max: 0xffffffff, ABSOLUTE)

    Execution Region ER_RO (Base: 0x00000000, Size: 0x00002168, Max: 0xffffffff, ABSOLUTE)

    Base Addr    Size         Type   Attr      Idx    E Section Name        Object

    0x00000000   0x00000144   Data   RO          134    RESET               startup_msp432.o
    0x00000144   0x00000008   Code   RO          179  * !!!main             c_w.l(__main.o)
    0x0000014c   0x00000034   Code   RO          435    !!!scatter          c_w.l(__scatter.o)
    0x00000180   0x0000001a   Code   RO          437    !!handler_copy      c_w.l(__scatter_copy.o)
    0x0000019a   0x00000002   PAD
    0x0000019c   0x0000001c   Code   RO          439    !!handler_zi        c_w.l(__scatter_zi.o)
    0x000001b8   0x00000002   Code   RO          302    .ARM.Collect$$libinit$$00000000  c_w.l(libinit.o)
    0x000001ba   0x00000004   Code   RO          309    .ARM.Collect$$libinit$$00000001  c_w.l(libinit2.o)
    0x000001be   0x00000000   Code   RO          312    .ARM.Collect$$libinit$$00000004  c_w.l(libinit2.o)
    0x000001be   0x00000000   Code   RO          315    .ARM.Collect$$libinit$$0000000A  c_w.l(libinit2.o)
    0x000001be   0x00000000   Code   RO          317    .ARM.Collect$$libinit$$0000000C  c_w.l(libinit2.o)
    0x000001be   0x00000000   Code   RO          319    .ARM.Collect$$libinit$$0000000E  c_w.l(libinit2.o)
    0x000001be   0x00000000   Code   RO          322    .ARM.Collect$$libinit$$00000011  c_w.l(libinit2.o)
    0x000001be   0x00000000   Code   RO          324    .ARM.Collect$$libinit$$00000013  c_w.l(libinit2.o)
    0x000001be   0x00000000   Code   RO          326    .ARM.Collect$$libinit$$00000015  c_w.l(libinit2.o)
    0x000001be   0x00000000   Code   RO          328    .ARM.Collect$$libinit$$00000017  c_w.l(libinit2.o)
    0x000001be   0x00000000   Code   RO          330    .ARM.Collect$$libinit$$00000019  c_w.l(libinit2.o)
    0x000001be   0x00000000   Code   RO          332    .ARM.Collect$$libinit$$0000001B  c_w.l(libinit2.o)
    0x000001be   0x00000000   Code   RO          334    .ARM.Collect$$libinit$$0000001D  c_w.l(libinit2.o)
    0x000001be   0x00000000   Code   RO          336    .ARM.Collect$$libinit$$0000001F  c_w.l(libinit2.o)
    0x000001be   0x00000000   Code   RO          338    .ARM.Collect$$libinit$$00000021  c_w.l(libinit2.o)
    0x000001be   0x00000000   Code   RO          340    .ARM.Collect$$libinit$$00000023  c_w.l(libinit2.o)
    0x000001be   0x00000000   Code   RO          342    .ARM.Collect$$libinit$$00000025  c_w.l(libinit2.o)
    0x000001be   0x00000000   Code   RO          346    .ARM.Collect$$libinit$$0000002C  c_w.l(libinit2.o)
    0x000001be   0x00000000   Code   RO          348    .ARM.Collect$$libinit$$0000002E  c_w.l(libinit2.o)
    0x000001be   0x00000000   Code   RO          350    .ARM.Collect$$libinit$$00000030  c_w.l(libinit2.o)
    0x000001be   0x00000000   Code   RO          352    .ARM.Collect$$libinit$$00000032  c_w.l(libinit2.o)
    0x000001be   0x00000002   Code   RO          353    .ARM.Collect$$libinit$$00000033  c_w.l(libinit2.o)
    0x000001c0   0x00000002   Code   RO          375    .ARM.Collect$$libshutdown$$00000000  c_w.l(libshutdown.o)
    0x000001c2   0x00000000   Code   RO          388    .ARM.Collect$$libshutdown$$00000002  c_w.l(libshutdown2.o)
    0x000001c2   0x00000000   Code   RO          390    .ARM.Collect$$libshutdown$$00000004  c_w.l(libshutdown2.o)
    0x000001c2   0x00000000   Code   RO          393    .ARM.Collect$$libshutdown$$00000007  c_w.l(libshutdown2.o)
    0x000001c2   0x00000000   Code   RO          396    .ARM.Collect$$libshutdown$$0000000A  c_w.l(libshutdown2.o)
    0x000001c2   0x00000000   Code   RO          398    .ARM.Collect$$libshutdown$$0000000C  c_w.l(libshutdown2.o)
    0x000001c2   0x00000000   Code   RO          401    .ARM.Collect$$libshutdown$$0000000F  c_w.l(libshutdown2.o)
    0x000001c2   0x00000002   Code   RO          402    .ARM.Collect$$libshutdown$$00000010  c_w.l(libshutdown2.o)
    0x000001c4   0x00000000   Code   RO          203    .ARM.Collect$$rtentry$$00000000  c_w.l(__rtentry.o)
    0x000001c4   0x00000000   Code   RO          265    .ARM.Collect$$rtentry$$00000002  c_w.l(__rtentry2.o)
    0x000001c4   0x00000006   Code   RO          277    .ARM.Collect$$rtentry$$00000004  c_w.l(__rtentry4.o)
    0x000001ca   0x00000000   Code   RO          267    .ARM.Collect$$rtentry$$00000009  c_w.l(__rtentry2.o)
    0x000001ca   0x00000004   Code   RO          268    .ARM.Collect$$rtentry$$0000000A  c_w.l(__rtentry2.o)
    0x000001ce   0x00000000   Code   RO          270    .ARM.Collect$$rtentry$$0000000C  c_w.l(__rtentry2.o)
    0x000001ce   0x00000008   Code   RO          271    .ARM.Collect$$rtentry$$0000000D  c_w.l(__rtentry2.o)
    0x000001d6   0x00000002   Code   RO          307    .ARM.Collect$$rtexit$$00000000  c_w.l(rtexit.o)
    0x000001d8   0x00000000   Code   RO          357    .ARM.Collect$$rtexit$$00000002  c_w.l(rtexit2.o)
    0x000001d8   0x00000004   Code   RO          358    .ARM.Collect$$rtexit$$00000003  c_w.l(rtexit2.o)
    0x000001dc   0x00000006   Code   RO          359    .ARM.Collect$$rtexit$$00000004  c_w.l(rtexit2.o)
    0x000001e2   0x00000002   PAD
    0x000001e4   0x00000006   Code   RO           85    .emb_text           clocksystemtestmain.o
    0x000001ea   0x00000002   PAD
    0x000001ec   0x00000054   Code   RO          135  * .text               startup_msp432.o
    0x00000240   0x00000006   Code   RO          177    .text               c_w.l(heapauxi.o)
    0x00000246   0x00000016   Code   RO          204    .text               c_w.l(_rserrno.o)
    0x0000025c   0x00000008   Code   RO          282    .text               c_w.l(rt_errno_addr_intlibspace.o)
    0x00000264   0x00000008   Code   RO          290    .text               c_w.l(libspace.o)
    0x0000026c   0x0000004a   Code   RO          293    .text               c_w.l(sys_stackheap_outer.o)
    0x000002b6   0x00000012   Code   RO          295    .text               c_w.l(exit.o)
    0x000002c8   0x0000000c   Code   RO          367    .text               c_w.l(sys_exit.o)
    0x000002d4   0x00000002   Code   RO          378    .text               c_w.l(use_no_semi.o)
    0x000002d6   0x00000000   Code   RO          380    .text               c_w.l(indicate_semi.o)
    0x000002d6   0x00000002   PAD
    0x000002d8   0x00000150   Code   RO            6    i.Clock_Init48MHz   clocksystem.o
    0x00000428   0x000000a4   Code   RO           86    i.ResistanceMeasure  clocksystemtestmain.o
    0x000004cc   0x0000007c   Code   RO           87    i.ResistanceMeasure_Init  clocksystemtestmain.o
    0x00000548   0x0000002c   Code   RO          143    i.SystemInit        system_msp432.o
    0x00000574   0x00000030   Code   RO          247    i.__ARM_fpclassify  m_wm.l(fpclassify.o)
    0x000005a4   0x00000004   PAD
    0x000005a8   0x00000c50   Code   RO          189    i.__hardfp_pow      m_wm.l(pow.o)
    0x000011f8   0x000000f8   Code   RO          249    i.__kernel_poly     m_wm.l(poly.o)
    0x000012f0   0x00000030   Code   RO          227    i.__mathlib_dbl_divzero  m_wm.l(dunder.o)
    0x00001320   0x00000014   Code   RO          229    i.__mathlib_dbl_infnan2  m_wm.l(dunder.o)
    0x00001334   0x00000004   PAD
    0x00001338   0x00000020   Code   RO          230    i.__mathlib_dbl_invalid  m_wm.l(dunder.o)
    0x00001358   0x00000020   Code   RO          231    i.__mathlib_dbl_overflow  m_wm.l(dunder.o)
    0x00001378   0x00000020   Code   RO          233    i.__mathlib_dbl_underflow  m_wm.l(dunder.o)
    0x00001398   0x0000007c   Code   RO           88    i.calculateDistance  clocksystemtestmain.o
    0x00001414   0x00000018   Code   RO          243    i.fabs              m_wm.l(fabs.o)
    0x0000142c   0x00000026   Code   RO           89    i.main              clocksystemtestmain.o
    0x00001452   0x0000006e   Code   RO          254    i.sqrt              m_wm.l(sqrt.o)
    0x000014c0   0x00000018   Code   RO          206    x$fpl$basic         fz_wm.l(basic.o)
    0x000014d8   0x00000150   Code   RO          208    x$fpl$dadd          fz_wm.l(daddsub_clz.o)
    0x00001628   0x00000010   Code   RO          284    x$fpl$dcheck1       fz_wm.l(dcheck1.o)
    0x00001638   0x00000018   Code   RO          303    x$fpl$dcmpinf       fz_wm.l(dcmpi.o)
    0x00001650   0x000002b0   Code   RO          215    x$fpl$ddiv          fz_wm.l(ddiv.o)
    0x00001900   0x0000002e   Code   RO          182    x$fpl$dflt          fz_wm.l(dflt_clz.o)
    0x0000192e   0x00000026   Code   RO          181    x$fpl$dfltu         fz_wm.l(dflt_clz.o)
    0x00001954   0x00000078   Code   RO          286    x$fpl$dleqf         fz_wm.l(dleqf.o)
    0x000019cc   0x00000154   Code   RO          187    x$fpl$dmul          fz_wm.l(dmul.o)
    0x00001b20   0x0000009c   Code   RO          218    x$fpl$dnaninf       fz_wm.l(dnaninf.o)
    0x00001bbc   0x0000000c   Code   RO          220    x$fpl$dretinf       fz_wm.l(dretinf.o)
    0x00001bc8   0x0000006c   Code   RO          222    x$fpl$drleqf        fz_wm.l(drleqf.o)
    0x00001c34   0x00000016   Code   RO          209    x$fpl$drsb          fz_wm.l(daddsub_clz.o)
    0x00001c4a   0x00000002   PAD
    0x00001c4c   0x00000198   Code   RO          288    x$fpl$dsqrt         fz_wm.l(dsqrt_umaal.o)
    0x00001de4   0x000001d4   Code   RO          210    x$fpl$dsub          fz_wm.l(daddsub_clz.o)
    0x00001fb8   0x0000000a   Code   RO          365    x$fpl$fpinit        fz_wm.l(fpinit.o)
    0x00001fc2   0x00000064   Code   RO          305    x$fpl$retnan        fz_wm.l(retnan.o)
    0x00002026   0x0000005c   Code   RO          224    x$fpl$scalbn        fz_wm.l(scalbn.o)
    0x00002082   0x00000030   Code   RO          354    x$fpl$trapveneer    fz_wm.l(trapv.o)
    0x000020b2   0x00000000   Code   RO          226    x$fpl$usenofp       fz_wm.l(usenofp.o)
    0x000020b2   0x00000006   PAD
    0x000020b8   0x00000088   Data   RO          192    .constdata          m_wm.l(pow.o)
    0x00002140   0x00000008   Data   RO          251    .constdata          m_wm.l(qnan.o)
    0x00002148   0x00000020   Data   RO          433    Region$$Table       anon$$obj.o


    Execution Region ER_RW (Base: 0x20000000, Size: 0x00000018, Max: 0xffffffff, ABSOLUTE)

    Base Addr    Size         Type   Attr      Idx    E Section Name        Object

    0x20000000   0x00000014   Data   RW            8    .data               clocksystem.o
    0x20000014   0x00000004   Data   RW          144    .data               system_msp432.o


    Execution Region ER_ZI (Base: 0x20000018, Size: 0x00000460, Max: 0xffffffff, ABSOLUTE)

    Base Addr    Size         Type   Attr      Idx    E Section Name        Object

    0x20000018   0x00000060   Zero   RW          291    .bss                c_w.l(libspace.o)
    0x20000078   0x00000000   Zero   RW          133    HEAP                startup_msp432.o
    0x20000078   0x00000400   Zero   RW          132    STACK               startup_msp432.o


==============================================================================

Image component sizes


      Code (inc. data)   RO Data    RW Data    ZI Data      Debug   Object Name

       336         50          0         20          0       5510   clocksystem.o
       456         40          0          0          0       2892   clocksystemtestmain.o
        84         20        324          0       1024        940   startup_msp432.o
        44         16          0          4          0        771   system_msp432.o

    ----------------------------------------------------------------------
       922        126        356         24       1024      10113   Object Totals
         0          0         32          0          0          0   (incl. Generated)
         2          0          0          0          0          0   (incl. Padding)

    ----------------------------------------------------------------------

      Code (inc. data)   RO Data    RW Data    ZI Data      Debug   Library Member Name

         8          0          0          0          0         68   __main.o
         0          0          0          0          0          0   __rtentry.o
        12          0          0          0          0          0   __rtentry2.o
         6          0          0          0          0          0   __rtentry4.o
        52          8          0          0          0          0   __scatter.o
        26          0          0          0          0          0   __scatter_copy.o
        28          0          0          0          0          0   __scatter_zi.o
        22          0          0          0          0        100   _rserrno.o
        18          0          0          0          0         80   exit.o
         6          0          0          0          0        152   heapauxi.o
         0          0          0          0          0          0   indicate_semi.o
         2          0          0          0          0          0   libinit.o
         6          0          0          0          0          0   libinit2.o
         2          0          0          0          0          0   libshutdown.o
         2          0          0          0          0          0   libshutdown2.o
         8          4          0          0         96         68   libspace.o
         8          4          0          0          0         68   rt_errno_addr_intlibspace.o
         2          0          0          0          0          0   rtexit.o
        10          0          0          0          0          0   rtexit2.o
        12          4          0          0          0         68   sys_exit.o
        74          0          0          0          0         80   sys_stackheap_outer.o
         2          0          0          0          0         68   use_no_semi.o
        24          0          0          0          0        164   basic.o
       826         16          0          0          0        492   daddsub_clz.o
        16          4          0          0          0        116   dcheck1.o
        24          0          0          0          0        116   dcmpi.o
       688        140          0          0          0        256   ddiv.o
        84          0          0          0          0        232   dflt_clz.o
       120          4          0          0          0        140   dleqf.o
       340         12          0          0          0        152   dmul.o
       156          4          0          0          0        140   dnaninf.o
        12          0          0          0          0        116   dretinf.o
       108          0          0          0          0        128   drleqf.o
       408         56          0          0          0        168   dsqrt_umaal.o
        10          0          0          0          0        116   fpinit.o
       100          0          0          0          0        116   retnan.o
        92          0          0          0          0        116   scalbn.o
        48          0          0          0          0        116   trapv.o
         0          0          0          0          0          0   usenofp.o
       164         44          0          0          0        620   dunder.o
        24          0          0          0          0        124   fabs.o
        48          0          0          0          0        124   fpclassify.o
       248          0          0          0          0        152   poly.o
      3152        296        136          0          0        352   pow.o
         0          0          8          0          0          0   qnan.o
       110          0          0          0          0        148   sqrt.o

    ----------------------------------------------------------------------
      7130        596        144          0         96       4956   Library Totals
        22          0          0          0          0          0   (incl. Padding)

    ----------------------------------------------------------------------

      Code (inc. data)   RO Data    RW Data    ZI Data      Debug   Library Name

       306         20          0          0         96        752   c_w.l
      3056        236          0          0          0       2684   fz_wm.l
      3746        340        144          0          0       1520   m_wm.l

    ----------------------------------------------------------------------
      7130        596        144          0         96       4956   Library Totals

    ----------------------------------------------------------------------

==============================================================================


      Code (inc. data)   RO Data    RW Data    ZI Data      Debug   

      8052        722        500         24       1120      11509   Grand Totals
      8052        722        500         24       1120      11509   ELF Image Totals
      8052        722        500         24          0          0   ROM Totals

==============================================================================

    Total RO  Size (Code + RO Data)                 8552 (   8.35kB)
    Total RW  Size (RW Data + ZI Data)              1144 (   1.12kB)
    Total ROM Size (Code + RO Data + RW Data)       8576 (   8.38kB)

==============================================================================

