<html>
<body>
<pre>
<h1>µVision Build Log</h1>
<h2>Tool Versions:</h2>
IDE-Version: µVision V5.17.0.0
Copyright (C) 2015 ARM Ltd and ARM Germany GmbH. All rights reserved.
License Information: help desk, csuci, LIC=----
 
Tool Versions:
Toolchain:       MDK-Lite  Version: 5.17
Toolchain Path:  C:\Keil_v5\ARM\ARMCC\Bin
C Compiler:      Armcc.exe V5.06 update 1 (build 61)
Assembler:       Armasm.exe V5.06 update 1 (build 61)
Linker/Locator:  ArmLink.exe V5.06 update 1 (build 61)
Library Manager: ArmAr.exe V5.06 update 1 (build 61)
Hex Converter:   FromElf.exe V5.06 update 1 (build 61)
CPU DLL:         SARMCM3.DLL V5.17
Dialog DLL:      DCM.DLL V1.13.4.0
Target DLL:      CMSIS_AGDI.dll V1.23.1.0
Dialog DLL:      TCM.DLL V1.14.6.0
 
<h2>Project:</h2>
C:\Users\anthony.brice423\Desktop\COMP462-car\TimerA0PWM.uvprojx
Project File Date:  05/17/2016

<h2>Output:</h2>
*** Using Compiler 'V5.06 update 1 (build 61)', folder: 'C:\Keil_v5\ARM\ARMCC\Bin'
Build target 'PWM'
compiling main.c...
C:\Keil_v5\ARM\PACK\TexasInstruments\MSP432\1.0.2\Device\Include\msp432p401r.h(69): warning:  #1215-D: #warning directive: "From TexasInstruments.MSP432.1.0.2.pack: MSP432 software will be updated to use CMSIS-Core in March 2016. This update will allow your MSP432 software to be CMSIS compliant, but require modification to your existing MSP432 code. A beta release is available if you want to start converting your code today. Refer to http://www.ti.com/MSP432CMSIS for detailed changes, conversion guide and background information."
  #warning "From TexasInstruments.MSP432.1.0.2.pack: \
main.c(234): warning:  #550-D: variable "delay_time" was set but never used
  		uint32_t delay_time;
main.c: 2 warnings, 0 errors
linking...
Program Size: Code=14720 RO-data=1168 RW-data=144 ZI-data=1280  
".\Objects\PWM.axf" - 0 Error(s), 2 Warning(s).

<h2>Software Packages used:</h2>

Package Vendor: ARM
                http://www.keil.com/pack/ARM.CMSIS.4.5.0.pack
                ARM::CMSIS:CORE:4.3.0
                CMSIS (Cortex Microcontroller Software Interface Standard)
   * Component: CORE Version: 4.3.0

Package Vendor: TexasInstruments
                http://software-dl.ti.com/msp430/msp430_public_sw/mcu/msp430/mspkeil/latest/exports/TexasInstruments.MSP432.1.0.2.pack
                TexasInstruments::Device:Startup:1.0.2
                Device Family Pack for Texas Instruments MSP432 Series
   * Component: Startup Version: 1.0.2

<h2>Collection of Component include folders:</h2>
  C:\Users\anthony.brice423\Desktop\COMP462-car\RTE
  C:\Keil_v5\ARM\PACK\ARM\CMSIS\4.5.0\CMSIS\Include
  C:\Keil_v5\ARM\PACK\TexasInstruments\MSP432\1.0.2\Device\Include

<h2>Collection of Component Files used:</h2>

   * Component: ARM::CMSIS:CORE:4.3.0

   * Component: TexasInstruments::Device:Startup:1.0.2
      Source file:   Device\Source\startup_msp432.s
      Source file:   Device\Source\system_msp432.c
      Source file:   Templates\main.c
      Source file:   Templates\blinkLED.c
Build Time Elapsed:  00:00:02
</pre>
</body>
</html>
