Component: ARM Compiler 5.06 update 1 (build 61) Tool: armlink [4d35a8]

==============================================================================

Section Cross References

    main.o(i.left_period_measure) refers to main.o(.data) for leftFirst
    main.o(i.left_pid_controller) refers to main.o(.data) for left_e_old
    main.o(i.main) refers to clocksystem.o(.text) for Clock_Init48MHz
    main.o(i.main) refers to pwm.o(i.PWM_Init) for PWM_Init
    main.o(i.main) refers to nokia5110.o(i.Nokia5110_Init) for Nokia5110_Init
    main.o(i.main) refers to main.o(i.logic_init) for logic_init
    main.o(i.main) refers to main.o(i.encoder_init) for encoder_init
    main.o(i.main) refers to inputcapture.o(i.TimerCapture1_Init) for TimerCapture1_Init
    main.o(i.main) refers to startup_msp432.o(.text) for EnableInterrupts
    main.o(i.main) refers to main.o(i.left_pid_controller) for left_pid_controller
    main.o(i.main) refers to pwm.o(i.PWM_Duty1) for PWM_Duty1
    main.o(i.main) refers to main.o(i.right_pid_controller) for right_pid_controller
    main.o(i.main) refers to pwm.o(i.PWM_Duty2) for PWM_Duty2
    main.o(i.main) refers to main.o(.emb_text) for Delay
    main.o(i.main) refers to main.o(i.print_debug) for print_debug
    main.o(i.main) refers to main.o(i.right_period_measure) for right_period_measure
    main.o(i.main) refers to main.o(i.left_period_measure) for left_period_measure
    main.o(i.main) refers to main.o(.data) for leftPeriod
    main.o(i.period_measure_init) refers to main.o(.data) for leftFirst
    main.o(i.print_debug) refers to nokia5110.o(i.Nokia5110_Clear) for Nokia5110_Clear
    main.o(i.print_debug) refers to nokia5110.o(i.Nokia5110_OutString) for Nokia5110_OutString
    main.o(i.print_debug) refers to nokia5110.o(i.Nokia5110_OutUDec) for Nokia5110_OutUDec
    main.o(i.print_debug) refers to main.o(.data) for leftPeriod
    main.o(i.right_period_measure) refers to main.o(.data) for rightFirst
    main.o(i.right_pid_controller) refers to main.o(.data) for right_e_old
    pwm.o(i.PWM_Init) refers to clocksystem.o(.text) for Clock_Init48MHz
    inputcapture.o(i.TA0_0_IRQHandler) refers to inputcapture.o(.data) for CaptureTask
    inputcapture.o(i.TA1_0_IRQHandler) refers to inputcapture.o(.data) for CaptureTask
    inputcapture.o(i.TA1_N_IRQHandler) refers to inputcapture.o(.data) for CaptureTask2
    inputcapture.o(i.TA2_0_IRQHandler) refers to inputcapture.o(.data) for CaptureTask2
    inputcapture.o(i.TimerCapture1_Init) refers to startup_msp432.o(.text) for StartCritical
    inputcapture.o(i.TimerCapture1_Init) refers to inputcapture.o(.data) for CaptureTask
    inputcapture.o(i.TimerCapture2_Init) refers to startup_msp432.o(.text) for StartCritical
    inputcapture.o(i.TimerCapture2_Init) refers to inputcapture.o(.data) for CaptureTask2
    inputcapture.o(i.TimerCapture_Init) refers to startup_msp432.o(.text) for StartCritical
    inputcapture.o(i.TimerCapture_Init) refers to inputcapture.o(.data) for CaptureTask
    nokia5110.o(i.Nokia5110_Clear) refers to nokia5110.o(i.lcddatawrite) for lcddatawrite
    nokia5110.o(i.Nokia5110_Clear) refers to nokia5110.o(i.Nokia5110_SetCursor) for Nokia5110_SetCursor
    nokia5110.o(i.Nokia5110_ClearBuffer) refers to nokia5110.o(.bss) for Screen
    nokia5110.o(i.Nokia5110_ClrPxl) refers to nokia5110.o(.bss) for Screen
    nokia5110.o(i.Nokia5110_ClrPxl) refers to nokia5110.o(.constdata) for Masks
    nokia5110.o(i.Nokia5110_DisplayBuffer) refers to nokia5110.o(i.Nokia5110_DrawFullImage) for Nokia5110_DrawFullImage
    nokia5110.o(i.Nokia5110_DisplayBuffer) refers to nokia5110.o(.bss) for Screen
    nokia5110.o(i.Nokia5110_DrawFullImage) refers to nokia5110.o(i.Nokia5110_SetCursor) for Nokia5110_SetCursor
    nokia5110.o(i.Nokia5110_DrawFullImage) refers to nokia5110.o(i.lcddatawrite) for lcddatawrite
    nokia5110.o(i.Nokia5110_Init) refers to nokia5110.o(i.lcdwrite) for lcdwrite
    nokia5110.o(i.Nokia5110_OutChar) refers to nokia5110.o(i.lcddatawrite) for lcddatawrite
    nokia5110.o(i.Nokia5110_OutChar) refers to nokia5110.o(.constdata) for ASCII
    nokia5110.o(i.Nokia5110_OutString) refers to nokia5110.o(i.Nokia5110_OutChar) for Nokia5110_OutChar
    nokia5110.o(i.Nokia5110_OutUDec) refers to nokia5110.o(i.Nokia5110_OutString) for Nokia5110_OutString
    nokia5110.o(i.Nokia5110_OutUDec) refers to nokia5110.o(i.Nokia5110_OutChar) for Nokia5110_OutChar
    nokia5110.o(i.Nokia5110_PrintBMP) refers to nokia5110.o(.bss) for Screen
    nokia5110.o(i.Nokia5110_SetCursor) refers to nokia5110.o(i.lcdwrite) for lcdwrite
    nokia5110.o(i.Nokia5110_SetPxl) refers to nokia5110.o(.bss) for Screen
    nokia5110.o(i.Nokia5110_SetPxl) refers to nokia5110.o(.constdata) for Masks
    nokia5110.o(i.Output_Clear) refers to nokia5110.o(i.Nokia5110_Clear) for Nokia5110_Clear
    nokia5110.o(i.Output_Init) refers to nokia5110.o(i.Nokia5110_Init) for Nokia5110_Init
    nokia5110.o(i.Output_Off) refers to nokia5110.o(i.Output_Clear) for Output_Clear
    nokia5110.o(i.Output_On) refers to nokia5110.o(i.Output_Init) for Output_Init
    nokia5110.o(i.fputc) refers to nokia5110.o(i.Nokia5110_OutChar) for Nokia5110_OutChar
    startup_msp432.o(STACK) refers (Special) to heapauxi.o(.text) for __use_two_region_memory
    startup_msp432.o(HEAP) refers (Special) to heapauxi.o(.text) for __use_two_region_memory
    startup_msp432.o(RESET) refers (Special) to heapauxi.o(.text) for __use_two_region_memory
    startup_msp432.o(RESET) refers to startup_msp432.o(STACK) for __initial_sp
    startup_msp432.o(RESET) refers to startup_msp432.o(.text) for Reset_Handler
    startup_msp432.o(RESET) refers to inputcapture.o(i.TA0_0_IRQHandler) for TA0_0_IRQHandler
    startup_msp432.o(RESET) refers to inputcapture.o(i.TA1_0_IRQHandler) for TA1_0_IRQHandler
    startup_msp432.o(RESET) refers to inputcapture.o(i.TA1_N_IRQHandler) for TA1_N_IRQHandler
    startup_msp432.o(RESET) refers to inputcapture.o(i.TA2_0_IRQHandler) for TA2_0_IRQHandler
    startup_msp432.o(.text) refers (Special) to heapauxi.o(.text) for __use_two_region_memory
    startup_msp432.o(.text) refers to system_msp432.o(i.SystemInit) for SystemInit
    startup_msp432.o(.text) refers to __main.o(!!!main) for __main
    startup_msp432.o(.text) refers to startup_msp432.o(HEAP) for Heap_Mem
    startup_msp432.o(.text) refers to startup_msp432.o(STACK) for Stack_Mem
    system_msp432.o(i.SystemCoreClockUpdate) refers to system_msp432.o(.data) for SystemCoreClock
    system_msp432.o(i.SystemInit) refers to system_msp432.o(.data) for SystemCoreClock
    __main.o(!!!main) refers to __rtentry.o(.ARM.Collect$$rtentry$$00000000) for __rt_entry
    __rtentry.o(.ARM.Collect$$rtentry$$00000000) refers (Special) to __rtentry2.o(.ARM.Collect$$rtentry$$0000000A) for __rt_entry_li
    __rtentry.o(.ARM.Collect$$rtentry$$00000000) refers (Special) to __rtentry2.o(.ARM.Collect$$rtentry$$0000000D) for __rt_entry_main
    __rtentry.o(.ARM.Collect$$rtentry$$00000000) refers (Special) to __rtentry2.o(.ARM.Collect$$rtentry$$0000000C) for __rt_entry_postli_1
    __rtentry.o(.ARM.Collect$$rtentry$$00000000) refers (Special) to __rtentry2.o(.ARM.Collect$$rtentry$$00000009) for __rt_entry_postsh_1
    __rtentry.o(.ARM.Collect$$rtentry$$00000000) refers (Special) to __rtentry2.o(.ARM.Collect$$rtentry$$00000002) for __rt_entry_presh_1
    __rtentry.o(.ARM.Collect$$rtentry$$00000000) refers (Special) to __rtentry4.o(.ARM.Collect$$rtentry$$00000004) for __rt_entry_sh
    __rtentry2.o(.ARM.Collect$$rtentry$$00000008) refers to boardinit2.o(.text) for _platform_post_stackheap_init
    __rtentry2.o(.ARM.Collect$$rtentry$$0000000A) refers to libinit.o(.ARM.Collect$$libinit$$00000000) for __rt_lib_init
    __rtentry2.o(.ARM.Collect$$rtentry$$0000000B) refers to boardinit3.o(.text) for _platform_post_lib_init
    __rtentry2.o(.ARM.Collect$$rtentry$$0000000D) refers to main.o(i.main) for main
    __rtentry2.o(.ARM.Collect$$rtentry$$0000000D) refers to exit.o(.text) for exit
    __rtentry2.o(.ARM.exidx) refers to __rtentry2.o(.ARM.Collect$$rtentry$$00000001) for .ARM.Collect$$rtentry$$00000001
    __rtentry2.o(.ARM.exidx) refers to __rtentry2.o(.ARM.Collect$$rtentry$$00000008) for .ARM.Collect$$rtentry$$00000008
    __rtentry2.o(.ARM.exidx) refers to __rtentry2.o(.ARM.Collect$$rtentry$$0000000A) for .ARM.Collect$$rtentry$$0000000A
    __rtentry2.o(.ARM.exidx) refers to __rtentry2.o(.ARM.Collect$$rtentry$$0000000B) for .ARM.Collect$$rtentry$$0000000B
    __rtentry2.o(.ARM.exidx) refers to __rtentry2.o(.ARM.Collect$$rtentry$$0000000D) for .ARM.Collect$$rtentry$$0000000D
    __rtentry4.o(.ARM.Collect$$rtentry$$00000004) refers to sys_stackheap_outer.o(.text) for __user_setup_stackheap
    __rtentry4.o(.ARM.exidx) refers to __rtentry4.o(.ARM.Collect$$rtentry$$00000004) for .ARM.Collect$$rtentry$$00000004
    sys_stackheap_outer.o(.text) refers to libspace.o(.text) for __user_perproc_libspace
    sys_stackheap_outer.o(.text) refers to startup_msp432.o(.text) for __user_initial_stackheap
    exit.o(.text) refers to rtexit.o(.ARM.Collect$$rtexit$$00000000) for __rt_exit
    libinit.o(.ARM.Collect$$libinit$$00000000) refers (Special) to libinit2.o(.ARM.Collect$$libinit$$0000002E) for __rt_lib_init_alloca_1
    libinit.o(.ARM.Collect$$libinit$$00000000) refers (Special) to libinit2.o(.ARM.Collect$$libinit$$0000002C) for __rt_lib_init_argv_1
    libinit.o(.ARM.Collect$$libinit$$00000000) refers (Special) to libinit2.o(.ARM.Collect$$libinit$$0000001B) for __rt_lib_init_atexit_1
    libinit.o(.ARM.Collect$$libinit$$00000000) refers (Special) to libinit2.o(.ARM.Collect$$libinit$$00000021) for __rt_lib_init_clock_1
    libinit.o(.ARM.Collect$$libinit$$00000000) refers (Special) to libinit2.o(.ARM.Collect$$libinit$$00000032) for __rt_lib_init_cpp_1
    libinit.o(.ARM.Collect$$libinit$$00000000) refers (Special) to libinit2.o(.ARM.Collect$$libinit$$00000030) for __rt_lib_init_exceptions_1
    libinit.o(.ARM.Collect$$libinit$$00000000) refers (Special) to libinit2.o(.ARM.Collect$$libinit$$00000002) for __rt_lib_init_fp_1
    libinit.o(.ARM.Collect$$libinit$$00000000) refers (Special) to libinit2.o(.ARM.Collect$$libinit$$0000001F) for __rt_lib_init_fp_trap_1
    libinit.o(.ARM.Collect$$libinit$$00000000) refers (Special) to libinit2.o(.ARM.Collect$$libinit$$00000023) for __rt_lib_init_getenv_1
    libinit.o(.ARM.Collect$$libinit$$00000000) refers (Special) to libinit2.o(.ARM.Collect$$libinit$$0000000A) for __rt_lib_init_heap_1
    libinit.o(.ARM.Collect$$libinit$$00000000) refers (Special) to libinit2.o(.ARM.Collect$$libinit$$00000011) for __rt_lib_init_lc_collate_1
    libinit.o(.ARM.Collect$$libinit$$00000000) refers (Special) to libinit2.o(.ARM.Collect$$libinit$$00000013) for __rt_lib_init_lc_ctype_1
    libinit.o(.ARM.Collect$$libinit$$00000000) refers (Special) to libinit2.o(.ARM.Collect$$libinit$$00000015) for __rt_lib_init_lc_monetary_1
    libinit.o(.ARM.Collect$$libinit$$00000000) refers (Special) to libinit2.o(.ARM.Collect$$libinit$$00000017) for __rt_lib_init_lc_numeric_1
    libinit.o(.ARM.Collect$$libinit$$00000000) refers (Special) to libinit2.o(.ARM.Collect$$libinit$$00000019) for __rt_lib_init_lc_time_1
    libinit.o(.ARM.Collect$$libinit$$00000000) refers (Special) to libinit2.o(.ARM.Collect$$libinit$$00000004) for __rt_lib_init_preinit_1
    libinit.o(.ARM.Collect$$libinit$$00000000) refers (Special) to libinit2.o(.ARM.Collect$$libinit$$0000000E) for __rt_lib_init_rand_1
    libinit.o(.ARM.Collect$$libinit$$00000000) refers (Special) to libinit2.o(.ARM.Collect$$libinit$$00000033) for __rt_lib_init_return
    libinit.o(.ARM.Collect$$libinit$$00000000) refers (Special) to libinit2.o(.ARM.Collect$$libinit$$0000001D) for __rt_lib_init_signal_1
    libinit.o(.ARM.Collect$$libinit$$00000000) refers (Special) to libinit2.o(.ARM.Collect$$libinit$$00000025) for __rt_lib_init_stdio_1
    libinit.o(.ARM.Collect$$libinit$$00000000) refers (Special) to libinit2.o(.ARM.Collect$$libinit$$0000000C) for __rt_lib_init_user_alloc_1
    libspace.o(.text) refers to libspace.o(.bss) for __libspace_start
    rtexit.o(.ARM.Collect$$rtexit$$00000000) refers (Special) to rtexit2.o(.ARM.Collect$$rtexit$$00000004) for __rt_exit_exit
    rtexit.o(.ARM.Collect$$rtexit$$00000000) refers (Special) to rtexit2.o(.ARM.Collect$$rtexit$$00000003) for __rt_exit_ls
    rtexit.o(.ARM.Collect$$rtexit$$00000000) refers (Special) to rtexit2.o(.ARM.Collect$$rtexit$$00000002) for __rt_exit_prels_1
    rtexit.o(.ARM.exidx) refers (Special) to rtexit2.o(.ARM.Collect$$rtexit$$00000004) for __rt_exit_exit
    rtexit.o(.ARM.exidx) refers (Special) to rtexit2.o(.ARM.Collect$$rtexit$$00000003) for __rt_exit_ls
    rtexit.o(.ARM.exidx) refers (Special) to rtexit2.o(.ARM.Collect$$rtexit$$00000002) for __rt_exit_prels_1
    rtexit.o(.ARM.exidx) refers to rtexit.o(.ARM.Collect$$rtexit$$00000000) for .ARM.Collect$$rtexit$$00000000
    libinit2.o(.ARM.Collect$$libinit$$00000010) refers to libinit2.o(.ARM.Collect$$libinit$$0000000F) for .ARM.Collect$$libinit$$0000000F
    libinit2.o(.ARM.Collect$$libinit$$00000012) refers to libinit2.o(.ARM.Collect$$libinit$$0000000F) for .ARM.Collect$$libinit$$0000000F
    libinit2.o(.ARM.Collect$$libinit$$00000014) refers to libinit2.o(.ARM.Collect$$libinit$$0000000F) for .ARM.Collect$$libinit$$0000000F
    libinit2.o(.ARM.Collect$$libinit$$00000016) refers to libinit2.o(.ARM.Collect$$libinit$$0000000F) for .ARM.Collect$$libinit$$0000000F
    libinit2.o(.ARM.Collect$$libinit$$00000018) refers to libinit2.o(.ARM.Collect$$libinit$$0000000F) for .ARM.Collect$$libinit$$0000000F
    libinit2.o(.ARM.Collect$$libinit$$00000026) refers to argv_veneer.o(.emb_text) for __ARM_argv_veneer
    libinit2.o(.ARM.Collect$$libinit$$00000027) refers to argv_veneer.o(.emb_text) for __ARM_argv_veneer
    rtexit2.o(.ARM.Collect$$rtexit$$00000003) refers to libshutdown.o(.ARM.Collect$$libshutdown$$00000000) for __rt_lib_shutdown
    rtexit2.o(.ARM.Collect$$rtexit$$00000004) refers to sys_exit.o(.text) for _sys_exit
    rtexit2.o(.ARM.exidx) refers to rtexit2.o(.ARM.Collect$$rtexit$$00000001) for .ARM.Collect$$rtexit$$00000001
    rtexit2.o(.ARM.exidx) refers to rtexit2.o(.ARM.Collect$$rtexit$$00000003) for .ARM.Collect$$rtexit$$00000003
    rtexit2.o(.ARM.exidx) refers to rtexit2.o(.ARM.Collect$$rtexit$$00000004) for .ARM.Collect$$rtexit$$00000004
    argv_veneer.o(.emb_text) refers to no_argv.o(.text) for __ARM_get_argv
    sys_exit.o(.text) refers (Special) to use_no_semi.o(.text) for __I$use$semihosting
    sys_exit.o(.text) refers (Special) to indicate_semi.o(.text) for __semihosting_library_function
    _get_argv_nomalloc.o(.text) refers (Special) to hrguard.o(.text) for __heap_region$guard
    _get_argv_nomalloc.o(.text) refers to defsig_rtmem_outer.o(.text) for __rt_SIGRTMEM
    _get_argv_nomalloc.o(.text) refers to sys_command.o(.text) for _sys_command_string
    libshutdown.o(.ARM.Collect$$libshutdown$$00000000) refers (Special) to libshutdown2.o(.ARM.Collect$$libshutdown$$00000002) for __rt_lib_shutdown_cpp_1
    libshutdown.o(.ARM.Collect$$libshutdown$$00000000) refers (Special) to libshutdown2.o(.ARM.Collect$$libshutdown$$00000007) for __rt_lib_shutdown_fp_trap_1
    libshutdown.o(.ARM.Collect$$libshutdown$$00000000) refers (Special) to libshutdown2.o(.ARM.Collect$$libshutdown$$0000000F) for __rt_lib_shutdown_heap_1
    libshutdown.o(.ARM.Collect$$libshutdown$$00000000) refers (Special) to libshutdown2.o(.ARM.Collect$$libshutdown$$00000010) for __rt_lib_shutdown_return
    libshutdown.o(.ARM.Collect$$libshutdown$$00000000) refers (Special) to libshutdown2.o(.ARM.Collect$$libshutdown$$0000000A) for __rt_lib_shutdown_signal_1
    libshutdown.o(.ARM.Collect$$libshutdown$$00000000) refers (Special) to libshutdown2.o(.ARM.Collect$$libshutdown$$00000004) for __rt_lib_shutdown_stdio_1
    libshutdown.o(.ARM.Collect$$libshutdown$$00000000) refers (Special) to libshutdown2.o(.ARM.Collect$$libshutdown$$0000000C) for __rt_lib_shutdown_user_alloc_1
    sys_command.o(.text) refers (Special) to use_no_semi.o(.text) for __I$use$semihosting
    sys_command.o(.text) refers (Special) to indicate_semi.o(.text) for __semihosting_library_function
    defsig_rtmem_outer.o(.text) refers to defsig_rtmem_inner.o(.text) for __rt_SIGRTMEM_inner
    defsig_rtmem_outer.o(.text) refers to defsig_exit.o(.text) for __sig_exit
    defsig_rtmem_formal.o(.text) refers to rt_raise.o(.text) for __rt_raise
    rt_raise.o(.text) refers to __raise.o(.text) for __raise
    rt_raise.o(.text) refers to sys_exit.o(.text) for _sys_exit
    defsig_exit.o(.text) refers to sys_exit.o(.text) for _sys_exit
    defsig_rtmem_inner.o(.text) refers to defsig_general.o(.text) for __default_signal_display
    __raise.o(.text) refers to defsig.o(CL$$defsig) for __default_signal_handler
    defsig_general.o(.text) refers to sys_wrch.o(.text) for _ttywrch
    sys_wrch.o(.text) refers (Special) to use_no_semi.o(.text) for __I$use$semihosting
    sys_wrch.o(.text) refers (Special) to indicate_semi.o(.text) for __semihosting_library_function
    defsig.o(CL$$defsig) refers to defsig_rtmem_inner.o(.text) for __rt_SIGRTMEM_inner
    defsig_abrt_inner.o(.text) refers to defsig_general.o(.text) for __default_signal_display
    defsig_fpe_inner.o(.text) refers to defsig_general.o(.text) for __default_signal_display
    defsig_rtred_inner.o(.text) refers to defsig_general.o(.text) for __default_signal_display
    defsig_stak_inner.o(.text) refers to defsig_general.o(.text) for __default_signal_display
    defsig_pvfn_inner.o(.text) refers to defsig_general.o(.text) for __default_signal_display
    defsig_cppl_inner.o(.text) refers to defsig_general.o(.text) for __default_signal_display
    defsig_segv_inner.o(.text) refers to defsig_general.o(.text) for __default_signal_display
    defsig_other.o(.text) refers to defsig_general.o(.text) for __default_signal_display


==============================================================================

Removing Unused input sections from the image.

    Removing main.o(.rev16_text), (4 bytes).
    Removing main.o(.revsh_text), (4 bytes).
    Removing main.o(.rrx_text), (6 bytes).
    Removing main.o(i.period_measure_init), (52 bytes).
    Removing pwm.o(.rev16_text), (4 bytes).
    Removing pwm.o(.revsh_text), (4 bytes).
    Removing pwm.o(.rrx_text), (6 bytes).
    Removing systick.o(.text), (108 bytes).
    Removing inputcapture.o(.rev16_text), (4 bytes).
    Removing inputcapture.o(.revsh_text), (4 bytes).
    Removing inputcapture.o(.rrx_text), (6 bytes).
    Removing inputcapture.o(i.TimerCapture2_Init), (160 bytes).
    Removing inputcapture.o(i.TimerCapture_Init), (148 bytes).
    Removing nokia5110.o(i.Nokia5110_ClearBuffer), (24 bytes).
    Removing nokia5110.o(i.Nokia5110_ClrPxl), (48 bytes).
    Removing nokia5110.o(i.Nokia5110_DisplayBuffer), (16 bytes).
    Removing nokia5110.o(i.Nokia5110_DrawFullImage), (32 bytes).
    Removing nokia5110.o(i.Nokia5110_PrintBMP), (416 bytes).
    Removing nokia5110.o(i.Nokia5110_SetPxl), (48 bytes).
    Removing nokia5110.o(i.Output_Clear), (8 bytes).
    Removing nokia5110.o(i.Output_Color), (2 bytes).
    Removing nokia5110.o(i.Output_Init), (8 bytes).
    Removing nokia5110.o(i.Output_Off), (8 bytes).
    Removing nokia5110.o(i.Output_On), (8 bytes).
    Removing nokia5110.o(i.ferror), (8 bytes).
    Removing nokia5110.o(i.fgetc), (6 bytes).
    Removing nokia5110.o(i.fputc), (16 bytes).
    Removing nokia5110.o(.bss), (504 bytes).
    Removing system_msp432.o(.rev16_text), (4 bytes).
    Removing system_msp432.o(.revsh_text), (4 bytes).
    Removing system_msp432.o(.rrx_text), (6 bytes).
    Removing system_msp432.o(i.SystemCoreClockUpdate), (16 bytes).

32 unused section(s) (total 1692 bytes) removed from the image.

==============================================================================

Image Symbol Table

    Local Symbols

    Symbol Name                              Value     Ov Type        Size  Object(Section)

    RESET                                    0x00000000   Section      324  startup_msp432.o(RESET)
    ../clib/angel/boardlib.s                 0x00000000   Number         0  boardshut.o ABSOLUTE
    ../clib/angel/boardlib.s                 0x00000000   Number         0  boardinit1.o ABSOLUTE
    ../clib/angel/boardlib.s                 0x00000000   Number         0  boardinit2.o ABSOLUTE
    ../clib/angel/boardlib.s                 0x00000000   Number         0  boardinit3.o ABSOLUTE
    ../clib/angel/handlers.s                 0x00000000   Number         0  __scatter_zi.o ABSOLUTE
    ../clib/angel/handlers.s                 0x00000000   Number         0  __scatter_copy.o ABSOLUTE
    ../clib/angel/kernel.s                   0x00000000   Number         0  __rtentry4.o ABSOLUTE
    ../clib/angel/kernel.s                   0x00000000   Number         0  rtexit2.o ABSOLUTE
    ../clib/angel/kernel.s                   0x00000000   Number         0  rtexit.o ABSOLUTE
    ../clib/angel/kernel.s                   0x00000000   Number         0  __rtentry.o ABSOLUTE
    ../clib/angel/kernel.s                   0x00000000   Number         0  __rtentry2.o ABSOLUTE
    ../clib/angel/rt.s                       0x00000000   Number         0  rt_raise.o ABSOLUTE
    ../clib/angel/scatter.s                  0x00000000   Number         0  __scatter.o ABSOLUTE
    ../clib/angel/startup.s                  0x00000000   Number         0  __main.o ABSOLUTE
    ../clib/angel/sys.s                      0x00000000   Number         0  sys_stackheap_outer.o ABSOLUTE
    ../clib/angel/sys.s                      0x00000000   Number         0  libspace.o ABSOLUTE
    ../clib/angel/sys.s                      0x00000000   Number         0  indicate_semi.o ABSOLUTE
    ../clib/angel/sys.s                      0x00000000   Number         0  use_no_semi.o ABSOLUTE
    ../clib/angel/sysapp.c                   0x00000000   Number         0  sys_exit.o ABSOLUTE
    ../clib/angel/sysapp.c                   0x00000000   Number         0  sys_wrch.o ABSOLUTE
    ../clib/angel/sysapp.c                   0x00000000   Number         0  sys_command.o ABSOLUTE
    ../clib/armsys.c                         0x00000000   Number         0  _get_argv_nomalloc.o ABSOLUTE
    ../clib/armsys.c                         0x00000000   Number         0  argv_veneer.o ABSOLUTE
    ../clib/armsys.c                         0x00000000   Number         0  argv_veneer.o ABSOLUTE
    ../clib/armsys.c                         0x00000000   Number         0  no_argv.o ABSOLUTE
    ../clib/heapalloc.c                      0x00000000   Number         0  hrguard.o ABSOLUTE
    ../clib/heapaux.c                        0x00000000   Number         0  heapauxi.o ABSOLUTE
    ../clib/libinit.s                        0x00000000   Number         0  libinit2.o ABSOLUTE
    ../clib/libinit.s                        0x00000000   Number         0  libinit.o ABSOLUTE
    ../clib/libinit.s                        0x00000000   Number         0  libshutdown2.o ABSOLUTE
    ../clib/libinit.s                        0x00000000   Number         0  libshutdown.o ABSOLUTE
    ../clib/signal.c                         0x00000000   Number         0  defsig_cppl_inner.o ABSOLUTE
    ../clib/signal.c                         0x00000000   Number         0  defsig_segv_inner.o ABSOLUTE
    ../clib/signal.c                         0x00000000   Number         0  defsig_other.o ABSOLUTE
    ../clib/signal.c                         0x00000000   Number         0  defsig_exit.o ABSOLUTE
    ../clib/signal.c                         0x00000000   Number         0  defsig_rtmem_outer.o ABSOLUTE
    ../clib/signal.c                         0x00000000   Number         0  defsig_rtmem_formal.o ABSOLUTE
    ../clib/signal.c                         0x00000000   Number         0  defsig_rtmem_inner.o ABSOLUTE
    ../clib/signal.c                         0x00000000   Number         0  __raise.o ABSOLUTE
    ../clib/signal.c                         0x00000000   Number         0  defsig_general.o ABSOLUTE
    ../clib/signal.c                         0x00000000   Number         0  defsig_abrt_inner.o ABSOLUTE
    ../clib/signal.c                         0x00000000   Number         0  defsig_fpe_inner.o ABSOLUTE
    ../clib/signal.c                         0x00000000   Number         0  defsig_rtred_inner.o ABSOLUTE
    ../clib/signal.c                         0x00000000   Number         0  defsig_stak_inner.o ABSOLUTE
    ../clib/signal.c                         0x00000000   Number         0  defsig_pvfn_inner.o ABSOLUTE
    ../clib/signal.s                         0x00000000   Number         0  defsig.o ABSOLUTE
    ../clib/stdlib.c                         0x00000000   Number         0  exit.o ABSOLUTE
    ../fplib/fpinit.s                        0x00000000   Number         0  fpinit.o ABSOLUTE
    ClockSystem.s                            0x00000000   Number         0  clocksystem.o ABSOLUTE
    InputCapture.c                           0x00000000   Number         0  inputcapture.o ABSOLUTE
    InputCapture.c                           0x00000000   Number         0  inputcapture.o ABSOLUTE
    Nokia5110.c                              0x00000000   Number         0  nokia5110.o ABSOLUTE
    PWM.c                                    0x00000000   Number         0  pwm.o ABSOLUTE
    PWM.c                                    0x00000000   Number         0  pwm.o ABSOLUTE
    RTE\Device\MSP432P401R\startup_msp432.s  0x00000000   Number         0  startup_msp432.o ABSOLUTE
    RTE\Device\MSP432P401R\system_msp432.c   0x00000000   Number         0  system_msp432.o ABSOLUTE
    RTE\\Device\\MSP432P401R\\system_msp432.c 0x00000000   Number         0  system_msp432.o ABSOLUTE
    SysTick.s                                0x00000000   Number         0  systick.o ABSOLUTE
    dc.s                                     0x00000000   Number         0  dc.o ABSOLUTE
    main.c                                   0x00000000   Number         0  main.o ABSOLUTE
    main.c                                   0x00000000   Number         0  main.o ABSOLUTE
    !!!main                                  0x00000144   Section        8  __main.o(!!!main)
    !!!scatter                               0x0000014c   Section       52  __scatter.o(!!!scatter)
    !!handler_copy                           0x00000180   Section       26  __scatter_copy.o(!!handler_copy)
    !!handler_zi                             0x0000019c   Section       28  __scatter_zi.o(!!handler_zi)
    .ARM.Collect$$libinit$$00000000          0x000001b8   Section        2  libinit.o(.ARM.Collect$$libinit$$00000000)
    .ARM.Collect$$libinit$$00000002          0x000001ba   Section        0  libinit2.o(.ARM.Collect$$libinit$$00000002)
    .ARM.Collect$$libinit$$00000004          0x000001ba   Section        0  libinit2.o(.ARM.Collect$$libinit$$00000004)
    .ARM.Collect$$libinit$$0000000A          0x000001ba   Section        0  libinit2.o(.ARM.Collect$$libinit$$0000000A)
    .ARM.Collect$$libinit$$0000000C          0x000001ba   Section        0  libinit2.o(.ARM.Collect$$libinit$$0000000C)
    .ARM.Collect$$libinit$$0000000E          0x000001ba   Section        0  libinit2.o(.ARM.Collect$$libinit$$0000000E)
    .ARM.Collect$$libinit$$00000011          0x000001ba   Section        0  libinit2.o(.ARM.Collect$$libinit$$00000011)
    .ARM.Collect$$libinit$$00000013          0x000001ba   Section        0  libinit2.o(.ARM.Collect$$libinit$$00000013)
    .ARM.Collect$$libinit$$00000015          0x000001ba   Section        0  libinit2.o(.ARM.Collect$$libinit$$00000015)
    .ARM.Collect$$libinit$$00000017          0x000001ba   Section        0  libinit2.o(.ARM.Collect$$libinit$$00000017)
    .ARM.Collect$$libinit$$00000019          0x000001ba   Section        0  libinit2.o(.ARM.Collect$$libinit$$00000019)
    .ARM.Collect$$libinit$$0000001B          0x000001ba   Section        0  libinit2.o(.ARM.Collect$$libinit$$0000001B)
    .ARM.Collect$$libinit$$0000001D          0x000001ba   Section        0  libinit2.o(.ARM.Collect$$libinit$$0000001D)
    .ARM.Collect$$libinit$$0000001F          0x000001ba   Section        0  libinit2.o(.ARM.Collect$$libinit$$0000001F)
    .ARM.Collect$$libinit$$00000021          0x000001ba   Section        0  libinit2.o(.ARM.Collect$$libinit$$00000021)
    .ARM.Collect$$libinit$$00000023          0x000001ba   Section        0  libinit2.o(.ARM.Collect$$libinit$$00000023)
    .ARM.Collect$$libinit$$00000025          0x000001ba   Section        0  libinit2.o(.ARM.Collect$$libinit$$00000025)
    .ARM.Collect$$libinit$$0000002C          0x000001ba   Section        0  libinit2.o(.ARM.Collect$$libinit$$0000002C)
    .ARM.Collect$$libinit$$0000002E          0x000001ba   Section        0  libinit2.o(.ARM.Collect$$libinit$$0000002E)
    .ARM.Collect$$libinit$$00000030          0x000001ba   Section        0  libinit2.o(.ARM.Collect$$libinit$$00000030)
    .ARM.Collect$$libinit$$00000032          0x000001ba   Section        0  libinit2.o(.ARM.Collect$$libinit$$00000032)
    .ARM.Collect$$libinit$$00000033          0x000001ba   Section        2  libinit2.o(.ARM.Collect$$libinit$$00000033)
    .ARM.Collect$$libshutdown$$00000000      0x000001bc   Section        2  libshutdown.o(.ARM.Collect$$libshutdown$$00000000)
    .ARM.Collect$$libshutdown$$00000002      0x000001be   Section        0  libshutdown2.o(.ARM.Collect$$libshutdown$$00000002)
    .ARM.Collect$$libshutdown$$00000004      0x000001be   Section        0  libshutdown2.o(.ARM.Collect$$libshutdown$$00000004)
    .ARM.Collect$$libshutdown$$00000007      0x000001be   Section        0  libshutdown2.o(.ARM.Collect$$libshutdown$$00000007)
    .ARM.Collect$$libshutdown$$0000000A      0x000001be   Section        0  libshutdown2.o(.ARM.Collect$$libshutdown$$0000000A)
    .ARM.Collect$$libshutdown$$0000000C      0x000001be   Section        0  libshutdown2.o(.ARM.Collect$$libshutdown$$0000000C)
    .ARM.Collect$$libshutdown$$0000000F      0x000001be   Section        0  libshutdown2.o(.ARM.Collect$$libshutdown$$0000000F)
    .ARM.Collect$$libshutdown$$00000010      0x000001be   Section        2  libshutdown2.o(.ARM.Collect$$libshutdown$$00000010)
    .ARM.Collect$$rtentry$$00000000          0x000001c0   Section        0  __rtentry.o(.ARM.Collect$$rtentry$$00000000)
    .ARM.Collect$$rtentry$$00000002          0x000001c0   Section        0  __rtentry2.o(.ARM.Collect$$rtentry$$00000002)
    .ARM.Collect$$rtentry$$00000004          0x000001c0   Section        6  __rtentry4.o(.ARM.Collect$$rtentry$$00000004)
    .ARM.Collect$$rtentry$$00000009          0x000001c6   Section        0  __rtentry2.o(.ARM.Collect$$rtentry$$00000009)
    .ARM.Collect$$rtentry$$0000000A          0x000001c6   Section        4  __rtentry2.o(.ARM.Collect$$rtentry$$0000000A)
    .ARM.Collect$$rtentry$$0000000C          0x000001ca   Section        0  __rtentry2.o(.ARM.Collect$$rtentry$$0000000C)
    .ARM.Collect$$rtentry$$0000000D          0x000001ca   Section        8  __rtentry2.o(.ARM.Collect$$rtentry$$0000000D)
    .ARM.Collect$$rtexit$$00000000           0x000001d2   Section        2  rtexit.o(.ARM.Collect$$rtexit$$00000000)
    .ARM.Collect$$rtexit$$00000002           0x000001d4   Section        0  rtexit2.o(.ARM.Collect$$rtexit$$00000002)
    .ARM.Collect$$rtexit$$00000003           0x000001d4   Section        4  rtexit2.o(.ARM.Collect$$rtexit$$00000003)
    .ARM.Collect$$rtexit$$00000004           0x000001d8   Section        6  rtexit2.o(.ARM.Collect$$rtexit$$00000004)
    .emb_text                                0x000001e0   Section        6  main.o(.emb_text)
    .text                                    0x000001e8   Section      760  clocksystem.o(.text)
    .text                                    0x000004e0   Section       84  startup_msp432.o(.text)
    .text                                    0x00000534   Section        0  heapauxi.o(.text)
    .text                                    0x0000053a   Section       74  sys_stackheap_outer.o(.text)
    .text                                    0x00000584   Section        0  exit.o(.text)
    .text                                    0x00000598   Section        8  libspace.o(.text)
    .text                                    0x000005a0   Section        0  sys_exit.o(.text)
    .text                                    0x000005ac   Section        2  use_no_semi.o(.text)
    .text                                    0x000005ae   Section        0  indicate_semi.o(.text)
    i.Nokia5110_Clear                        0x000005ae   Section        0  nokia5110.o(i.Nokia5110_Clear)
    i.Nokia5110_Init                         0x000005cc   Section        0  nokia5110.o(i.Nokia5110_Init)
    i.Nokia5110_OutChar                      0x000006b0   Section        0  nokia5110.o(i.Nokia5110_OutChar)
    i.Nokia5110_OutString                    0x000006e4   Section        0  nokia5110.o(i.Nokia5110_OutString)
    i.Nokia5110_OutUDec                      0x000006fc   Section        0  nokia5110.o(i.Nokia5110_OutUDec)
    i.Nokia5110_SetCursor                    0x00000898   Section        0  nokia5110.o(i.Nokia5110_SetCursor)
    i.PWM_Duty1                              0x000008c6   Section        0  pwm.o(i.PWM_Duty1)
    i.PWM_Duty2                              0x000008dc   Section        0  pwm.o(i.PWM_Duty2)
    i.PWM_Init                               0x000008f4   Section        0  pwm.o(i.PWM_Init)
    i.SystemInit                             0x00000984   Section        0  system_msp432.o(i.SystemInit)
    i.TA0_0_IRQHandler                       0x000009a0   Section        0  inputcapture.o(i.TA0_0_IRQHandler)
    i.TA1_0_IRQHandler                       0x000009c0   Section        0  inputcapture.o(i.TA1_0_IRQHandler)
    i.TA1_N_IRQHandler                       0x000009e4   Section        0  inputcapture.o(i.TA1_N_IRQHandler)
    i.TA2_0_IRQHandler                       0x00000a08   Section        0  inputcapture.o(i.TA2_0_IRQHandler)
    i.TimerCapture1_Init                     0x00000a2c   Section        0  inputcapture.o(i.TimerCapture1_Init)
    i.encoder_init                           0x00000b00   Section        0  main.o(i.encoder_init)
    i.lcddatawrite                           0x00000b30   Section        0  nokia5110.o(i.lcddatawrite)
    lcddatawrite                             0x00000b31   Thumb Code    44  nokia5110.o(i.lcddatawrite)
    i.lcdwrite                               0x00000b64   Section        0  nokia5110.o(i.lcdwrite)
    lcdwrite                                 0x00000b65   Thumb Code    60  nokia5110.o(i.lcdwrite)
    i.left_period_measure                    0x00000ba8   Section        0  main.o(i.left_period_measure)
    i.left_pid_controller                    0x00000bdc   Section        0  main.o(i.left_pid_controller)
    i.logic_init                             0x00000c10   Section        0  main.o(i.logic_init)
    i.main                                   0x00000c54   Section        0  main.o(i.main)
    i.print_debug                            0x00000cc0   Section        0  main.o(i.print_debug)
    i.right_period_measure                   0x00000d48   Section        0  main.o(i.right_period_measure)
    i.right_pid_controller                   0x00000d7c   Section        0  main.o(i.right_pid_controller)
    .constdata                               0x00000db0   Section      488  nokia5110.o(.constdata)
    ASCII                                    0x00000db0   Data         480  nokia5110.o(.constdata)
    .data                                    0x20000000   Section       30  main.o(.data)
    .data                                    0x20000020   Section        8  inputcapture.o(.data)
    .data                                    0x20000028   Section        4  system_msp432.o(.data)
    .bss                                     0x2000002c   Section       96  libspace.o(.bss)
    HEAP                                     0x20000090   Section        0  startup_msp432.o(HEAP)
    STACK                                    0x20000090   Section     1024  startup_msp432.o(STACK)
    Heap_Mem                                 0x20000090   Data           0  startup_msp432.o(HEAP)
    Stack_Mem                                0x20000090   Data        1024  startup_msp432.o(STACK)
    __initial_sp                             0x20000490   Data           0  startup_msp432.o(STACK)

    Global Symbols

    Symbol Name                              Value     Ov Type        Size  Object(Section)

    BuildAttributes$$THM_ISAv4$E$P$D$K$B$S$7EM$PE$A:L22UL41UL21$X:L11$S22US41US21$IEEE1$IW$USESV6$~STKCKD$USESV7$~SHL$OSPACE$ROPI$EBA8$UX$STANDARDLIB$REQ8$PRES8$EABIv2 0x00000000   Number         0  anon$$obj.o ABSOLUTE
    __ARM_use_no_argv                        0x00000000   Number         0  main.o ABSOLUTE
    __Vectors                                0x00000000   Data           4  startup_msp432.o(RESET)
    __ARM_exceptions_init                     - Undefined Weak Reference
    __alloca_initialize                       - Undefined Weak Reference
    __arm_preinit_                            - Undefined Weak Reference
    __cpp_initialize__aeabi_                  - Undefined Weak Reference
    __cxa_finalize                            - Undefined Weak Reference
    __rt_locale                               - Undefined Weak Reference
    __sigvec_lookup                           - Undefined Weak Reference
    _atexit_init                              - Undefined Weak Reference
    _call_atexit_fns                          - Undefined Weak Reference
    _clock_init                               - Undefined Weak Reference
    _fp_trap_init                             - Undefined Weak Reference
    _fp_trap_shutdown                         - Undefined Weak Reference
    _get_lc_collate                           - Undefined Weak Reference
    _get_lc_ctype                             - Undefined Weak Reference
    _get_lc_monetary                          - Undefined Weak Reference
    _get_lc_numeric                           - Undefined Weak Reference
    _get_lc_time                              - Undefined Weak Reference
    _getenv_init                              - Undefined Weak Reference
    _handle_redirection                       - Undefined Weak Reference
    _init_alloc                               - Undefined Weak Reference
    _init_user_alloc                          - Undefined Weak Reference
    _initio                                   - Undefined Weak Reference
    _rand_init                                - Undefined Weak Reference
    _signal_finish                            - Undefined Weak Reference
    _signal_init                              - Undefined Weak Reference
    _terminate_alloc                          - Undefined Weak Reference
    _terminate_user_alloc                     - Undefined Weak Reference
    _terminateio                              - Undefined Weak Reference
    __Vectors_End                            0x00000144   Data           0  startup_msp432.o(RESET)
    __Vectors_Size                           0x00000144   Number         0  startup_msp432.o ABSOLUTE
    __main                                   0x00000145   Thumb Code     8  __main.o(!!!main)
    __scatterload                            0x0000014d   Thumb Code     0  __scatter.o(!!!scatter)
    __scatterload_rt2                        0x0000014d   Thumb Code    44  __scatter.o(!!!scatter)
    __scatterload_rt2_thumb_only             0x0000014d   Thumb Code     0  __scatter.o(!!!scatter)
    __scatterload_null                       0x0000015b   Thumb Code     0  __scatter.o(!!!scatter)
    __scatterload_copy                       0x00000181   Thumb Code    26  __scatter_copy.o(!!handler_copy)
    __scatterload_zeroinit                   0x0000019d   Thumb Code    28  __scatter_zi.o(!!handler_zi)
    __rt_lib_init                            0x000001b9   Thumb Code     0  libinit.o(.ARM.Collect$$libinit$$00000000)
    __rt_lib_init_alloca_1                   0x000001bb   Thumb Code     0  libinit2.o(.ARM.Collect$$libinit$$0000002E)
    __rt_lib_init_argv_1                     0x000001bb   Thumb Code     0  libinit2.o(.ARM.Collect$$libinit$$0000002C)
    __rt_lib_init_atexit_1                   0x000001bb   Thumb Code     0  libinit2.o(.ARM.Collect$$libinit$$0000001B)
    __rt_lib_init_clock_1                    0x000001bb   Thumb Code     0  libinit2.o(.ARM.Collect$$libinit$$00000021)
    __rt_lib_init_cpp_1                      0x000001bb   Thumb Code     0  libinit2.o(.ARM.Collect$$libinit$$00000032)
    __rt_lib_init_exceptions_1               0x000001bb   Thumb Code     0  libinit2.o(.ARM.Collect$$libinit$$00000030)
    __rt_lib_init_fp_1                       0x000001bb   Thumb Code     0  libinit2.o(.ARM.Collect$$libinit$$00000002)
    __rt_lib_init_fp_trap_1                  0x000001bb   Thumb Code     0  libinit2.o(.ARM.Collect$$libinit$$0000001F)
    __rt_lib_init_getenv_1                   0x000001bb   Thumb Code     0  libinit2.o(.ARM.Collect$$libinit$$00000023)
    __rt_lib_init_heap_1                     0x000001bb   Thumb Code     0  libinit2.o(.ARM.Collect$$libinit$$0000000A)
    __rt_lib_init_lc_collate_1               0x000001bb   Thumb Code     0  libinit2.o(.ARM.Collect$$libinit$$00000011)
    __rt_lib_init_lc_ctype_1                 0x000001bb   Thumb Code     0  libinit2.o(.ARM.Collect$$libinit$$00000013)
    __rt_lib_init_lc_monetary_1              0x000001bb   Thumb Code     0  libinit2.o(.ARM.Collect$$libinit$$00000015)
    __rt_lib_init_lc_numeric_1               0x000001bb   Thumb Code     0  libinit2.o(.ARM.Collect$$libinit$$00000017)
    __rt_lib_init_lc_time_1                  0x000001bb   Thumb Code     0  libinit2.o(.ARM.Collect$$libinit$$00000019)
    __rt_lib_init_preinit_1                  0x000001bb   Thumb Code     0  libinit2.o(.ARM.Collect$$libinit$$00000004)
    __rt_lib_init_rand_1                     0x000001bb   Thumb Code     0  libinit2.o(.ARM.Collect$$libinit$$0000000E)
    __rt_lib_init_return                     0x000001bb   Thumb Code     0  libinit2.o(.ARM.Collect$$libinit$$00000033)
    __rt_lib_init_signal_1                   0x000001bb   Thumb Code     0  libinit2.o(.ARM.Collect$$libinit$$0000001D)
    __rt_lib_init_stdio_1                    0x000001bb   Thumb Code     0  libinit2.o(.ARM.Collect$$libinit$$00000025)
    __rt_lib_init_user_alloc_1               0x000001bb   Thumb Code     0  libinit2.o(.ARM.Collect$$libinit$$0000000C)
    __rt_lib_shutdown                        0x000001bd   Thumb Code     0  libshutdown.o(.ARM.Collect$$libshutdown$$00000000)
    __rt_lib_shutdown_cpp_1                  0x000001bf   Thumb Code     0  libshutdown2.o(.ARM.Collect$$libshutdown$$00000002)
    __rt_lib_shutdown_fp_trap_1              0x000001bf   Thumb Code     0  libshutdown2.o(.ARM.Collect$$libshutdown$$00000007)
    __rt_lib_shutdown_heap_1                 0x000001bf   Thumb Code     0  libshutdown2.o(.ARM.Collect$$libshutdown$$0000000F)
    __rt_lib_shutdown_return                 0x000001bf   Thumb Code     0  libshutdown2.o(.ARM.Collect$$libshutdown$$00000010)
    __rt_lib_shutdown_signal_1               0x000001bf   Thumb Code     0  libshutdown2.o(.ARM.Collect$$libshutdown$$0000000A)
    __rt_lib_shutdown_stdio_1                0x000001bf   Thumb Code     0  libshutdown2.o(.ARM.Collect$$libshutdown$$00000004)
    __rt_lib_shutdown_user_alloc_1           0x000001bf   Thumb Code     0  libshutdown2.o(.ARM.Collect$$libshutdown$$0000000C)
    __rt_entry                               0x000001c1   Thumb Code     0  __rtentry.o(.ARM.Collect$$rtentry$$00000000)
    __rt_entry_presh_1                       0x000001c1   Thumb Code     0  __rtentry2.o(.ARM.Collect$$rtentry$$00000002)
    __rt_entry_sh                            0x000001c1   Thumb Code     0  __rtentry4.o(.ARM.Collect$$rtentry$$00000004)
    __rt_entry_li                            0x000001c7   Thumb Code     0  __rtentry2.o(.ARM.Collect$$rtentry$$0000000A)
    __rt_entry_postsh_1                      0x000001c7   Thumb Code     0  __rtentry2.o(.ARM.Collect$$rtentry$$00000009)
    __rt_entry_main                          0x000001cb   Thumb Code     0  __rtentry2.o(.ARM.Collect$$rtentry$$0000000D)
    __rt_entry_postli_1                      0x000001cb   Thumb Code     0  __rtentry2.o(.ARM.Collect$$rtentry$$0000000C)
    __rt_exit                                0x000001d3   Thumb Code     0  rtexit.o(.ARM.Collect$$rtexit$$00000000)
    __rt_exit_ls                             0x000001d5   Thumb Code     0  rtexit2.o(.ARM.Collect$$rtexit$$00000003)
    __rt_exit_prels_1                        0x000001d5   Thumb Code     0  rtexit2.o(.ARM.Collect$$rtexit$$00000002)
    __rt_exit_exit                           0x000001d9   Thumb Code     0  rtexit2.o(.ARM.Collect$$rtexit$$00000004)
    Delay                                    0x000001e1   Thumb Code     6  main.o(.emb_text)
    Clock_Init                               0x000001e9   Thumb Code     0  clocksystem.o(.text)
    Clock_Init48MHz                          0x00000237   Thumb Code     0  clocksystem.o(.text)
    Clock_Init32kHz                          0x0000031d   Thumb Code     0  clocksystem.o(.text)
    Clock_InitLowPower                       0x000003ff   Thumb Code     0  clocksystem.o(.text)
    Reset_Handler                            0x000004e1   Thumb Code     8  startup_msp432.o(.text)
    NMI_Handler                              0x000004e9   Thumb Code     2  startup_msp432.o(.text)
    HardFault_Handler                        0x000004eb   Thumb Code     2  startup_msp432.o(.text)
    MemManage_Handler                        0x000004ed   Thumb Code     2  startup_msp432.o(.text)
    BusFault_Handler                         0x000004ef   Thumb Code     2  startup_msp432.o(.text)
    UsageFault_Handler                       0x000004f1   Thumb Code     2  startup_msp432.o(.text)
    SVC_Handler                              0x000004f3   Thumb Code     2  startup_msp432.o(.text)
    DebugMon_Handler                         0x000004f5   Thumb Code     2  startup_msp432.o(.text)
    PendSV_Handler                           0x000004f7   Thumb Code     2  startup_msp432.o(.text)
    SysTick_Handler                          0x000004f9   Thumb Code     2  startup_msp432.o(.text)
    ADC14_IRQHandler                         0x000004fb   Thumb Code     0  startup_msp432.o(.text)
    AES256_IRQHandler                        0x000004fb   Thumb Code     0  startup_msp432.o(.text)
    COMP_E0_IRQHandler                       0x000004fb   Thumb Code     0  startup_msp432.o(.text)
    COMP_E1_IRQHandler                       0x000004fb   Thumb Code     0  startup_msp432.o(.text)
    CS_IRQHandler                            0x000004fb   Thumb Code     0  startup_msp432.o(.text)
    DMA_ERR_IRQHandler                       0x000004fb   Thumb Code     0  startup_msp432.o(.text)
    DMA_INT0_IRQHandler                      0x000004fb   Thumb Code     0  startup_msp432.o(.text)
    DMA_INT1_IRQHandler                      0x000004fb   Thumb Code     0  startup_msp432.o(.text)
    DMA_INT2_IRQHandler                      0x000004fb   Thumb Code     0  startup_msp432.o(.text)
    DMA_INT3_IRQHandler                      0x000004fb   Thumb Code     0  startup_msp432.o(.text)
    EUSCIA0_IRQHandler                       0x000004fb   Thumb Code     0  startup_msp432.o(.text)
    EUSCIA1_IRQHandler                       0x000004fb   Thumb Code     0  startup_msp432.o(.text)
    EUSCIA2_IRQHandler                       0x000004fb   Thumb Code     0  startup_msp432.o(.text)
    EUSCIA3_IRQHandler                       0x000004fb   Thumb Code     0  startup_msp432.o(.text)
    EUSCIB0_IRQHandler                       0x000004fb   Thumb Code     0  startup_msp432.o(.text)
    EUSCIB1_IRQHandler                       0x000004fb   Thumb Code     0  startup_msp432.o(.text)
    EUSCIB2_IRQHandler                       0x000004fb   Thumb Code     0  startup_msp432.o(.text)
    EUSCIB3_IRQHandler                       0x000004fb   Thumb Code     0  startup_msp432.o(.text)
    FLCTL_IRQHandler                         0x000004fb   Thumb Code     0  startup_msp432.o(.text)
    FPU_IRQHandler                           0x000004fb   Thumb Code     0  startup_msp432.o(.text)
    PCM_IRQHandler                           0x000004fb   Thumb Code     0  startup_msp432.o(.text)
    PORT1_IRQHandler                         0x000004fb   Thumb Code     0  startup_msp432.o(.text)
    PORT2_IRQHandler                         0x000004fb   Thumb Code     0  startup_msp432.o(.text)
    PORT3_IRQHandler                         0x000004fb   Thumb Code     0  startup_msp432.o(.text)
    PORT4_IRQHandler                         0x000004fb   Thumb Code     0  startup_msp432.o(.text)
    PORT5_IRQHandler                         0x000004fb   Thumb Code     0  startup_msp432.o(.text)
    PORT6_IRQHandler                         0x000004fb   Thumb Code     0  startup_msp432.o(.text)
    PSS_IRQHandler                           0x000004fb   Thumb Code     0  startup_msp432.o(.text)
    RTC_C_IRQHandler                         0x000004fb   Thumb Code     0  startup_msp432.o(.text)
    T32_INT1_IRQHandler                      0x000004fb   Thumb Code     0  startup_msp432.o(.text)
    T32_INT2_IRQHandler                      0x000004fb   Thumb Code     0  startup_msp432.o(.text)
    T32_INTC_IRQHandler                      0x000004fb   Thumb Code     0  startup_msp432.o(.text)
    TA0_N_IRQHandler                         0x000004fb   Thumb Code     0  startup_msp432.o(.text)
    TA2_N_IRQHandler                         0x000004fb   Thumb Code     0  startup_msp432.o(.text)
    TA3_0_IRQHandler                         0x000004fb   Thumb Code     0  startup_msp432.o(.text)
    TA3_N_IRQHandler                         0x000004fb   Thumb Code     0  startup_msp432.o(.text)
    WDT_A_IRQHandler                         0x000004fb   Thumb Code     0  startup_msp432.o(.text)
    DisableInterrupts                        0x00000505   Thumb Code     0  startup_msp432.o(.text)
    EnableInterrupts                         0x00000509   Thumb Code     0  startup_msp432.o(.text)
    StartCritical                            0x0000050d   Thumb Code     0  startup_msp432.o(.text)
    EndCritical                              0x00000515   Thumb Code     0  startup_msp432.o(.text)
    WaitForInterrupt                         0x0000051b   Thumb Code     0  startup_msp432.o(.text)
    __user_initial_stackheap                 0x0000051f   Thumb Code    10  startup_msp432.o(.text)
    __use_two_region_memory                  0x00000535   Thumb Code     2  heapauxi.o(.text)
    __rt_heap_escrow$2region                 0x00000537   Thumb Code     2  heapauxi.o(.text)
    __rt_heap_expand$2region                 0x00000539   Thumb Code     2  heapauxi.o(.text)
    __user_setup_stackheap                   0x0000053b   Thumb Code    74  sys_stackheap_outer.o(.text)
    exit                                     0x00000585   Thumb Code    18  exit.o(.text)
    __user_libspace                          0x00000599   Thumb Code     8  libspace.o(.text)
    __user_perproc_libspace                  0x00000599   Thumb Code     0  libspace.o(.text)
    __user_perthread_libspace                0x00000599   Thumb Code     0  libspace.o(.text)
    _sys_exit                                0x000005a1   Thumb Code     8  sys_exit.o(.text)
    __I$use$semihosting                      0x000005ad   Thumb Code     0  use_no_semi.o(.text)
    __use_no_semihosting_swi                 0x000005ad   Thumb Code     2  use_no_semi.o(.text)
    Nokia5110_Clear                          0x000005af   Thumb Code    30  nokia5110.o(i.Nokia5110_Clear)
    __semihosting_library_function           0x000005af   Thumb Code     0  indicate_semi.o(.text)
    Nokia5110_Init                           0x000005cd   Thumb Code   218  nokia5110.o(i.Nokia5110_Init)
    Nokia5110_OutChar                        0x000006b1   Thumb Code    46  nokia5110.o(i.Nokia5110_OutChar)
    Nokia5110_OutString                      0x000006e5   Thumb Code    24  nokia5110.o(i.Nokia5110_OutString)
    Nokia5110_OutUDec                        0x000006fd   Thumb Code   394  nokia5110.o(i.Nokia5110_OutUDec)
    Nokia5110_SetCursor                      0x00000899   Thumb Code    46  nokia5110.o(i.Nokia5110_SetCursor)
    PWM_Duty1                                0x000008c7   Thumb Code    22  pwm.o(i.PWM_Duty1)
    PWM_Duty2                                0x000008dd   Thumb Code    22  pwm.o(i.PWM_Duty2)
    PWM_Init                                 0x000008f5   Thumb Code   140  pwm.o(i.PWM_Init)
    SystemInit                               0x00000985   Thumb Code    16  system_msp432.o(i.SystemInit)
    TA0_0_IRQHandler                         0x000009a1   Thumb Code    28  inputcapture.o(i.TA0_0_IRQHandler)
    TA1_0_IRQHandler                         0x000009c1   Thumb Code    28  inputcapture.o(i.TA1_0_IRQHandler)
    TA1_N_IRQHandler                         0x000009e5   Thumb Code    28  inputcapture.o(i.TA1_N_IRQHandler)
    TA2_0_IRQHandler                         0x00000a09   Thumb Code    28  inputcapture.o(i.TA2_0_IRQHandler)
    TimerCapture1_Init                       0x00000a2d   Thumb Code   188  inputcapture.o(i.TimerCapture1_Init)
    encoder_init                             0x00000b01   Thumb Code    42  main.o(i.encoder_init)
    left_period_measure                      0x00000ba9   Thumb Code    34  main.o(i.left_period_measure)
    left_pid_controller                      0x00000bdd   Thumb Code    44  main.o(i.left_pid_controller)
    logic_init                               0x00000c11   Thumb Code    64  main.o(i.logic_init)
    main                                     0x00000c55   Thumb Code    90  main.o(i.main)
    print_debug                              0x00000cc1   Thumb Code    70  main.o(i.print_debug)
    right_period_measure                     0x00000d49   Thumb Code    34  main.o(i.right_period_measure)
    right_pid_controller                     0x00000d7d   Thumb Code    44  main.o(i.right_pid_controller)
    Masks                                    0x00000f90   Data           8  nokia5110.o(.constdata)
    Region$$Table$$Base                      0x00000f98   Number         0  anon$$obj.o(Region$$Table)
    Region$$Table$$Limit                     0x00000fb8   Number         0  anon$$obj.o(Region$$Table)
    leftPeriod                               0x20000000   Data           2  main.o(.data)
    leftFirst                                0x20000002   Data           2  main.o(.data)
    leftDone                                 0x20000004   Data           4  main.o(.data)
    leftCount                                0x20000008   Data           2  main.o(.data)
    rightPeriod                              0x2000000a   Data           2  main.o(.data)
    rightFirst                               0x2000000c   Data           2  main.o(.data)
    rightDone                                0x20000010   Data           4  main.o(.data)
    rightCount                               0x20000014   Data           2  main.o(.data)
    right_e_old                              0x20000016   Data           2  main.o(.data)
    right_E                                  0x20000018   Data           2  main.o(.data)
    left_e_old                               0x2000001a   Data           2  main.o(.data)
    left_E                                   0x2000001c   Data           2  main.o(.data)
    CaptureTask                              0x20000020   Data           4  inputcapture.o(.data)
    CaptureTask2                             0x20000024   Data           4  inputcapture.o(.data)
    SystemCoreClock                          0x20000028   Data           4  system_msp432.o(.data)
    __libspace_start                         0x2000002c   Data          96  libspace.o(.bss)
    __temporary_stack_top$libspace           0x2000008c   Data           0  libspace.o(.bss)



==============================================================================

Memory Map of the image

  Image Entry point : 0x000004e1

  Load Region LR_1 (Base: 0x00000000, Size: 0x00000fe4, Max: 0xffffffff, ABSOLUTE)

    Execution Region ER_RO (Base: 0x00000000, Size: 0x00000fb8, Max: 0xffffffff, ABSOLUTE)

    Base Addr    Size         Type   Attr      Idx    E Section Name        Object

    0x00000000   0x00000144   Data   RO          373    RESET               startup_msp432.o
    0x00000144   0x00000008   Code   RO          418  * !!!main             c_w.l(__main.o)
    0x0000014c   0x00000034   Code   RO          575    !!!scatter          c_w.l(__scatter.o)
    0x00000180   0x0000001a   Code   RO          577    !!handler_copy      c_w.l(__scatter_copy.o)
    0x0000019a   0x00000002   PAD
    0x0000019c   0x0000001c   Code   RO          579    !!handler_zi        c_w.l(__scatter_zi.o)
    0x000001b8   0x00000002   Code   RO          445    .ARM.Collect$$libinit$$00000000  c_w.l(libinit.o)
    0x000001ba   0x00000000   Code   RO          452    .ARM.Collect$$libinit$$00000002  c_w.l(libinit2.o)
    0x000001ba   0x00000000   Code   RO          454    .ARM.Collect$$libinit$$00000004  c_w.l(libinit2.o)
    0x000001ba   0x00000000   Code   RO          457    .ARM.Collect$$libinit$$0000000A  c_w.l(libinit2.o)
    0x000001ba   0x00000000   Code   RO          459    .ARM.Collect$$libinit$$0000000C  c_w.l(libinit2.o)
    0x000001ba   0x00000000   Code   RO          461    .ARM.Collect$$libinit$$0000000E  c_w.l(libinit2.o)
    0x000001ba   0x00000000   Code   RO          464    .ARM.Collect$$libinit$$00000011  c_w.l(libinit2.o)
    0x000001ba   0x00000000   Code   RO          466    .ARM.Collect$$libinit$$00000013  c_w.l(libinit2.o)
    0x000001ba   0x00000000   Code   RO          468    .ARM.Collect$$libinit$$00000015  c_w.l(libinit2.o)
    0x000001ba   0x00000000   Code   RO          470    .ARM.Collect$$libinit$$00000017  c_w.l(libinit2.o)
    0x000001ba   0x00000000   Code   RO          472    .ARM.Collect$$libinit$$00000019  c_w.l(libinit2.o)
    0x000001ba   0x00000000   Code   RO          474    .ARM.Collect$$libinit$$0000001B  c_w.l(libinit2.o)
    0x000001ba   0x00000000   Code   RO          476    .ARM.Collect$$libinit$$0000001D  c_w.l(libinit2.o)
    0x000001ba   0x00000000   Code   RO          478    .ARM.Collect$$libinit$$0000001F  c_w.l(libinit2.o)
    0x000001ba   0x00000000   Code   RO          480    .ARM.Collect$$libinit$$00000021  c_w.l(libinit2.o)
    0x000001ba   0x00000000   Code   RO          482    .ARM.Collect$$libinit$$00000023  c_w.l(libinit2.o)
    0x000001ba   0x00000000   Code   RO          484    .ARM.Collect$$libinit$$00000025  c_w.l(libinit2.o)
    0x000001ba   0x00000000   Code   RO          488    .ARM.Collect$$libinit$$0000002C  c_w.l(libinit2.o)
    0x000001ba   0x00000000   Code   RO          490    .ARM.Collect$$libinit$$0000002E  c_w.l(libinit2.o)
    0x000001ba   0x00000000   Code   RO          492    .ARM.Collect$$libinit$$00000030  c_w.l(libinit2.o)
    0x000001ba   0x00000000   Code   RO          494    .ARM.Collect$$libinit$$00000032  c_w.l(libinit2.o)
    0x000001ba   0x00000002   Code   RO          495    .ARM.Collect$$libinit$$00000033  c_w.l(libinit2.o)
    0x000001bc   0x00000002   Code   RO          515    .ARM.Collect$$libshutdown$$00000000  c_w.l(libshutdown.o)
    0x000001be   0x00000000   Code   RO          528    .ARM.Collect$$libshutdown$$00000002  c_w.l(libshutdown2.o)
    0x000001be   0x00000000   Code   RO          530    .ARM.Collect$$libshutdown$$00000004  c_w.l(libshutdown2.o)
    0x000001be   0x00000000   Code   RO          533    .ARM.Collect$$libshutdown$$00000007  c_w.l(libshutdown2.o)
    0x000001be   0x00000000   Code   RO          536    .ARM.Collect$$libshutdown$$0000000A  c_w.l(libshutdown2.o)
    0x000001be   0x00000000   Code   RO          538    .ARM.Collect$$libshutdown$$0000000C  c_w.l(libshutdown2.o)
    0x000001be   0x00000000   Code   RO          541    .ARM.Collect$$libshutdown$$0000000F  c_w.l(libshutdown2.o)
    0x000001be   0x00000002   Code   RO          542    .ARM.Collect$$libshutdown$$00000010  c_w.l(libshutdown2.o)
    0x000001c0   0x00000000   Code   RO          420    .ARM.Collect$$rtentry$$00000000  c_w.l(__rtentry.o)
    0x000001c0   0x00000000   Code   RO          422    .ARM.Collect$$rtentry$$00000002  c_w.l(__rtentry2.o)
    0x000001c0   0x00000006   Code   RO          434    .ARM.Collect$$rtentry$$00000004  c_w.l(__rtentry4.o)
    0x000001c6   0x00000000   Code   RO          424    .ARM.Collect$$rtentry$$00000009  c_w.l(__rtentry2.o)
    0x000001c6   0x00000004   Code   RO          425    .ARM.Collect$$rtentry$$0000000A  c_w.l(__rtentry2.o)
    0x000001ca   0x00000000   Code   RO          427    .ARM.Collect$$rtentry$$0000000C  c_w.l(__rtentry2.o)
    0x000001ca   0x00000008   Code   RO          428    .ARM.Collect$$rtentry$$0000000D  c_w.l(__rtentry2.o)
    0x000001d2   0x00000002   Code   RO          449    .ARM.Collect$$rtexit$$00000000  c_w.l(rtexit.o)
    0x000001d4   0x00000000   Code   RO          497    .ARM.Collect$$rtexit$$00000002  c_w.l(rtexit2.o)
    0x000001d4   0x00000004   Code   RO          498    .ARM.Collect$$rtexit$$00000003  c_w.l(rtexit2.o)
    0x000001d8   0x00000006   Code   RO          499    .ARM.Collect$$rtexit$$00000004  c_w.l(rtexit2.o)
    0x000001de   0x00000002   PAD
    0x000001e0   0x00000006   Code   RO            4    .emb_text           main.o
    0x000001e6   0x00000002   PAD
    0x000001e8   0x000002f8   Code   RO          155    .text               clocksystem.o
    0x000004e0   0x00000054   Code   RO          374  * .text               startup_msp432.o
    0x00000534   0x00000006   Code   RO          416    .text               c_w.l(heapauxi.o)
    0x0000053a   0x0000004a   Code   RO          436    .text               c_w.l(sys_stackheap_outer.o)
    0x00000584   0x00000012   Code   RO          438    .text               c_w.l(exit.o)
    0x00000596   0x00000002   PAD
    0x00000598   0x00000008   Code   RO          446    .text               c_w.l(libspace.o)
    0x000005a0   0x0000000c   Code   RO          507    .text               c_w.l(sys_exit.o)
    0x000005ac   0x00000002   Code   RO          518    .text               c_w.l(use_no_semi.o)
    0x000005ae   0x00000000   Code   RO          520    .text               c_w.l(indicate_semi.o)
    0x000005ae   0x0000001e   Code   RO          227    i.Nokia5110_Clear   nokia5110.o
    0x000005cc   0x000000e4   Code   RO          232    i.Nokia5110_Init    nokia5110.o
    0x000006b0   0x00000034   Code   RO          233    i.Nokia5110_OutChar  nokia5110.o
    0x000006e4   0x00000018   Code   RO          234    i.Nokia5110_OutString  nokia5110.o
    0x000006fc   0x0000019c   Code   RO          235    i.Nokia5110_OutUDec  nokia5110.o
    0x00000898   0x0000002e   Code   RO          237    i.Nokia5110_SetCursor  nokia5110.o
    0x000008c6   0x00000016   Code   RO          122    i.PWM_Duty1         pwm.o
    0x000008dc   0x00000016   Code   RO          123    i.PWM_Duty2         pwm.o
    0x000008f2   0x00000002   PAD
    0x000008f4   0x00000090   Code   RO          124    i.PWM_Init          pwm.o
    0x00000984   0x0000001c   Code   RO          382    i.SystemInit        system_msp432.o
    0x000009a0   0x00000020   Code   RO          164    i.TA0_0_IRQHandler  inputcapture.o
    0x000009c0   0x00000024   Code   RO          165    i.TA1_0_IRQHandler  inputcapture.o
    0x000009e4   0x00000024   Code   RO          166    i.TA1_N_IRQHandler  inputcapture.o
    0x00000a08   0x00000024   Code   RO          167    i.TA2_0_IRQHandler  inputcapture.o
    0x00000a2c   0x000000d4   Code   RO          168    i.TimerCapture1_Init  inputcapture.o
    0x00000b00   0x00000030   Code   RO            5    i.encoder_init      main.o
    0x00000b30   0x00000034   Code   RO          247    i.lcddatawrite      nokia5110.o
    0x00000b64   0x00000044   Code   RO          248    i.lcdwrite          nokia5110.o
    0x00000ba8   0x00000034   Code   RO            6    i.left_period_measure  main.o
    0x00000bdc   0x00000034   Code   RO            7    i.left_pid_controller  main.o
    0x00000c10   0x00000044   Code   RO            8    i.logic_init        main.o
    0x00000c54   0x0000006c   Code   RO            9    i.main              main.o
    0x00000cc0   0x00000088   Code   RO           11    i.print_debug       main.o
    0x00000d48   0x00000034   Code   RO           12    i.right_period_measure  main.o
    0x00000d7c   0x00000034   Code   RO           13    i.right_pid_controller  main.o
    0x00000db0   0x000001e8   Data   RO          250    .constdata          nokia5110.o
    0x00000f98   0x00000020   Data   RO          573    Region$$Table       anon$$obj.o


    Execution Region ER_RW (Base: 0x20000000, Size: 0x0000002c, Max: 0xffffffff, ABSOLUTE)

    Base Addr    Size         Type   Attr      Idx    E Section Name        Object

    0x20000000   0x0000001e   Data   RW           14    .data               main.o
    0x2000001e   0x00000002   PAD
    0x20000020   0x00000008   Data   RW          171    .data               inputcapture.o
    0x20000028   0x00000004   Data   RW          383    .data               system_msp432.o


    Execution Region ER_ZI (Base: 0x2000002c, Size: 0x00000464, Max: 0xffffffff, ABSOLUTE)

    Base Addr    Size         Type   Attr      Idx    E Section Name        Object

    0x2000002c   0x00000060   Zero   RW          447    .bss                c_w.l(libspace.o)
    0x2000008c   0x00000004   PAD
    0x20000090   0x00000000   Zero   RW          372    HEAP                startup_msp432.o
    0x20000090   0x00000400   Zero   RW          371    STACK               startup_msp432.o


==============================================================================

Image component sizes


      Code (inc. data)   RO Data    RW Data    ZI Data      Debug   Object Name

       760         78          0          0          0        492   clocksystem.o
       352         52          0          8          0       2988   inputcapture.o
       574        146          0         30          0       9151   main.o
       912         50        488          0          0       5394   nokia5110.o
       188          4          0          0          0       1435   pwm.o
        84         20        324          0       1024        872   startup_msp432.o
        28         12          0          4          0        675   system_msp432.o

    ----------------------------------------------------------------------
      2902        362        844         44       1024      21007   Object Totals
         0          0         32          0          0          0   (incl. Generated)
         4          0          0          2          0          0   (incl. Padding)

    ----------------------------------------------------------------------

      Code (inc. data)   RO Data    RW Data    ZI Data      Debug   Library Member Name

         8          0          0          0          0         68   __main.o
         0          0          0          0          0          0   __rtentry.o
        12          0          0          0          0          0   __rtentry2.o
         6          0          0          0          0          0   __rtentry4.o
        52          8          0          0          0          0   __scatter.o
        26          0          0          0          0          0   __scatter_copy.o
        28          0          0          0          0          0   __scatter_zi.o
        18          0          0          0          0         80   exit.o
         6          0          0          0          0        152   heapauxi.o
         0          0          0          0          0          0   indicate_semi.o
         2          0          0          0          0          0   libinit.o
         2          0          0          0          0          0   libinit2.o
         2          0          0          0          0          0   libshutdown.o
         2          0          0          0          0          0   libshutdown2.o
         8          4          0          0         96         68   libspace.o
         2          0          0          0          0          0   rtexit.o
        10          0          0          0          0          0   rtexit2.o
        12          4          0          0          0         68   sys_exit.o
        74          0          0          0          0         80   sys_stackheap_outer.o
         2          0          0          0          0         68   use_no_semi.o

    ----------------------------------------------------------------------
       278         16          0          0        100        584   Library Totals
         6          0          0          0          4          0   (incl. Padding)

    ----------------------------------------------------------------------

      Code (inc. data)   RO Data    RW Data    ZI Data      Debug   Library Name

       272         16          0          0         96        584   c_w.l

    ----------------------------------------------------------------------
       278         16          0          0        100        584   Library Totals

    ----------------------------------------------------------------------

==============================================================================


      Code (inc. data)   RO Data    RW Data    ZI Data      Debug   

      3180        378        844         44       1124      20235   Grand Totals
      3180        378        844         44       1124      20235   ELF Image Totals
      3180        378        844         44          0          0   ROM Totals

==============================================================================

    Total RO  Size (Code + RO Data)                 4024 (   3.93kB)
    Total RW  Size (RW Data + ZI Data)              1168 (   1.14kB)
    Total ROM Size (Code + RO Data + RW Data)       4068 (   3.97kB)

==============================================================================

