Component: ARM Compiler 5.06 update 1 (build 61) Tool: armlink [4d35a8]

==============================================================================

Section Cross References

    main.o(i.average) refers to deqf.o(x$fpl$deqf) for __aeabi_cdcmpeq
    main.o(i.average) refers to daddsub_clz.o(x$fpl$dadd) for __aeabi_dadd
    main.o(i.average) refers to dflt_clz.o(x$fpl$dfltu) for __aeabi_ui2d
    main.o(i.average) refers to ddiv.o(x$fpl$ddiv) for __aeabi_ddiv
    main.o(i.calculateDistance) refers to pow.o(i.pow) for pow
    main.o(i.calculateDistance) refers to dflt_clz.o(x$fpl$dfltu) for __aeabi_ui2d
    main.o(i.calculateDistance) refers to dmul.o(x$fpl$dmul) for __aeabi_dmul
    main.o(i.left_period_measure) refers to main.o(.data) for leftFirst
    main.o(i.left_pid_controller) refers to main.o(.data) for left_e_old
    main.o(i.main) refers to clocksystem.o(.text) for Clock_Init48MHz
    main.o(i.main) refers to pwm.o(i.PWM_Init) for PWM_Init
    main.o(i.main) refers to nokia5110.o(i.Nokia5110_Init) for Nokia5110_Init
    main.o(i.main) refers to main.o(i.logic_init) for logic_init
    main.o(i.main) refers to main.o(i.encoder_init) for encoder_init
    main.o(i.main) refers to main.o(i.sonar1_init) for sonar1_init
    main.o(i.main) refers to main.o(i.sonar2_init) for sonar2_init
    main.o(i.main) refers to main.o(i.period_measure_init) for period_measure_init
    main.o(i.main) refers to inputcapture.o(i.TimerCapture1_Init) for TimerCapture1_Init
    main.o(i.main) refers to startup_msp432.o(.text) for EnableInterrupts
    main.o(i.main) refers to main.o(i.scale) for scale
    main.o(i.main) refers to main.o(i.left_pid_controller) for left_pid_controller
    main.o(i.main) refers to main.o(i.right_pid_controller) for right_pid_controller
    main.o(i.main) refers to main.o(i.print_udecs) for print_udecs
    main.o(i.main) refers to pwm.o(i.PWM_Duty1) for PWM_Duty1
    main.o(i.main) refers to pwm.o(i.PWM_Duty2) for PWM_Duty2
    main.o(i.main) refers to main.o(i.sonar1_measure) for sonar1_measure
    main.o(i.main) refers to main.o(i.sonar2_measure) for sonar2_measure
    main.o(i.main) refers to main.o(i.average) for average
    main.o(i.main) refers to main.o(.emb_text) for Delay
    main.o(i.main) refers to main.o(i.right_period_measure) for right_period_measure
    main.o(i.main) refers to main.o(i.left_period_measure) for left_period_measure
    main.o(i.main) refers to main.o(.data) for leftPeriod
    main.o(i.period_measure_init) refers to main.o(.data) for leftFirst
    main.o(i.print_debug) refers to nokia5110.o(i.Nokia5110_Clear) for Nokia5110_Clear
    main.o(i.print_debug) refers to nokia5110.o(i.Nokia5110_OutString) for Nokia5110_OutString
    main.o(i.print_debug) refers to nokia5110.o(i.Nokia5110_OutUDec) for Nokia5110_OutUDec
    main.o(i.print_debug) refers to main.o(.data) for leftPeriod
    main.o(i.print_sonars) refers to _printf_percent.o(.ARM.Collect$$_printf_percent$$00000000) for _printf_percent
    main.o(i.print_sonars) refers to _printf_f.o(.ARM.Collect$$_printf_percent$$00000003) for _printf_f
    main.o(i.print_sonars) refers to printf1.o(x$fpl$printf1) for _printf_fp_dec
    main.o(i.print_sonars) refers to noretval__2sprintf.o(.text) for __2sprintf
    main.o(i.print_sonars) refers to nokia5110.o(i.Nokia5110_Clear) for Nokia5110_Clear
    main.o(i.print_sonars) refers to nokia5110.o(i.Nokia5110_OutString) for Nokia5110_OutString
    main.o(i.print_udecs) refers to nokia5110.o(i.Nokia5110_Clear) for Nokia5110_Clear
    main.o(i.print_udecs) refers to nokia5110.o(i.Nokia5110_OutString) for Nokia5110_OutString
    main.o(i.print_udecs) refers to nokia5110.o(i.Nokia5110_OutUDec) for Nokia5110_OutUDec
    main.o(i.right_period_measure) refers to main.o(.data) for rightFirst
    main.o(i.right_pid_controller) refers to main.o(.data) for right_e_old
    main.o(i.sonar1_measure) refers to main.o(.emb_text) for Delay
    main.o(i.sonar1_measure) refers to main.o(i.calculateDistance) for calculateDistance
    main.o(i.sonar1_measure) refers to main.o(.data) for ns1
    main.o(i.sonar2_measure) refers to main.o(.emb_text) for Delay
    main.o(i.sonar2_measure) refers to main.o(i.calculateDistance) for calculateDistance
    main.o(i.sonar2_measure) refers to main.o(.data) for ns2
    pwm.o(i.PWM_Init) refers to clocksystem.o(.text) for Clock_Init48MHz
    inputcapture.o(i.TA0_0_IRQHandler) refers to inputcapture.o(.data) for CaptureTask
    inputcapture.o(i.TA1_0_IRQHandler) refers to inputcapture.o(.data) for CaptureTask
    inputcapture.o(i.TA1_N_IRQHandler) refers to inputcapture.o(.data) for CaptureTask2
    inputcapture.o(i.TA2_0_IRQHandler) refers to inputcapture.o(.data) for CaptureTask2
    inputcapture.o(i.TimerCapture1_Init) refers to startup_msp432.o(.text) for StartCritical
    inputcapture.o(i.TimerCapture1_Init) refers to inputcapture.o(.data) for CaptureTask
[...]
    pow_x.o(i.__pow$lsc) refers to ddiv.o(x$fpl$ddiv) for __aeabi_ddiv
    pow_x.o(i.__pow$lsc) refers to sqrt.o(i.sqrt) for sqrt
    pow_x.o(i.__pow$lsc) refers to dmul.o(x$fpl$dmul) for __aeabi_dmul
    pow_x.o(i.__pow$lsc) refers to dflt_clz.o(x$fpl$dflt) for __aeabi_i2d
    pow_x.o(i.__pow$lsc) refers to daddsub_clz.o(x$fpl$dsub) for __aeabi_dsub
    pow_x.o(i.__pow$lsc) refers to scalbn.o(x$fpl$scalbn) for __ARM_scalbn
    pow_x.o(i.__pow$lsc) refers to daddsub_clz.o(x$fpl$drsb) for __aeabi_drsub
    pow_x.o(i.__pow$lsc) refers to daddsub_clz.o(x$fpl$dadd) for __aeabi_dadd
    pow_x.o(i.__pow$lsc) refers to qnan.o(.constdata) for __mathlib_zero
    pow_x.o(i.__pow$lsc) refers to poly.o(i.__kernel_poly) for __kernel_poly
    pow_x.o(i.__pow$lsc) refers to drleqf.o(x$fpl$drleqf) for __aeabi_cdrcmple
    pow_x.o(i.__pow$lsc) refers to pow_x.o(.constdata) for .constdata
    pow_x.o(.constdata) refers (Special) to usenofp.o(x$fpl$usenofp) for __I$use$fp
    __rtentry.o(.ARM.Collect$$rtentry$$00000000) refers (Special) to __rtentry2.o(.ARM.Collect$$rtentry$$0000000A) for __rt_entry_li
    __rtentry.o(.ARM.Collect$$rtentry$$00000000) refers (Special) to __rtentry2.o(.ARM.Collect$$rtentry$$0000000D) for __rt_entry_main
    __rtentry.o(.ARM.Collect$$rtentry$$00000000) refers (Special) to __rtentry2.o(.ARM.Collect$$rtentry$$0000000C) for __rt_entry_postli_1
    __rtentry.o(.ARM.Collect$$rtentry$$00000000) refers (Special) to __rtentry2.o(.ARM.Collect$$rtentry$$00000009) for __rt_entry_postsh_1
    __rtentry.o(.ARM.Collect$$rtentry$$00000000) refers (Special) to __rtentry2.o(.ARM.Collect$$rtentry$$00000002) for __rt_entry_presh_1
    __rtentry.o(.ARM.Collect$$rtentry$$00000000) refers (Special) to __rtentry4.o(.ARM.Collect$$rtentry$$00000004) for __rt_entry_sh
    _rserrno.o(.text) refers to rt_errno_addr_intlibspace.o(.text) for __aeabi_errno_addr
    _printf_fp_dec.o(.text) refers (Special) to usenofp.o(x$fpl$usenofp) for __I$use$fp
    _printf_fp_dec.o(.text) refers (Special) to lc_numeric_c.o(locale$$code) for _get_lc_numeric
    _printf_fp_dec.o(.text) refers to bigflt0.o(.text) for _btod_etento
    _printf_fp_dec.o(.text) refers to btod.o(CL$$btod_d2e) for _btod_d2e
    _printf_fp_dec.o(.text) refers to btod.o(CL$$btod_ediv) for _btod_ediv
    _printf_fp_dec.o(.text) refers to btod.o(CL$$btod_emul) for _btod_emul
    _printf_fp_dec.o(.text) refers to lludiv10.o(.text) for _ll_udiv10
    _printf_fp_dec.o(.text) refers to fpclassify.o(i.__ARM_fpclassify) for __ARM_fpclassify
    _printf_fp_dec.o(.text) refers to _printf_fp_infnan.o(.text) for _printf_fp_infnan
    _printf_fp_dec.o(.text) refers to rt_locale_intlibspace.o(.text) for __rt_locale
    _printf_char_common.o(.text) refers to __printf.o(.text) for __printf
    dcmpi.o(x$fpl$dcmpinf) refers (Special) to usenofp.o(x$fpl$usenofp) for __I$use$fp
    dnaninf.o(x$fpl$dnaninf) refers (Special) to usenofp.o(x$fpl$usenofp) for __I$use$fp
    dretinf.o(x$fpl$dretinf) refers (Special) to usenofp.o(x$fpl$usenofp) for __I$use$fp
    drleqf.o(x$fpl$drleqf) refers (Special) to usenofp.o(x$fpl$usenofp) for __I$use$fp
    drleqf.o(x$fpl$drleqf) refers to dleqf.o(x$fpl$dleqf) for __fpl_dcmple_InfNaN
    scalbn.o(x$fpl$scalbn) refers (Special) to usenofp.o(x$fpl$usenofp) for __I$use$fp
    scalbn.o(x$fpl$scalbn) refers to dcheck1.o(x$fpl$dcheck1) for __fpl_dcheck_NaN1
    dunder.o(i.__mathlib_dbl_divzero) refers to ddiv.o(x$fpl$ddiv) for __aeabi_ddiv
    dunder.o(i.__mathlib_dbl_infnan) refers to scalbn.o(x$fpl$scalbn) for __ARM_scalbn
    dunder.o(i.__mathlib_dbl_infnan2) refers to daddsub_clz.o(x$fpl$dadd) for __aeabi_dadd
    dunder.o(i.__mathlib_dbl_invalid) refers to ddiv.o(x$fpl$ddiv) for __aeabi_ddiv
    dunder.o(i.__mathlib_dbl_overflow) refers to scalbn.o(x$fpl$scalbn) for __ARM_scalbn
    dunder.o(i.__mathlib_dbl_posinfnan) refers to dmul.o(x$fpl$dmul) for __aeabi_dmul
    dunder.o(i.__mathlib_dbl_underflow) refers to scalbn.o(x$fpl$scalbn) for __ARM_scalbn
    fpclassify.o(i.__ARM_fpclassify) refers (Special) to usenofp.o(x$fpl$usenofp) for __I$use$fp
    poly.o(i.__kernel_poly) refers (Special) to usenofp.o(x$fpl$usenofp) for __I$use$fp
    poly.o(i.__kernel_poly) refers to dmul.o(x$fpl$dmul) for __aeabi_dmul
    poly.o(i.__kernel_poly) refers to daddsub_clz.o(x$fpl$dadd) for __aeabi_dadd
    qnan.o(.constdata) refers (Special) to usenofp.o(x$fpl$usenofp) for __I$use$fp
    sqrt.o(i.__softfp_sqrt) refers (Special) to usenofp.o(x$fpl$usenofp) for __I$use$fp
    sqrt.o(i.__softfp_sqrt) refers to dsqrt_umaal.o(x$fpl$dsqrt) for _dsqrt
    sqrt.o(i.__softfp_sqrt) refers to _rserrno.o(.text) for __set_errno
    sqrt.o(i.sqrt) refers (Special) to usenofp.o(x$fpl$usenofp) for __I$use$fp
    sqrt.o(i.sqrt) refers to dsqrt_umaal.o(x$fpl$dsqrt) for _dsqrt
    sqrt.o(i.sqrt) refers to _rserrno.o(.text) for __set_errno
    sqrt_x.o(i.____softfp_sqrt$lsc) refers (Special) to usenofp.o(x$fpl$usenofp) for __I$use$fp
    sqrt_x.o(i.____softfp_sqrt$lsc) refers to dleqf.o(x$fpl$dleqf) for __aeabi_cdcmple
    sqrt_x.o(i.____softfp_sqrt$lsc) refers to _rserrno.o(.text) for __set_errno
    sqrt_x.o(i.____softfp_sqrt$lsc) refers to dsqrt_umaal.o(x$fpl$dsqrt) for _dsqrt
    sqrt_x.o(i.__sqrt$lsc) refers (Special) to usenofp.o(x$fpl$usenofp) for __I$use$fp
    sqrt_x.o(i.__sqrt$lsc) refers to dleqf.o(x$fpl$dleqf) for __aeabi_cdcmple
    sqrt_x.o(i.__sqrt$lsc) refers to _rserrno.o(.text) for __set_errno
    sqrt_x.o(i.__sqrt$lsc) refers to dsqrt_umaal.o(x$fpl$dsqrt) for _dsqrt
    __rtentry2.o(.ARM.Collect$$rtentry$$00000008) refers to boardinit2.o(.text) for _platform_post_stackheap_init
    __rtentry2.o(.ARM.Collect$$rtentry$$0000000A) refers to libinit.o(.ARM.Collect$$libinit$$00000000) for __rt_lib_init
    __rtentry2.o(.ARM.Collect$$rtentry$$0000000B) refers to boardinit3.o(.text) for _platform_post_lib_init
    __rtentry2.o(.ARM.Collect$$rtentry$$0000000D) refers to main.o(i.main) for main
    __rtentry2.o(.ARM.Collect$$rtentry$$0000000D) refers to exit.o(.text) for exit
    __rtentry2.o(.ARM.exidx) refers to __rtentry2.o(.ARM.Collect$$rtentry$$00000001) for .ARM.Collect$$rtentry$$00000001
    __rtentry2.o(.ARM.exidx) refers to __rtentry2.o(.ARM.Collect$$rtentry$$00000008) for .ARM.Collect$$rtentry$$00000008
    __rtentry2.o(.ARM.exidx) refers to __rtentry2.o(.ARM.Collect$$rtentry$$0000000A) for .ARM.Collect$$rtentry$$0000000A
    __rtentry2.o(.ARM.exidx) refers to __rtentry2.o(.ARM.Collect$$rtentry$$0000000B) for .ARM.Collect$$rtentry$$0000000B
    __rtentry2.o(.ARM.exidx) refers to __rtentry2.o(.ARM.Collect$$rtentry$$0000000D) for .ARM.Collect$$rtentry$$0000000D
    __rtentry4.o(.ARM.Collect$$rtentry$$00000004) refers to sys_stackheap_outer.o(.text) for __user_setup_stackheap
    __rtentry4.o(.ARM.exidx) refers to __rtentry4.o(.ARM.Collect$$rtentry$$00000004) for .ARM.Collect$$rtentry$$00000004
    rt_locale.o(.text) refers to rt_locale.o(.bss) for __rt_locale_data
    rt_locale_intlibspace.o(.text) refers to libspace.o(.bss) for __libspace_start
    rt_errno_addr.o(.text) refers to rt_errno_addr.o(.bss) for __aeabi_errno_addr_data
    rt_errno_addr_intlibspace.o(.text) refers to libspace.o(.bss) for __libspace_start
    bigflt0.o(.text) refers (Special) to usenofp.o(x$fpl$usenofp) for __I$use$fp
    bigflt0.o(.text) refers to btod.o(CL$$btod_emul) for _btod_emul
    bigflt0.o(.text) refers to btod.o(CL$$btod_ediv) for _btod_ediv
    bigflt0.o(.text) refers to bigflt0.o(.constdata) for .constdata
    bigflt0.o(.constdata) refers (Special) to usenofp.o(x$fpl$usenofp) for __I$use$fp
    btod.o(CL$$btod_d2e) refers (Special) to usenofp.o(x$fpl$usenofp) for __I$use$fp
    btod.o(CL$$btod_d2e) refers to btod.o(CL$$btod_d2e_norm_op1) for _d2e_norm_op1
    btod.o(CL$$btod_d2e_norm_op1) refers (Special) to usenofp.o(x$fpl$usenofp) for __I$use$fp
    btod.o(CL$$btod_d2e_norm_op1) refers to btod.o(CL$$btod_d2e_denorm_low) for _d2e_denorm_low
    btod.o(CL$$btod_d2e_denorm_low) refers (Special) to usenofp.o(x$fpl$usenofp) for __I$use$fp
    btod.o(CL$$btod_emul) refers (Special) to usenofp.o(x$fpl$usenofp) for __I$use$fp
    btod.o(CL$$btod_emul) refers to btod.o(CL$$btod_mult_common) for __btod_mult_common
    btod.o(CL$$btod_emul) refers to btod.o(CL$$btod_e2e) for _e2e
    btod.o(CL$$btod_ediv) refers (Special) to usenofp.o(x$fpl$usenofp) for __I$use$fp
    btod.o(CL$$btod_ediv) refers to btod.o(CL$$btod_div_common) for __btod_div_common
    btod.o(CL$$btod_ediv) refers to btod.o(CL$$btod_e2e) for _e2e
    btod.o(CL$$btod_emuld) refers (Special) to usenofp.o(x$fpl$usenofp) for __I$use$fp
    btod.o(CL$$btod_emuld) refers to btod.o(CL$$btod_mult_common) for __btod_mult_common
    btod.o(CL$$btod_emuld) refers to btod.o(CL$$btod_e2d) for _e2d
    btod.o(CL$$btod_edivd) refers (Special) to usenofp.o(x$fpl$usenofp) for __I$use$fp
    btod.o(CL$$btod_edivd) refers to btod.o(CL$$btod_div_common) for __btod_div_common
    btod.o(CL$$btod_edivd) refers to btod.o(CL$$btod_e2d) for _e2d
    btod.o(CL$$btod_e2e) refers (Special) to usenofp.o(x$fpl$usenofp) for __I$use$fp
    btod.o(CL$$btod_e2d) refers (Special) to usenofp.o(x$fpl$usenofp) for __I$use$fp
    btod.o(CL$$btod_e2d) refers to btod.o(CL$$btod_e2e) for _e2e
    btod.o(CL$$btod_mult_common) refers (Special) to usenofp.o(x$fpl$usenofp) for __I$use$fp
    btod.o(CL$$btod_div_common) refers (Special) to usenofp.o(x$fpl$usenofp) for __I$use$fp
    lc_numeric_c.o(locale$$data) refers (Special) to libinit2.o(.ARM.Collect$$libinit$$00000016) for __rt_lib_init_lc_numeric_2
    lc_numeric_c.o(locale$$code) refers (Special) to libinit2.o(.ARM.Collect$$libinit$$00000016) for __rt_lib_init_lc_numeric_2
    lc_numeric_c.o(locale$$code) refers to strcmpv7m.o(.text) for strcmp
    lc_numeric_c.o(locale$$code) refers to lc_numeric_c.o(locale$$data) for __lcnum_c_name
    dcheck1.o(x$fpl$dcheck1) refers (Special) to usenofp.o(x$fpl$usenofp) for __I$use$fp
    dcheck1.o(x$fpl$dcheck1) refers to retnan.o(x$fpl$retnan) for __fpl_return_NaN
    dleqf.o(x$fpl$dleqf) refers (Special) to usenofp.o(x$fpl$usenofp) for __I$use$fp
    dleqf.o(x$fpl$dleqf) refers to dnaninf.o(x$fpl$dnaninf) for __fpl_dnaninf
    dleqf.o(x$fpl$dleqf) refers to dcmpi.o(x$fpl$dcmpinf) for __fpl_dcmp_Inf
    dsqrt_umaal.o(x$fpl$dsqrt) refers (Special) to usenofp.o(x$fpl$usenofp) for __I$use$fp
    dsqrt_umaal.o(x$fpl$dsqrt) refers to dnaninf.o(x$fpl$dnaninf) for __fpl_dnaninf
    istatus.o(x$fpl$ieeestatus) refers (Special) to usenofp.o(x$fpl$usenofp) for __I$use$fp
    libspace.o(.text) refers to libspace.o(.bss) for __libspace_start
    sys_stackheap_outer.o(.text) refers to libspace.o(.text) for __user_perproc_libspace
    sys_stackheap_outer.o(.text) refers to startup_msp432.o(.text) for __user_initial_stackheap
    exit.o(.text) refers to rtexit.o(.ARM.Collect$$rtexit$$00000000) for __rt_exit
    libinit.o(.ARM.Collect$$libinit$$00000000) refers (Special) to libinit2.o(.ARM.Collect$$libinit$$0000002E) for __rt_lib_init_alloca_1
    libinit.o(.ARM.Collect$$libinit$$00000000) refers (Special) to libinit2.o(.ARM.Collect$$libinit$$0000002C) for __rt_lib_init_argv_1
    libinit.o(.ARM.Collect$$libinit$$00000000) refers (Special) to libinit2.o(.ARM.Collect$$libinit$$0000001B) for __rt_lib_init_atexit_1
    libinit.o(.ARM.Collect$$libinit$$00000000) refers (Special) to libinit2.o(.ARM.Collect$$libinit$$00000021) for __rt_lib_init_clock_1
    libinit.o(.ARM.Collect$$libinit$$00000000) refers (Special) to libinit2.o(.ARM.Collect$$libinit$$00000032) for __rt_lib_init_cpp_1
    libinit.o(.ARM.Collect$$libinit$$00000000) refers (Special) to libinit2.o(.ARM.Collect$$libinit$$00000030) for __rt_lib_init_exceptions_1
    libinit.o(.ARM.Collect$$libinit$$00000000) refers (Special) to libinit2.o(.ARM.Collect$$libinit$$00000002) for __rt_lib_init_fp_1
    libinit.o(.ARM.Collect$$libinit$$00000000) refers (Special) to libinit2.o(.ARM.Collect$$libinit$$0000001F) for __rt_lib_init_fp_trap_1
    libinit.o(.ARM.Collect$$libinit$$00000000) refers (Special) to libinit2.o(.ARM.Collect$$libinit$$00000023) for __rt_lib_init_getenv_1
    libinit.o(.ARM.Collect$$libinit$$00000000) refers (Special) to libinit2.o(.ARM.Collect$$libinit$$0000000A) for __rt_lib_init_heap_1
    libinit.o(.ARM.Collect$$libinit$$00000000) refers (Special) to libinit2.o(.ARM.Collect$$libinit$$00000011) for __rt_lib_init_lc_collate_1
    libinit.o(.ARM.Collect$$libinit$$00000000) refers (Special) to libinit2.o(.ARM.Collect$$libinit$$00000013) for __rt_lib_init_lc_ctype_1
    libinit.o(.ARM.Collect$$libinit$$00000000) refers (Special) to libinit2.o(.ARM.Collect$$libinit$$00000015) for __rt_lib_init_lc_monetary_1
    libinit.o(.ARM.Collect$$libinit$$00000000) refers (Special) to libinit2.o(.ARM.Collect$$libinit$$00000017) for __rt_lib_init_lc_numeric_1
    libinit.o(.ARM.Collect$$libinit$$00000000) refers (Special) to libinit2.o(.ARM.Collect$$libinit$$00000019) for __rt_lib_init_lc_time_1
    libinit.o(.ARM.Collect$$libinit$$00000000) refers (Special) to libinit2.o(.ARM.Collect$$libinit$$00000004) for __rt_lib_init_preinit_1
    libinit.o(.ARM.Collect$$libinit$$00000000) refers (Special) to libinit2.o(.ARM.Collect$$libinit$$0000000E) for __rt_lib_init_rand_1
    libinit.o(.ARM.Collect$$libinit$$00000000) refers (Special) to libinit2.o(.ARM.Collect$$libinit$$00000033) for __rt_lib_init_return
    libinit.o(.ARM.Collect$$libinit$$00000000) refers (Special) to libinit2.o(.ARM.Collect$$libinit$$0000001D) for __rt_lib_init_signal_1
    libinit.o(.ARM.Collect$$libinit$$00000000) refers (Special) to libinit2.o(.ARM.Collect$$libinit$$00000025) for __rt_lib_init_stdio_1
    libinit.o(.ARM.Collect$$libinit$$00000000) refers (Special) to libinit2.o(.ARM.Collect$$libinit$$0000000C) for __rt_lib_init_user_alloc_1
    libinit2.o(.ARM.Collect$$libinit$$0000000F) refers (Weak) to rt_locale_intlibspace.o(.text) for __rt_locale
    libinit2.o(.ARM.Collect$$libinit$$00000010) refers to libinit2.o(.ARM.Collect$$libinit$$0000000F) for .ARM.Collect$$libinit$$0000000F
    libinit2.o(.ARM.Collect$$libinit$$00000012) refers to libinit2.o(.ARM.Collect$$libinit$$0000000F) for .ARM.Collect$$libinit$$0000000F
    libinit2.o(.ARM.Collect$$libinit$$00000014) refers to libinit2.o(.ARM.Collect$$libinit$$0000000F) for .ARM.Collect$$libinit$$0000000F
    libinit2.o(.ARM.Collect$$libinit$$00000016) refers to libinit2.o(.ARM.Collect$$libinit$$0000000F) for .ARM.Collect$$libinit$$0000000F
    libinit2.o(.ARM.Collect$$libinit$$00000016) refers (Weak) to lc_numeric_c.o(locale$$code) for _get_lc_numeric
    libinit2.o(.ARM.Collect$$libinit$$00000018) refers to libinit2.o(.ARM.Collect$$libinit$$0000000F) for .ARM.Collect$$libinit$$0000000F
    libinit2.o(.ARM.Collect$$libinit$$00000026) refers to argv_veneer.o(.emb_text) for __ARM_argv_veneer
    libinit2.o(.ARM.Collect$$libinit$$00000027) refers to argv_veneer.o(.emb_text) for __ARM_argv_veneer
    retnan.o(x$fpl$retnan) refers (Special) to usenofp.o(x$fpl$usenofp) for __I$use$fp
    retnan.o(x$fpl$retnan) refers to trapv.o(x$fpl$trapveneer) for __fpl_cmpreturn
    rtexit.o(.ARM.Collect$$rtexit$$00000000) refers (Special) to rtexit2.o(.ARM.Collect$$rtexit$$00000004) for __rt_exit_exit
    rtexit.o(.ARM.Collect$$rtexit$$00000000) refers (Special) to rtexit2.o(.ARM.Collect$$rtexit$$00000003) for __rt_exit_ls
    rtexit.o(.ARM.Collect$$rtexit$$00000000) refers (Special) to rtexit2.o(.ARM.Collect$$rtexit$$00000002) for __rt_exit_prels_1
    rtexit.o(.ARM.exidx) refers (Special) to rtexit2.o(.ARM.Collect$$rtexit$$00000004) for __rt_exit_exit
    rtexit.o(.ARM.exidx) refers (Special) to rtexit2.o(.ARM.Collect$$rtexit$$00000003) for __rt_exit_ls
    rtexit.o(.ARM.exidx) refers (Special) to rtexit2.o(.ARM.Collect$$rtexit$$00000002) for __rt_exit_prels_1
    rtexit.o(.ARM.exidx) refers to rtexit.o(.ARM.Collect$$rtexit$$00000000) for .ARM.Collect$$rtexit$$00000000
    argv_veneer.o(.emb_text) refers to no_argv.o(.text) for __ARM_get_argv
    trapv.o(x$fpl$trapveneer) refers (Special) to usenofp.o(x$fpl$usenofp) for __I$use$fp
    rtexit2.o(.ARM.Collect$$rtexit$$00000003) refers to libshutdown.o(.ARM.Collect$$libshutdown$$00000000) for __rt_lib_shutdown
    rtexit2.o(.ARM.Collect$$rtexit$$00000004) refers to sys_exit.o(.text) for _sys_exit
    rtexit2.o(.ARM.exidx) refers to rtexit2.o(.ARM.Collect$$rtexit$$00000001) for .ARM.Collect$$rtexit$$00000001
    rtexit2.o(.ARM.exidx) refers to rtexit2.o(.ARM.Collect$$rtexit$$00000003) for .ARM.Collect$$rtexit$$00000003
    rtexit2.o(.ARM.exidx) refers to rtexit2.o(.ARM.Collect$$rtexit$$00000004) for .ARM.Collect$$rtexit$$00000004
    _get_argv_nomalloc.o(.text) refers (Special) to hrguard.o(.text) for __heap_region$guard
    _get_argv_nomalloc.o(.text) refers to defsig_rtmem_outer.o(.text) for __rt_SIGRTMEM
    _get_argv_nomalloc.o(.text) refers to sys_command.o(.text) for _sys_command_string
    sys_command.o(.text) refers (Special) to use_no_semi.o(.text) for __I$use$semihosting
    sys_command.o(.text) refers (Special) to indicate_semi.o(.text) for __semihosting_library_function
    sys_exit.o(.text) refers (Special) to use_no_semi.o(.text) for __I$use$semihosting
    sys_exit.o(.text) refers (Special) to indicate_semi.o(.text) for __semihosting_library_function
    defsig_rtmem_outer.o(.text) refers to defsig_rtmem_inner.o(.text) for __rt_SIGRTMEM_inner
    defsig_rtmem_outer.o(.text) refers to defsig_exit.o(.text) for __sig_exit
    defsig_rtmem_formal.o(.text) refers to rt_raise.o(.text) for __rt_raise
    libshutdown.o(.ARM.Collect$$libshutdown$$00000000) refers (Special) to libshutdown2.o(.ARM.Collect$$libshutdown$$00000002) for __rt_lib_shutdown_cpp_1
    libshutdown.o(.ARM.Collect$$libshutdown$$00000000) refers (Special) to libshutdown2.o(.ARM.Collect$$libshutdown$$00000007) for __rt_lib_shutdown_fp_trap_1
    libshutdown.o(.ARM.Collect$$libshutdown$$00000000) refers (Special) to libshutdown2.o(.ARM.Collect$$libshutdown$$0000000F) for __rt_lib_shutdown_heap_1
    libshutdown.o(.ARM.Collect$$libshutdown$$00000000) refers (Special) to libshutdown2.o(.ARM.Collect$$libshutdown$$00000010) for __rt_lib_shutdown_return
    libshutdown.o(.ARM.Collect$$libshutdown$$00000000) refers (Special) to libshutdown2.o(.ARM.Collect$$libshutdown$$0000000A) for __rt_lib_shutdown_signal_1
    libshutdown.o(.ARM.Collect$$libshutdown$$00000000) refers (Special) to libshutdown2.o(.ARM.Collect$$libshutdown$$00000004) for __rt_lib_shutdown_stdio_1
    libshutdown.o(.ARM.Collect$$libshutdown$$00000000) refers (Special) to libshutdown2.o(.ARM.Collect$$libshutdown$$0000000C) for __rt_lib_shutdown_user_alloc_1
    rt_raise.o(.text) refers to __raise.o(.text) for __raise
    rt_raise.o(.text) refers to sys_exit.o(.text) for _sys_exit
    defsig_exit.o(.text) refers to sys_exit.o(.text) for _sys_exit
    defsig_rtmem_inner.o(.text) refers to defsig_general.o(.text) for __default_signal_display
    __raise.o(.text) refers to defsig.o(CL$$defsig) for __default_signal_handler
    defsig_general.o(.text) refers to sys_wrch.o(.text) for _ttywrch
    sys_wrch.o(.text) refers (Special) to use_no_semi.o(.text) for __I$use$semihosting
    sys_wrch.o(.text) refers (Special) to indicate_semi.o(.text) for __semihosting_library_function
    defsig.o(CL$$defsig) refers to defsig_rtmem_inner.o(.text) for __rt_SIGRTMEM_inner
    defsig_abrt_inner.o(.text) refers to defsig_general.o(.text) for __default_signal_display
    defsig_fpe_inner.o(.text) refers to defsig_general.o(.text) for __default_signal_display
    defsig_rtred_inner.o(.text) refers to defsig_general.o(.text) for __default_signal_display
    defsig_stak_inner.o(.text) refers to defsig_general.o(.text) for __default_signal_display
    defsig_pvfn_inner.o(.text) refers to defsig_general.o(.text) for __default_signal_display
    defsig_cppl_inner.o(.text) refers to defsig_general.o(.text) for __default_signal_display
    defsig_segv_inner.o(.text) refers to defsig_general.o(.text) for __default_signal_display
    defsig_other.o(.text) refers to defsig_general.o(.text) for __default_signal_display


==============================================================================

Removing Unused input sections from the image.

    Removing main.o(.rev16_text), (4 bytes).
    Removing main.o(.revsh_text), (4 bytes).
    Removing main.o(.rrx_text), (6 bytes).
    Removing main.o(i.print_debug), (136 bytes).
    Removing main.o(i.print_sonars), (152 bytes).
    Removing main.o(.constdata), (16 bytes).
    Removing pwm.o(.rev16_text), (4 bytes).
    Removing pwm.o(.revsh_text), (4 bytes).
    Removing pwm.o(.rrx_text), (6 bytes).
    Removing systick.o(.text), (108 bytes).
    Removing inputcapture.o(.rev16_text), (4 bytes).
    Removing inputcapture.o(.revsh_text), (4 bytes).
    Removing inputcapture.o(.rrx_text), (6 bytes).
    Removing inputcapture.o(i.TimerCapture2_Init), (160 bytes).
    Removing inputcapture.o(i.TimerCapture_Init), (148 bytes).
    Removing nokia5110.o(i.Nokia5110_ClearBuffer), (24 bytes).
    Removing nokia5110.o(i.Nokia5110_ClrPxl), (48 bytes).
    Removing nokia5110.o(i.Nokia5110_DisplayBuffer), (16 bytes).
    Removing nokia5110.o(i.Nokia5110_DrawFullImage), (32 bytes).
    Removing nokia5110.o(i.Nokia5110_PrintBMP), (416 bytes).
    Removing nokia5110.o(i.Nokia5110_SetPxl), (48 bytes).
    Removing nokia5110.o(i.Output_Clear), (8 bytes).
    Removing nokia5110.o(i.Output_Color), (2 bytes).
    Removing nokia5110.o(i.Output_Init), (8 bytes).
    Removing nokia5110.o(i.Output_Off), (8 bytes).
    Removing nokia5110.o(i.Output_On), (8 bytes).
    Removing nokia5110.o(i.ferror), (8 bytes).
    Removing nokia5110.o(i.fgetc), (6 bytes).
    Removing nokia5110.o(i.fputc), (16 bytes).
    Removing nokia5110.o(.bss), (504 bytes).
    Removing system_msp432.o(.rev16_text), (4 bytes).
    Removing system_msp432.o(.revsh_text), (4 bytes).
    Removing system_msp432.o(.rrx_text), (6 bytes).
    Removing system_msp432.o(i.SystemCoreClockUpdate), (16 bytes).

34 unused section(s) (total 1944 bytes) removed from the image.

==============================================================================

Image Symbol Table

    Local Symbols

    Symbol Name                              Value     Ov Type        Size  Object(Section)

    RESET                                    0x00000000   Section      324  startup_msp432.o(RESET)
    ../clib/angel/boardlib.s                 0x00000000   Number         0  boardinit1.o ABSOLUTE
    ../clib/angel/boardlib.s                 0x00000000   Number         0  boardinit2.o ABSOLUTE
    ../clib/angel/boardlib.s                 0x00000000   Number         0  boardinit3.o ABSOLUTE
    ../clib/angel/boardlib.s                 0x00000000   Number         0  boardshut.o ABSOLUTE
    ../clib/angel/handlers.s                 0x00000000   Number         0  __scatter_zi.o ABSOLUTE
    ../clib/angel/handlers.s                 0x00000000   Number         0  __scatter_copy.o ABSOLUTE
    ../clib/angel/kernel.s                   0x00000000   Number         0  rtexit.o ABSOLUTE
    ../clib/angel/kernel.s                   0x00000000   Number         0  __rtentry2.o ABSOLUTE
    ../clib/angel/kernel.s                   0x00000000   Number         0  rtexit2.o ABSOLUTE
    ../clib/angel/kernel.s                   0x00000000   Number         0  __rtentry.o ABSOLUTE
    ../clib/angel/kernel.s                   0x00000000   Number         0  __rtentry4.o ABSOLUTE
    ../clib/angel/rt.s                       0x00000000   Number         0  rt_errno_addr_intlibspace.o ABSOLUTE
    ../clib/angel/rt.s                       0x00000000   Number         0  rt_locale_intlibspace.o ABSOLUTE
    ../clib/angel/rt.s                       0x00000000   Number         0  rt_errno_addr.o ABSOLUTE
    ../clib/angel/rt.s                       0x00000000   Number         0  rt_raise.o ABSOLUTE
    ../clib/angel/rt.s                       0x00000000   Number         0  rt_locale.o ABSOLUTE
    ../clib/angel/scatter.s                  0x00000000   Number         0  __scatter.o ABSOLUTE
    ../clib/angel/startup.s                  0x00000000   Number         0  __main.o ABSOLUTE
    ../clib/angel/sys.s                      0x00000000   Number         0  libspace.o ABSOLUTE
    ../clib/angel/sys.s                      0x00000000   Number         0  sys_stackheap_outer.o ABSOLUTE
    ../clib/angel/sys.s                      0x00000000   Number         0  indicate_semi.o ABSOLUTE
    ../clib/angel/sys.s                      0x00000000   Number         0  use_no_semi.o ABSOLUTE
    ../clib/angel/sysapp.c                   0x00000000   Number         0  sys_exit.o ABSOLUTE
    ../clib/angel/sysapp.c                   0x00000000   Number         0  sys_command.o ABSOLUTE
    ../clib/angel/sysapp.c                   0x00000000   Number         0  sys_wrch.o ABSOLUTE
    ../clib/armsys.c                         0x00000000   Number         0  no_argv.o ABSOLUTE
    ../clib/armsys.c                         0x00000000   Number         0  _get_argv_nomalloc.o ABSOLUTE
    ../clib/armsys.c                         0x00000000   Number         0  argv_veneer.o ABSOLUTE
    ../clib/armsys.c                         0x00000000   Number         0  argv_veneer.o ABSOLUTE
    ../clib/bigflt.c                         0x00000000   Number         0  bigflt0.o ABSOLUTE
    ../clib/btod.s                           0x00000000   Number         0  btod.o ABSOLUTE
    ../clib/fenv.c                           0x00000000   Number         0  _rserrno.o ABSOLUTE
    ../clib/heapalloc.c                      0x00000000   Number         0  hrguard.o ABSOLUTE
    ../clib/heapaux.c                        0x00000000   Number         0  heapauxi.o ABSOLUTE
    ../clib/libinit.s                        0x00000000   Number         0  libinit.o ABSOLUTE
    ../clib/libinit.s                        0x00000000   Number         0  libinit2.o ABSOLUTE
    ../clib/libinit.s                        0x00000000   Number         0  libshutdown.o ABSOLUTE
    ../clib/libinit.s                        0x00000000   Number         0  libshutdown2.o ABSOLUTE
    ../clib/locale.s                         0x00000000   Number         0  lc_numeric_c.o ABSOLUTE
    ../clib/longlong.s                       0x00000000   Number         0  lludiv10.o ABSOLUTE
    ../clib/memcpset.s                       0x00000000   Number         0  strcmpv7m.o ABSOLUTE
    ../clib/printf.c                         0x00000000   Number         0  __printf_flags.o ABSOLUTE
    ../clib/printf.c                         0x00000000   Number         0  __printf_nopercent.o ABSOLUTE
    ../clib/printf.c                         0x00000000   Number         0  __printf_ss_wp.o ABSOLUTE
    ../clib/printf.c                         0x00000000   Number         0  __printf_wp.o ABSOLUTE
    ../clib/printf.c                         0x00000000   Number         0  __printf_flags_ss_wp.o ABSOLUTE
    ../clib/printf.c                         0x00000000   Number         0  __printf_flags_wp.o ABSOLUTE
    ../clib/printf.c                         0x00000000   Number         0  noretval__2sprintf.o ABSOLUTE
    ../clib/printf.c                         0x00000000   Number         0  __printf_flags_ss.o ABSOLUTE
    ../clib/printf.c                         0x00000000   Number         0  __printf_ss.o ABSOLUTE
    ../clib/printf.c                         0x00000000   Number         0  __2sprintf.o ABSOLUTE
    ../clib/printf.c                         0x00000000   Number         0  _printf_fp_infnan.o ABSOLUTE
    ../clib/printf.c                         0x00000000   Number         0  _printf_fp_dec.o ABSOLUTE
    ../clib/printf.c                         0x00000000   Number         0  _printf_char_common.o ABSOLUTE
    ../clib/printf.c                         0x00000000   Number         0  _sputc.o ABSOLUTE
    ../clib/printf.c                         0x00000000   Number         0  __printf.o ABSOLUTE
    ../clib/printf_percent.s                 0x00000000   Number         0  _printf_f.o ABSOLUTE
    ../clib/printf_percent.s                 0x00000000   Number         0  _printf_percent_end.o ABSOLUTE
    ../clib/printf_percent.s                 0x00000000   Number         0  _printf_percent.o ABSOLUTE
    ../clib/signal.c                         0x00000000   Number         0  defsig_stak_inner.o ABSOLUTE
    ../clib/signal.c                         0x00000000   Number         0  defsig_abrt_inner.o ABSOLUTE
    ../clib/signal.c                         0x00000000   Number         0  defsig_fpe_inner.o ABSOLUTE
    ../clib/signal.c                         0x00000000   Number         0  defsig_rtred_inner.o ABSOLUTE
    ../clib/signal.c                         0x00000000   Number         0  defsig_other.o ABSOLUTE
    ../clib/signal.c                         0x00000000   Number         0  defsig_rtmem_inner.o ABSOLUTE
    ../clib/signal.c                         0x00000000   Number         0  defsig_segv_inner.o ABSOLUTE
    ../clib/signal.c                         0x00000000   Number         0  defsig_cppl_inner.o ABSOLUTE
    ../clib/signal.c                         0x00000000   Number         0  defsig_general.o ABSOLUTE
    ../clib/signal.c                         0x00000000   Number         0  defsig_rtmem_outer.o ABSOLUTE
    ../clib/signal.c                         0x00000000   Number         0  defsig_exit.o ABSOLUTE
    ../clib/signal.c                         0x00000000   Number         0  __raise.o ABSOLUTE
    ../clib/signal.c                         0x00000000   Number         0  defsig_rtmem_formal.o ABSOLUTE
    ../clib/signal.c                         0x00000000   Number         0  defsig_pvfn_inner.o ABSOLUTE
    ../clib/signal.s                         0x00000000   Number         0  defsig.o ABSOLUTE
    ../clib/stdlib.c                         0x00000000   Number         0  exit.o ABSOLUTE
    ../fplib/daddsub.s                       0x00000000   Number         0  daddsub_clz.o ABSOLUTE
    ../fplib/dcheck1.s                       0x00000000   Number         0  dcheck1.o ABSOLUTE
    ../fplib/dcmpi.s                         0x00000000   Number         0  dcmpi.o ABSOLUTE
    ../fplib/ddiv.s                          0x00000000   Number         0  ddiv.o ABSOLUTE
    ../fplib/deqf.s                          0x00000000   Number         0  deqf.o ABSOLUTE
    ../fplib/dflt.s                          0x00000000   Number         0  dflt_clz.o ABSOLUTE
    ../fplib/dleqf.s                         0x00000000   Number         0  dleqf.o ABSOLUTE
    ../fplib/dmul.s                          0x00000000   Number         0  dmul.o ABSOLUTE
    ../fplib/dnaninf.s                       0x00000000   Number         0  dnaninf.o ABSOLUTE
    ../fplib/dretinf.s                       0x00000000   Number         0  dretinf.o ABSOLUTE
    ../fplib/drleqf.s                        0x00000000   Number         0  drleqf.o ABSOLUTE
    ../fplib/dsqrt.s                         0x00000000   Number         0  dsqrt_umaal.o ABSOLUTE
    ../fplib/fpinit.s                        0x00000000   Number         0  fpinit.o ABSOLUTE
    ../fplib/istatus.s                       0x00000000   Number         0  istatus.o ABSOLUTE
    ../fplib/printf1.s                       0x00000000   Number         0  printf1.o ABSOLUTE
    ../fplib/retnan.s                        0x00000000   Number         0  retnan.o ABSOLUTE
    ../fplib/scalbn.s                        0x00000000   Number         0  scalbn.o ABSOLUTE
    ../fplib/trapv.s                         0x00000000   Number         0  trapv.o ABSOLUTE
    ../fplib/usenofp.s                       0x00000000   Number         0  usenofp.o ABSOLUTE
    ../mathlib/dunder.c                      0x00000000   Number         0  dunder.o ABSOLUTE
    ../mathlib/fpclassify.c                  0x00000000   Number         0  fpclassify.o ABSOLUTE
    ../mathlib/poly.c                        0x00000000   Number         0  poly.o ABSOLUTE
    ../mathlib/pow.c                         0x00000000   Number         0  pow.o ABSOLUTE
    ../mathlib/pow.c                         0x00000000   Number         0  pow_x.o ABSOLUTE
    ../mathlib/qnan.c                        0x00000000   Number         0  qnan.o ABSOLUTE
    ../mathlib/sqrt.c                        0x00000000   Number         0  sqrt.o ABSOLUTE
    ../mathlib/sqrt.c                        0x00000000   Number         0  sqrt_x.o ABSOLUTE
    ClockSystem.s                            0x00000000   Number         0  clocksystem.o ABSOLUTE
    InputCapture.c                           0x00000000   Number         0  inputcapture.o ABSOLUTE
    InputCapture.c                           0x00000000   Number         0  inputcapture.o ABSOLUTE
    Nokia5110.c                              0x00000000   Number         0  nokia5110.o ABSOLUTE
    PWM.c                                    0x00000000   Number         0  pwm.o ABSOLUTE
    PWM.c                                    0x00000000   Number         0  pwm.o ABSOLUTE
    RTE\Device\MSP432P401R\startup_msp432.s  0x00000000   Number         0  startup_msp432.o ABSOLUTE
    RTE\Device\MSP432P401R\system_msp432.c   0x00000000   Number         0  system_msp432.o ABSOLUTE
    RTE\\Device\\MSP432P401R\\system_msp432.c 0x00000000   Number         0  system_msp432.o ABSOLUTE
    SysTick.s                                0x00000000   Number         0  systick.o ABSOLUTE
    dc.s                                     0x00000000   Number         0  dc.o ABSOLUTE
    main.c                                   0x00000000   Number         0  main.o ABSOLUTE
    main.c                                   0x00000000   Number         0  main.o ABSOLUTE
    !!!main                                  0x00000144   Section        8  __main.o(!!!main)
    !!!scatter                               0x0000014c   Section       52  __scatter.o(!!!scatter)
    !!handler_copy                           0x00000180   Section       26  __scatter_copy.o(!!handler_copy)
    !!handler_zi                             0x0000019c   Section       28  __scatter_zi.o(!!handler_zi)
    .ARM.Collect$$libinit$$00000000          0x000001b8   Section        2  libinit.o(.ARM.Collect$$libinit$$00000000)
    .ARM.Collect$$libinit$$00000002          0x000001ba   Section        0  libinit2.o(.ARM.Collect$$libinit$$00000002)
    .ARM.Collect$$libinit$$00000004          0x000001ba   Section        0  libinit2.o(.ARM.Collect$$libinit$$00000004)
    .ARM.Collect$$libinit$$0000000A          0x000001ba   Section        0  libinit2.o(.ARM.Collect$$libinit$$0000000A)
    .ARM.Collect$$libinit$$0000000C          0x000001ba   Section        0  libinit2.o(.ARM.Collect$$libinit$$0000000C)
    .ARM.Collect$$libinit$$0000000E          0x000001ba   Section        0  libinit2.o(.ARM.Collect$$libinit$$0000000E)
    .ARM.Collect$$libinit$$00000011          0x000001ba   Section        0  libinit2.o(.ARM.Collect$$libinit$$00000011)
    .ARM.Collect$$libinit$$00000013          0x000001ba   Section        0  libinit2.o(.ARM.Collect$$libinit$$00000013)
    .ARM.Collect$$libinit$$00000015          0x000001ba   Section        0  libinit2.o(.ARM.Collect$$libinit$$00000015)
    .ARM.Collect$$libinit$$00000017          0x000001ba   Section        0  libinit2.o(.ARM.Collect$$libinit$$00000017)
    .ARM.Collect$$libinit$$00000019          0x000001ba   Section        0  libinit2.o(.ARM.Collect$$libinit$$00000019)
    .ARM.Collect$$libinit$$0000001B          0x000001ba   Section        0  libinit2.o(.ARM.Collect$$libinit$$0000001B)
    .ARM.Collect$$libinit$$0000001D          0x000001ba   Section        0  libinit2.o(.ARM.Collect$$libinit$$0000001D)
    .ARM.Collect$$libinit$$0000001F          0x000001ba   Section        0  libinit2.o(.ARM.Collect$$libinit$$0000001F)
    .ARM.Collect$$libinit$$00000021          0x000001ba   Section        0  libinit2.o(.ARM.Collect$$libinit$$00000021)
    .ARM.Collect$$libinit$$00000023          0x000001ba   Section        0  libinit2.o(.ARM.Collect$$libinit$$00000023)
    .ARM.Collect$$libinit$$00000025          0x000001ba   Section        0  libinit2.o(.ARM.Collect$$libinit$$00000025)
    .ARM.Collect$$libinit$$0000002C          0x000001ba   Section        0  libinit2.o(.ARM.Collect$$libinit$$0000002C)
    .ARM.Collect$$libinit$$0000002E          0x000001ba   Section        0  libinit2.o(.ARM.Collect$$libinit$$0000002E)
    .ARM.Collect$$libinit$$00000030          0x000001ba   Section        0  libinit2.o(.ARM.Collect$$libinit$$00000030)
    .ARM.Collect$$libinit$$00000032          0x000001ba   Section        0  libinit2.o(.ARM.Collect$$libinit$$00000032)
    .ARM.Collect$$libinit$$00000033          0x000001ba   Section        2  libinit2.o(.ARM.Collect$$libinit$$00000033)
    .ARM.Collect$$libshutdown$$00000000      0x000001bc   Section        2  libshutdown.o(.ARM.Collect$$libshutdown$$00000000)
    .ARM.Collect$$libshutdown$$00000002      0x000001be   Section        0  libshutdown2.o(.ARM.Collect$$libshutdown$$00000002)
    .ARM.Collect$$libshutdown$$00000004      0x000001be   Section        0  libshutdown2.o(.ARM.Collect$$libshutdown$$00000004)
    .ARM.Collect$$libshutdown$$00000007      0x000001be   Section        0  libshutdown2.o(.ARM.Collect$$libshutdown$$00000007)
    .ARM.Collect$$libshutdown$$0000000A      0x000001be   Section        0  libshutdown2.o(.ARM.Collect$$libshutdown$$0000000A)
    .ARM.Collect$$libshutdown$$0000000C      0x000001be   Section        0  libshutdown2.o(.ARM.Collect$$libshutdown$$0000000C)
    .ARM.Collect$$libshutdown$$0000000F      0x000001be   Section        0  libshutdown2.o(.ARM.Collect$$libshutdown$$0000000F)
    .ARM.Collect$$libshutdown$$00000010      0x000001be   Section        2  libshutdown2.o(.ARM.Collect$$libshutdown$$00000010)
    .ARM.Collect$$rtentry$$00000000          0x000001c0   Section        0  __rtentry.o(.ARM.Collect$$rtentry$$00000000)
    .ARM.Collect$$rtentry$$00000002          0x000001c0   Section        0  __rtentry2.o(.ARM.Collect$$rtentry$$00000002)
    .ARM.Collect$$rtentry$$00000004          0x000001c0   Section        6  __rtentry4.o(.ARM.Collect$$rtentry$$00000004)
    .ARM.Collect$$rtentry$$00000009          0x000001c6   Section        0  __rtentry2.o(.ARM.Collect$$rtentry$$00000009)
    .ARM.Collect$$rtentry$$0000000A          0x000001c6   Section        4  __rtentry2.o(.ARM.Collect$$rtentry$$0000000A)
    .ARM.Collect$$rtentry$$0000000C          0x000001ca   Section        0  __rtentry2.o(.ARM.Collect$$rtentry$$0000000C)
    .ARM.Collect$$rtentry$$0000000D          0x000001ca   Section        8  __rtentry2.o(.ARM.Collect$$rtentry$$0000000D)
    .ARM.Collect$$rtexit$$00000000           0x000001d2   Section        2  rtexit.o(.ARM.Collect$$rtexit$$00000000)
    .ARM.Collect$$rtexit$$00000002           0x000001d4   Section        0  rtexit2.o(.ARM.Collect$$rtexit$$00000002)
    .ARM.Collect$$rtexit$$00000003           0x000001d4   Section        4  rtexit2.o(.ARM.Collect$$rtexit$$00000003)
    .ARM.Collect$$rtexit$$00000004           0x000001d8   Section        6  rtexit2.o(.ARM.Collect$$rtexit$$00000004)
    .emb_text                                0x000001e0   Section        6  main.o(.emb_text)
    .text                                    0x000001e8   Section      760  clocksystem.o(.text)
    .text                                    0x000004e0   Section       84  startup_msp432.o(.text)
    .text                                    0x00000534   Section        0  heapauxi.o(.text)
    .text                                    0x0000053a   Section        0  _rserrno.o(.text)
    .text                                    0x00000550   Section        8  rt_errno_addr_intlibspace.o(.text)
    .text                                    0x00000558   Section        8  libspace.o(.text)
    .text                                    0x00000560   Section       74  sys_stackheap_outer.o(.text)
    .text                                    0x000005aa   Section        0  exit.o(.text)
    .text                                    0x000005bc   Section        0  sys_exit.o(.text)
    .text                                    0x000005c8   Section        2  use_no_semi.o(.text)
    .text                                    0x000005ca   Section        0  indicate_semi.o(.text)
    i.Nokia5110_Clear                        0x000005ca   Section        0  nokia5110.o(i.Nokia5110_Clear)
    i.Nokia5110_Init                         0x000005e8   Section        0  nokia5110.o(i.Nokia5110_Init)
    i.Nokia5110_OutChar                      0x000006cc   Section        0  nokia5110.o(i.Nokia5110_OutChar)
    i.Nokia5110_OutString                    0x00000700   Section        0  nokia5110.o(i.Nokia5110_OutString)
    i.Nokia5110_OutUDec                      0x00000718   Section        0  nokia5110.o(i.Nokia5110_OutUDec)
    i.Nokia5110_SetCursor                    0x000008b4   Section        0  nokia5110.o(i.Nokia5110_SetCursor)
    i.PWM_Duty1                              0x000008e2   Section        0  pwm.o(i.PWM_Duty1)
    i.PWM_Duty2                              0x000008f8   Section        0  pwm.o(i.PWM_Duty2)
    i.PWM_Init                               0x00000910   Section        0  pwm.o(i.PWM_Init)
    i.SystemInit                             0x000009a0   Section        0  system_msp432.o(i.SystemInit)
    i.TA0_0_IRQHandler                       0x000009bc   Section        0  inputcapture.o(i.TA0_0_IRQHandler)
    i.TA1_0_IRQHandler                       0x000009dc   Section        0  inputcapture.o(i.TA1_0_IRQHandler)
    i.TA1_N_IRQHandler                       0x00000a00   Section        0  inputcapture.o(i.TA1_N_IRQHandler)
    i.TA2_0_IRQHandler                       0x00000a24   Section        0  inputcapture.o(i.TA2_0_IRQHandler)
    i.TimerCapture1_Init                     0x00000a48   Section        0  inputcapture.o(i.TimerCapture1_Init)
    i.__ARM_fpclassify                       0x00000b1c   Section        0  fpclassify.o(i.__ARM_fpclassify)
    i.__kernel_poly                          0x00000b44   Section        0  poly.o(i.__kernel_poly)
    i.__mathlib_dbl_divzero                  0x00000bf0   Section        0  dunder.o(i.__mathlib_dbl_divzero)
    i.__mathlib_dbl_infnan2                  0x00000c00   Section        0  dunder.o(i.__mathlib_dbl_infnan2)
    i.__mathlib_dbl_invalid                  0x00000c04   Section        0  dunder.o(i.__mathlib_dbl_invalid)
    i.__mathlib_dbl_overflow                 0x00000c10   Section        0  dunder.o(i.__mathlib_dbl_overflow)
    i.__mathlib_dbl_underflow                0x00000c20   Section        0  dunder.o(i.__mathlib_dbl_underflow)
    i.average                                0x00000c30   Section        0  main.o(i.average)
    i.calculateDistance                      0x00000c98   Section        0  main.o(i.calculateDistance)
    i.encoder_init                           0x00000cec   Section        0  main.o(i.encoder_init)
    i.lcddatawrite                           0x00000d1c   Section        0  nokia5110.o(i.lcddatawrite)
    lcddatawrite                             0x00000d1d   Thumb Code    44  nokia5110.o(i.lcddatawrite)
    i.lcdwrite                               0x00000d50   Section        0  nokia5110.o(i.lcdwrite)
    lcdwrite                                 0x00000d51   Thumb Code    60  nokia5110.o(i.lcdwrite)
    i.left_period_measure                    0x00000d94   Section        0  main.o(i.left_period_measure)
    i.left_pid_controller                    0x00000dc8   Section        0  main.o(i.left_pid_controller)
    i.logic_init                             0x00000e14   Section        0  main.o(i.logic_init)
    i.main                                   0x00000e58   Section        0  main.o(i.main)
    i.period_measure_init                    0x00000f2c   Section        0  main.o(i.period_measure_init)
    i.pow                                    0x00000f60   Section        0  pow.o(i.pow)
    i.print_udecs                            0x00001938   Section        0  main.o(i.print_udecs)
    i.right_period_measure                   0x000019a0   Section        0  main.o(i.right_period_measure)
    i.right_pid_controller                   0x000019d4   Section        0  main.o(i.right_pid_controller)
    i.scale                                  0x00001a20   Section        0  main.o(i.scale)
    i.sonar1_init                            0x00001a34   Section        0  main.o(i.sonar1_init)
    i.sonar1_measure                         0x00001ac0   Section        0  main.o(i.sonar1_measure)
    i.sonar2_init                            0x00001b78   Section        0  main.o(i.sonar2_init)
    i.sonar2_measure                         0x00001c04   Section        0  main.o(i.sonar2_measure)
    i.sqrt                                   0x00001cbc   Section        0  sqrt.o(i.sqrt)
    x$fpl$dadd                               0x00001d08   Section      336  daddsub_clz.o(x$fpl$dadd)
    _dadd1                                   0x00001d19   Thumb Code     0  daddsub_clz.o(x$fpl$dadd)
    x$fpl$dcheck1                            0x00001e58   Section       16  dcheck1.o(x$fpl$dcheck1)
    x$fpl$dcmpinf                            0x00001e68   Section       24  dcmpi.o(x$fpl$dcmpinf)
    x$fpl$ddiv                               0x00001e80   Section      688  ddiv.o(x$fpl$ddiv)
    ddiv_entry                               0x00001e87   Thumb Code     0  ddiv.o(x$fpl$ddiv)
    x$fpl$deqf                               0x00002130   Section      120  deqf.o(x$fpl$deqf)
    x$fpl$dflt                               0x000021a8   Section       46  dflt_clz.o(x$fpl$dflt)
    x$fpl$dfltu                              0x000021d6   Section       38  dflt_clz.o(x$fpl$dfltu)
    x$fpl$dleqf                              0x000021fc   Section      120  dleqf.o(x$fpl$dleqf)
    x$fpl$dmul                               0x00002274   Section      340  dmul.o(x$fpl$dmul)
    x$fpl$dnaninf                            0x000023c8   Section      156  dnaninf.o(x$fpl$dnaninf)
    x$fpl$dretinf                            0x00002464   Section       12  dretinf.o(x$fpl$dretinf)
    x$fpl$drleqf                             0x00002470   Section      108  drleqf.o(x$fpl$drleqf)
    x$fpl$drsb                               0x000024dc   Section       22  daddsub_clz.o(x$fpl$drsb)
    x$fpl$dsqrt                              0x000024f4   Section      408  dsqrt_umaal.o(x$fpl$dsqrt)
    x$fpl$dsub                               0x0000268c   Section      468  daddsub_clz.o(x$fpl$dsub)
    _dsub1                                   0x0000269d   Thumb Code     0  daddsub_clz.o(x$fpl$dsub)
    x$fpl$retnan                             0x00002860   Section      100  retnan.o(x$fpl$retnan)
    x$fpl$scalbn                             0x000028c4   Section       92  scalbn.o(x$fpl$scalbn)
    x$fpl$trapveneer                         0x00002920   Section       48  trapv.o(x$fpl$trapveneer)
    .constdata                               0x00002950   Section      488  nokia5110.o(.constdata)
    x$fpl$usenofp                            0x00002950   Section        0  usenofp.o(x$fpl$usenofp)
    ASCII                                    0x00002950   Data         480  nokia5110.o(.constdata)
    .constdata                               0x00002b38   Section      136  pow.o(.constdata)
    bp                                       0x00002b38   Data          16  pow.o(.constdata)
    dp_h                                     0x00002b48   Data          16  pow.o(.constdata)
    dp_l                                     0x00002b58   Data          16  pow.o(.constdata)
    L                                        0x00002b68   Data          48  pow.o(.constdata)
    P                                        0x00002b98   Data          40  pow.o(.constdata)
    .constdata                               0x00002bc0   Section        8  qnan.o(.constdata)
    .data                                    0x20000000   Section       56  main.o(.data)
    .data                                    0x20000038   Section        8  inputcapture.o(.data)
    .data                                    0x20000040   Section        4  system_msp432.o(.data)
    .bss                                     0x20000044   Section       96  libspace.o(.bss)
    HEAP                                     0x200000a8   Section        0  startup_msp432.o(HEAP)
    STACK                                    0x200000a8   Section     1024  startup_msp432.o(STACK)
    Heap_Mem                                 0x200000a8   Data           0  startup_msp432.o(HEAP)
    Stack_Mem                                0x200000a8   Data        1024  startup_msp432.o(STACK)
    __initial_sp                             0x200004a8   Data           0  startup_msp432.o(STACK)

    Global Symbols

    Symbol Name                              Value     Ov Type        Size  Object(Section)

    BuildAttributes$$THM_ISAv4$E$P$D$K$B$S$7EM$PE$A:L22UL41UL21$X:L11$S22US41US21$IEEE1$IW$USESV6$~STKCKD$USESV7$~SHL$OTIME$ROPI$IEEEX$EBA8$UX$STANDARDLIB$REQ8$PRES8$EABIv2 0x00000000   Number         0  anon$$obj.o ABSOLUTE
    __ARM_use_no_argv                        0x00000000   Number         0  main.o ABSOLUTE
    __Vectors                                0x00000000   Data           4  startup_msp432.o(RESET)
    __ARM_exceptions_init                     - Undefined Weak Reference
    __alloca_initialize                       - Undefined Weak Reference
    __arm_preinit_                            - Undefined Weak Reference
    __cpp_initialize__aeabi_                  - Undefined Weak Reference
    __cxa_finalize                            - Undefined Weak Reference
    __sigvec_lookup                           - Undefined Weak Reference
    _atexit_init                              - Undefined Weak Reference
    _call_atexit_fns                          - Undefined Weak Reference
    _clock_init                               - Undefined Weak Reference
    _fp_trap_init                             - Undefined Weak Reference
    _fp_trap_shutdown                         - Undefined Weak Reference
    _get_lc_collate                           - Undefined Weak Reference
    _get_lc_ctype                             - Undefined Weak Reference
    _get_lc_monetary                          - Undefined Weak Reference
    _get_lc_time                              - Undefined Weak Reference
    _getenv_init                              - Undefined Weak Reference
    _handle_redirection                       - Undefined Weak Reference
    _init_alloc                               - Undefined Weak Reference
    _init_user_alloc                          - Undefined Weak Reference
    _initio                                   - Undefined Weak Reference
    _printf_post_padding                      - Undefined Weak Reference
    _printf_pre_padding                       - Undefined Weak Reference
    _rand_init                                - Undefined Weak Reference
    _signal_finish                            - Undefined Weak Reference
    _signal_init                              - Undefined Weak Reference
    _terminate_alloc                          - Undefined Weak Reference
    _terminate_user_alloc                     - Undefined Weak Reference
    _terminateio                              - Undefined Weak Reference
    __Vectors_End                            0x00000144   Data           0  startup_msp432.o(RESET)
    __Vectors_Size                           0x00000144   Number         0  startup_msp432.o ABSOLUTE
    __main                                   0x00000145   Thumb Code     8  __main.o(!!!main)
    __scatterload                            0x0000014d   Thumb Code     0  __scatter.o(!!!scatter)
    __scatterload_rt2                        0x0000014d   Thumb Code    44  __scatter.o(!!!scatter)
    __scatterload_rt2_thumb_only             0x0000014d   Thumb Code     0  __scatter.o(!!!scatter)
    __scatterload_null                       0x0000015b   Thumb Code     0  __scatter.o(!!!scatter)
    __scatterload_copy                       0x00000181   Thumb Code    26  __scatter_copy.o(!!handler_copy)
    __scatterload_zeroinit                   0x0000019d   Thumb Code    28  __scatter_zi.o(!!handler_zi)
    __rt_lib_init                            0x000001b9   Thumb Code     0  libinit.o(.ARM.Collect$$libinit$$00000000)
    __rt_lib_init_alloca_1                   0x000001bb   Thumb Code     0  libinit2.o(.ARM.Collect$$libinit$$0000002E)
    __rt_lib_init_argv_1                     0x000001bb   Thumb Code     0  libinit2.o(.ARM.Collect$$libinit$$0000002C)
    __rt_lib_init_atexit_1                   0x000001bb   Thumb Code     0  libinit2.o(.ARM.Collect$$libinit$$0000001B)
    __rt_lib_init_clock_1                    0x000001bb   Thumb Code     0  libinit2.o(.ARM.Collect$$libinit$$00000021)
    __rt_lib_init_cpp_1                      0x000001bb   Thumb Code     0  libinit2.o(.ARM.Collect$$libinit$$00000032)
    __rt_lib_init_exceptions_1               0x000001bb   Thumb Code     0  libinit2.o(.ARM.Collect$$libinit$$00000030)
    __rt_lib_init_fp_1                       0x000001bb   Thumb Code     0  libinit2.o(.ARM.Collect$$libinit$$00000002)
    __rt_lib_init_fp_trap_1                  0x000001bb   Thumb Code     0  libinit2.o(.ARM.Collect$$libinit$$0000001F)
    __rt_lib_init_getenv_1                   0x000001bb   Thumb Code     0  libinit2.o(.ARM.Collect$$libinit$$00000023)
    __rt_lib_init_heap_1                     0x000001bb   Thumb Code     0  libinit2.o(.ARM.Collect$$libinit$$0000000A)
    __rt_lib_init_lc_collate_1               0x000001bb   Thumb Code     0  libinit2.o(.ARM.Collect$$libinit$$00000011)
    __rt_lib_init_lc_ctype_1                 0x000001bb   Thumb Code     0  libinit2.o(.ARM.Collect$$libinit$$00000013)
    __rt_lib_init_lc_monetary_1              0x000001bb   Thumb Code     0  libinit2.o(.ARM.Collect$$libinit$$00000015)
    __rt_lib_init_lc_numeric_1               0x000001bb   Thumb Code     0  libinit2.o(.ARM.Collect$$libinit$$00000017)
    __rt_lib_init_lc_time_1                  0x000001bb   Thumb Code     0  libinit2.o(.ARM.Collect$$libinit$$00000019)
    __rt_lib_init_preinit_1                  0x000001bb   Thumb Code     0  libinit2.o(.ARM.Collect$$libinit$$00000004)
    __rt_lib_init_rand_1                     0x000001bb   Thumb Code     0  libinit2.o(.ARM.Collect$$libinit$$0000000E)
    __rt_lib_init_return                     0x000001bb   Thumb Code     0  libinit2.o(.ARM.Collect$$libinit$$00000033)
    __rt_lib_init_signal_1                   0x000001bb   Thumb Code     0  libinit2.o(.ARM.Collect$$libinit$$0000001D)
    __rt_lib_init_stdio_1                    0x000001bb   Thumb Code     0  libinit2.o(.ARM.Collect$$libinit$$00000025)
    __rt_lib_init_user_alloc_1               0x000001bb   Thumb Code     0  libinit2.o(.ARM.Collect$$libinit$$0000000C)
    __rt_lib_shutdown                        0x000001bd   Thumb Code     0  libshutdown.o(.ARM.Collect$$libshutdown$$00000000)
    __rt_lib_shutdown_cpp_1                  0x000001bf   Thumb Code     0  libshutdown2.o(.ARM.Collect$$libshutdown$$00000002)
    __rt_lib_shutdown_fp_trap_1              0x000001bf   Thumb Code     0  libshutdown2.o(.ARM.Collect$$libshutdown$$00000007)
    __rt_lib_shutdown_heap_1                 0x000001bf   Thumb Code     0  libshutdown2.o(.ARM.Collect$$libshutdown$$0000000F)
    __rt_lib_shutdown_return                 0x000001bf   Thumb Code     0  libshutdown2.o(.ARM.Collect$$libshutdown$$00000010)
    __rt_lib_shutdown_signal_1               0x000001bf   Thumb Code     0  libshutdown2.o(.ARM.Collect$$libshutdown$$0000000A)
    __rt_lib_shutdown_stdio_1                0x000001bf   Thumb Code     0  libshutdown2.o(.ARM.Collect$$libshutdown$$00000004)
    __rt_lib_shutdown_user_alloc_1           0x000001bf   Thumb Code     0  libshutdown2.o(.ARM.Collect$$libshutdown$$0000000C)
    __rt_entry                               0x000001c1   Thumb Code     0  __rtentry.o(.ARM.Collect$$rtentry$$00000000)
    __rt_entry_presh_1                       0x000001c1   Thumb Code     0  __rtentry2.o(.ARM.Collect$$rtentry$$00000002)
    __rt_entry_sh                            0x000001c1   Thumb Code     0  __rtentry4.o(.ARM.Collect$$rtentry$$00000004)
    __rt_entry_li                            0x000001c7   Thumb Code     0  __rtentry2.o(.ARM.Collect$$rtentry$$0000000A)
    __rt_entry_postsh_1                      0x000001c7   Thumb Code     0  __rtentry2.o(.ARM.Collect$$rtentry$$00000009)
    __rt_entry_main                          0x000001cb   Thumb Code     0  __rtentry2.o(.ARM.Collect$$rtentry$$0000000D)
    __rt_entry_postli_1                      0x000001cb   Thumb Code     0  __rtentry2.o(.ARM.Collect$$rtentry$$0000000C)
    __rt_exit                                0x000001d3   Thumb Code     0  rtexit.o(.ARM.Collect$$rtexit$$00000000)
    __rt_exit_ls                             0x000001d5   Thumb Code     0  rtexit2.o(.ARM.Collect$$rtexit$$00000003)
    __rt_exit_prels_1                        0x000001d5   Thumb Code     0  rtexit2.o(.ARM.Collect$$rtexit$$00000002)
    __rt_exit_exit                           0x000001d9   Thumb Code     0  rtexit2.o(.ARM.Collect$$rtexit$$00000004)
    Delay                                    0x000001e1   Thumb Code     6  main.o(.emb_text)
    Clock_Init                               0x000001e9   Thumb Code     0  clocksystem.o(.text)
    Clock_Init48MHz                          0x00000237   Thumb Code     0  clocksystem.o(.text)
    Clock_Init32kHz                          0x0000031d   Thumb Code     0  clocksystem.o(.text)
    Clock_InitLowPower                       0x000003ff   Thumb Code     0  clocksystem.o(.text)
    Reset_Handler                            0x000004e1   Thumb Code     8  startup_msp432.o(.text)
    NMI_Handler                              0x000004e9   Thumb Code     2  startup_msp432.o(.text)
    HardFault_Handler                        0x000004eb   Thumb Code     2  startup_msp432.o(.text)
    MemManage_Handler                        0x000004ed   Thumb Code     2  startup_msp432.o(.text)
    BusFault_Handler                         0x000004ef   Thumb Code     2  startup_msp432.o(.text)
    UsageFault_Handler                       0x000004f1   Thumb Code     2  startup_msp432.o(.text)
    SVC_Handler                              0x000004f3   Thumb Code     2  startup_msp432.o(.text)
    DebugMon_Handler                         0x000004f5   Thumb Code     2  startup_msp432.o(.text)
    PendSV_Handler                           0x000004f7   Thumb Code     2  startup_msp432.o(.text)
    SysTick_Handler                          0x000004f9   Thumb Code     2  startup_msp432.o(.text)
    ADC14_IRQHandler                         0x000004fb   Thumb Code     0  startup_msp432.o(.text)
    AES256_IRQHandler                        0x000004fb   Thumb Code     0  startup_msp432.o(.text)
    COMP_E0_IRQHandler                       0x000004fb   Thumb Code     0  startup_msp432.o(.text)
    COMP_E1_IRQHandler                       0x000004fb   Thumb Code     0  startup_msp432.o(.text)
    CS_IRQHandler                            0x000004fb   Thumb Code     0  startup_msp432.o(.text)
    DMA_ERR_IRQHandler                       0x000004fb   Thumb Code     0  startup_msp432.o(.text)
    DMA_INT0_IRQHandler                      0x000004fb   Thumb Code     0  startup_msp432.o(.text)
    DMA_INT1_IRQHandler                      0x000004fb   Thumb Code     0  startup_msp432.o(.text)
    DMA_INT2_IRQHandler                      0x000004fb   Thumb Code     0  startup_msp432.o(.text)
    DMA_INT3_IRQHandler                      0x000004fb   Thumb Code     0  startup_msp432.o(.text)
    EUSCIA0_IRQHandler                       0x000004fb   Thumb Code     0  startup_msp432.o(.text)
    EUSCIA1_IRQHandler                       0x000004fb   Thumb Code     0  startup_msp432.o(.text)
    EUSCIA2_IRQHandler                       0x000004fb   Thumb Code     0  startup_msp432.o(.text)
    EUSCIA3_IRQHandler                       0x000004fb   Thumb Code     0  startup_msp432.o(.text)
    EUSCIB0_IRQHandler                       0x000004fb   Thumb Code     0  startup_msp432.o(.text)
    EUSCIB1_IRQHandler                       0x000004fb   Thumb Code     0  startup_msp432.o(.text)
    EUSCIB2_IRQHandler                       0x000004fb   Thumb Code     0  startup_msp432.o(.text)
    EUSCIB3_IRQHandler                       0x000004fb   Thumb Code     0  startup_msp432.o(.text)
    FLCTL_IRQHandler                         0x000004fb   Thumb Code     0  startup_msp432.o(.text)
    FPU_IRQHandler                           0x000004fb   Thumb Code     0  startup_msp432.o(.text)
    PCM_IRQHandler                           0x000004fb   Thumb Code     0  startup_msp432.o(.text)
    PORT1_IRQHandler                         0x000004fb   Thumb Code     0  startup_msp432.o(.text)
    PORT2_IRQHandler                         0x000004fb   Thumb Code     0  startup_msp432.o(.text)
    PORT3_IRQHandler                         0x000004fb   Thumb Code     0  startup_msp432.o(.text)
    PORT4_IRQHandler                         0x000004fb   Thumb Code     0  startup_msp432.o(.text)
    PORT5_IRQHandler                         0x000004fb   Thumb Code     0  startup_msp432.o(.text)
    PORT6_IRQHandler                         0x000004fb   Thumb Code     0  startup_msp432.o(.text)
    PSS_IRQHandler                           0x000004fb   Thumb Code     0  startup_msp432.o(.text)
    RTC_C_IRQHandler                         0x000004fb   Thumb Code     0  startup_msp432.o(.text)
    T32_INT1_IRQHandler                      0x000004fb   Thumb Code     0  startup_msp432.o(.text)
    T32_INT2_IRQHandler                      0x000004fb   Thumb Code     0  startup_msp432.o(.text)
    T32_INTC_IRQHandler                      0x000004fb   Thumb Code     0  startup_msp432.o(.text)
    TA0_N_IRQHandler                         0x000004fb   Thumb Code     0  startup_msp432.o(.text)
    TA2_N_IRQHandler                         0x000004fb   Thumb Code     0  startup_msp432.o(.text)
    TA3_0_IRQHandler                         0x000004fb   Thumb Code     0  startup_msp432.o(.text)
    TA3_N_IRQHandler                         0x000004fb   Thumb Code     0  startup_msp432.o(.text)
    WDT_A_IRQHandler                         0x000004fb   Thumb Code     0  startup_msp432.o(.text)
    DisableInterrupts                        0x00000505   Thumb Code     0  startup_msp432.o(.text)
    EnableInterrupts                         0x00000509   Thumb Code     0  startup_msp432.o(.text)
    StartCritical                            0x0000050d   Thumb Code     0  startup_msp432.o(.text)
    EndCritical                              0x00000515   Thumb Code     0  startup_msp432.o(.text)
    WaitForInterrupt                         0x0000051b   Thumb Code     0  startup_msp432.o(.text)
    __user_initial_stackheap                 0x0000051f   Thumb Code    10  startup_msp432.o(.text)
    __use_two_region_memory                  0x00000535   Thumb Code     2  heapauxi.o(.text)
    __rt_heap_escrow$2region                 0x00000537   Thumb Code     2  heapauxi.o(.text)
    __rt_heap_expand$2region                 0x00000539   Thumb Code     2  heapauxi.o(.text)
    __read_errno                             0x0000053b   Thumb Code    10  _rserrno.o(.text)
    __set_errno                              0x00000545   Thumb Code    12  _rserrno.o(.text)
    __aeabi_errno_addr                       0x00000551   Thumb Code     8  rt_errno_addr_intlibspace.o(.text)
    __errno$intlibspace                      0x00000551   Thumb Code     0  rt_errno_addr_intlibspace.o(.text)
    __rt_errno_addr$intlibspace              0x00000551   Thumb Code     0  rt_errno_addr_intlibspace.o(.text)
    __user_libspace                          0x00000559   Thumb Code     8  libspace.o(.text)
    __user_perproc_libspace                  0x00000559   Thumb Code     0  libspace.o(.text)
    __user_perthread_libspace                0x00000559   Thumb Code     0  libspace.o(.text)
    __user_setup_stackheap                   0x00000561   Thumb Code    74  sys_stackheap_outer.o(.text)
    exit                                     0x000005ab   Thumb Code    18  exit.o(.text)
    _sys_exit                                0x000005bd   Thumb Code     8  sys_exit.o(.text)
    __I$use$semihosting                      0x000005c9   Thumb Code     0  use_no_semi.o(.text)
    __use_no_semihosting_swi                 0x000005c9   Thumb Code     2  use_no_semi.o(.text)
    Nokia5110_Clear                          0x000005cb   Thumb Code    30  nokia5110.o(i.Nokia5110_Clear)
    __semihosting_library_function           0x000005cb   Thumb Code     0  indicate_semi.o(.text)
    Nokia5110_Init                           0x000005e9   Thumb Code   218  nokia5110.o(i.Nokia5110_Init)
    Nokia5110_OutChar                        0x000006cd   Thumb Code    46  nokia5110.o(i.Nokia5110_OutChar)
    Nokia5110_OutString                      0x00000701   Thumb Code    24  nokia5110.o(i.Nokia5110_OutString)
    Nokia5110_OutUDec                        0x00000719   Thumb Code   394  nokia5110.o(i.Nokia5110_OutUDec)
    Nokia5110_SetCursor                      0x000008b5   Thumb Code    46  nokia5110.o(i.Nokia5110_SetCursor)
    PWM_Duty1                                0x000008e3   Thumb Code    22  pwm.o(i.PWM_Duty1)
    PWM_Duty2                                0x000008f9   Thumb Code    22  pwm.o(i.PWM_Duty2)
    PWM_Init                                 0x00000911   Thumb Code   140  pwm.o(i.PWM_Init)
    SystemInit                               0x000009a1   Thumb Code    16  system_msp432.o(i.SystemInit)
    TA0_0_IRQHandler                         0x000009bd   Thumb Code    28  inputcapture.o(i.TA0_0_IRQHandler)
    TA1_0_IRQHandler                         0x000009dd   Thumb Code    28  inputcapture.o(i.TA1_0_IRQHandler)
    TA1_N_IRQHandler                         0x00000a01   Thumb Code    28  inputcapture.o(i.TA1_N_IRQHandler)
    TA2_0_IRQHandler                         0x00000a25   Thumb Code    28  inputcapture.o(i.TA2_0_IRQHandler)
    TimerCapture1_Init                       0x00000a49   Thumb Code   188  inputcapture.o(i.TimerCapture1_Init)
    __ARM_fpclassify                         0x00000b1d   Thumb Code    40  fpclassify.o(i.__ARM_fpclassify)
    __kernel_poly                            0x00000b45   Thumb Code   170  poly.o(i.__kernel_poly)
    __mathlib_dbl_divzero                    0x00000bf1   Thumb Code    12  dunder.o(i.__mathlib_dbl_divzero)
    __mathlib_dbl_infnan2                    0x00000c01   Thumb Code     4  dunder.o(i.__mathlib_dbl_infnan2)
    __mathlib_dbl_invalid                    0x00000c05   Thumb Code    12  dunder.o(i.__mathlib_dbl_invalid)
    __mathlib_dbl_overflow                   0x00000c11   Thumb Code    14  dunder.o(i.__mathlib_dbl_overflow)
    __mathlib_dbl_underflow                  0x00000c21   Thumb Code    10  dunder.o(i.__mathlib_dbl_underflow)
    average                                  0x00000c31   Thumb Code   100  main.o(i.average)
    calculateDistance                        0x00000c99   Thumb Code    68  main.o(i.calculateDistance)
    encoder_init                             0x00000ced   Thumb Code    42  main.o(i.encoder_init)
    left_period_measure                      0x00000d95   Thumb Code    34  main.o(i.left_period_measure)
    left_pid_controller                      0x00000dc9   Thumb Code    68  main.o(i.left_pid_controller)
    logic_init                               0x00000e15   Thumb Code    64  main.o(i.logic_init)
    main                                     0x00000e59   Thumb Code   196  main.o(i.main)
    period_measure_init                      0x00000f2d   Thumb Code    28  main.o(i.period_measure_init)
    pow                                      0x00000f61   Thumb Code  2512  pow.o(i.pow)
    print_udecs                              0x00001939   Thumb Code    48  main.o(i.print_udecs)
    right_period_measure                     0x000019a1   Thumb Code    34  main.o(i.right_period_measure)
    right_pid_controller                     0x000019d5   Thumb Code    68  main.o(i.right_pid_controller)
    scale                                    0x00001a21   Thumb Code    20  main.o(i.scale)
    sonar1_init                              0x00001a35   Thumb Code   132  main.o(i.sonar1_init)
    sonar1_measure                           0x00001ac1   Thumb Code   166  main.o(i.sonar1_measure)
    sonar2_init                              0x00001b79   Thumb Code   132  main.o(i.sonar2_init)
    sonar2_measure                           0x00001c05   Thumb Code   164  main.o(i.sonar2_measure)
    sqrt                                     0x00001cbd   Thumb Code    76  sqrt.o(i.sqrt)
    __aeabi_dadd                             0x00001d09   Thumb Code     0  daddsub_clz.o(x$fpl$dadd)
    _dadd                                    0x00001d09   Thumb Code   332  daddsub_clz.o(x$fpl$dadd)
    __fpl_dcheck_NaN1                        0x00001e59   Thumb Code    10  dcheck1.o(x$fpl$dcheck1)
    __fpl_dcmp_Inf                           0x00001e69   Thumb Code    24  dcmpi.o(x$fpl$dcmpinf)
    __aeabi_ddiv                             0x00001e81   Thumb Code     0  ddiv.o(x$fpl$ddiv)
    _ddiv                                    0x00001e81   Thumb Code   552  ddiv.o(x$fpl$ddiv)
    __aeabi_cdcmpeq                          0x00002131   Thumb Code     0  deqf.o(x$fpl$deqf)
    _dcmpeq                                  0x00002131   Thumb Code   120  deqf.o(x$fpl$deqf)
    __aeabi_i2d                              0x000021a9   Thumb Code     0  dflt_clz.o(x$fpl$dflt)
    _dflt                                    0x000021a9   Thumb Code    46  dflt_clz.o(x$fpl$dflt)
    __aeabi_ui2d                             0x000021d7   Thumb Code     0  dflt_clz.o(x$fpl$dfltu)
    _dfltu                                   0x000021d7   Thumb Code    38  dflt_clz.o(x$fpl$dfltu)
    __aeabi_cdcmple                          0x000021fd   Thumb Code     0  dleqf.o(x$fpl$dleqf)
    _dcmple                                  0x000021fd   Thumb Code   120  dleqf.o(x$fpl$dleqf)
    __fpl_dcmple_InfNaN                      0x0000225f   Thumb Code     0  dleqf.o(x$fpl$dleqf)
    __aeabi_dmul                             0x00002275   Thumb Code     0  dmul.o(x$fpl$dmul)
    _dmul                                    0x00002275   Thumb Code   332  dmul.o(x$fpl$dmul)
    __fpl_dnaninf                            0x000023c9   Thumb Code   156  dnaninf.o(x$fpl$dnaninf)
    __fpl_dretinf                            0x00002465   Thumb Code    12  dretinf.o(x$fpl$dretinf)
    __aeabi_cdrcmple                         0x00002471   Thumb Code     0  drleqf.o(x$fpl$drleqf)
    _drcmple                                 0x00002471   Thumb Code   108  drleqf.o(x$fpl$drleqf)
    __aeabi_drsub                            0x000024dd   Thumb Code     0  daddsub_clz.o(x$fpl$drsb)
    _drsb                                    0x000024dd   Thumb Code    22  daddsub_clz.o(x$fpl$drsb)
    _dsqrt                                   0x000024f5   Thumb Code   404  dsqrt_umaal.o(x$fpl$dsqrt)
    __aeabi_dsub                             0x0000268d   Thumb Code     0  daddsub_clz.o(x$fpl$dsub)
    _dsub                                    0x0000268d   Thumb Code   464  daddsub_clz.o(x$fpl$dsub)
    __fpl_return_NaN                         0x00002861   Thumb Code   100  retnan.o(x$fpl$retnan)
    __ARM_scalbn                             0x000028c5   Thumb Code    92  scalbn.o(x$fpl$scalbn)
    __fpl_cmpreturn                          0x00002921   Thumb Code    48  trapv.o(x$fpl$trapveneer)
    __I$use$fp                               0x00002950   Number         0  usenofp.o(x$fpl$usenofp)
    Masks                                    0x00002b30   Data           8  nokia5110.o(.constdata)
    __mathlib_zero                           0x00002bc0   Data           8  qnan.o(.constdata)
    Region$$Table$$Base                      0x00002bc8   Number         0  anon$$obj.o(Region$$Table)
    Region$$Table$$Limit                     0x00002be8   Number         0  anon$$obj.o(Region$$Table)
    count                                    0x20000000   Data           4  main.o(.data)
    leftPeriod                               0x20000004   Data           2  main.o(.data)
    leftFirst                                0x20000006   Data           2  main.o(.data)
    leftDone                                 0x20000008   Data           4  main.o(.data)
    leftCount                                0x2000000c   Data           2  main.o(.data)
    rightPeriod                              0x2000000e   Data           2  main.o(.data)
    rightFirst                               0x20000010   Data           2  main.o(.data)
    rightDone                                0x20000014   Data           4  main.o(.data)
    rightCount                               0x20000018   Data           2  main.o(.data)
    v                                        0x2000001c   Data           4  main.o(.data)
    ns1                                      0x20000020   Data           4  main.o(.data)
    ns2                                      0x20000024   Data           4  main.o(.data)
    right_e_old                              0x20000028   Data           2  main.o(.data)
    right_E                                  0x2000002c   Data           4  main.o(.data)
    left_e_old                               0x20000030   Data           2  main.o(.data)
    left_E                                   0x20000034   Data           4  main.o(.data)
    CaptureTask                              0x20000038   Data           4  inputcapture.o(.data)
    CaptureTask2                             0x2000003c   Data           4  inputcapture.o(.data)
    SystemCoreClock                          0x20000040   Data           4  system_msp432.o(.data)
    __libspace_start                         0x20000044   Data          96  libspace.o(.bss)
    __temporary_stack_top$libspace           0x200000a4   Data           0  libspace.o(.bss)



==============================================================================

Memory Map of the image

  Image Entry point : 0x000004e1

  Load Region LR_1 (Base: 0x00000000, Size: 0x00002c2c, Max: 0xffffffff, ABSOLUTE)

    Execution Region ER_RO (Base: 0x00000000, Size: 0x00002be8, Max: 0xffffffff, ABSOLUTE)

    Base Addr    Size         Type   Attr      Idx    E Section Name        Object

    0x00000000   0x00000144   Data   RO          429    RESET               startup_msp432.o
    0x00000144   0x00000008   Code   RO          502  * !!!main             c_w.l(__main.o)
    0x0000014c   0x00000034   Code   RO          796    !!!scatter          c_w.l(__scatter.o)
    0x00000180   0x0000001a   Code   RO          798    !!handler_copy      c_w.l(__scatter_copy.o)
    0x0000019a   0x00000002   PAD
    0x0000019c   0x0000001c   Code   RO          800    !!handler_zi        c_w.l(__scatter_zi.o)
    0x000001b8   0x00000002   Code   RO          665    .ARM.Collect$$libinit$$00000000  c_w.l(libinit.o)
    0x000001ba   0x00000000   Code   RO          667    .ARM.Collect$$libinit$$00000002  c_w.l(libinit2.o)
    0x000001ba   0x00000000   Code   RO          669    .ARM.Collect$$libinit$$00000004  c_w.l(libinit2.o)
    0x000001ba   0x00000000   Code   RO          672    .ARM.Collect$$libinit$$0000000A  c_w.l(libinit2.o)
    0x000001ba   0x00000000   Code   RO          674    .ARM.Collect$$libinit$$0000000C  c_w.l(libinit2.o)
    0x000001ba   0x00000000   Code   RO          676    .ARM.Collect$$libinit$$0000000E  c_w.l(libinit2.o)
    0x000001ba   0x00000000   Code   RO          679    .ARM.Collect$$libinit$$00000011  c_w.l(libinit2.o)
    0x000001ba   0x00000000   Code   RO          681    .ARM.Collect$$libinit$$00000013  c_w.l(libinit2.o)
    0x000001ba   0x00000000   Code   RO          683    .ARM.Collect$$libinit$$00000015  c_w.l(libinit2.o)
    0x000001ba   0x00000000   Code   RO          685    .ARM.Collect$$libinit$$00000017  c_w.l(libinit2.o)
    0x000001ba   0x00000000   Code   RO          687    .ARM.Collect$$libinit$$00000019  c_w.l(libinit2.o)
    0x000001ba   0x00000000   Code   RO          689    .ARM.Collect$$libinit$$0000001B  c_w.l(libinit2.o)
    0x000001ba   0x00000000   Code   RO          691    .ARM.Collect$$libinit$$0000001D  c_w.l(libinit2.o)
    0x000001ba   0x00000000   Code   RO          693    .ARM.Collect$$libinit$$0000001F  c_w.l(libinit2.o)
    0x000001ba   0x00000000   Code   RO          695    .ARM.Collect$$libinit$$00000021  c_w.l(libinit2.o)
    0x000001ba   0x00000000   Code   RO          697    .ARM.Collect$$libinit$$00000023  c_w.l(libinit2.o)
    0x000001ba   0x00000000   Code   RO          699    .ARM.Collect$$libinit$$00000025  c_w.l(libinit2.o)
    0x000001ba   0x00000000   Code   RO          703    .ARM.Collect$$libinit$$0000002C  c_w.l(libinit2.o)
    0x000001ba   0x00000000   Code   RO          705    .ARM.Collect$$libinit$$0000002E  c_w.l(libinit2.o)
    0x000001ba   0x00000000   Code   RO          707    .ARM.Collect$$libinit$$00000030  c_w.l(libinit2.o)
    0x000001ba   0x00000000   Code   RO          709    .ARM.Collect$$libinit$$00000032  c_w.l(libinit2.o)
    0x000001ba   0x00000002   Code   RO          710    .ARM.Collect$$libinit$$00000033  c_w.l(libinit2.o)
    0x000001bc   0x00000002   Code   RO          744    .ARM.Collect$$libshutdown$$00000000  c_w.l(libshutdown.o)
    0x000001be   0x00000000   Code   RO          755    .ARM.Collect$$libshutdown$$00000002  c_w.l(libshutdown2.o)
    0x000001be   0x00000000   Code   RO          757    .ARM.Collect$$libshutdown$$00000004  c_w.l(libshutdown2.o)
    0x000001be   0x00000000   Code   RO          760    .ARM.Collect$$libshutdown$$00000007  c_w.l(libshutdown2.o)
    0x000001be   0x00000000   Code   RO          763    .ARM.Collect$$libshutdown$$0000000A  c_w.l(libshutdown2.o)
    0x000001be   0x00000000   Code   RO          765    .ARM.Collect$$libshutdown$$0000000C  c_w.l(libshutdown2.o)
    0x000001be   0x00000000   Code   RO          768    .ARM.Collect$$libshutdown$$0000000F  c_w.l(libshutdown2.o)
    0x000001be   0x00000002   Code   RO          769    .ARM.Collect$$libshutdown$$00000010  c_w.l(libshutdown2.o)
    0x000001c0   0x00000000   Code   RO          536    .ARM.Collect$$rtentry$$00000000  c_w.l(__rtentry.o)
    0x000001c0   0x00000000   Code   RO          585    .ARM.Collect$$rtentry$$00000002  c_w.l(__rtentry2.o)
    0x000001c0   0x00000006   Code   RO          597    .ARM.Collect$$rtentry$$00000004  c_w.l(__rtentry4.o)
    0x000001c6   0x00000000   Code   RO          587    .ARM.Collect$$rtentry$$00000009  c_w.l(__rtentry2.o)
    0x000001c6   0x00000004   Code   RO          588    .ARM.Collect$$rtentry$$0000000A  c_w.l(__rtentry2.o)
    0x000001ca   0x00000000   Code   RO          590    .ARM.Collect$$rtentry$$0000000C  c_w.l(__rtentry2.o)
    0x000001ca   0x00000008   Code   RO          591    .ARM.Collect$$rtentry$$0000000D  c_w.l(__rtentry2.o)
    0x000001d2   0x00000002   Code   RO          713    .ARM.Collect$$rtexit$$00000000  c_w.l(rtexit.o)
    0x000001d4   0x00000000   Code   RO          722    .ARM.Collect$$rtexit$$00000002  c_w.l(rtexit2.o)
    0x000001d4   0x00000004   Code   RO          723    .ARM.Collect$$rtexit$$00000003  c_w.l(rtexit2.o)
    0x000001d8   0x00000006   Code   RO          724    .ARM.Collect$$rtexit$$00000004  c_w.l(rtexit2.o)
    0x000001de   0x00000002   PAD
    0x000001e0   0x00000006   Code   RO            4    .emb_text           main.o
    0x000001e6   0x00000002   PAD
    0x000001e8   0x000002f8   Code   RO          215    .text               clocksystem.o
    0x000004e0   0x00000054   Code   RO          430  * .text               startup_msp432.o
    0x00000534   0x00000006   Code   RO          500    .text               c_w.l(heapauxi.o)
    0x0000053a   0x00000016   Code   RO          537    .text               c_w.l(_rserrno.o)
    0x00000550   0x00000008   Code   RO          607    .text               c_w.l(rt_errno_addr_intlibspace.o)
    0x00000558   0x00000008   Code   RO          651    .text               c_w.l(libspace.o)
    0x00000560   0x0000004a   Code   RO          654    .text               c_w.l(sys_stackheap_outer.o)
    0x000005aa   0x00000012   Code   RO          656    .text               c_w.l(exit.o)
    0x000005bc   0x0000000c   Code   RO          734    .text               c_w.l(sys_exit.o)
    0x000005c8   0x00000002   Code   RO          745    .text               c_w.l(use_no_semi.o)
    0x000005ca   0x00000000   Code   RO          747    .text               c_w.l(indicate_semi.o)
    0x000005ca   0x0000001e   Code   RO          287    i.Nokia5110_Clear   nokia5110.o
    0x000005e8   0x000000e4   Code   RO          292    i.Nokia5110_Init    nokia5110.o
    0x000006cc   0x00000034   Code   RO          293    i.Nokia5110_OutChar  nokia5110.o
    0x00000700   0x00000018   Code   RO          294    i.Nokia5110_OutString  nokia5110.o
    0x00000718   0x0000019c   Code   RO          295    i.Nokia5110_OutUDec  nokia5110.o
    0x000008b4   0x0000002e   Code   RO          297    i.Nokia5110_SetCursor  nokia5110.o
    0x000008e2   0x00000016   Code   RO          182    i.PWM_Duty1         pwm.o
    0x000008f8   0x00000016   Code   RO          183    i.PWM_Duty2         pwm.o
    0x0000090e   0x00000002   PAD
    0x00000910   0x00000090   Code   RO          184    i.PWM_Init          pwm.o
    0x000009a0   0x0000001c   Code   RO          438    i.SystemInit        system_msp432.o
    0x000009bc   0x00000020   Code   RO          224    i.TA0_0_IRQHandler  inputcapture.o
    0x000009dc   0x00000024   Code   RO          225    i.TA1_0_IRQHandler  inputcapture.o
    0x00000a00   0x00000024   Code   RO          226    i.TA1_N_IRQHandler  inputcapture.o
    0x00000a24   0x00000024   Code   RO          227    i.TA2_0_IRQHandler  inputcapture.o
    0x00000a48   0x000000d4   Code   RO          228    i.TimerCapture1_Init  inputcapture.o
    0x00000b1c   0x00000028   Code   RO          571    i.__ARM_fpclassify  m_ws.l(fpclassify.o)
    0x00000b44   0x000000aa   Code   RO          573    i.__kernel_poly     m_ws.l(poly.o)
    0x00000bee   0x00000002   PAD
    0x00000bf0   0x00000010   Code   RO          557    i.__mathlib_dbl_divzero  m_ws.l(dunder.o)
    0x00000c00   0x00000004   Code   RO          559    i.__mathlib_dbl_infnan2  m_ws.l(dunder.o)
    0x00000c04   0x0000000c   Code   RO          560    i.__mathlib_dbl_invalid  m_ws.l(dunder.o)
    0x00000c10   0x0000000e   Code   RO          561    i.__mathlib_dbl_overflow  m_ws.l(dunder.o)
    0x00000c1e   0x00000002   PAD
    0x00000c20   0x00000010   Code   RO          563    i.__mathlib_dbl_underflow  m_ws.l(dunder.o)
    0x00000c30   0x00000068   Code   RO            5    i.average           main.o
    0x00000c98   0x00000054   Code   RO            6    i.calculateDistance  main.o
    0x00000cec   0x00000030   Code   RO            7    i.encoder_init      main.o
    0x00000d1c   0x00000034   Code   RO          307    i.lcddatawrite      nokia5110.o
    0x00000d50   0x00000044   Code   RO          308    i.lcdwrite          nokia5110.o
    0x00000d94   0x00000034   Code   RO            8    i.left_period_measure  main.o
    0x00000dc8   0x0000004c   Code   RO            9    i.left_pid_controller  main.o
    0x00000e14   0x00000044   Code   RO           10    i.logic_init        main.o
    0x00000e58   0x000000d4   Code   RO           11    i.main              main.o
    0x00000f2c   0x00000034   Code   RO           12    i.period_measure_init  main.o
    0x00000f60   0x000009d8   Code   RO          527    i.pow               m_ws.l(pow.o)
    0x00001938   0x00000068   Code   RO           15    i.print_udecs       main.o
    0x000019a0   0x00000034   Code   RO           16    i.right_period_measure  main.o
    0x000019d4   0x0000004c   Code   RO           17    i.right_pid_controller  main.o
    0x00001a20   0x00000014   Code   RO           18    i.scale             main.o
    0x00001a34   0x0000008c   Code   RO           19    i.sonar1_init       main.o
    0x00001ac0   0x000000b8   Code   RO           20    i.sonar1_measure    main.o
    0x00001b78   0x0000008c   Code   RO           21    i.sonar2_init       main.o
    0x00001c04   0x000000b8   Code   RO           22    i.sonar2_measure    main.o
    0x00001cbc   0x0000004c   Code   RO          577    i.sqrt              m_ws.l(sqrt.o)
    0x00001d08   0x00000150   Code   RO          504    x$fpl$dadd          fz_ws.l(daddsub_clz.o)
    0x00001e58   0x00000010   Code   RO          643    x$fpl$dcheck1       fz_ws.l(dcheck1.o)
    0x00001e68   0x00000018   Code   RO          546    x$fpl$dcmpinf       fz_ws.l(dcmpi.o)
    0x00001e80   0x000002b0   Code   RO          511    x$fpl$ddiv          fz_ws.l(ddiv.o)
    0x00002130   0x00000078   Code   RO          514    x$fpl$deqf          fz_ws.l(deqf.o)
    0x000021a8   0x0000002e   Code   RO          517    x$fpl$dflt          fz_ws.l(dflt_clz.o)
    0x000021d6   0x00000026   Code   RO          516    x$fpl$dfltu         fz_ws.l(dflt_clz.o)
    0x000021fc   0x00000078   Code   RO          645    x$fpl$dleqf         fz_ws.l(dleqf.o)
    0x00002274   0x00000154   Code   RO          522    x$fpl$dmul          fz_ws.l(dmul.o)
    0x000023c8   0x0000009c   Code   RO          548    x$fpl$dnaninf       fz_ws.l(dnaninf.o)
    0x00002464   0x0000000c   Code   RO          550    x$fpl$dretinf       fz_ws.l(dretinf.o)
    0x00002470   0x0000006c   Code   RO          552    x$fpl$drleqf        fz_ws.l(drleqf.o)
    0x000024dc   0x00000016   Code   RO          505    x$fpl$drsb          fz_ws.l(daddsub_clz.o)
    0x000024f2   0x00000002   PAD
    0x000024f4   0x00000198   Code   RO          647    x$fpl$dsqrt         fz_ws.l(dsqrt_umaal.o)
    0x0000268c   0x000001d4   Code   RO          506    x$fpl$dsub          fz_ws.l(daddsub_clz.o)
    0x00002860   0x00000064   Code   RO          711    x$fpl$retnan        fz_ws.l(retnan.o)
    0x000028c4   0x0000005c   Code   RO          554    x$fpl$scalbn        fz_ws.l(scalbn.o)
    0x00002920   0x00000030   Code   RO          719    x$fpl$trapveneer    fz_ws.l(trapv.o)
    0x00002950   0x00000000   Code   RO          556    x$fpl$usenofp       fz_ws.l(usenofp.o)
    0x00002950   0x000001e8   Data   RO          310    .constdata          nokia5110.o
    0x00002b38   0x00000088   Data   RO          528    .constdata          m_ws.l(pow.o)
    0x00002bc0   0x00000008   Data   RO          575    .constdata          m_ws.l(qnan.o)
    0x00002bc8   0x00000020   Data   RO          794    Region$$Table       anon$$obj.o


    Execution Region ER_RW (Base: 0x20000000, Size: 0x00000044, Max: 0xffffffff, ABSOLUTE)

    Base Addr    Size         Type   Attr      Idx    E Section Name        Object

    0x20000000   0x00000038   Data   RW           24    .data               main.o
    0x20000038   0x00000008   Data   RW          231    .data               inputcapture.o
    0x20000040   0x00000004   Data   RW          439    .data               system_msp432.o


    Execution Region ER_ZI (Base: 0x20000044, Size: 0x00000464, Max: 0xffffffff, ABSOLUTE)

    Base Addr    Size         Type   Attr      Idx    E Section Name        Object

    0x20000044   0x00000060   Zero   RW          652    .bss                c_w.l(libspace.o)
    0x200000a4   0x00000004   PAD
    0x200000a8   0x00000000   Zero   RW          428    HEAP                startup_msp432.o
    0x200000a8   0x00000400   Zero   RW          427    STACK               startup_msp432.o


==============================================================================

Image component sizes


      Code (inc. data)   RO Data    RW Data    ZI Data      Debug   Object Name

       760         78          0          0          0        492   clocksystem.o
       352         52          0          8          0       2988   inputcapture.o
      1602        232          0         56          0      13915   main.o
       912         50        488          0          0       5394   nokia5110.o
       188          4          0          0          0       1435   pwm.o
        84         20        324          0       1024        872   startup_msp432.o
        28         12          0          4          0        675   system_msp432.o

    ----------------------------------------------------------------------
      3930        448        844         68       1024      25771   Object Totals
         0          0         32          0          0          0   (incl. Generated)
         4          0          0          0          0          0   (incl. Padding)

    ----------------------------------------------------------------------

      Code (inc. data)   RO Data    RW Data    ZI Data      Debug   Library Member Name

         8          0          0          0          0         68   __main.o
         0          0          0          0          0          0   __rtentry.o
        12          0          0          0          0          0   __rtentry2.o
         6          0          0          0          0          0   __rtentry4.o
        52          8          0          0          0          0   __scatter.o
        26          0          0          0          0          0   __scatter_copy.o
        28          0          0          0          0          0   __scatter_zi.o
        22          0          0          0          0        100   _rserrno.o
        18          0          0          0          0         80   exit.o
         6          0          0          0          0        152   heapauxi.o
         0          0          0          0          0          0   indicate_semi.o
         2          0          0          0          0          0   libinit.o
         2          0          0          0          0          0   libinit2.o
         2          0          0          0          0          0   libshutdown.o
         2          0          0          0          0          0   libshutdown2.o
         8          4          0          0         96         68   libspace.o
         8          4          0          0          0         68   rt_errno_addr_intlibspace.o
         2          0          0          0          0          0   rtexit.o
        10          0          0          0          0          0   rtexit2.o
        12          4          0          0          0         68   sys_exit.o
        74          0          0          0          0         80   sys_stackheap_outer.o
         2          0          0          0          0         68   use_no_semi.o
       826         16          0          0          0        348   daddsub_clz.o
        16          4          0          0          0         68   dcheck1.o
        24          0          0          0          0         68   dcmpi.o
       688        140          0          0          0        208   ddiv.o
       120          4          0          0          0         92   deqf.o
        84          0          0          0          0        136   dflt_clz.o
       120          4          0          0          0         92   dleqf.o
       340         12          0          0          0        104   dmul.o
       156          4          0          0          0         92   dnaninf.o
        12          0          0          0          0         68   dretinf.o
       108          0          0          0          0         80   drleqf.o
       408         56          0          0          0        120   dsqrt_umaal.o
       100          0          0          0          0         68   retnan.o
        92          0          0          0          0         68   scalbn.o
        48          0          0          0          0         68   trapv.o
         0          0          0          0          0          0   usenofp.o
        62         10          0          0          0        340   dunder.o
        40          0          0          0          0         68   fpclassify.o
       170          0          0          0          0         96   poly.o
      2520        190        136          0          0        324   pow.o
         0          0          8          0          0          0   qnan.o
        76          0          0          0          0         84   sqrt.o

    ----------------------------------------------------------------------
      6322        460        144          0        100       3344   Library Totals
        10          0          0          0          4          0   (incl. Padding)

    ----------------------------------------------------------------------

      Code (inc. data)   RO Data    RW Data    ZI Data      Debug   Library Name

       302         20          0          0         96        752   c_w.l
      3142        240          0          0          0       1680   fz_ws.l
      2868        200        144          0          0        912   m_ws.l

    ----------------------------------------------------------------------
      6322        460        144          0        100       3344   Library Totals

    ----------------------------------------------------------------------

==============================================================================


      Code (inc. data)   RO Data    RW Data    ZI Data      Debug   

     10252        908        988         68       1124      25835   Grand Totals
     10252        908        988         68       1124      25835   ELF Image Totals
     10252        908        988         68          0          0   ROM Totals

==============================================================================

    Total RO  Size (Code + RO Data)                11240 (  10.98kB)
    Total RW  Size (RW Data + ZI Data)              1192 (   1.16kB)
    Total ROM Size (Code + RO Data + RW Data)      11308 (  11.04kB)

==============================================================================

