Component: ARM Compiler 5.06 update 1 (build 61) Tool: armlink [4d35a8]

==============================================================================

Section Cross References

    main.o(i.average) refers to deqf.o(x$fpl$deqf) for __aeabi_cdcmpeq
    main.o(i.average) refers to daddsub_clz.o(x$fpl$dadd) for __aeabi_dadd
    main.o(i.average) refers to dflt_clz.o(x$fpl$dflt) for __aeabi_i2d
    main.o(i.average) refers to ddiv.o(x$fpl$ddiv) for __aeabi_ddiv
    main.o(i.average_front) refers to main.o(i.average) for average
    main.o(i.average_front) refers to main.o(.data) for i
    main.o(i.average_front) refers to main.o(.bss) for sonars
    main.o(i.average_right) refers to main.o(i.average) for average
    main.o(i.average_right) refers to main.o(.data) for i
    main.o(i.average_right) refers to main.o(.bss) for sonars
    main.o(i.calculateDistance) refers to pow.o(i.pow) for pow
    main.o(i.calculateDistance) refers to dflt_clz.o(x$fpl$dfltu) for __aeabi_ui2d
    main.o(i.calculateDistance) refers to dmul.o(x$fpl$dmul) for __aeabi_dmul
    main.o(i.cycles_to_delay_units) refers to dflt_clz.o(x$fpl$dfltu) for __aeabi_ui2d
    main.o(i.cycles_to_delay_units) refers to dmul.o(x$fpl$dmul) for __aeabi_dmul
    main.o(i.cycles_to_delay_units) refers to dfixu.o(x$fpl$dfixu) for __aeabi_d2uiz
    main.o(i.left_period_measure) refers to main.o(.data) for leftFirst
    main.o(i.left_pid_controller) refers to main.o(.data) for e_old
    main.o(i.main) refers to clocksystem_1.o(i.Clock_Init48MHz) for Clock_Init48MHz
    main.o(i.main) refers to pwm.o(i.PWM_Init) for PWM_Init
    main.o(i.main) refers to nokia5110.o(i.Nokia5110_Init) for Nokia5110_Init
    main.o(i.main) refers to nokia5110.o(i.Nokia5110_Clear) for Nokia5110_Clear
    main.o(i.main) refers to main.o(i.logic_init) for logic_init
    main.o(i.main) refers to main.o(i.encoder_init) for encoder_init
    main.o(i.main) refers to main.o(i.sonar1_init) for sonar1_init
    main.o(i.main) refers to main.o(i.sonar2_init) for sonar2_init
    main.o(i.main) refers to main.o(i.period_measure_init) for period_measure_init
    main.o(i.main) refers to inputcapture.o(i.TimerCapture1_Init) for TimerCapture1_Init
    main.o(i.main) refers to startup_msp432.o(.text) for EnableInterrupts
    main.o(i.main) refers to systick.o(i.SysTick_Init) for SysTick_Init
    main.o(i.main) refers to main.o(i.sonar1_measure) for sonar1_measure
    main.o(i.main) refers to main.o(i.average_right) for average_right
    main.o(i.main) refers to main.o(i.sonar2_measure) for sonar2_measure
    main.o(i.main) refers to main.o(i.average_front) for average_front
    main.o(i.main) refers to deqf.o(x$fpl$deqf) for __aeabi_cdcmpeq
    main.o(i.main) refers to drleqf.o(x$fpl$drleqf) for __aeabi_cdrcmple
    main.o(i.main) refers to dleqf.o(x$fpl$dleqf) for __aeabi_cdcmple
    main.o(i.main) refers to main.o(i.pid_controller) for pid_controller
    main.o(i.main) refers to dmul.o(x$fpl$dmul) for __aeabi_dmul
    main.o(i.main) refers to dflt_clz.o(x$fpl$dfltu) for __aeabi_ui2d
    main.o(i.main) refers to daddsub_clz.o(x$fpl$dsub) for __aeabi_dsub
    main.o(i.main) refers to dfix.o(x$fpl$dfix) for __aeabi_d2iz
    main.o(i.main) refers to daddsub_clz.o(x$fpl$dadd) for __aeabi_dadd
    main.o(i.main) refers to main.o(i.print_sonars) for print_sonars
    main.o(i.main) refers to main.o(i.scale) for scale
    main.o(i.main) refers to main.o(i.left_pid_controller) for left_pid_controller
    main.o(i.main) refers to main.o(i.right_pid_controller) for right_pid_controller
    main.o(i.main) refers to pwm.o(i.PWM_Duty1) for PWM_Duty1
    main.o(i.main) refers to pwm.o(i.PWM_Duty2) for PWM_Duty2
    main.o(i.main) refers to main.o(i.cycles_to_delay_units) for cycles_to_delay_units
    main.o(i.main) refers to main.o(.emb_text) for Delay
    main.o(i.main) refers to main.o(i.right_period_measure) for right_period_measure
    main.o(i.main) refers to main.o(i.left_period_measure) for left_period_measure
    main.o(i.main) refers to main.o(.data) for states
    main.o(i.period_measure_init) refers to main.o(.data) for leftFirst
    main.o(i.pid_controller) refers to daddsub_clz.o(x$fpl$drsb) for __aeabi_drsub
    main.o(i.pid_controller) refers to daddsub_clz.o(x$fpl$dsub) for __aeabi_dsub
    main.o(i.pid_controller) refers to ddiv.o(x$fpl$ddiv) for __aeabi_ddiv
    main.o(i.pid_controller) refers to dleqf.o(x$fpl$dleqf) for __aeabi_cdcmple
    main.o(i.pid_controller) refers to dflt_clz.o(x$fpl$dflt) for __aeabi_i2d
    main.o(i.pid_controller) refers to daddsub_clz.o(x$fpl$dadd) for __aeabi_dadd
    main.o(i.pid_controller) refers to drleqf.o(x$fpl$drleqf) for __aeabi_cdrcmple
    main.o(i.pid_controller) refers to dmul.o(x$fpl$dmul) for __aeabi_dmul
    main.o(i.pid_controller) refers to main.o(.data) for e_old
    main.o(i.print_debug) refers to nokia5110.o(i.Nokia5110_Clear) for Nokia5110_Clear
[...]
    rtexit.o(.ARM.Collect$$rtexit$$00000000) refers (Special) to rtexit2.o(.ARM.Collect$$rtexit$$00000004) for __rt_exit_exit
    rtexit.o(.ARM.Collect$$rtexit$$00000000) refers (Special) to rtexit2.o(.ARM.Collect$$rtexit$$00000003) for __rt_exit_ls
    rtexit.o(.ARM.Collect$$rtexit$$00000000) refers (Special) to rtexit2.o(.ARM.Collect$$rtexit$$00000002) for __rt_exit_prels_1
    rtexit.o(.ARM.exidx) refers (Special) to rtexit2.o(.ARM.Collect$$rtexit$$00000004) for __rt_exit_exit
    rtexit.o(.ARM.exidx) refers (Special) to rtexit2.o(.ARM.Collect$$rtexit$$00000003) for __rt_exit_ls
    rtexit.o(.ARM.exidx) refers (Special) to rtexit2.o(.ARM.Collect$$rtexit$$00000002) for __rt_exit_prels_1
    rtexit.o(.ARM.exidx) refers to rtexit.o(.ARM.Collect$$rtexit$$00000000) for .ARM.Collect$$rtexit$$00000000
    argv_veneer.o(.emb_text) refers to no_argv.o(.text) for __ARM_get_argv
    trapv.o(x$fpl$trapveneer) refers (Special) to usenofp.o(x$fpl$usenofp) for __I$use$fp
    rtexit2.o(.ARM.Collect$$rtexit$$00000003) refers to libshutdown.o(.ARM.Collect$$libshutdown$$00000000) for __rt_lib_shutdown
    rtexit2.o(.ARM.Collect$$rtexit$$00000004) refers to sys_exit.o(.text) for _sys_exit
    rtexit2.o(.ARM.exidx) refers to rtexit2.o(.ARM.Collect$$rtexit$$00000001) for .ARM.Collect$$rtexit$$00000001
    rtexit2.o(.ARM.exidx) refers to rtexit2.o(.ARM.Collect$$rtexit$$00000003) for .ARM.Collect$$rtexit$$00000003
    rtexit2.o(.ARM.exidx) refers to rtexit2.o(.ARM.Collect$$rtexit$$00000004) for .ARM.Collect$$rtexit$$00000004
    _get_argv_nomalloc.o(.text) refers (Special) to hrguard.o(.text) for __heap_region$guard
    _get_argv_nomalloc.o(.text) refers to defsig_rtmem_outer.o(.text) for __rt_SIGRTMEM
    _get_argv_nomalloc.o(.text) refers to sys_command.o(.text) for _sys_command_string
    sys_command.o(.text) refers (Special) to use_no_semi.o(.text) for __I$use$semihosting
    sys_command.o(.text) refers (Special) to indicate_semi.o(.text) for __semihosting_library_function
    sys_exit.o(.text) refers (Special) to use_no_semi.o(.text) for __I$use$semihosting
    sys_exit.o(.text) refers (Special) to indicate_semi.o(.text) for __semihosting_library_function
    defsig_rtmem_outer.o(.text) refers to defsig_rtmem_inner.o(.text) for __rt_SIGRTMEM_inner
    defsig_rtmem_outer.o(.text) refers to defsig_exit.o(.text) for __sig_exit
    defsig_rtmem_formal.o(.text) refers to rt_raise.o(.text) for __rt_raise
    libshutdown.o(.ARM.Collect$$libshutdown$$00000000) refers (Special) to libshutdown2.o(.ARM.Collect$$libshutdown$$00000002) for __rt_lib_shutdown_cpp_1
    libshutdown.o(.ARM.Collect$$libshutdown$$00000000) refers (Special) to libshutdown2.o(.ARM.Collect$$libshutdown$$00000007) for __rt_lib_shutdown_fp_trap_1
    libshutdown.o(.ARM.Collect$$libshutdown$$00000000) refers (Special) to libshutdown2.o(.ARM.Collect$$libshutdown$$0000000F) for __rt_lib_shutdown_heap_1
    libshutdown.o(.ARM.Collect$$libshutdown$$00000000) refers (Special) to libshutdown2.o(.ARM.Collect$$libshutdown$$00000010) for __rt_lib_shutdown_return
    libshutdown.o(.ARM.Collect$$libshutdown$$00000000) refers (Special) to libshutdown2.o(.ARM.Collect$$libshutdown$$0000000A) for __rt_lib_shutdown_signal_1
    libshutdown.o(.ARM.Collect$$libshutdown$$00000000) refers (Special) to libshutdown2.o(.ARM.Collect$$libshutdown$$00000004) for __rt_lib_shutdown_stdio_1
    libshutdown.o(.ARM.Collect$$libshutdown$$00000000) refers (Special) to libshutdown2.o(.ARM.Collect$$libshutdown$$0000000C) for __rt_lib_shutdown_user_alloc_1
    rt_raise.o(.text) refers to __raise.o(.text) for __raise
    rt_raise.o(.text) refers to sys_exit.o(.text) for _sys_exit
    defsig_exit.o(.text) refers to sys_exit.o(.text) for _sys_exit
    defsig_rtmem_inner.o(.text) refers to defsig_general.o(.text) for __default_signal_display
    __raise.o(.text) refers to defsig.o(CL$$defsig) for __default_signal_handler
    defsig_general.o(.text) refers to sys_wrch.o(.text) for _ttywrch
    sys_wrch.o(.text) refers (Special) to use_no_semi.o(.text) for __I$use$semihosting
    sys_wrch.o(.text) refers (Special) to indicate_semi.o(.text) for __semihosting_library_function
    defsig.o(CL$$defsig) refers to defsig_rtmem_inner.o(.text) for __rt_SIGRTMEM_inner
    defsig_abrt_inner.o(.text) refers to defsig_general.o(.text) for __default_signal_display
    defsig_fpe_inner.o(.text) refers to defsig_general.o(.text) for __default_signal_display
    defsig_rtred_inner.o(.text) refers to defsig_general.o(.text) for __default_signal_display
    defsig_stak_inner.o(.text) refers to defsig_general.o(.text) for __default_signal_display
    defsig_pvfn_inner.o(.text) refers to defsig_general.o(.text) for __default_signal_display
    defsig_cppl_inner.o(.text) refers to defsig_general.o(.text) for __default_signal_display
    defsig_segv_inner.o(.text) refers to defsig_general.o(.text) for __default_signal_display
    defsig_other.o(.text) refers to defsig_general.o(.text) for __default_signal_display


==============================================================================

Removing Unused input sections from the image.

    Removing main.o(.rev16_text), (4 bytes).
    Removing main.o(.revsh_text), (4 bytes).
    Removing main.o(.rrx_text), (6 bytes).
    Removing main.o(i.print_debug), (136 bytes).
    Removing main.o(i.print_strings), (104 bytes).
    Removing main.o(i.print_udecs), (96 bytes).
    Removing pwm.o(.rev16_text), (4 bytes).
    Removing pwm.o(.revsh_text), (4 bytes).
    Removing pwm.o(.rrx_text), (6 bytes).
    Removing inputcapture.o(.rev16_text), (4 bytes).
    Removing inputcapture.o(.revsh_text), (4 bytes).
    Removing inputcapture.o(.rrx_text), (6 bytes).
    Removing inputcapture.o(i.TimerCapture2_Init), (160 bytes).
    Removing inputcapture.o(i.TimerCapture_Init), (148 bytes).
    Removing nokia5110.o(i.Nokia5110_ClearBuffer), (24 bytes).
    Removing nokia5110.o(i.Nokia5110_ClrPxl), (48 bytes).
    Removing nokia5110.o(i.Nokia5110_DisplayBuffer), (16 bytes).
    Removing nokia5110.o(i.Nokia5110_DrawFullImage), (32 bytes).
    Removing nokia5110.o(i.Nokia5110_PrintBMP), (416 bytes).
    Removing nokia5110.o(i.Nokia5110_SetPxl), (48 bytes).
    Removing nokia5110.o(i.Output_Clear), (8 bytes).
    Removing nokia5110.o(i.Output_Color), (2 bytes).
    Removing nokia5110.o(i.Output_Init), (8 bytes).
    Removing nokia5110.o(i.Output_Off), (8 bytes).
    Removing nokia5110.o(i.Output_On), (8 bytes).
    Removing nokia5110.o(i.ferror), (8 bytes).
    Removing nokia5110.o(i.fgetc), (6 bytes).
    Removing nokia5110.o(i.fputc), (16 bytes).
    Removing nokia5110.o(.bss), (504 bytes).
    Removing systick.o(.rev16_text), (4 bytes).
    Removing systick.o(.revsh_text), (4 bytes).
    Removing systick.o(.rrx_text), (6 bytes).
    Removing systick.o(i.SysTick_Wait), (38 bytes).
    Removing systick.o(i.SysTick_Wait10ms), (24 bytes).
    Removing clocksystem_1.o(.rev16_text), (4 bytes).
    Removing clocksystem_1.o(.revsh_text), (4 bytes).
    Removing clocksystem_1.o(.rrx_text), (6 bytes).
    Removing clocksystem_1.o(i.Clock_Init), (68 bytes).
    Removing clocksystem_1.o(i.Clock_Init32kHz), (336 bytes).
    Removing clocksystem_1.o(i.Clock_InitLowPower), (224 bytes).
    Removing system_msp432.o(.rev16_text), (4 bytes).
    Removing system_msp432.o(.revsh_text), (4 bytes).
    Removing system_msp432.o(.rrx_text), (6 bytes).
    Removing system_msp432.o(i.SystemCoreClockUpdate), (16 bytes).

44 unused section(s) (total 2586 bytes) removed from the image.

==============================================================================

Image Symbol Table

    Local Symbols

    Symbol Name                              Value     Ov Type        Size  Object(Section)

    RESET                                    0x00000000   Section      324  startup_msp432.o(RESET)
    ../clib/angel/boardlib.s                 0x00000000   Number         0  boardinit1.o ABSOLUTE
    ../clib/angel/boardlib.s                 0x00000000   Number         0  boardinit2.o ABSOLUTE
    ../clib/angel/boardlib.s                 0x00000000   Number         0  boardinit3.o ABSOLUTE
    ../clib/angel/boardlib.s                 0x00000000   Number         0  boardshut.o ABSOLUTE
    ../clib/angel/handlers.s                 0x00000000   Number         0  __scatter_zi.o ABSOLUTE
    ../clib/angel/handlers.s                 0x00000000   Number         0  __scatter_copy.o ABSOLUTE
    ../clib/angel/kernel.s                   0x00000000   Number         0  rtexit2.o ABSOLUTE
    ../clib/angel/kernel.s                   0x00000000   Number         0  rtexit.o ABSOLUTE
    ../clib/angel/kernel.s                   0x00000000   Number         0  __rtentry.o ABSOLUTE
    ../clib/angel/kernel.s                   0x00000000   Number         0  __rtentry4.o ABSOLUTE
    ../clib/angel/kernel.s                   0x00000000   Number         0  __rtentry2.o ABSOLUTE
    ../clib/angel/rt.s                       0x00000000   Number         0  rt_errno_addr.o ABSOLUTE
    ../clib/angel/rt.s                       0x00000000   Number         0  rt_raise.o ABSOLUTE
    ../clib/angel/rt.s                       0x00000000   Number         0  rt_errno_addr_intlibspace.o ABSOLUTE
    ../clib/angel/rt.s                       0x00000000   Number         0  rt_locale_intlibspace.o ABSOLUTE
    ../clib/angel/rt.s                       0x00000000   Number         0  rt_locale.o ABSOLUTE
    ../clib/angel/scatter.s                  0x00000000   Number         0  __scatter.o ABSOLUTE
    ../clib/angel/startup.s                  0x00000000   Number         0  __main.o ABSOLUTE
    ../clib/angel/sys.s                      0x00000000   Number         0  use_no_semi.o ABSOLUTE
    ../clib/angel/sys.s                      0x00000000   Number         0  indicate_semi.o ABSOLUTE
    ../clib/angel/sys.s                      0x00000000   Number         0  sys_stackheap_outer.o ABSOLUTE
    ../clib/angel/sys.s                      0x00000000   Number         0  libspace.o ABSOLUTE
    ../clib/angel/sysapp.c                   0x00000000   Number         0  sys_command.o ABSOLUTE
    ../clib/angel/sysapp.c                   0x00000000   Number         0  sys_exit.o ABSOLUTE
    ../clib/angel/sysapp.c                   0x00000000   Number         0  sys_wrch.o ABSOLUTE
    ../clib/armsys.c                         0x00000000   Number         0  _get_argv_nomalloc.o ABSOLUTE
    ../clib/armsys.c                         0x00000000   Number         0  no_argv.o ABSOLUTE
    ../clib/armsys.c                         0x00000000   Number         0  argv_veneer.o ABSOLUTE
    ../clib/armsys.c                         0x00000000   Number         0  argv_veneer.o ABSOLUTE
    ../clib/bigflt.c                         0x00000000   Number         0  bigflt0.o ABSOLUTE
    ../clib/btod.s                           0x00000000   Number         0  btod.o ABSOLUTE
    ../clib/fenv.c                           0x00000000   Number         0  _rserrno.o ABSOLUTE
    ../clib/heapalloc.c                      0x00000000   Number         0  hrguard.o ABSOLUTE
    ../clib/heapaux.c                        0x00000000   Number         0  heapauxi.o ABSOLUTE
    ../clib/libinit.s                        0x00000000   Number         0  libshutdown2.o ABSOLUTE
    ../clib/libinit.s                        0x00000000   Number         0  libinit2.o ABSOLUTE
    ../clib/libinit.s                        0x00000000   Number         0  libshutdown.o ABSOLUTE
    ../clib/libinit.s                        0x00000000   Number         0  libinit.o ABSOLUTE
    ../clib/locale.s                         0x00000000   Number         0  lc_numeric_c.o ABSOLUTE
    ../clib/longlong.s                       0x00000000   Number         0  lludiv10.o ABSOLUTE
    ../clib/memcpset.s                       0x00000000   Number         0  strcmpv7m.o ABSOLUTE
    ../clib/printf.c                         0x00000000   Number         0  __printf.o ABSOLUTE
    ../clib/printf.c                         0x00000000   Number         0  __printf_flags.o ABSOLUTE
    ../clib/printf.c                         0x00000000   Number         0  __printf_ss.o ABSOLUTE
    ../clib/printf.c                         0x00000000   Number         0  __printf_flags_ss.o ABSOLUTE
    ../clib/printf.c                         0x00000000   Number         0  __printf_wp.o ABSOLUTE
    ../clib/printf.c                         0x00000000   Number         0  __printf_flags_wp.o ABSOLUTE
    ../clib/printf.c                         0x00000000   Number         0  __printf_ss_wp.o ABSOLUTE
    ../clib/printf.c                         0x00000000   Number         0  __printf_flags_ss_wp.o ABSOLUTE
    ../clib/printf.c                         0x00000000   Number         0  __printf_nopercent.o ABSOLUTE
    ../clib/printf.c                         0x00000000   Number         0  _printf_fp_infnan.o ABSOLUTE
    ../clib/printf.c                         0x00000000   Number         0  _printf_fp_dec.o ABSOLUTE
    ../clib/printf.c                         0x00000000   Number         0  noretval__2sprintf.o ABSOLUTE
    ../clib/printf.c                         0x00000000   Number         0  _sputc.o ABSOLUTE
    ../clib/printf.c                         0x00000000   Number         0  __2sprintf.o ABSOLUTE
    ../clib/printf.c                         0x00000000   Number         0  _printf_char_common.o ABSOLUTE
    ../clib/printf_percent.s                 0x00000000   Number         0  _printf_f.o ABSOLUTE
    ../clib/printf_percent.s                 0x00000000   Number         0  _printf_percent.o ABSOLUTE
    ../clib/printf_percent.s                 0x00000000   Number         0  _printf_percent_end.o ABSOLUTE
    ../clib/signal.c                         0x00000000   Number         0  defsig_pvfn_inner.o ABSOLUTE
    ../clib/signal.c                         0x00000000   Number         0  defsig_stak_inner.o ABSOLUTE
    ../clib/signal.c                         0x00000000   Number         0  defsig_rtred_inner.o ABSOLUTE
    ../clib/signal.c                         0x00000000   Number         0  defsig_fpe_inner.o ABSOLUTE
    ../clib/signal.c                         0x00000000   Number         0  defsig_rtmem_inner.o ABSOLUTE
    ../clib/signal.c                         0x00000000   Number         0  defsig_abrt_inner.o ABSOLUTE
    ../clib/signal.c                         0x00000000   Number         0  defsig_rtmem_outer.o ABSOLUTE
    ../clib/signal.c                         0x00000000   Number         0  defsig_rtmem_formal.o ABSOLUTE
    ../clib/signal.c                         0x00000000   Number         0  defsig_exit.o ABSOLUTE
    ../clib/signal.c                         0x00000000   Number         0  defsig_general.o ABSOLUTE
    ../clib/signal.c                         0x00000000   Number         0  __raise.o ABSOLUTE
    ../clib/signal.c                         0x00000000   Number         0  defsig_segv_inner.o ABSOLUTE
    ../clib/signal.c                         0x00000000   Number         0  defsig_other.o ABSOLUTE
    ../clib/signal.c                         0x00000000   Number         0  defsig_cppl_inner.o ABSOLUTE
    ../clib/signal.s                         0x00000000   Number         0  defsig.o ABSOLUTE
    ../clib/stdlib.c                         0x00000000   Number         0  exit.o ABSOLUTE
    ../fplib/daddsub.s                       0x00000000   Number         0  daddsub_clz.o ABSOLUTE
    ../fplib/dcheck1.s                       0x00000000   Number         0  dcheck1.o ABSOLUTE
    ../fplib/dcmpi.s                         0x00000000   Number         0  dcmpi.o ABSOLUTE
    ../fplib/ddiv.s                          0x00000000   Number         0  ddiv.o ABSOLUTE
    ../fplib/deqf.s                          0x00000000   Number         0  deqf.o ABSOLUTE
    ../fplib/dfix.s                          0x00000000   Number         0  dfix.o ABSOLUTE
    ../fplib/dfixu.s                         0x00000000   Number         0  dfixu.o ABSOLUTE
    ../fplib/dflt.s                          0x00000000   Number         0  dflt_clz.o ABSOLUTE
    ../fplib/dleqf.s                         0x00000000   Number         0  dleqf.o ABSOLUTE
    ../fplib/dmul.s                          0x00000000   Number         0  dmul.o ABSOLUTE
    ../fplib/dnaninf.s                       0x00000000   Number         0  dnaninf.o ABSOLUTE
    ../fplib/dretinf.s                       0x00000000   Number         0  dretinf.o ABSOLUTE
    ../fplib/drleqf.s                        0x00000000   Number         0  drleqf.o ABSOLUTE
    ../fplib/dsqrt.s                         0x00000000   Number         0  dsqrt_umaal.o ABSOLUTE
    ../fplib/fpinit.s                        0x00000000   Number         0  fpinit.o ABSOLUTE
    ../fplib/istatus.s                       0x00000000   Number         0  istatus.o ABSOLUTE
    ../fplib/printf1.s                       0x00000000   Number         0  printf1.o ABSOLUTE
    ../fplib/retnan.s                        0x00000000   Number         0  retnan.o ABSOLUTE
    ../fplib/scalbn.s                        0x00000000   Number         0  scalbn.o ABSOLUTE
    ../fplib/trapv.s                         0x00000000   Number         0  trapv.o ABSOLUTE
    ../fplib/usenofp.s                       0x00000000   Number         0  usenofp.o ABSOLUTE
    ../mathlib/dunder.c                      0x00000000   Number         0  dunder.o ABSOLUTE
    ../mathlib/fpclassify.c                  0x00000000   Number         0  fpclassify.o ABSOLUTE
    ../mathlib/poly.c                        0x00000000   Number         0  poly.o ABSOLUTE
    ../mathlib/pow.c                         0x00000000   Number         0  pow_x.o ABSOLUTE
    ../mathlib/pow.c                         0x00000000   Number         0  pow.o ABSOLUTE
    ../mathlib/qnan.c                        0x00000000   Number         0  qnan.o ABSOLUTE
    ../mathlib/sqrt.c                        0x00000000   Number         0  sqrt.o ABSOLUTE
    ../mathlib/sqrt.c                        0x00000000   Number         0  sqrt_x.o ABSOLUTE
    ClockSystem.c                            0x00000000   Number         0  clocksystem_1.o ABSOLUTE
    ClockSystem.c                            0x00000000   Number         0  clocksystem_1.o ABSOLUTE
    InputCapture.c                           0x00000000   Number         0  inputcapture.o ABSOLUTE
    InputCapture.c                           0x00000000   Number         0  inputcapture.o ABSOLUTE
    Nokia5110.c                              0x00000000   Number         0  nokia5110.o ABSOLUTE
    PWM.c                                    0x00000000   Number         0  pwm.o ABSOLUTE
    PWM.c                                    0x00000000   Number         0  pwm.o ABSOLUTE
    RTE\Device\MSP432P401R\startup_msp432.s  0x00000000   Number         0  startup_msp432.o ABSOLUTE
    RTE\Device\MSP432P401R\system_msp432.c   0x00000000   Number         0  system_msp432.o ABSOLUTE
    RTE\\Device\\MSP432P401R\\system_msp432.c 0x00000000   Number         0  system_msp432.o ABSOLUTE
    SysTick.c                                0x00000000   Number         0  systick.o ABSOLUTE
    SysTick.c                                0x00000000   Number         0  systick.o ABSOLUTE
    dc.s                                     0x00000000   Number         0  dc.o ABSOLUTE
    main.c                                   0x00000000   Number         0  main.o ABSOLUTE
    main.c                                   0x00000000   Number         0  main.o ABSOLUTE
    !!!main                                  0x00000144   Section        8  __main.o(!!!main)
    !!!scatter                               0x0000014c   Section       52  __scatter.o(!!!scatter)
    !!handler_copy                           0x00000180   Section       26  __scatter_copy.o(!!handler_copy)
    !!handler_zi                             0x0000019c   Section       28  __scatter_zi.o(!!handler_zi)
    .ARM.Collect$$_printf_percent$$00000000  0x000001b8   Section        0  _printf_percent.o(.ARM.Collect$$_printf_percent$$00000000)
    .ARM.Collect$$_printf_percent$$00000003  0x000001b8   Section        6  _printf_f.o(.ARM.Collect$$_printf_percent$$00000003)
    .ARM.Collect$$_printf_percent$$00000017  0x000001be   Section        4  _printf_percent_end.o(.ARM.Collect$$_printf_percent$$00000017)
    .ARM.Collect$$libinit$$00000000          0x000001c2   Section        2  libinit.o(.ARM.Collect$$libinit$$00000000)
    .ARM.Collect$$libinit$$00000002          0x000001c4   Section        0  libinit2.o(.ARM.Collect$$libinit$$00000002)
    .ARM.Collect$$libinit$$00000004          0x000001c4   Section        0  libinit2.o(.ARM.Collect$$libinit$$00000004)
    .ARM.Collect$$libinit$$0000000A          0x000001c4   Section        0  libinit2.o(.ARM.Collect$$libinit$$0000000A)
    .ARM.Collect$$libinit$$0000000C          0x000001c4   Section        0  libinit2.o(.ARM.Collect$$libinit$$0000000C)
    .ARM.Collect$$libinit$$0000000E          0x000001c4   Section        0  libinit2.o(.ARM.Collect$$libinit$$0000000E)
    .ARM.Collect$$libinit$$0000000F          0x000001c4   Section        6  libinit2.o(.ARM.Collect$$libinit$$0000000F)
    .ARM.Collect$$libinit$$00000011          0x000001ca   Section        0  libinit2.o(.ARM.Collect$$libinit$$00000011)
    .ARM.Collect$$libinit$$00000013          0x000001ca   Section        0  libinit2.o(.ARM.Collect$$libinit$$00000013)
    .ARM.Collect$$libinit$$00000015          0x000001ca   Section        0  libinit2.o(.ARM.Collect$$libinit$$00000015)
    .ARM.Collect$$libinit$$00000016          0x000001ca   Section       10  libinit2.o(.ARM.Collect$$libinit$$00000016)
    .ARM.Collect$$libinit$$00000017          0x000001d4   Section        0  libinit2.o(.ARM.Collect$$libinit$$00000017)
    .ARM.Collect$$libinit$$00000019          0x000001d4   Section        0  libinit2.o(.ARM.Collect$$libinit$$00000019)
    .ARM.Collect$$libinit$$0000001B          0x000001d4   Section        0  libinit2.o(.ARM.Collect$$libinit$$0000001B)
    .ARM.Collect$$libinit$$0000001D          0x000001d4   Section        0  libinit2.o(.ARM.Collect$$libinit$$0000001D)
    .ARM.Collect$$libinit$$0000001F          0x000001d4   Section        0  libinit2.o(.ARM.Collect$$libinit$$0000001F)
    .ARM.Collect$$libinit$$00000021          0x000001d4   Section        0  libinit2.o(.ARM.Collect$$libinit$$00000021)
    .ARM.Collect$$libinit$$00000023          0x000001d4   Section        0  libinit2.o(.ARM.Collect$$libinit$$00000023)
    .ARM.Collect$$libinit$$00000025          0x000001d4   Section        0  libinit2.o(.ARM.Collect$$libinit$$00000025)
    .ARM.Collect$$libinit$$0000002C          0x000001d4   Section        0  libinit2.o(.ARM.Collect$$libinit$$0000002C)
    .ARM.Collect$$libinit$$0000002E          0x000001d4   Section        0  libinit2.o(.ARM.Collect$$libinit$$0000002E)
    .ARM.Collect$$libinit$$00000030          0x000001d4   Section        0  libinit2.o(.ARM.Collect$$libinit$$00000030)
    .ARM.Collect$$libinit$$00000032          0x000001d4   Section        0  libinit2.o(.ARM.Collect$$libinit$$00000032)
    .ARM.Collect$$libinit$$00000033          0x000001d4   Section        2  libinit2.o(.ARM.Collect$$libinit$$00000033)
    .ARM.Collect$$libshutdown$$00000000      0x000001d6   Section        2  libshutdown.o(.ARM.Collect$$libshutdown$$00000000)
    .ARM.Collect$$libshutdown$$00000002      0x000001d8   Section        0  libshutdown2.o(.ARM.Collect$$libshutdown$$00000002)
    .ARM.Collect$$libshutdown$$00000004      0x000001d8   Section        0  libshutdown2.o(.ARM.Collect$$libshutdown$$00000004)
    .ARM.Collect$$libshutdown$$00000007      0x000001d8   Section        0  libshutdown2.o(.ARM.Collect$$libshutdown$$00000007)
    .ARM.Collect$$libshutdown$$0000000A      0x000001d8   Section        0  libshutdown2.o(.ARM.Collect$$libshutdown$$0000000A)
    .ARM.Collect$$libshutdown$$0000000C      0x000001d8   Section        0  libshutdown2.o(.ARM.Collect$$libshutdown$$0000000C)
    .ARM.Collect$$libshutdown$$0000000F      0x000001d8   Section        0  libshutdown2.o(.ARM.Collect$$libshutdown$$0000000F)
    .ARM.Collect$$libshutdown$$00000010      0x000001d8   Section        2  libshutdown2.o(.ARM.Collect$$libshutdown$$00000010)
    .ARM.Collect$$rtentry$$00000000          0x000001da   Section        0  __rtentry.o(.ARM.Collect$$rtentry$$00000000)
    .ARM.Collect$$rtentry$$00000002          0x000001da   Section        0  __rtentry2.o(.ARM.Collect$$rtentry$$00000002)
    .ARM.Collect$$rtentry$$00000004          0x000001da   Section        6  __rtentry4.o(.ARM.Collect$$rtentry$$00000004)
    .ARM.Collect$$rtentry$$00000009          0x000001e0   Section        0  __rtentry2.o(.ARM.Collect$$rtentry$$00000009)
    .ARM.Collect$$rtentry$$0000000A          0x000001e0   Section        4  __rtentry2.o(.ARM.Collect$$rtentry$$0000000A)
    .ARM.Collect$$rtentry$$0000000C          0x000001e4   Section        0  __rtentry2.o(.ARM.Collect$$rtentry$$0000000C)
    .ARM.Collect$$rtentry$$0000000D          0x000001e4   Section        8  __rtentry2.o(.ARM.Collect$$rtentry$$0000000D)
    .ARM.Collect$$rtexit$$00000000           0x000001ec   Section        2  rtexit.o(.ARM.Collect$$rtexit$$00000000)
    .ARM.Collect$$rtexit$$00000002           0x000001ee   Section        0  rtexit2.o(.ARM.Collect$$rtexit$$00000002)
    .ARM.Collect$$rtexit$$00000003           0x000001ee   Section        4  rtexit2.o(.ARM.Collect$$rtexit$$00000003)
    .ARM.Collect$$rtexit$$00000004           0x000001f2   Section        6  rtexit2.o(.ARM.Collect$$rtexit$$00000004)
    .emb_text                                0x000001f8   Section        6  main.o(.emb_text)
    .text                                    0x00000200   Section       84  startup_msp432.o(.text)
    .text                                    0x00000254   Section        0  noretval__2sprintf.o(.text)
    .text                                    0x0000027c   Section        0  __printf.o(.text)
    .text                                    0x000002e4   Section        0  heapauxi.o(.text)
    .text                                    0x000002ea   Section        0  _rserrno.o(.text)
    .text                                    0x00000300   Section        0  _printf_fp_dec.o(.text)
    _fp_digits                               0x00000303   Thumb Code   428  _printf_fp_dec.o(.text)
    .text                                    0x0000071c   Section        0  _printf_char_common.o(.text)
    _printf_input_char                       0x0000071d   Thumb Code    10  _printf_char_common.o(.text)
    .text                                    0x0000074c   Section        0  _sputc.o(.text)
    .text                                    0x00000758   Section        8  rt_locale_intlibspace.o(.text)
    .text                                    0x00000760   Section        8  rt_errno_addr_intlibspace.o(.text)
    .text                                    0x00000768   Section      138  lludiv10.o(.text)
    .text                                    0x000007f4   Section        0  _printf_fp_infnan.o(.text)
    .text                                    0x00000874   Section        0  bigflt0.o(.text)
    .text                                    0x00000950   Section        8  libspace.o(.text)
    .text                                    0x00000958   Section       74  sys_stackheap_outer.o(.text)
    .text                                    0x000009a2   Section        0  exit.o(.text)
    .text                                    0x000009b4   Section      128  strcmpv7m.o(.text)
    .text                                    0x00000a34   Section        0  sys_exit.o(.text)
    .text                                    0x00000a40   Section        2  use_no_semi.o(.text)
    .text                                    0x00000a42   Section        0  indicate_semi.o(.text)
    CL$$btod_d2e                             0x00000a42   Section       62  btod.o(CL$$btod_d2e)
    CL$$btod_d2e_denorm_low                  0x00000a80   Section       70  btod.o(CL$$btod_d2e_denorm_low)
    CL$$btod_d2e_norm_op1                    0x00000ac6   Section       96  btod.o(CL$$btod_d2e_norm_op1)
    CL$$btod_div_common                      0x00000b26   Section      824  btod.o(CL$$btod_div_common)
    CL$$btod_e2e                             0x00000e5e   Section      198  btod.o(CL$$btod_e2e)
    CL$$btod_ediv                            0x00000f24   Section       40  btod.o(CL$$btod_ediv)
    CL$$btod_emul                            0x00000f4c   Section       40  btod.o(CL$$btod_emul)
    CL$$btod_mult_common                     0x00000f74   Section      580  btod.o(CL$$btod_mult_common)
    i.Clock_Init48MHz                        0x000011b8   Section        0  clocksystem_1.o(i.Clock_Init48MHz)
    i.Nokia5110_Clear                        0x00001308   Section        0  nokia5110.o(i.Nokia5110_Clear)
    i.Nokia5110_Init                         0x00001328   Section        0  nokia5110.o(i.Nokia5110_Init)
    i.Nokia5110_OutChar                      0x0000140c   Section        0  nokia5110.o(i.Nokia5110_OutChar)
    i.Nokia5110_OutString                    0x00001440   Section        0  nokia5110.o(i.Nokia5110_OutString)
    i.Nokia5110_OutUDec                      0x00001458   Section        0  nokia5110.o(i.Nokia5110_OutUDec)
    i.Nokia5110_SetCursor                    0x000015f4   Section        0  nokia5110.o(i.Nokia5110_SetCursor)
    i.PWM_Duty1                              0x00001622   Section        0  pwm.o(i.PWM_Duty1)
    i.PWM_Duty2                              0x00001638   Section        0  pwm.o(i.PWM_Duty2)
    i.PWM_Init                               0x00001650   Section        0  pwm.o(i.PWM_Init)
    i.SysTick_Init                           0x000016e0   Section        0  systick.o(i.SysTick_Init)
    i.SystemInit                             0x000016f8   Section        0  system_msp432.o(i.SystemInit)
    i.TA0_0_IRQHandler                       0x00001714   Section        0  inputcapture.o(i.TA0_0_IRQHandler)
    i.TA1_0_IRQHandler                       0x00001734   Section        0  inputcapture.o(i.TA1_0_IRQHandler)
    i.TA1_N_IRQHandler                       0x00001758   Section        0  inputcapture.o(i.TA1_N_IRQHandler)
    i.TA2_0_IRQHandler                       0x0000177c   Section        0  inputcapture.o(i.TA2_0_IRQHandler)
    i.TimerCapture1_Init                     0x000017a0   Section        0  inputcapture.o(i.TimerCapture1_Init)
    i.__ARM_fpclassify                       0x00001874   Section        0  fpclassify.o(i.__ARM_fpclassify)
    i.__kernel_poly                          0x0000189c   Section        0  poly.o(i.__kernel_poly)
    i.__mathlib_dbl_divzero                  0x00001948   Section        0  dunder.o(i.__mathlib_dbl_divzero)
    i.__mathlib_dbl_infnan2                  0x00001958   Section        0  dunder.o(i.__mathlib_dbl_infnan2)
    i.__mathlib_dbl_invalid                  0x0000195c   Section        0  dunder.o(i.__mathlib_dbl_invalid)
    i.__mathlib_dbl_overflow                 0x00001968   Section        0  dunder.o(i.__mathlib_dbl_overflow)
    i.__mathlib_dbl_underflow                0x00001978   Section        0  dunder.o(i.__mathlib_dbl_underflow)
    i.average                                0x00001988   Section        0  main.o(i.average)
    i.average_front                          0x00001a0c   Section        0  main.o(i.average_front)
    i.average_right                          0x00001a48   Section        0  main.o(i.average_right)
    i.calculateDistance                      0x00001a84   Section        0  main.o(i.calculateDistance)
    i.cycles_to_delay_units                  0x00001ad8   Section        0  main.o(i.cycles_to_delay_units)
    i.encoder_init                           0x00001b00   Section        0  main.o(i.encoder_init)
    i.lcddatawrite                           0x00001b30   Section        0  nokia5110.o(i.lcddatawrite)
    lcddatawrite                             0x00001b31   Thumb Code    44  nokia5110.o(i.lcddatawrite)
    i.lcdwrite                               0x00001b64   Section        0  nokia5110.o(i.lcdwrite)
    lcdwrite                                 0x00001b65   Thumb Code    60  nokia5110.o(i.lcdwrite)
    i.left_period_measure                    0x00001ba8   Section        0  main.o(i.left_period_measure)
    i.left_pid_controller                    0x00001bdc   Section        0  main.o(i.left_pid_controller)
    i.logic_init                             0x00001c38   Section        0  main.o(i.logic_init)
    i.main                                   0x00001c7c   Section        0  main.o(i.main)
    i.period_measure_init                    0x00001e9c   Section        0  main.o(i.period_measure_init)
    i.pid_controller                         0x00001ed0   Section        0  main.o(i.pid_controller)
    i.pow                                    0x00001fe8   Section        0  pow.o(i.pow)
    i.print_sonars                           0x000029c0   Section        0  main.o(i.print_sonars)
    i.right_period_measure                   0x00002a58   Section        0  main.o(i.right_period_measure)
    i.right_pid_controller                   0x00002a8c   Section        0  main.o(i.right_pid_controller)
    i.scale                                  0x00002ae8   Section        0  main.o(i.scale)
    i.sonar1_init                            0x00002afc   Section        0  main.o(i.sonar1_init)
    i.sonar1_measure                         0x00002b88   Section        0  main.o(i.sonar1_measure)
    i.sonar2_init                            0x00002c20   Section        0  main.o(i.sonar2_init)
    i.sonar2_measure                         0x00002cac   Section        0  main.o(i.sonar2_measure)
    i.sqrt                                   0x00002d44   Section        0  sqrt.o(i.sqrt)
    locale$$code                             0x00002d90   Section       44  lc_numeric_c.o(locale$$code)
    x$fpl$dadd                               0x00002dbc   Section      336  daddsub_clz.o(x$fpl$dadd)
    _dadd1                                   0x00002dcd   Thumb Code     0  daddsub_clz.o(x$fpl$dadd)
    x$fpl$dcheck1                            0x00002f0c   Section       16  dcheck1.o(x$fpl$dcheck1)
    x$fpl$dcmpinf                            0x00002f1c   Section       24  dcmpi.o(x$fpl$dcmpinf)
    x$fpl$ddiv                               0x00002f34   Section      688  ddiv.o(x$fpl$ddiv)
    ddiv_entry                               0x00002f3b   Thumb Code     0  ddiv.o(x$fpl$ddiv)
    x$fpl$deqf                               0x000031e4   Section      120  deqf.o(x$fpl$deqf)
    x$fpl$dfix                               0x0000325c   Section       94  dfix.o(x$fpl$dfix)
    x$fpl$dfixu                              0x000032bc   Section       90  dfixu.o(x$fpl$dfixu)
    x$fpl$dflt                               0x00003316   Section       46  dflt_clz.o(x$fpl$dflt)
    x$fpl$dfltu                              0x00003344   Section       38  dflt_clz.o(x$fpl$dfltu)
    x$fpl$dleqf                              0x0000336c   Section      120  dleqf.o(x$fpl$dleqf)
    x$fpl$dmul                               0x000033e4   Section      340  dmul.o(x$fpl$dmul)
    x$fpl$dnaninf                            0x00003538   Section      156  dnaninf.o(x$fpl$dnaninf)
    x$fpl$dretinf                            0x000035d4   Section       12  dretinf.o(x$fpl$dretinf)
    x$fpl$drleqf                             0x000035e0   Section      108  drleqf.o(x$fpl$drleqf)
    x$fpl$drsb                               0x0000364c   Section       22  daddsub_clz.o(x$fpl$drsb)
    x$fpl$dsqrt                              0x00003664   Section      408  dsqrt_umaal.o(x$fpl$dsqrt)
    x$fpl$dsub                               0x000037fc   Section      468  daddsub_clz.o(x$fpl$dsub)
    _dsub1                                   0x0000380d   Thumb Code     0  daddsub_clz.o(x$fpl$dsub)
    x$fpl$printf1                            0x000039d0   Section        4  printf1.o(x$fpl$printf1)
    x$fpl$retnan                             0x000039d4   Section      100  retnan.o(x$fpl$retnan)
    x$fpl$scalbn                             0x00003a38   Section       92  scalbn.o(x$fpl$scalbn)
    x$fpl$trapveneer                         0x00003a94   Section       48  trapv.o(x$fpl$trapveneer)
    .constdata                               0x00003ac4   Section      488  nokia5110.o(.constdata)
    x$fpl$usenofp                            0x00003ac4   Section        0  usenofp.o(x$fpl$usenofp)
    ASCII                                    0x00003ac4   Data         480  nokia5110.o(.constdata)
    .constdata                               0x00003cb0   Section      136  pow.o(.constdata)
    bp                                       0x00003cb0   Data          16  pow.o(.constdata)
    dp_h                                     0x00003cc0   Data          16  pow.o(.constdata)
    dp_l                                     0x00003cd0   Data          16  pow.o(.constdata)
    L                                        0x00003ce0   Data          48  pow.o(.constdata)
    P                                        0x00003d10   Data          40  pow.o(.constdata)
    .constdata                               0x00003d38   Section        8  qnan.o(.constdata)
    .constdata                               0x00003d40   Section      148  bigflt0.o(.constdata)
    tenpwrs_x                                0x00003d40   Data          60  bigflt0.o(.constdata)
    tenpwrs_i                                0x00003d7c   Data          64  bigflt0.o(.constdata)
    locale$$data                             0x00003df4   Section       28  lc_numeric_c.o(locale$$data)
    __lcnum_c_name                           0x00003df8   Data           2  lc_numeric_c.o(locale$$data)
    __lcnum_c_start                          0x00003e00   Data           0  lc_numeric_c.o(locale$$data)
    __lcnum_c_point                          0x00003e0c   Data           0  lc_numeric_c.o(locale$$data)
    __lcnum_c_thousands                      0x00003e0e   Data           0  lc_numeric_c.o(locale$$data)
    __lcnum_c_grouping                       0x00003e0f   Data           0  lc_numeric_c.o(locale$$data)
    __lcnum_c_end                            0x00003e10   Data           0  lc_numeric_c.o(locale$$data)
    .data                                    0x20000000   Section      112  main.o(.data)
    i                                        0x20000048   Data           4  main.o(.data)
    i                                        0x2000004c   Data           4  main.o(.data)
    e_old                                    0x20000050   Data           8  main.o(.data)
    E                                        0x20000058   Data           8  main.o(.data)
    e_old                                    0x20000060   Data           4  main.o(.data)
    E                                        0x20000064   Data           4  main.o(.data)
    e_old                                    0x20000068   Data           4  main.o(.data)
    E                                        0x2000006c   Data           4  main.o(.data)
    .data                                    0x20000070   Section        8  inputcapture.o(.data)
    .data                                    0x20000078   Section       20  clocksystem_1.o(.data)
    .data                                    0x2000008c   Section        4  system_msp432.o(.data)
    .bss                                     0x20000090   Section      160  main.o(.bss)
    sonars                                   0x20000090   Data          80  main.o(.bss)
    sonars                                   0x200000e0   Data          80  main.o(.bss)
    .bss                                     0x20000130   Section       96  libspace.o(.bss)
    HEAP                                     0x20000190   Section        0  startup_msp432.o(HEAP)
    STACK                                    0x20000190   Section     1024  startup_msp432.o(STACK)
    Heap_Mem                                 0x20000190   Data           0  startup_msp432.o(HEAP)
    Stack_Mem                                0x20000190   Data        1024  startup_msp432.o(STACK)
    __initial_sp                             0x20000590   Data           0  startup_msp432.o(STACK)

    Global Symbols

    Symbol Name                              Value     Ov Type        Size  Object(Section)

    BuildAttributes$$THM_ISAv4$E$P$D$K$B$S$7EM$PE$A:L22UL41UL21$X:L11$S22US41US21$IEEE1$IW$USESV6$~STKCKD$USESV7$~SHL$OTIME$ROPI$IEEEX$EBA8$UX$STANDARDLIB$REQ8$PRES8$EABIv2 0x00000000   Number         0  anon$$obj.o ABSOLUTE
    __ARM_use_no_argv                        0x00000000   Number         0  main.o ABSOLUTE
    __Vectors                                0x00000000   Data           4  startup_msp432.o(RESET)
    __ARM_exceptions_init                     - Undefined Weak Reference
    __alloca_initialize                       - Undefined Weak Reference
    __arm_preinit_                            - Undefined Weak Reference
    __cpp_initialize__aeabi_                  - Undefined Weak Reference
    __cxa_finalize                            - Undefined Weak Reference
    __sigvec_lookup                           - Undefined Weak Reference
    _atexit_init                              - Undefined Weak Reference
    _call_atexit_fns                          - Undefined Weak Reference
    _clock_init                               - Undefined Weak Reference
    _fp_trap_init                             - Undefined Weak Reference
    _fp_trap_shutdown                         - Undefined Weak Reference
    _get_lc_collate                           - Undefined Weak Reference
    _get_lc_ctype                             - Undefined Weak Reference
    _get_lc_monetary                          - Undefined Weak Reference
    _get_lc_time                              - Undefined Weak Reference
    _getenv_init                              - Undefined Weak Reference
    _handle_redirection                       - Undefined Weak Reference
    _init_alloc                               - Undefined Weak Reference
    _init_user_alloc                          - Undefined Weak Reference
    _initio                                   - Undefined Weak Reference
    _printf_post_padding                      - Undefined Weak Reference
    _printf_pre_padding                       - Undefined Weak Reference
    _rand_init                                - Undefined Weak Reference
    _signal_finish                            - Undefined Weak Reference
    _signal_init                              - Undefined Weak Reference
    _terminate_alloc                          - Undefined Weak Reference
    _terminate_user_alloc                     - Undefined Weak Reference
    _terminateio                              - Undefined Weak Reference
    __Vectors_End                            0x00000144   Data           0  startup_msp432.o(RESET)
    __Vectors_Size                           0x00000144   Number         0  startup_msp432.o ABSOLUTE
    __main                                   0x00000145   Thumb Code     8  __main.o(!!!main)
    __scatterload                            0x0000014d   Thumb Code     0  __scatter.o(!!!scatter)
    __scatterload_rt2                        0x0000014d   Thumb Code    44  __scatter.o(!!!scatter)
    __scatterload_rt2_thumb_only             0x0000014d   Thumb Code     0  __scatter.o(!!!scatter)
    __scatterload_null                       0x0000015b   Thumb Code     0  __scatter.o(!!!scatter)
    __scatterload_copy                       0x00000181   Thumb Code    26  __scatter_copy.o(!!handler_copy)
    __scatterload_zeroinit                   0x0000019d   Thumb Code    28  __scatter_zi.o(!!handler_zi)
    _printf_f                                0x000001b9   Thumb Code     0  _printf_f.o(.ARM.Collect$$_printf_percent$$00000003)
    _printf_percent                          0x000001b9   Thumb Code     0  _printf_percent.o(.ARM.Collect$$_printf_percent$$00000000)
    _printf_percent_end                      0x000001bf   Thumb Code     0  _printf_percent_end.o(.ARM.Collect$$_printf_percent$$00000017)
    __rt_lib_init                            0x000001c3   Thumb Code     0  libinit.o(.ARM.Collect$$libinit$$00000000)
    __rt_lib_init_fp_1                       0x000001c5   Thumb Code     0  libinit2.o(.ARM.Collect$$libinit$$00000002)
    __rt_lib_init_heap_1                     0x000001c5   Thumb Code     0  libinit2.o(.ARM.Collect$$libinit$$0000000A)
    __rt_lib_init_lc_common                  0x000001c5   Thumb Code     0  libinit2.o(.ARM.Collect$$libinit$$0000000F)
    __rt_lib_init_preinit_1                  0x000001c5   Thumb Code     0  libinit2.o(.ARM.Collect$$libinit$$00000004)
    __rt_lib_init_rand_1                     0x000001c5   Thumb Code     0  libinit2.o(.ARM.Collect$$libinit$$0000000E)
    __rt_lib_init_user_alloc_1               0x000001c5   Thumb Code     0  libinit2.o(.ARM.Collect$$libinit$$0000000C)
    __rt_lib_init_lc_collate_1               0x000001cb   Thumb Code     0  libinit2.o(.ARM.Collect$$libinit$$00000011)
    __rt_lib_init_lc_ctype_1                 0x000001cb   Thumb Code     0  libinit2.o(.ARM.Collect$$libinit$$00000013)
    __rt_lib_init_lc_monetary_1              0x000001cb   Thumb Code     0  libinit2.o(.ARM.Collect$$libinit$$00000015)
    __rt_lib_init_lc_numeric_2               0x000001cb   Thumb Code     0  libinit2.o(.ARM.Collect$$libinit$$00000016)
    __rt_lib_init_alloca_1                   0x000001d5   Thumb Code     0  libinit2.o(.ARM.Collect$$libinit$$0000002E)
    __rt_lib_init_argv_1                     0x000001d5   Thumb Code     0  libinit2.o(.ARM.Collect$$libinit$$0000002C)
    __rt_lib_init_atexit_1                   0x000001d5   Thumb Code     0  libinit2.o(.ARM.Collect$$libinit$$0000001B)
    __rt_lib_init_clock_1                    0x000001d5   Thumb Code     0  libinit2.o(.ARM.Collect$$libinit$$00000021)
    __rt_lib_init_cpp_1                      0x000001d5   Thumb Code     0  libinit2.o(.ARM.Collect$$libinit$$00000032)
    __rt_lib_init_exceptions_1               0x000001d5   Thumb Code     0  libinit2.o(.ARM.Collect$$libinit$$00000030)
    __rt_lib_init_fp_trap_1                  0x000001d5   Thumb Code     0  libinit2.o(.ARM.Collect$$libinit$$0000001F)
    __rt_lib_init_getenv_1                   0x000001d5   Thumb Code     0  libinit2.o(.ARM.Collect$$libinit$$00000023)
    __rt_lib_init_lc_numeric_1               0x000001d5   Thumb Code     0  libinit2.o(.ARM.Collect$$libinit$$00000017)
    __rt_lib_init_lc_time_1                  0x000001d5   Thumb Code     0  libinit2.o(.ARM.Collect$$libinit$$00000019)
    __rt_lib_init_return                     0x000001d5   Thumb Code     0  libinit2.o(.ARM.Collect$$libinit$$00000033)
    __rt_lib_init_signal_1                   0x000001d5   Thumb Code     0  libinit2.o(.ARM.Collect$$libinit$$0000001D)
    __rt_lib_init_stdio_1                    0x000001d5   Thumb Code     0  libinit2.o(.ARM.Collect$$libinit$$00000025)
    __rt_lib_shutdown                        0x000001d7   Thumb Code     0  libshutdown.o(.ARM.Collect$$libshutdown$$00000000)
    __rt_lib_shutdown_cpp_1                  0x000001d9   Thumb Code     0  libshutdown2.o(.ARM.Collect$$libshutdown$$00000002)
    __rt_lib_shutdown_fp_trap_1              0x000001d9   Thumb Code     0  libshutdown2.o(.ARM.Collect$$libshutdown$$00000007)
    __rt_lib_shutdown_heap_1                 0x000001d9   Thumb Code     0  libshutdown2.o(.ARM.Collect$$libshutdown$$0000000F)
    __rt_lib_shutdown_return                 0x000001d9   Thumb Code     0  libshutdown2.o(.ARM.Collect$$libshutdown$$00000010)
    __rt_lib_shutdown_signal_1               0x000001d9   Thumb Code     0  libshutdown2.o(.ARM.Collect$$libshutdown$$0000000A)
    __rt_lib_shutdown_stdio_1                0x000001d9   Thumb Code     0  libshutdown2.o(.ARM.Collect$$libshutdown$$00000004)
    __rt_lib_shutdown_user_alloc_1           0x000001d9   Thumb Code     0  libshutdown2.o(.ARM.Collect$$libshutdown$$0000000C)
    __rt_entry                               0x000001db   Thumb Code     0  __rtentry.o(.ARM.Collect$$rtentry$$00000000)
    __rt_entry_presh_1                       0x000001db   Thumb Code     0  __rtentry2.o(.ARM.Collect$$rtentry$$00000002)
    __rt_entry_sh                            0x000001db   Thumb Code     0  __rtentry4.o(.ARM.Collect$$rtentry$$00000004)
    __rt_entry_li                            0x000001e1   Thumb Code     0  __rtentry2.o(.ARM.Collect$$rtentry$$0000000A)
    __rt_entry_postsh_1                      0x000001e1   Thumb Code     0  __rtentry2.o(.ARM.Collect$$rtentry$$00000009)
    __rt_entry_main                          0x000001e5   Thumb Code     0  __rtentry2.o(.ARM.Collect$$rtentry$$0000000D)
    __rt_entry_postli_1                      0x000001e5   Thumb Code     0  __rtentry2.o(.ARM.Collect$$rtentry$$0000000C)
    __rt_exit                                0x000001ed   Thumb Code     0  rtexit.o(.ARM.Collect$$rtexit$$00000000)
    __rt_exit_ls                             0x000001ef   Thumb Code     0  rtexit2.o(.ARM.Collect$$rtexit$$00000003)
    __rt_exit_prels_1                        0x000001ef   Thumb Code     0  rtexit2.o(.ARM.Collect$$rtexit$$00000002)
    __rt_exit_exit                           0x000001f3   Thumb Code     0  rtexit2.o(.ARM.Collect$$rtexit$$00000004)
    Delay                                    0x000001f9   Thumb Code     6  main.o(.emb_text)
    Reset_Handler                            0x00000201   Thumb Code     8  startup_msp432.o(.text)
    NMI_Handler                              0x00000209   Thumb Code     2  startup_msp432.o(.text)
    HardFault_Handler                        0x0000020b   Thumb Code     2  startup_msp432.o(.text)
    MemManage_Handler                        0x0000020d   Thumb Code     2  startup_msp432.o(.text)
    BusFault_Handler                         0x0000020f   Thumb Code     2  startup_msp432.o(.text)
    UsageFault_Handler                       0x00000211   Thumb Code     2  startup_msp432.o(.text)
    SVC_Handler                              0x00000213   Thumb Code     2  startup_msp432.o(.text)
    DebugMon_Handler                         0x00000215   Thumb Code     2  startup_msp432.o(.text)
    PendSV_Handler                           0x00000217   Thumb Code     2  startup_msp432.o(.text)
    SysTick_Handler                          0x00000219   Thumb Code     2  startup_msp432.o(.text)
    ADC14_IRQHandler                         0x0000021b   Thumb Code     0  startup_msp432.o(.text)
    AES256_IRQHandler                        0x0000021b   Thumb Code     0  startup_msp432.o(.text)
    COMP_E0_IRQHandler                       0x0000021b   Thumb Code     0  startup_msp432.o(.text)
    COMP_E1_IRQHandler                       0x0000021b   Thumb Code     0  startup_msp432.o(.text)
    CS_IRQHandler                            0x0000021b   Thumb Code     0  startup_msp432.o(.text)
    DMA_ERR_IRQHandler                       0x0000021b   Thumb Code     0  startup_msp432.o(.text)
    DMA_INT0_IRQHandler                      0x0000021b   Thumb Code     0  startup_msp432.o(.text)
    DMA_INT1_IRQHandler                      0x0000021b   Thumb Code     0  startup_msp432.o(.text)
    DMA_INT2_IRQHandler                      0x0000021b   Thumb Code     0  startup_msp432.o(.text)
    DMA_INT3_IRQHandler                      0x0000021b   Thumb Code     0  startup_msp432.o(.text)
    EUSCIA0_IRQHandler                       0x0000021b   Thumb Code     0  startup_msp432.o(.text)
    EUSCIA1_IRQHandler                       0x0000021b   Thumb Code     0  startup_msp432.o(.text)
    EUSCIA2_IRQHandler                       0x0000021b   Thumb Code     0  startup_msp432.o(.text)
    EUSCIA3_IRQHandler                       0x0000021b   Thumb Code     0  startup_msp432.o(.text)
    EUSCIB0_IRQHandler                       0x0000021b   Thumb Code     0  startup_msp432.o(.text)
    EUSCIB1_IRQHandler                       0x0000021b   Thumb Code     0  startup_msp432.o(.text)
    EUSCIB2_IRQHandler                       0x0000021b   Thumb Code     0  startup_msp432.o(.text)
    EUSCIB3_IRQHandler                       0x0000021b   Thumb Code     0  startup_msp432.o(.text)
    FLCTL_IRQHandler                         0x0000021b   Thumb Code     0  startup_msp432.o(.text)
    FPU_IRQHandler                           0x0000021b   Thumb Code     0  startup_msp432.o(.text)
    PCM_IRQHandler                           0x0000021b   Thumb Code     0  startup_msp432.o(.text)
    PORT1_IRQHandler                         0x0000021b   Thumb Code     0  startup_msp432.o(.text)
    PORT2_IRQHandler                         0x0000021b   Thumb Code     0  startup_msp432.o(.text)
    PORT3_IRQHandler                         0x0000021b   Thumb Code     0  startup_msp432.o(.text)
    PORT4_IRQHandler                         0x0000021b   Thumb Code     0  startup_msp432.o(.text)
    PORT5_IRQHandler                         0x0000021b   Thumb Code     0  startup_msp432.o(.text)
    PORT6_IRQHandler                         0x0000021b   Thumb Code     0  startup_msp432.o(.text)
    PSS_IRQHandler                           0x0000021b   Thumb Code     0  startup_msp432.o(.text)
    RTC_C_IRQHandler                         0x0000021b   Thumb Code     0  startup_msp432.o(.text)
    T32_INT1_IRQHandler                      0x0000021b   Thumb Code     0  startup_msp432.o(.text)
    T32_INT2_IRQHandler                      0x0000021b   Thumb Code     0  startup_msp432.o(.text)
    T32_INTC_IRQHandler                      0x0000021b   Thumb Code     0  startup_msp432.o(.text)
    TA0_N_IRQHandler                         0x0000021b   Thumb Code     0  startup_msp432.o(.text)
    TA2_N_IRQHandler                         0x0000021b   Thumb Code     0  startup_msp432.o(.text)
    TA3_0_IRQHandler                         0x0000021b   Thumb Code     0  startup_msp432.o(.text)
    TA3_N_IRQHandler                         0x0000021b   Thumb Code     0  startup_msp432.o(.text)
    WDT_A_IRQHandler                         0x0000021b   Thumb Code     0  startup_msp432.o(.text)
    DisableInterrupts                        0x00000225   Thumb Code     0  startup_msp432.o(.text)
    EnableInterrupts                         0x00000229   Thumb Code     0  startup_msp432.o(.text)
    StartCritical                            0x0000022d   Thumb Code     0  startup_msp432.o(.text)
    EndCritical                              0x00000235   Thumb Code     0  startup_msp432.o(.text)
    WaitForInterrupt                         0x0000023b   Thumb Code     0  startup_msp432.o(.text)
    __user_initial_stackheap                 0x0000023f   Thumb Code    10  startup_msp432.o(.text)
    __2sprintf                               0x00000255   Thumb Code    34  noretval__2sprintf.o(.text)
    __printf                                 0x0000027d   Thumb Code   104  __printf.o(.text)
    __use_two_region_memory                  0x000002e5   Thumb Code     2  heapauxi.o(.text)
    __rt_heap_escrow$2region                 0x000002e7   Thumb Code     2  heapauxi.o(.text)
    __rt_heap_expand$2region                 0x000002e9   Thumb Code     2  heapauxi.o(.text)
    __read_errno                             0x000002eb   Thumb Code    10  _rserrno.o(.text)
    __set_errno                              0x000002f5   Thumb Code    12  _rserrno.o(.text)
    __lib_sel_fp_printf                      0x00000301   Thumb Code     2  _printf_fp_dec.o(.text)
    _printf_fp_dec_real                      0x000004af   Thumb Code   620  _printf_fp_dec.o(.text)
    _printf_char_common                      0x00000727   Thumb Code    32  _printf_char_common.o(.text)
    _sputc                                   0x0000074d   Thumb Code    10  _sputc.o(.text)
    __rt_locale                              0x00000759   Thumb Code     8  rt_locale_intlibspace.o(.text)
    __aeabi_errno_addr                       0x00000761   Thumb Code     8  rt_errno_addr_intlibspace.o(.text)
    __errno$intlibspace                      0x00000761   Thumb Code     0  rt_errno_addr_intlibspace.o(.text)
    __rt_errno_addr$intlibspace              0x00000761   Thumb Code     0  rt_errno_addr_intlibspace.o(.text)
    _ll_udiv10                               0x00000769   Thumb Code   138  lludiv10.o(.text)
    _printf_fp_infnan                        0x000007f5   Thumb Code   112  _printf_fp_infnan.o(.text)
    _btod_etento                             0x00000875   Thumb Code   216  bigflt0.o(.text)
    __user_libspace                          0x00000951   Thumb Code     8  libspace.o(.text)
    __user_perproc_libspace                  0x00000951   Thumb Code     0  libspace.o(.text)
    __user_perthread_libspace                0x00000951   Thumb Code     0  libspace.o(.text)
    __user_setup_stackheap                   0x00000959   Thumb Code    74  sys_stackheap_outer.o(.text)
    exit                                     0x000009a3   Thumb Code    18  exit.o(.text)
    strcmp                                   0x000009b5   Thumb Code   128  strcmpv7m.o(.text)
    _sys_exit                                0x00000a35   Thumb Code     8  sys_exit.o(.text)
    __I$use$semihosting                      0x00000a41   Thumb Code     0  use_no_semi.o(.text)
    __use_no_semihosting_swi                 0x00000a41   Thumb Code     2  use_no_semi.o(.text)
    __semihosting_library_function           0x00000a43   Thumb Code     0  indicate_semi.o(.text)
    _btod_d2e                                0x00000a43   Thumb Code    62  btod.o(CL$$btod_d2e)
    _d2e_denorm_low                          0x00000a81   Thumb Code    70  btod.o(CL$$btod_d2e_denorm_low)
    _d2e_norm_op1                            0x00000ac7   Thumb Code    96  btod.o(CL$$btod_d2e_norm_op1)
    __btod_div_common                        0x00000b27   Thumb Code   696  btod.o(CL$$btod_div_common)
    _e2e                                     0x00000e5f   Thumb Code   198  btod.o(CL$$btod_e2e)
    _btod_ediv                               0x00000f25   Thumb Code    40  btod.o(CL$$btod_ediv)
    _btod_emul                               0x00000f4d   Thumb Code    40  btod.o(CL$$btod_emul)
    __btod_mult_common                       0x00000f75   Thumb Code   580  btod.o(CL$$btod_mult_common)
    Clock_Init48MHz                          0x000011b9   Thumb Code   286  clocksystem_1.o(i.Clock_Init48MHz)
    Nokia5110_Clear                          0x00001309   Thumb Code    30  nokia5110.o(i.Nokia5110_Clear)
    Nokia5110_Init                           0x00001329   Thumb Code   218  nokia5110.o(i.Nokia5110_Init)
    Nokia5110_OutChar                        0x0000140d   Thumb Code    46  nokia5110.o(i.Nokia5110_OutChar)
    Nokia5110_OutString                      0x00001441   Thumb Code    24  nokia5110.o(i.Nokia5110_OutString)
    Nokia5110_OutUDec                        0x00001459   Thumb Code   394  nokia5110.o(i.Nokia5110_OutUDec)
    Nokia5110_SetCursor                      0x000015f5   Thumb Code    46  nokia5110.o(i.Nokia5110_SetCursor)
    PWM_Duty1                                0x00001623   Thumb Code    22  pwm.o(i.PWM_Duty1)
    PWM_Duty2                                0x00001639   Thumb Code    22  pwm.o(i.PWM_Duty2)
    PWM_Init                                 0x00001651   Thumb Code   140  pwm.o(i.PWM_Init)
    SysTick_Init                             0x000016e1   Thumb Code    24  systick.o(i.SysTick_Init)
    SystemInit                               0x000016f9   Thumb Code    16  system_msp432.o(i.SystemInit)
    TA0_0_IRQHandler                         0x00001715   Thumb Code    28  inputcapture.o(i.TA0_0_IRQHandler)
    TA1_0_IRQHandler                         0x00001735   Thumb Code    28  inputcapture.o(i.TA1_0_IRQHandler)
    TA1_N_IRQHandler                         0x00001759   Thumb Code    28  inputcapture.o(i.TA1_N_IRQHandler)
    TA2_0_IRQHandler                         0x0000177d   Thumb Code    28  inputcapture.o(i.TA2_0_IRQHandler)
    TimerCapture1_Init                       0x000017a1   Thumb Code   188  inputcapture.o(i.TimerCapture1_Init)
    __ARM_fpclassify                         0x00001875   Thumb Code    40  fpclassify.o(i.__ARM_fpclassify)
    __kernel_poly                            0x0000189d   Thumb Code   170  poly.o(i.__kernel_poly)
    __mathlib_dbl_divzero                    0x00001949   Thumb Code    12  dunder.o(i.__mathlib_dbl_divzero)
    __mathlib_dbl_infnan2                    0x00001959   Thumb Code     4  dunder.o(i.__mathlib_dbl_infnan2)
    __mathlib_dbl_invalid                    0x0000195d   Thumb Code    12  dunder.o(i.__mathlib_dbl_invalid)
    __mathlib_dbl_overflow                   0x00001969   Thumb Code    14  dunder.o(i.__mathlib_dbl_overflow)
    __mathlib_dbl_underflow                  0x00001979   Thumb Code    10  dunder.o(i.__mathlib_dbl_underflow)
    average                                  0x00001989   Thumb Code   126  main.o(i.average)
    average_front                            0x00001a0d   Thumb Code    50  main.o(i.average_front)
    average_right                            0x00001a49   Thumb Code    50  main.o(i.average_right)
    calculateDistance                        0x00001a85   Thumb Code    68  main.o(i.calculateDistance)
    cycles_to_delay_units                    0x00001ad9   Thumb Code    32  main.o(i.cycles_to_delay_units)
    encoder_init                             0x00001b01   Thumb Code    42  main.o(i.encoder_init)
    left_period_measure                      0x00001ba9   Thumb Code    34  main.o(i.left_period_measure)
    left_pid_controller                      0x00001bdd   Thumb Code    84  main.o(i.left_pid_controller)
    logic_init                               0x00001c39   Thumb Code    64  main.o(i.logic_init)
    main                                     0x00001c7d   Thumb Code   506  main.o(i.main)
    period_measure_init                      0x00001e9d   Thumb Code    28  main.o(i.period_measure_init)
    pid_controller                           0x00001ed1   Thumb Code   254  main.o(i.pid_controller)
    pow                                      0x00001fe9   Thumb Code  2512  pow.o(i.pow)
    print_sonars                             0x000029c1   Thumb Code   114  main.o(i.print_sonars)
    right_period_measure                     0x00002a59   Thumb Code    34  main.o(i.right_period_measure)
    right_pid_controller                     0x00002a8d   Thumb Code    84  main.o(i.right_pid_controller)
    scale                                    0x00002ae9   Thumb Code    20  main.o(i.scale)
    sonar1_init                              0x00002afd   Thumb Code   132  main.o(i.sonar1_init)
    sonar1_measure                           0x00002b89   Thumb Code   142  main.o(i.sonar1_measure)
    sonar2_init                              0x00002c21   Thumb Code   132  main.o(i.sonar2_init)
    sonar2_measure                           0x00002cad   Thumb Code   142  main.o(i.sonar2_measure)
    sqrt                                     0x00002d45   Thumb Code    76  sqrt.o(i.sqrt)
    _get_lc_numeric                          0x00002d91   Thumb Code    44  lc_numeric_c.o(locale$$code)
    __aeabi_dadd                             0x00002dbd   Thumb Code     0  daddsub_clz.o(x$fpl$dadd)
    _dadd                                    0x00002dbd   Thumb Code   332  daddsub_clz.o(x$fpl$dadd)
    __fpl_dcheck_NaN1                        0x00002f0d   Thumb Code    10  dcheck1.o(x$fpl$dcheck1)
    __fpl_dcmp_Inf                           0x00002f1d   Thumb Code    24  dcmpi.o(x$fpl$dcmpinf)
    __aeabi_ddiv                             0x00002f35   Thumb Code     0  ddiv.o(x$fpl$ddiv)
    _ddiv                                    0x00002f35   Thumb Code   552  ddiv.o(x$fpl$ddiv)
    __aeabi_cdcmpeq                          0x000031e5   Thumb Code     0  deqf.o(x$fpl$deqf)
    _dcmpeq                                  0x000031e5   Thumb Code   120  deqf.o(x$fpl$deqf)
    __aeabi_d2iz                             0x0000325d   Thumb Code     0  dfix.o(x$fpl$dfix)
    _dfix                                    0x0000325d   Thumb Code    94  dfix.o(x$fpl$dfix)
    __aeabi_d2uiz                            0x000032bd   Thumb Code     0  dfixu.o(x$fpl$dfixu)
    _dfixu                                   0x000032bd   Thumb Code    90  dfixu.o(x$fpl$dfixu)
    __aeabi_i2d                              0x00003317   Thumb Code     0  dflt_clz.o(x$fpl$dflt)
    _dflt                                    0x00003317   Thumb Code    46  dflt_clz.o(x$fpl$dflt)
    __aeabi_ui2d                             0x00003345   Thumb Code     0  dflt_clz.o(x$fpl$dfltu)
    _dfltu                                   0x00003345   Thumb Code    38  dflt_clz.o(x$fpl$dfltu)
    __aeabi_cdcmple                          0x0000336d   Thumb Code     0  dleqf.o(x$fpl$dleqf)
    _dcmple                                  0x0000336d   Thumb Code   120  dleqf.o(x$fpl$dleqf)
    __fpl_dcmple_InfNaN                      0x000033cf   Thumb Code     0  dleqf.o(x$fpl$dleqf)
    __aeabi_dmul                             0x000033e5   Thumb Code     0  dmul.o(x$fpl$dmul)
    _dmul                                    0x000033e5   Thumb Code   332  dmul.o(x$fpl$dmul)
    __fpl_dnaninf                            0x00003539   Thumb Code   156  dnaninf.o(x$fpl$dnaninf)
    __fpl_dretinf                            0x000035d5   Thumb Code    12  dretinf.o(x$fpl$dretinf)
    __aeabi_cdrcmple                         0x000035e1   Thumb Code     0  drleqf.o(x$fpl$drleqf)
    _drcmple                                 0x000035e1   Thumb Code   108  drleqf.o(x$fpl$drleqf)
    __aeabi_drsub                            0x0000364d   Thumb Code     0  daddsub_clz.o(x$fpl$drsb)
    _drsb                                    0x0000364d   Thumb Code    22  daddsub_clz.o(x$fpl$drsb)
    _dsqrt                                   0x00003665   Thumb Code   404  dsqrt_umaal.o(x$fpl$dsqrt)
    __aeabi_dsub                             0x000037fd   Thumb Code     0  daddsub_clz.o(x$fpl$dsub)
    _dsub                                    0x000037fd   Thumb Code   464  daddsub_clz.o(x$fpl$dsub)
    _printf_fp_dec                           0x000039d1   Thumb Code     4  printf1.o(x$fpl$printf1)
    __fpl_return_NaN                         0x000039d5   Thumb Code   100  retnan.o(x$fpl$retnan)
    __ARM_scalbn                             0x00003a39   Thumb Code    92  scalbn.o(x$fpl$scalbn)
    __fpl_cmpreturn                          0x00003a95   Thumb Code    48  trapv.o(x$fpl$trapveneer)
    __I$use$fp                               0x00003ac4   Number         0  usenofp.o(x$fpl$usenofp)
    Masks                                    0x00003ca4   Data           8  nokia5110.o(.constdata)
    __mathlib_zero                           0x00003d38   Data           8  qnan.o(.constdata)
    Region$$Table$$Base                      0x00003dd4   Number         0  anon$$obj.o(Region$$Table)
    Region$$Table$$Limit                     0x00003df4   Number         0  anon$$obj.o(Region$$Table)
    states                                   0x20000000   Data          48  main.o(.data)
    leftPeriod                               0x20000030   Data           2  main.o(.data)
    leftFirst                                0x20000032   Data           2  main.o(.data)
    leftDone                                 0x20000034   Data           4  main.o(.data)
    leftCount                                0x20000038   Data           2  main.o(.data)
    rightPeriod                              0x2000003a   Data           2  main.o(.data)
    rightFirst                               0x2000003c   Data           2  main.o(.data)
    rightDone                                0x20000040   Data           4  main.o(.data)
    rightCount                               0x20000044   Data           2  main.o(.data)
    CaptureTask                              0x20000070   Data           4  inputcapture.o(.data)
    CaptureTask2                             0x20000074   Data           4  inputcapture.o(.data)
    Prewait                                  0x20000078   Data           4  clocksystem_1.o(.data)
    CPMwait                                  0x2000007c   Data           4  clocksystem_1.o(.data)
    Postwait                                 0x20000080   Data           4  clocksystem_1.o(.data)
    IFlags                                   0x20000084   Data           4  clocksystem_1.o(.data)
    Crystalstable                            0x20000088   Data           4  clocksystem_1.o(.data)
    SystemCoreClock                          0x2000008c   Data           4  system_msp432.o(.data)
    __libspace_start                         0x20000130   Data          96  libspace.o(.bss)
    __temporary_stack_top$libspace           0x20000190   Data           0  libspace.o(.bss)



==============================================================================

Memory Map of the image

  Image Entry point : 0x00000201

  Load Region LR_1 (Base: 0x00000000, Size: 0x00003ea0, Max: 0xffffffff, ABSOLUTE)

    Execution Region ER_RO (Base: 0x00000000, Size: 0x00003e10, Max: 0xffffffff, ABSOLUTE)

    Base Addr    Size         Type   Attr      Idx    E Section Name        Object

    0x00000000   0x00000144   Data   RO          534    RESET               startup_msp432.o
    0x00000144   0x00000008   Code   RO          607  * !!!main             c_w.l(__main.o)
    0x0000014c   0x00000034   Code   RO          909    !!!scatter          c_w.l(__scatter.o)
    0x00000180   0x0000001a   Code   RO          911    !!handler_copy      c_w.l(__scatter_copy.o)
    0x0000019a   0x00000002   PAD
    0x0000019c   0x0000001c   Code   RO          913    !!handler_zi        c_w.l(__scatter_zi.o)
    0x000001b8   0x00000000   Code   RO          604    .ARM.Collect$$_printf_percent$$00000000  c_w.l(_printf_percent.o)
    0x000001b8   0x00000006   Code   RO          603    .ARM.Collect$$_printf_percent$$00000003  c_w.l(_printf_f.o)
    0x000001be   0x00000004   Code   RO          662    .ARM.Collect$$_printf_percent$$00000017  c_w.l(_printf_percent_end.o)
    0x000001c2   0x00000002   Code   RO          778    .ARM.Collect$$libinit$$00000000  c_w.l(libinit.o)
    0x000001c4   0x00000000   Code   RO          780    .ARM.Collect$$libinit$$00000002  c_w.l(libinit2.o)
    0x000001c4   0x00000000   Code   RO          782    .ARM.Collect$$libinit$$00000004  c_w.l(libinit2.o)
    0x000001c4   0x00000000   Code   RO          785    .ARM.Collect$$libinit$$0000000A  c_w.l(libinit2.o)
    0x000001c4   0x00000000   Code   RO          787    .ARM.Collect$$libinit$$0000000C  c_w.l(libinit2.o)
    0x000001c4   0x00000000   Code   RO          789    .ARM.Collect$$libinit$$0000000E  c_w.l(libinit2.o)
    0x000001c4   0x00000006   Code   RO          790    .ARM.Collect$$libinit$$0000000F  c_w.l(libinit2.o)
    0x000001ca   0x00000000   Code   RO          792    .ARM.Collect$$libinit$$00000011  c_w.l(libinit2.o)
    0x000001ca   0x00000000   Code   RO          794    .ARM.Collect$$libinit$$00000013  c_w.l(libinit2.o)
    0x000001ca   0x00000000   Code   RO          796    .ARM.Collect$$libinit$$00000015  c_w.l(libinit2.o)
    0x000001ca   0x0000000a   Code   RO          797    .ARM.Collect$$libinit$$00000016  c_w.l(libinit2.o)
    0x000001d4   0x00000000   Code   RO          798    .ARM.Collect$$libinit$$00000017  c_w.l(libinit2.o)
    0x000001d4   0x00000000   Code   RO          800    .ARM.Collect$$libinit$$00000019  c_w.l(libinit2.o)
    0x000001d4   0x00000000   Code   RO          802    .ARM.Collect$$libinit$$0000001B  c_w.l(libinit2.o)
    0x000001d4   0x00000000   Code   RO          804    .ARM.Collect$$libinit$$0000001D  c_w.l(libinit2.o)
    0x000001d4   0x00000000   Code   RO          806    .ARM.Collect$$libinit$$0000001F  c_w.l(libinit2.o)
    0x000001d4   0x00000000   Code   RO          808    .ARM.Collect$$libinit$$00000021  c_w.l(libinit2.o)
    0x000001d4   0x00000000   Code   RO          810    .ARM.Collect$$libinit$$00000023  c_w.l(libinit2.o)
    0x000001d4   0x00000000   Code   RO          812    .ARM.Collect$$libinit$$00000025  c_w.l(libinit2.o)
    0x000001d4   0x00000000   Code   RO          816    .ARM.Collect$$libinit$$0000002C  c_w.l(libinit2.o)
    0x000001d4   0x00000000   Code   RO          818    .ARM.Collect$$libinit$$0000002E  c_w.l(libinit2.o)
    0x000001d4   0x00000000   Code   RO          820    .ARM.Collect$$libinit$$00000030  c_w.l(libinit2.o)
    0x000001d4   0x00000000   Code   RO          822    .ARM.Collect$$libinit$$00000032  c_w.l(libinit2.o)
    0x000001d4   0x00000002   Code   RO          823    .ARM.Collect$$libinit$$00000033  c_w.l(libinit2.o)
    0x000001d6   0x00000002   Code   RO          857    .ARM.Collect$$libshutdown$$00000000  c_w.l(libshutdown.o)
    0x000001d8   0x00000000   Code   RO          868    .ARM.Collect$$libshutdown$$00000002  c_w.l(libshutdown2.o)
    0x000001d8   0x00000000   Code   RO          870    .ARM.Collect$$libshutdown$$00000004  c_w.l(libshutdown2.o)
    0x000001d8   0x00000000   Code   RO          873    .ARM.Collect$$libshutdown$$00000007  c_w.l(libshutdown2.o)
    0x000001d8   0x00000000   Code   RO          876    .ARM.Collect$$libshutdown$$0000000A  c_w.l(libshutdown2.o)
    0x000001d8   0x00000000   Code   RO          878    .ARM.Collect$$libshutdown$$0000000C  c_w.l(libshutdown2.o)
    0x000001d8   0x00000000   Code   RO          881    .ARM.Collect$$libshutdown$$0000000F  c_w.l(libshutdown2.o)
    0x000001d8   0x00000002   Code   RO          882    .ARM.Collect$$libshutdown$$00000010  c_w.l(libshutdown2.o)
    0x000001da   0x00000000   Code   RO          653    .ARM.Collect$$rtentry$$00000000  c_w.l(__rtentry.o)
    0x000001da   0x00000000   Code   RO          700    .ARM.Collect$$rtentry$$00000002  c_w.l(__rtentry2.o)
    0x000001da   0x00000006   Code   RO          712    .ARM.Collect$$rtentry$$00000004  c_w.l(__rtentry4.o)
    0x000001e0   0x00000000   Code   RO          702    .ARM.Collect$$rtentry$$00000009  c_w.l(__rtentry2.o)
    0x000001e0   0x00000004   Code   RO          703    .ARM.Collect$$rtentry$$0000000A  c_w.l(__rtentry2.o)
    0x000001e4   0x00000000   Code   RO          705    .ARM.Collect$$rtentry$$0000000C  c_w.l(__rtentry2.o)
    0x000001e4   0x00000008   Code   RO          706    .ARM.Collect$$rtentry$$0000000D  c_w.l(__rtentry2.o)
    0x000001ec   0x00000002   Code   RO          826    .ARM.Collect$$rtexit$$00000000  c_w.l(rtexit.o)
    0x000001ee   0x00000000   Code   RO          835    .ARM.Collect$$rtexit$$00000002  c_w.l(rtexit2.o)
    0x000001ee   0x00000004   Code   RO          836    .ARM.Collect$$rtexit$$00000003  c_w.l(rtexit2.o)
    0x000001f2   0x00000006   Code   RO          837    .ARM.Collect$$rtexit$$00000004  c_w.l(rtexit2.o)
    0x000001f8   0x00000006   Code   RO            4    .emb_text           main.o
    0x000001fe   0x00000002   PAD
    0x00000200   0x00000054   Code   RO          535  * .text               startup_msp432.o
    0x00000254   0x00000028   Code   RO          579    .text               c_w.l(noretval__2sprintf.o)
    0x0000027c   0x00000068   Code   RO          581    .text               c_w.l(__printf.o)
    0x000002e4   0x00000006   Code   RO          605    .text               c_w.l(heapauxi.o)
    0x000002ea   0x00000016   Code   RO          654    .text               c_w.l(_rserrno.o)
    0x00000300   0x0000041a   Code   RO          656    .text               c_w.l(_printf_fp_dec.o)
    0x0000071a   0x00000002   PAD
    0x0000071c   0x00000030   Code   RO          658    .text               c_w.l(_printf_char_common.o)
    0x0000074c   0x0000000a   Code   RO          660    .text               c_w.l(_sputc.o)
    0x00000756   0x00000002   PAD
    0x00000758   0x00000008   Code   RO          717    .text               c_w.l(rt_locale_intlibspace.o)
    0x00000760   0x00000008   Code   RO          722    .text               c_w.l(rt_errno_addr_intlibspace.o)
    0x00000768   0x0000008a   Code   RO          724    .text               c_w.l(lludiv10.o)
    0x000007f2   0x00000002   PAD
    0x000007f4   0x00000080   Code   RO          726    .text               c_w.l(_printf_fp_infnan.o)
    0x00000874   0x000000dc   Code   RO          730    .text               c_w.l(bigflt0.o)
    0x00000950   0x00000008   Code   RO          764    .text               c_w.l(libspace.o)
    0x00000958   0x0000004a   Code   RO          767    .text               c_w.l(sys_stackheap_outer.o)
    0x000009a2   0x00000012   Code   RO          769    .text               c_w.l(exit.o)
    0x000009b4   0x00000080   Code   RO          771    .text               c_w.l(strcmpv7m.o)
    0x00000a34   0x0000000c   Code   RO          847    .text               c_w.l(sys_exit.o)
    0x00000a40   0x00000002   Code   RO          858    .text               c_w.l(use_no_semi.o)
    0x00000a42   0x00000000   Code   RO          860    .text               c_w.l(indicate_semi.o)
    0x00000a42   0x0000003e   Code   RO          733    CL$$btod_d2e        c_w.l(btod.o)
    0x00000a80   0x00000046   Code   RO          735    CL$$btod_d2e_denorm_low  c_w.l(btod.o)
    0x00000ac6   0x00000060   Code   RO          734    CL$$btod_d2e_norm_op1  c_w.l(btod.o)
    0x00000b26   0x00000338   Code   RO          743    CL$$btod_div_common  c_w.l(btod.o)
    0x00000e5e   0x000000c6   Code   RO          740    CL$$btod_e2e        c_w.l(btod.o)
    0x00000f24   0x00000028   Code   RO          737    CL$$btod_ediv       c_w.l(btod.o)
    0x00000f4c   0x00000028   Code   RO          736    CL$$btod_emul       c_w.l(btod.o)
    0x00000f74   0x00000244   Code   RO          742    CL$$btod_mult_common  c_w.l(btod.o)
    0x000011b8   0x00000150   Code   RO          492    i.Clock_Init48MHz   clocksystem_1.o
    0x00001308   0x0000001e   Code   RO          311    i.Nokia5110_Clear   nokia5110.o
    0x00001326   0x00000002   PAD
    0x00001328   0x000000e4   Code   RO          316    i.Nokia5110_Init    nokia5110.o
    0x0000140c   0x00000034   Code   RO          317    i.Nokia5110_OutChar  nokia5110.o
    0x00001440   0x00000018   Code   RO          318    i.Nokia5110_OutString  nokia5110.o
    0x00001458   0x0000019c   Code   RO          319    i.Nokia5110_OutUDec  nokia5110.o
    0x000015f4   0x0000002e   Code   RO          321    i.Nokia5110_SetCursor  nokia5110.o
    0x00001622   0x00000016   Code   RO          212    i.PWM_Duty1         pwm.o
    0x00001638   0x00000016   Code   RO          213    i.PWM_Duty2         pwm.o
    0x0000164e   0x00000002   PAD
    0x00001650   0x00000090   Code   RO          214    i.PWM_Init          pwm.o
    0x000016e0   0x00000018   Code   RO          454    i.SysTick_Init      systick.o
    0x000016f8   0x0000001c   Code   RO          543    i.SystemInit        system_msp432.o
    0x00001714   0x00000020   Code   RO          248    i.TA0_0_IRQHandler  inputcapture.o
    0x00001734   0x00000024   Code   RO          249    i.TA1_0_IRQHandler  inputcapture.o
    0x00001758   0x00000024   Code   RO          250    i.TA1_N_IRQHandler  inputcapture.o
    0x0000177c   0x00000024   Code   RO          251    i.TA2_0_IRQHandler  inputcapture.o
    0x000017a0   0x000000d4   Code   RO          252    i.TimerCapture1_Init  inputcapture.o
    0x00001874   0x00000028   Code   RO          686    i.__ARM_fpclassify  m_ws.l(fpclassify.o)
    0x0000189c   0x000000aa   Code   RO          688    i.__kernel_poly     m_ws.l(poly.o)
    0x00001946   0x00000002   PAD
    0x00001948   0x00000010   Code   RO          672    i.__mathlib_dbl_divzero  m_ws.l(dunder.o)
    0x00001958   0x00000004   Code   RO          674    i.__mathlib_dbl_infnan2  m_ws.l(dunder.o)
    0x0000195c   0x0000000c   Code   RO          675    i.__mathlib_dbl_invalid  m_ws.l(dunder.o)
    0x00001968   0x0000000e   Code   RO          676    i.__mathlib_dbl_overflow  m_ws.l(dunder.o)
    0x00001976   0x00000002   PAD
    0x00001978   0x00000010   Code   RO          678    i.__mathlib_dbl_underflow  m_ws.l(dunder.o)
    0x00001988   0x00000084   Code   RO            5    i.average           main.o
    0x00001a0c   0x0000003c   Code   RO            6    i.average_front     main.o
    0x00001a48   0x0000003c   Code   RO            7    i.average_right     main.o
    0x00001a84   0x00000054   Code   RO            8    i.calculateDistance  main.o
    0x00001ad8   0x00000028   Code   RO            9    i.cycles_to_delay_units  main.o
    0x00001b00   0x00000030   Code   RO           10    i.encoder_init      main.o
    0x00001b30   0x00000034   Code   RO          331    i.lcddatawrite      nokia5110.o
    0x00001b64   0x00000044   Code   RO          332    i.lcdwrite          nokia5110.o
    0x00001ba8   0x00000034   Code   RO           11    i.left_period_measure  main.o
    0x00001bdc   0x0000005c   Code   RO           12    i.left_pid_controller  main.o
    0x00001c38   0x00000044   Code   RO           13    i.logic_init        main.o
    0x00001c7c   0x00000220   Code   RO           14    i.main              main.o
    0x00001e9c   0x00000034   Code   RO           15    i.period_measure_init  main.o
    0x00001ed0   0x00000118   Code   RO           16    i.pid_controller    main.o
    0x00001fe8   0x000009d8   Code   RO          644    i.pow               m_ws.l(pow.o)
    0x000029c0   0x00000098   Code   RO           18    i.print_sonars      main.o
    0x00002a58   0x00000034   Code   RO           21    i.right_period_measure  main.o
    0x00002a8c   0x0000005c   Code   RO           22    i.right_pid_controller  main.o
    0x00002ae8   0x00000014   Code   RO           23    i.scale             main.o
    0x00002afc   0x0000008c   Code   RO           24    i.sonar1_init       main.o
    0x00002b88   0x00000098   Code   RO           25    i.sonar1_measure    main.o
    0x00002c20   0x0000008c   Code   RO           26    i.sonar2_init       main.o
    0x00002cac   0x00000098   Code   RO           27    i.sonar2_measure    main.o
    0x00002d44   0x0000004c   Code   RO          692    i.sqrt              m_ws.l(sqrt.o)
    0x00002d90   0x0000002c   Code   RO          756    locale$$code        c_w.l(lc_numeric_c.o)
    0x00002dbc   0x00000150   Code   RO          609    x$fpl$dadd          fz_ws.l(daddsub_clz.o)
    0x00002f0c   0x00000010   Code   RO          758    x$fpl$dcheck1       fz_ws.l(dcheck1.o)
    0x00002f1c   0x00000018   Code   RO          663    x$fpl$dcmpinf       fz_ws.l(dcmpi.o)
    0x00002f34   0x000002b0   Code   RO          616    x$fpl$ddiv          fz_ws.l(ddiv.o)
    0x000031e4   0x00000078   Code   RO          619    x$fpl$deqf          fz_ws.l(deqf.o)
    0x0000325c   0x0000005e   Code   RO          621    x$fpl$dfix          fz_ws.l(dfix.o)
    0x000032ba   0x00000002   PAD
    0x000032bc   0x0000005a   Code   RO          625    x$fpl$dfixu         fz_ws.l(dfixu.o)
    0x00003316   0x0000002e   Code   RO          630    x$fpl$dflt          fz_ws.l(dflt_clz.o)
    0x00003344   0x00000026   Code   RO          629    x$fpl$dfltu         fz_ws.l(dflt_clz.o)
    0x0000336a   0x00000002   PAD
    0x0000336c   0x00000078   Code   RO          635    x$fpl$dleqf         fz_ws.l(dleqf.o)
    0x000033e4   0x00000154   Code   RO          637    x$fpl$dmul          fz_ws.l(dmul.o)
    0x00003538   0x0000009c   Code   RO          665    x$fpl$dnaninf       fz_ws.l(dnaninf.o)
    0x000035d4   0x0000000c   Code   RO          667    x$fpl$dretinf       fz_ws.l(dretinf.o)
    0x000035e0   0x0000006c   Code   RO          639    x$fpl$drleqf        fz_ws.l(drleqf.o)
    0x0000364c   0x00000016   Code   RO          610    x$fpl$drsb          fz_ws.l(daddsub_clz.o)
    0x00003662   0x00000002   PAD
    0x00003664   0x00000198   Code   RO          760    x$fpl$dsqrt         fz_ws.l(dsqrt_umaal.o)
    0x000037fc   0x000001d4   Code   RO          611    x$fpl$dsub          fz_ws.l(daddsub_clz.o)
    0x000039d0   0x00000004   Code   RO          641    x$fpl$printf1       fz_ws.l(printf1.o)
    0x000039d4   0x00000064   Code   RO          824    x$fpl$retnan        fz_ws.l(retnan.o)
    0x00003a38   0x0000005c   Code   RO          669    x$fpl$scalbn        fz_ws.l(scalbn.o)
    0x00003a94   0x00000030   Code   RO          832    x$fpl$trapveneer    fz_ws.l(trapv.o)
    0x00003ac4   0x00000000   Code   RO          671    x$fpl$usenofp       fz_ws.l(usenofp.o)
    0x00003ac4   0x000001e8   Data   RO          334    .constdata          nokia5110.o
    0x00003cac   0x00000004   PAD
    0x00003cb0   0x00000088   Data   RO          645    .constdata          m_ws.l(pow.o)
    0x00003d38   0x00000008   Data   RO          690    .constdata          m_ws.l(qnan.o)
    0x00003d40   0x00000094   Data   RO          731    .constdata          c_w.l(bigflt0.o)
    0x00003dd4   0x00000020   Data   RO          907    Region$$Table       anon$$obj.o
    0x00003df4   0x0000001c   Data   RO          755    locale$$data        c_w.l(lc_numeric_c.o)


    Execution Region ER_RW (Base: 0x20000000, Size: 0x00000090, Max: 0xffffffff, ABSOLUTE)

    Base Addr    Size         Type   Attr      Idx    E Section Name        Object

    0x20000000   0x00000070   Data   RW           29    .data               main.o
    0x20000070   0x00000008   Data   RW          255    .data               inputcapture.o
    0x20000078   0x00000014   Data   RW          494    .data               clocksystem_1.o
    0x2000008c   0x00000004   Data   RW          544    .data               system_msp432.o


    Execution Region ER_ZI (Base: 0x20000090, Size: 0x00000500, Max: 0xffffffff, ABSOLUTE)

    Base Addr    Size         Type   Attr      Idx    E Section Name        Object

    0x20000090   0x000000a0   Zero   RW           28    .bss                main.o
    0x20000130   0x00000060   Zero   RW          765    .bss                c_w.l(libspace.o)
    0x20000190   0x00000000   Zero   RW          533    HEAP                startup_msp432.o
    0x20000190   0x00000400   Zero   RW          532    STACK               startup_msp432.o


==============================================================================

Image component sizes


      Code (inc. data)   RO Data    RW Data    ZI Data      Debug   Object Name

       336         50          0         20          0        894   clocksystem_1.o
       352         52          0          8          0       2988   inputcapture.o
      2418        274          0        112        160      17092   main.o
       912         50        488          0          0       5394   nokia5110.o
       188          4          0          0          0       1435   pwm.o
        84         20        324          0       1024        872   startup_msp432.o
        28         12          0          4          0        675   system_msp432.o
        24          0          0          0          0        391   systick.o

    ----------------------------------------------------------------------
      4348        462        848        144       1184      29741   Object Totals
         0          0         32          0          0          0   (incl. Generated)
         6          0          4          0          0          0   (incl. Padding)

    ----------------------------------------------------------------------

      Code (inc. data)   RO Data    RW Data    ZI Data      Debug   Library Member Name

         8          0          0          0          0         68   __main.o
       104          0          0          0          0         84   __printf.o
         0          0          0          0          0          0   __rtentry.o
        12          0          0          0          0          0   __rtentry2.o
         6          0          0          0          0          0   __rtentry4.o
        52          8          0          0          0          0   __scatter.o
        26          0          0          0          0          0   __scatter_copy.o
        28          0          0          0          0          0   __scatter_zi.o
        48          6          0          0          0         96   _printf_char_common.o
         6          0          0          0          0          0   _printf_f.o
      1050          0          0          0          0        216   _printf_fp_dec.o
       128         16          0          0          0         84   _printf_fp_infnan.o
         0          0          0          0          0          0   _printf_percent.o
         4          0          0          0          0          0   _printf_percent_end.o
        22          0          0          0          0        100   _rserrno.o
        10          0          0          0          0         68   _sputc.o
       220          4        148          0          0         96   bigflt0.o
      1910        128          0          0          0        672   btod.o
        18          0          0          0          0         80   exit.o
         6          0          0          0          0        152   heapauxi.o
         0          0          0          0          0          0   indicate_semi.o
        44         10         28          0          0         76   lc_numeric_c.o
         2          0          0          0          0          0   libinit.o
        18          0          0          0          0          0   libinit2.o
         2          0          0          0          0          0   libshutdown.o
         2          0          0          0          0          0   libshutdown2.o
         8          4          0          0         96         68   libspace.o
       138          0          0          0          0         80   lludiv10.o
        40          6          0          0          0         84   noretval__2sprintf.o
         8          4          0          0          0         68   rt_errno_addr_intlibspace.o
         8          4          0          0          0         68   rt_locale_intlibspace.o
         2          0          0          0          0          0   rtexit.o
        10          0          0          0          0          0   rtexit2.o
       128          0          0          0          0         68   strcmpv7m.o
        12          4          0          0          0         68   sys_exit.o
        74          0          0          0          0         80   sys_stackheap_outer.o
         2          0          0          0          0         68   use_no_semi.o
       826         16          0          0          0        348   daddsub_clz.o
        16          4          0          0          0         68   dcheck1.o
        24          0          0          0          0         68   dcmpi.o
       688        140          0          0          0        208   ddiv.o
       120          4          0          0          0         92   deqf.o
        94          4          0          0          0         92   dfix.o
        90          4          0          0          0         92   dfixu.o
        84          0          0          0          0        136   dflt_clz.o
       120          4          0          0          0         92   dleqf.o
       340         12          0          0          0        104   dmul.o
       156          4          0          0          0         92   dnaninf.o
        12          0          0          0          0         68   dretinf.o
       108          0          0          0          0         80   drleqf.o
       408         56          0          0          0        120   dsqrt_umaal.o
         4          0          0          0          0         68   printf1.o
       100          0          0          0          0         68   retnan.o
        92          0          0          0          0         68   scalbn.o
        48          0          0          0          0         68   trapv.o
         0          0          0          0          0          0   usenofp.o
        62         10          0          0          0        340   dunder.o
        40          0          0          0          0         68   fpclassify.o
       170          0          0          0          0         96   poly.o
      2520        190        136          0          0        324   pow.o
         0          0          8          0          0          0   qnan.o
        76          0          0          0          0         84   sqrt.o

    ----------------------------------------------------------------------
     10372        642        320          0         96       5288   Library Totals
        18          0          0          0          0          0   (incl. Padding)

    ----------------------------------------------------------------------

      Code (inc. data)   RO Data    RW Data    ZI Data      Debug   Library Name

      4156        194        176          0         96       2444   c_w.l
      3330        248          0          0          0       1932   fz_ws.l
      2868        200        144          0          0        912   m_ws.l

    ----------------------------------------------------------------------
     10372        642        320          0         96       5288   Library Totals

    ----------------------------------------------------------------------

==============================================================================


      Code (inc. data)   RO Data    RW Data    ZI Data      Debug   

     14720       1104       1168        144       1280      30241   Grand Totals
     14720       1104       1168        144       1280      30241   ELF Image Totals
     14720       1104       1168        144          0          0   ROM Totals

==============================================================================

    Total RO  Size (Code + RO Data)                15888 (  15.52kB)
    Total RW  Size (RW Data + ZI Data)              1424 (   1.39kB)
    Total ROM Size (Code + RO Data + RW Data)      16032 (  15.66kB)

==============================================================================

