Component: ARM Compiler 5.06 update 1 (build 61) Tool: armlink [4d35a8]

==============================================================================

Section Cross References

    main.o(i.average_front) refers to main.o(i.average) for average
    main.o(i.average_front) refers to main.o(.data) for i
    main.o(i.average_front) refers to main.o(.bss) for sonars
    main.o(i.average_right) refers to main.o(i.average) for average
    main.o(i.average_right) refers to main.o(.data) for i
    main.o(i.average_right) refers to main.o(.bss) for sonars
    main.o(i.calculateDistance) refers to pow.o(i.pow) for pow
    main.o(i.calculateDistance) refers to dflt_clz.o(x$fpl$dfltu) for __aeabi_ui2d
    main.o(i.calculateDistance) refers to dmul.o(x$fpl$dmul) for __aeabi_dmul
    main.o(i.left_period_measure) refers to main.o(.data) for leftFirst
    main.o(i.left_pid_controller) refers to main.o(.data) for e_old
    main.o(i.main) refers to clocksystem_1.o(i.Clock_Init48MHz) for Clock_Init48MHz
    main.o(i.main) refers to pwm.o(i.PWM_Init) for PWM_Init
    main.o(i.main) refers to nokia5110.o(i.Nokia5110_Init) for Nokia5110_Init
    main.o(i.main) refers to nokia5110.o(i.Nokia5110_Clear) for Nokia5110_Clear
    main.o(i.main) refers to main.o(i.logic_init) for logic_init
    main.o(i.main) refers to main.o(i.encoder_init) for encoder_init
    main.o(i.main) refers to main.o(i.sonar1_init) for sonar1_init
    main.o(i.main) refers to main.o(i.sonar2_init) for sonar2_init
    main.o(i.main) refers to main.o(i.period_measure_init) for period_measure_init
    main.o(i.main) refers to inputcapture.o(i.TimerCapture1_Init) for TimerCapture1_Init
    main.o(i.main) refers to startup_msp432.o(.text) for EnableInterrupts
    main.o(i.main) refers to systick.o(i.SysTick_Init) for SysTick_Init
    main.o(i.main) refers to main.o(i.sonar1_measure) for sonar1_measure
    main.o(i.main) refers to main.o(i.sonar2_measure) for sonar2_measure
    main.o(i.main) refers to main.o(i.pid_controller) for pid_controller
    main.o(i.main) refers to main.o(i.print_sonars) for print_sonars
    main.o(i.main) refers to main.o(i.scale) for scale
    main.o(i.main) refers to main.o(i.left_pid_controller) for left_pid_controller
    main.o(i.main) refers to main.o(i.right_pid_controller) for right_pid_controller
    main.o(i.main) refers to pwm.o(i.PWM_Duty1) for PWM_Duty1
    main.o(i.main) refers to pwm.o(i.PWM_Duty2) for PWM_Duty2
    main.o(i.main) refers to main.o(i.cycles_to_delay_units) for cycles_to_delay_units
    main.o(i.main) refers to main.o(i.right_period_measure) for right_period_measure
    main.o(i.main) refers to main.o(i.left_period_measure) for left_period_measure
    main.o(i.main) refers to main.o(.data) for states
    main.o(i.period_measure_init) refers to main.o(.data) for leftFirst
    main.o(i.pid_controller) refers to main.o(.data) for e_old
    main.o(i.print_debug) refers to nokia5110.o(i.Nokia5110_Clear) for Nokia5110_Clear
    main.o(i.print_debug) refers to nokia5110.o(i.Nokia5110_OutString) for Nokia5110_OutString
    main.o(i.print_debug) refers to nokia5110.o(i.Nokia5110_OutUDec) for Nokia5110_OutUDec
    main.o(i.print_debug) refers to main.o(.data) for leftPeriod
    main.o(i.print_sonars) refers to nokia5110.o(i.Nokia5110_Clear) for Nokia5110_Clear
    main.o(i.print_sonars) refers to nokia5110.o(i.Nokia5110_OutString) for Nokia5110_OutString
    main.o(i.print_sonars) refers to nokia5110.o(i.Nokia5110_OutUDec) for Nokia5110_OutUDec
    main.o(i.print_strings) refers to nokia5110.o(i.Nokia5110_Clear) for Nokia5110_Clear
    main.o(i.print_strings) refers to nokia5110.o(i.Nokia5110_OutString) for Nokia5110_OutString
    main.o(i.print_udecs) refers to nokia5110.o(i.Nokia5110_Clear) for Nokia5110_Clear
    main.o(i.print_udecs) refers to nokia5110.o(i.Nokia5110_OutString) for Nokia5110_OutString
    main.o(i.print_udecs) refers to nokia5110.o(i.Nokia5110_OutUDec) for Nokia5110_OutUDec
    main.o(i.right_period_measure) refers to main.o(.data) for rightFirst
    main.o(i.right_pid_controller) refers to main.o(.data) for e_old
    main.o(i.sonar1_measure) refers to main.o(.emb_text) for Delay
    main.o(i.sonar2_measure) refers to main.o(.emb_text) for Delay
    pwm.o(i.PWM_Init) refers to clocksystem_1.o(i.Clock_Init48MHz) for Clock_Init48MHz
    inputcapture.o(i.TA0_0_IRQHandler) refers to inputcapture.o(.data) for CaptureTask
    inputcapture.o(i.TA1_0_IRQHandler) refers to inputcapture.o(.data) for CaptureTask
    inputcapture.o(i.TA1_N_IRQHandler) refers to inputcapture.o(.data) for CaptureTask2
    inputcapture.o(i.TA2_0_IRQHandler) refers to inputcapture.o(.data) for CaptureTask2
    inputcapture.o(i.TimerCapture1_Init) refers to startup_msp432.o(.text) for StartCritical
    inputcapture.o(i.TimerCapture1_Init) refers to inputcapture.o(.data) for CaptureTask
    inputcapture.o(i.TimerCapture2_Init) refers to startup_msp432.o(.text) for StartCritical
    inputcapture.o(i.TimerCapture2_Init) refers to inputcapture.o(.data) for CaptureTask2
    inputcapture.o(i.TimerCapture_Init) refers to startup_msp432.o(.text) for StartCritical
    inputcapture.o(i.TimerCapture_Init) refers to inputcapture.o(.data) for CaptureTask
    nokia5110.o(i.Nokia5110_Clear) refers to nokia5110.o(i.lcddatawrite) for lcddatawrite
    nokia5110.o(i.Nokia5110_Clear) refers to nokia5110.o(i.Nokia5110_SetCursor) for Nokia5110_SetCursor
    nokia5110.o(i.Nokia5110_ClearBuffer) refers to nokia5110.o(.bss) for Screen
    nokia5110.o(i.Nokia5110_ClrPxl) refers to nokia5110.o(.bss) for Screen
    nokia5110.o(i.Nokia5110_ClrPxl) refers to nokia5110.o(.constdata) for Masks
    nokia5110.o(i.Nokia5110_DisplayBuffer) refers to nokia5110.o(i.Nokia5110_DrawFullImage) for Nokia5110_DrawFullImage
    nokia5110.o(i.Nokia5110_DisplayBuffer) refers to nokia5110.o(.bss) for Screen
    nokia5110.o(i.Nokia5110_DrawFullImage) refers to nokia5110.o(i.Nokia5110_SetCursor) for Nokia5110_SetCursor
    nokia5110.o(i.Nokia5110_DrawFullImage) refers to nokia5110.o(i.lcddatawrite) for lcddatawrite
    nokia5110.o(i.Nokia5110_Init) refers to nokia5110.o(i.lcdwrite) for lcdwrite
    nokia5110.o(i.Nokia5110_OutChar) refers to nokia5110.o(i.lcddatawrite) for lcddatawrite
    nokia5110.o(i.Nokia5110_OutChar) refers to nokia5110.o(.constdata) for ASCII
    nokia5110.o(i.Nokia5110_OutString) refers to nokia5110.o(i.Nokia5110_OutChar) for Nokia5110_OutChar
    nokia5110.o(i.Nokia5110_OutUDec) refers to nokia5110.o(i.Nokia5110_OutString) for Nokia5110_OutString
    nokia5110.o(i.Nokia5110_OutUDec) refers to nokia5110.o(i.Nokia5110_OutChar) for Nokia5110_OutChar
    nokia5110.o(i.Nokia5110_PrintBMP) refers to nokia5110.o(.bss) for Screen
    nokia5110.o(i.Nokia5110_SetCursor) refers to nokia5110.o(i.lcdwrite) for lcdwrite
    nokia5110.o(i.Nokia5110_SetPxl) refers to nokia5110.o(.bss) for Screen
    nokia5110.o(i.Nokia5110_SetPxl) refers to nokia5110.o(.constdata) for Masks
    nokia5110.o(i.Output_Clear) refers to nokia5110.o(i.Nokia5110_Clear) for Nokia5110_Clear
    nokia5110.o(i.Output_Init) refers to nokia5110.o(i.Nokia5110_Init) for Nokia5110_Init
    nokia5110.o(i.Output_Off) refers to nokia5110.o(i.Output_Clear) for Output_Clear
    nokia5110.o(i.Output_On) refers to nokia5110.o(i.Output_Init) for Output_Init
    nokia5110.o(i.fputc) refers to nokia5110.o(i.Nokia5110_OutChar) for Nokia5110_OutChar
    systick.o(i.SysTick_Wait10ms) refers to systick.o(i.SysTick_Wait) for SysTick_Wait
    clocksystem_1.o(i.Clock_Init32kHz) refers to clocksystem_1.o(.data) for Prewait
    clocksystem_1.o(i.Clock_Init48MHz) refers to clocksystem_1.o(.data) for Prewait
    clocksystem_1.o(i.Clock_InitLowPower) refers to clocksystem_1.o(.data) for Prewait
    startup_msp432.o(STACK) refers (Special) to heapauxi.o(.text) for __use_two_region_memory
    startup_msp432.o(HEAP) refers (Special) to heapauxi.o(.text) for __use_two_region_memory
    startup_msp432.o(RESET) refers (Special) to heapauxi.o(.text) for __use_two_region_memory
    startup_msp432.o(RESET) refers to startup_msp432.o(STACK) for __initial_sp
    startup_msp432.o(RESET) refers to startup_msp432.o(.text) for Reset_Handler
    startup_msp432.o(RESET) refers to inputcapture.o(i.TA0_0_IRQHandler) for TA0_0_IRQHandler
    startup_msp432.o(RESET) refers to inputcapture.o(i.TA1_0_IRQHandler) for TA1_0_IRQHandler
    startup_msp432.o(RESET) refers to inputcapture.o(i.TA1_N_IRQHandler) for TA1_N_IRQHandler
    startup_msp432.o(RESET) refers to inputcapture.o(i.TA2_0_IRQHandler) for TA2_0_IRQHandler
    startup_msp432.o(.text) refers (Special) to heapauxi.o(.text) for __use_two_region_memory
    startup_msp432.o(.text) refers to system_msp432.o(i.SystemInit) for SystemInit
    startup_msp432.o(.text) refers to __main.o(!!!main) for __main
    startup_msp432.o(.text) refers to startup_msp432.o(HEAP) for Heap_Mem
    startup_msp432.o(.text) refers to startup_msp432.o(STACK) for Stack_Mem
    system_msp432.o(i.SystemCoreClockUpdate) refers to system_msp432.o(.data) for SystemCoreClock
    system_msp432.o(i.SystemInit) refers to system_msp432.o(.data) for SystemCoreClock
    __main.o(!!!main) refers to __rtentry.o(.ARM.Collect$$rtentry$$00000000) for __rt_entry
    dflt_clz.o(x$fpl$dfltu) refers (Special) to usenofp.o(x$fpl$usenofp) for __I$use$fp
    dflt_clz.o(x$fpl$dflt) refers (Special) to usenofp.o(x$fpl$usenofp) for __I$use$fp
    dflt_clz.o(x$fpl$dfltn) refers (Special) to usenofp.o(x$fpl$usenofp) for __I$use$fp
    dmul.o(x$fpl$dmul) refers (Special) to usenofp.o(x$fpl$usenofp) for __I$use$fp
    dmul.o(x$fpl$dmul) refers to dretinf.o(x$fpl$dretinf) for __fpl_dretinf
    dmul.o(x$fpl$dmul) refers to dnaninf.o(x$fpl$dnaninf) for __fpl_dnaninf
    pow.o(i.__softfp_pow) refers (Special) to usenofp.o(x$fpl$usenofp) for __I$use$fp
    pow.o(i.__softfp_pow) refers to pow.o(i.pow) for pow
    pow.o(i.pow) refers (Special) to usenofp.o(x$fpl$usenofp) for __I$use$fp
    pow.o(i.pow) refers to dunder.o(i.__mathlib_dbl_infnan2) for __mathlib_dbl_infnan2
    pow.o(i.pow) refers to _rserrno.o(.text) for __set_errno
    pow.o(i.pow) refers to dunder.o(i.__mathlib_dbl_divzero) for __mathlib_dbl_divzero
    pow.o(i.pow) refers to ddiv.o(x$fpl$ddiv) for __aeabi_ddiv
    pow.o(i.pow) refers to sqrt.o(i.sqrt) for sqrt
    pow.o(i.pow) refers to dmul.o(x$fpl$dmul) for __aeabi_dmul
    pow.o(i.pow) refers to dflt_clz.o(x$fpl$dflt) for __aeabi_i2d
    pow.o(i.pow) refers to dunder.o(i.__mathlib_dbl_invalid) for __mathlib_dbl_invalid
    pow.o(i.pow) refers to dunder.o(i.__mathlib_dbl_overflow) for __mathlib_dbl_overflow
    pow.o(i.pow) refers to dunder.o(i.__mathlib_dbl_underflow) for __mathlib_dbl_underflow
    pow.o(i.pow) refers to daddsub_clz.o(x$fpl$dsub) for __aeabi_dsub
    pow.o(i.pow) refers to scalbn.o(x$fpl$scalbn) for __ARM_scalbn
    pow.o(i.pow) refers to daddsub_clz.o(x$fpl$drsb) for __aeabi_drsub
    pow.o(i.pow) refers to daddsub_clz.o(x$fpl$dadd) for __aeabi_dadd
    pow.o(i.pow) refers to qnan.o(.constdata) for __mathlib_zero
    pow.o(i.pow) refers to poly.o(i.__kernel_poly) for __kernel_poly
    pow.o(i.pow) refers to drleqf.o(x$fpl$drleqf) for __aeabi_cdrcmple
    pow.o(i.pow) refers to pow.o(.constdata) for .constdata
    pow.o(i.pow) refers to fpclassify.o(i.__ARM_fpclassify) for __ARM_fpclassify
    pow.o(.constdata) refers (Special) to usenofp.o(x$fpl$usenofp) for __I$use$fp
    pow_x.o(i.____softfp_pow$lsc) refers (Special) to usenofp.o(x$fpl$usenofp) for __I$use$fp
    pow_x.o(i.____softfp_pow$lsc) refers to pow_x.o(i.__pow$lsc) for __pow$lsc
    pow_x.o(i.__pow$lsc) refers (Special) to usenofp.o(x$fpl$usenofp) for __I$use$fp
    pow_x.o(i.__pow$lsc) refers to dunder.o(i.__mathlib_dbl_infnan2) for __mathlib_dbl_infnan2
    pow_x.o(i.__pow$lsc) refers to _rserrno.o(.text) for __set_errno
    pow_x.o(i.__pow$lsc) refers to ddiv.o(x$fpl$ddiv) for __aeabi_ddiv
    pow_x.o(i.__pow$lsc) refers to sqrt.o(i.sqrt) for sqrt
    pow_x.o(i.__pow$lsc) refers to dmul.o(x$fpl$dmul) for __aeabi_dmul
    pow_x.o(i.__pow$lsc) refers to dflt_clz.o(x$fpl$dflt) for __aeabi_i2d
    pow_x.o(i.__pow$lsc) refers to daddsub_clz.o(x$fpl$dsub) for __aeabi_dsub
    pow_x.o(i.__pow$lsc) refers to scalbn.o(x$fpl$scalbn) for __ARM_scalbn
    pow_x.o(i.__pow$lsc) refers to daddsub_clz.o(x$fpl$drsb) for __aeabi_drsub
    pow_x.o(i.__pow$lsc) refers to daddsub_clz.o(x$fpl$dadd) for __aeabi_dadd
    pow_x.o(i.__pow$lsc) refers to qnan.o(.constdata) for __mathlib_zero
    pow_x.o(i.__pow$lsc) refers to poly.o(i.__kernel_poly) for __kernel_poly
    pow_x.o(i.__pow$lsc) refers to drleqf.o(x$fpl$drleqf) for __aeabi_cdrcmple
    pow_x.o(i.__pow$lsc) refers to pow_x.o(.constdata) for .constdata
    pow_x.o(.constdata) refers (Special) to usenofp.o(x$fpl$usenofp) for __I$use$fp
    __rtentry.o(.ARM.Collect$$rtentry$$00000000) refers (Special) to __rtentry2.o(.ARM.Collect$$rtentry$$0000000A) for __rt_entry_li
    __rtentry.o(.ARM.Collect$$rtentry$$00000000) refers (Special) to __rtentry2.o(.ARM.Collect$$rtentry$$0000000D) for __rt_entry_main
    __rtentry.o(.ARM.Collect$$rtentry$$00000000) refers (Special) to __rtentry2.o(.ARM.Collect$$rtentry$$0000000C) for __rt_entry_postli_1
    __rtentry.o(.ARM.Collect$$rtentry$$00000000) refers (Special) to __rtentry2.o(.ARM.Collect$$rtentry$$00000009) for __rt_entry_postsh_1
    __rtentry.o(.ARM.Collect$$rtentry$$00000000) refers (Special) to __rtentry2.o(.ARM.Collect$$rtentry$$00000002) for __rt_entry_presh_1
    __rtentry.o(.ARM.Collect$$rtentry$$00000000) refers (Special) to __rtentry4.o(.ARM.Collect$$rtentry$$00000004) for __rt_entry_sh
    _rserrno.o(.text) refers to rt_errno_addr_intlibspace.o(.text) for __aeabi_errno_addr
    daddsub_clz.o(x$fpl$dadd) refers (Special) to usenofp.o(x$fpl$usenofp) for __I$use$fp
    daddsub_clz.o(x$fpl$dadd) refers to daddsub_clz.o(x$fpl$dsub) for _dsub1
    daddsub_clz.o(x$fpl$dadd) refers to dretinf.o(x$fpl$dretinf) for __fpl_dretinf
    daddsub_clz.o(x$fpl$dadd) refers to dnaninf.o(x$fpl$dnaninf) for __fpl_dnaninf
    daddsub_clz.o(x$fpl$drsb) refers (Special) to usenofp.o(x$fpl$usenofp) for __I$use$fp
    daddsub_clz.o(x$fpl$drsb) refers to daddsub_clz.o(x$fpl$dadd) for _dadd1
    daddsub_clz.o(x$fpl$drsb) refers to daddsub_clz.o(x$fpl$dsub) for _dsub1
    daddsub_clz.o(x$fpl$dsub) refers (Special) to usenofp.o(x$fpl$usenofp) for __I$use$fp
    daddsub_clz.o(x$fpl$dsub) refers to daddsub_clz.o(x$fpl$dadd) for _dadd1
    daddsub_clz.o(x$fpl$dsub) refers to dnaninf.o(x$fpl$dnaninf) for __fpl_dnaninf
    ddiv.o(x$fpl$drdiv) refers (Special) to usenofp.o(x$fpl$usenofp) for __I$use$fp
    ddiv.o(x$fpl$drdiv) refers to ddiv.o(x$fpl$ddiv) for ddiv_entry
    ddiv.o(x$fpl$ddiv) refers (Special) to usenofp.o(x$fpl$usenofp) for __I$use$fp
    ddiv.o(x$fpl$ddiv) refers to dretinf.o(x$fpl$dretinf) for __fpl_dretinf
    ddiv.o(x$fpl$ddiv) refers to dnaninf.o(x$fpl$dnaninf) for __fpl_dnaninf
    dnaninf.o(x$fpl$dnaninf) refers (Special) to usenofp.o(x$fpl$usenofp) for __I$use$fp
    dretinf.o(x$fpl$dretinf) refers (Special) to usenofp.o(x$fpl$usenofp) for __I$use$fp
    drleqf.o(x$fpl$drleqf) refers (Special) to usenofp.o(x$fpl$usenofp) for __I$use$fp
    drleqf.o(x$fpl$drleqf) refers to dleqf.o(x$fpl$dleqf) for __fpl_dcmple_InfNaN
    scalbn.o(x$fpl$scalbn) refers (Special) to usenofp.o(x$fpl$usenofp) for __I$use$fp
    scalbn.o(x$fpl$scalbn) refers to dcheck1.o(x$fpl$dcheck1) for __fpl_dcheck_NaN1
    dunder.o(i.__mathlib_dbl_divzero) refers to ddiv.o(x$fpl$ddiv) for __aeabi_ddiv
    dunder.o(i.__mathlib_dbl_infnan) refers to scalbn.o(x$fpl$scalbn) for __ARM_scalbn
    dunder.o(i.__mathlib_dbl_infnan2) refers to daddsub_clz.o(x$fpl$dadd) for __aeabi_dadd
    dunder.o(i.__mathlib_dbl_invalid) refers to ddiv.o(x$fpl$ddiv) for __aeabi_ddiv
    dunder.o(i.__mathlib_dbl_overflow) refers to scalbn.o(x$fpl$scalbn) for __ARM_scalbn
    dunder.o(i.__mathlib_dbl_posinfnan) refers to dmul.o(x$fpl$dmul) for __aeabi_dmul
    dunder.o(i.__mathlib_dbl_underflow) refers to scalbn.o(x$fpl$scalbn) for __ARM_scalbn
    fpclassify.o(i.__ARM_fpclassify) refers (Special) to usenofp.o(x$fpl$usenofp) for __I$use$fp
    poly.o(i.__kernel_poly) refers (Special) to usenofp.o(x$fpl$usenofp) for __I$use$fp
    poly.o(i.__kernel_poly) refers to dmul.o(x$fpl$dmul) for __aeabi_dmul
    poly.o(i.__kernel_poly) refers to daddsub_clz.o(x$fpl$dadd) for __aeabi_dadd
    qnan.o(.constdata) refers (Special) to usenofp.o(x$fpl$usenofp) for __I$use$fp
    sqrt.o(i.__softfp_sqrt) refers (Special) to usenofp.o(x$fpl$usenofp) for __I$use$fp
    sqrt.o(i.__softfp_sqrt) refers to dsqrt_umaal.o(x$fpl$dsqrt) for _dsqrt
    sqrt.o(i.__softfp_sqrt) refers to _rserrno.o(.text) for __set_errno
    sqrt.o(i.sqrt) refers (Special) to usenofp.o(x$fpl$usenofp) for __I$use$fp
    sqrt.o(i.sqrt) refers to dsqrt_umaal.o(x$fpl$dsqrt) for _dsqrt
    sqrt.o(i.sqrt) refers to _rserrno.o(.text) for __set_errno
    sqrt_x.o(i.____softfp_sqrt$lsc) refers (Special) to usenofp.o(x$fpl$usenofp) for __I$use$fp
    sqrt_x.o(i.____softfp_sqrt$lsc) refers to dleqf.o(x$fpl$dleqf) for __aeabi_cdcmple
    sqrt_x.o(i.____softfp_sqrt$lsc) refers to _rserrno.o(.text) for __set_errno
    sqrt_x.o(i.____softfp_sqrt$lsc) refers to dsqrt_umaal.o(x$fpl$dsqrt) for _dsqrt
    sqrt_x.o(i.__sqrt$lsc) refers (Special) to usenofp.o(x$fpl$usenofp) for __I$use$fp
    sqrt_x.o(i.__sqrt$lsc) refers to dleqf.o(x$fpl$dleqf) for __aeabi_cdcmple
    sqrt_x.o(i.__sqrt$lsc) refers to _rserrno.o(.text) for __set_errno
    sqrt_x.o(i.__sqrt$lsc) refers to dsqrt_umaal.o(x$fpl$dsqrt) for _dsqrt
    __rtentry2.o(.ARM.Collect$$rtentry$$00000008) refers to boardinit2.o(.text) for _platform_post_stackheap_init
    __rtentry2.o(.ARM.Collect$$rtentry$$0000000A) refers to libinit.o(.ARM.Collect$$libinit$$00000000) for __rt_lib_init
    __rtentry2.o(.ARM.Collect$$rtentry$$0000000B) refers to boardinit3.o(.text) for _platform_post_lib_init
    __rtentry2.o(.ARM.Collect$$rtentry$$0000000D) refers to main.o(i.main) for main
    __rtentry2.o(.ARM.Collect$$rtentry$$0000000D) refers to exit.o(.text) for exit
    __rtentry2.o(.ARM.exidx) refers to __rtentry2.o(.ARM.Collect$$rtentry$$00000001) for .ARM.Collect$$rtentry$$00000001
    __rtentry2.o(.ARM.exidx) refers to __rtentry2.o(.ARM.Collect$$rtentry$$00000008) for .ARM.Collect$$rtentry$$00000008
    __rtentry2.o(.ARM.exidx) refers to __rtentry2.o(.ARM.Collect$$rtentry$$0000000A) for .ARM.Collect$$rtentry$$0000000A
    __rtentry2.o(.ARM.exidx) refers to __rtentry2.o(.ARM.Collect$$rtentry$$0000000B) for .ARM.Collect$$rtentry$$0000000B
    __rtentry2.o(.ARM.exidx) refers to __rtentry2.o(.ARM.Collect$$rtentry$$0000000D) for .ARM.Collect$$rtentry$$0000000D
    __rtentry4.o(.ARM.Collect$$rtentry$$00000004) refers to sys_stackheap_outer.o(.text) for __user_setup_stackheap
    __rtentry4.o(.ARM.exidx) refers to __rtentry4.o(.ARM.Collect$$rtentry$$00000004) for .ARM.Collect$$rtentry$$00000004
    rt_errno_addr.o(.text) refers to rt_errno_addr.o(.bss) for __aeabi_errno_addr_data
    rt_errno_addr_intlibspace.o(.text) refers to libspace.o(.bss) for __libspace_start
    dcheck1.o(x$fpl$dcheck1) refers (Special) to usenofp.o(x$fpl$usenofp) for __I$use$fp
    dcheck1.o(x$fpl$dcheck1) refers to retnan.o(x$fpl$retnan) for __fpl_return_NaN
    dleqf.o(x$fpl$dleqf) refers (Special) to usenofp.o(x$fpl$usenofp) for __I$use$fp
    dleqf.o(x$fpl$dleqf) refers to dnaninf.o(x$fpl$dnaninf) for __fpl_dnaninf
    dleqf.o(x$fpl$dleqf) refers to dcmpi.o(x$fpl$dcmpinf) for __fpl_dcmp_Inf
    dsqrt_umaal.o(x$fpl$dsqrt) refers (Special) to usenofp.o(x$fpl$usenofp) for __I$use$fp
    dsqrt_umaal.o(x$fpl$dsqrt) refers to dnaninf.o(x$fpl$dnaninf) for __fpl_dnaninf
    libspace.o(.text) refers to libspace.o(.bss) for __libspace_start
    sys_stackheap_outer.o(.text) refers to libspace.o(.text) for __user_perproc_libspace
    sys_stackheap_outer.o(.text) refers to startup_msp432.o(.text) for __user_initial_stackheap
    exit.o(.text) refers to rtexit.o(.ARM.Collect$$rtexit$$00000000) for __rt_exit
    libinit.o(.ARM.Collect$$libinit$$00000000) refers (Special) to libinit2.o(.ARM.Collect$$libinit$$0000002E) for __rt_lib_init_alloca_1
    libinit.o(.ARM.Collect$$libinit$$00000000) refers (Special) to libinit2.o(.ARM.Collect$$libinit$$0000002C) for __rt_lib_init_argv_1
    libinit.o(.ARM.Collect$$libinit$$00000000) refers (Special) to libinit2.o(.ARM.Collect$$libinit$$0000001B) for __rt_lib_init_atexit_1
    libinit.o(.ARM.Collect$$libinit$$00000000) refers (Special) to libinit2.o(.ARM.Collect$$libinit$$00000021) for __rt_lib_init_clock_1
    libinit.o(.ARM.Collect$$libinit$$00000000) refers (Special) to libinit2.o(.ARM.Collect$$libinit$$00000032) for __rt_lib_init_cpp_1
    libinit.o(.ARM.Collect$$libinit$$00000000) refers (Special) to libinit2.o(.ARM.Collect$$libinit$$00000030) for __rt_lib_init_exceptions_1
    libinit.o(.ARM.Collect$$libinit$$00000000) refers (Special) to libinit2.o(.ARM.Collect$$libinit$$00000002) for __rt_lib_init_fp_1
    libinit.o(.ARM.Collect$$libinit$$00000000) refers (Special) to libinit2.o(.ARM.Collect$$libinit$$0000001F) for __rt_lib_init_fp_trap_1
    libinit.o(.ARM.Collect$$libinit$$00000000) refers (Special) to libinit2.o(.ARM.Collect$$libinit$$00000023) for __rt_lib_init_getenv_1
    libinit.o(.ARM.Collect$$libinit$$00000000) refers (Special) to libinit2.o(.ARM.Collect$$libinit$$0000000A) for __rt_lib_init_heap_1
    libinit.o(.ARM.Collect$$libinit$$00000000) refers (Special) to libinit2.o(.ARM.Collect$$libinit$$00000011) for __rt_lib_init_lc_collate_1
    libinit.o(.ARM.Collect$$libinit$$00000000) refers (Special) to libinit2.o(.ARM.Collect$$libinit$$00000013) for __rt_lib_init_lc_ctype_1
    libinit.o(.ARM.Collect$$libinit$$00000000) refers (Special) to libinit2.o(.ARM.Collect$$libinit$$00000015) for __rt_lib_init_lc_monetary_1
    libinit.o(.ARM.Collect$$libinit$$00000000) refers (Special) to libinit2.o(.ARM.Collect$$libinit$$00000017) for __rt_lib_init_lc_numeric_1
    libinit.o(.ARM.Collect$$libinit$$00000000) refers (Special) to libinit2.o(.ARM.Collect$$libinit$$00000019) for __rt_lib_init_lc_time_1
    libinit.o(.ARM.Collect$$libinit$$00000000) refers (Special) to libinit2.o(.ARM.Collect$$libinit$$00000004) for __rt_lib_init_preinit_1
    libinit.o(.ARM.Collect$$libinit$$00000000) refers (Special) to libinit2.o(.ARM.Collect$$libinit$$0000000E) for __rt_lib_init_rand_1
    libinit.o(.ARM.Collect$$libinit$$00000000) refers (Special) to libinit2.o(.ARM.Collect$$libinit$$00000033) for __rt_lib_init_return
    libinit.o(.ARM.Collect$$libinit$$00000000) refers (Special) to libinit2.o(.ARM.Collect$$libinit$$0000001D) for __rt_lib_init_signal_1
    libinit.o(.ARM.Collect$$libinit$$00000000) refers (Special) to libinit2.o(.ARM.Collect$$libinit$$00000025) for __rt_lib_init_stdio_1
    libinit.o(.ARM.Collect$$libinit$$00000000) refers (Special) to libinit2.o(.ARM.Collect$$libinit$$0000000C) for __rt_lib_init_user_alloc_1
    dcmpi.o(x$fpl$dcmpinf) refers (Special) to usenofp.o(x$fpl$usenofp) for __I$use$fp
    retnan.o(x$fpl$retnan) refers (Special) to usenofp.o(x$fpl$usenofp) for __I$use$fp
    retnan.o(x$fpl$retnan) refers to trapv.o(x$fpl$trapveneer) for __fpl_cmpreturn
    rtexit.o(.ARM.Collect$$rtexit$$00000000) refers (Special) to rtexit2.o(.ARM.Collect$$rtexit$$00000004) for __rt_exit_exit
    rtexit.o(.ARM.Collect$$rtexit$$00000000) refers (Special) to rtexit2.o(.ARM.Collect$$rtexit$$00000003) for __rt_exit_ls
    rtexit.o(.ARM.Collect$$rtexit$$00000000) refers (Special) to rtexit2.o(.ARM.Collect$$rtexit$$00000002) for __rt_exit_prels_1
    rtexit.o(.ARM.exidx) refers (Special) to rtexit2.o(.ARM.Collect$$rtexit$$00000004) for __rt_exit_exit
    rtexit.o(.ARM.exidx) refers (Special) to rtexit2.o(.ARM.Collect$$rtexit$$00000003) for __rt_exit_ls
    rtexit.o(.ARM.exidx) refers (Special) to rtexit2.o(.ARM.Collect$$rtexit$$00000002) for __rt_exit_prels_1
    rtexit.o(.ARM.exidx) refers to rtexit.o(.ARM.Collect$$rtexit$$00000000) for .ARM.Collect$$rtexit$$00000000
    libinit2.o(.ARM.Collect$$libinit$$00000010) refers to libinit2.o(.ARM.Collect$$libinit$$0000000F) for .ARM.Collect$$libinit$$0000000F
    libinit2.o(.ARM.Collect$$libinit$$00000012) refers to libinit2.o(.ARM.Collect$$libinit$$0000000F) for .ARM.Collect$$libinit$$0000000F
    libinit2.o(.ARM.Collect$$libinit$$00000014) refers to libinit2.o(.ARM.Collect$$libinit$$0000000F) for .ARM.Collect$$libinit$$0000000F
    libinit2.o(.ARM.Collect$$libinit$$00000016) refers to libinit2.o(.ARM.Collect$$libinit$$0000000F) for .ARM.Collect$$libinit$$0000000F
    libinit2.o(.ARM.Collect$$libinit$$00000018) refers to libinit2.o(.ARM.Collect$$libinit$$0000000F) for .ARM.Collect$$libinit$$0000000F
    libinit2.o(.ARM.Collect$$libinit$$00000026) refers to argv_veneer.o(.emb_text) for __ARM_argv_veneer
    libinit2.o(.ARM.Collect$$libinit$$00000027) refers to argv_veneer.o(.emb_text) for __ARM_argv_veneer
    trapv.o(x$fpl$trapveneer) refers (Special) to usenofp.o(x$fpl$usenofp) for __I$use$fp
    rtexit2.o(.ARM.Collect$$rtexit$$00000003) refers to libshutdown.o(.ARM.Collect$$libshutdown$$00000000) for __rt_lib_shutdown
    rtexit2.o(.ARM.Collect$$rtexit$$00000004) refers to sys_exit.o(.text) for _sys_exit
    rtexit2.o(.ARM.exidx) refers to rtexit2.o(.ARM.Collect$$rtexit$$00000001) for .ARM.Collect$$rtexit$$00000001
    rtexit2.o(.ARM.exidx) refers to rtexit2.o(.ARM.Collect$$rtexit$$00000003) for .ARM.Collect$$rtexit$$00000003
    rtexit2.o(.ARM.exidx) refers to rtexit2.o(.ARM.Collect$$rtexit$$00000004) for .ARM.Collect$$rtexit$$00000004
    argv_veneer.o(.emb_text) refers to no_argv.o(.text) for __ARM_get_argv
    sys_exit.o(.text) refers (Special) to use_no_semi.o(.text) for __I$use$semihosting
    sys_exit.o(.text) refers (Special) to indicate_semi.o(.text) for __semihosting_library_function
    _get_argv_nomalloc.o(.text) refers (Special) to hrguard.o(.text) for __heap_region$guard
    _get_argv_nomalloc.o(.text) refers to defsig_rtmem_outer.o(.text) for __rt_SIGRTMEM
    _get_argv_nomalloc.o(.text) refers to sys_command.o(.text) for _sys_command_string
    libshutdown.o(.ARM.Collect$$libshutdown$$00000000) refers (Special) to libshutdown2.o(.ARM.Collect$$libshutdown$$00000002) for __rt_lib_shutdown_cpp_1
    libshutdown.o(.ARM.Collect$$libshutdown$$00000000) refers (Special) to libshutdown2.o(.ARM.Collect$$libshutdown$$00000007) for __rt_lib_shutdown_fp_trap_1
    libshutdown.o(.ARM.Collect$$libshutdown$$00000000) refers (Special) to libshutdown2.o(.ARM.Collect$$libshutdown$$0000000F) for __rt_lib_shutdown_heap_1
    libshutdown.o(.ARM.Collect$$libshutdown$$00000000) refers (Special) to libshutdown2.o(.ARM.Collect$$libshutdown$$00000010) for __rt_lib_shutdown_return
    libshutdown.o(.ARM.Collect$$libshutdown$$00000000) refers (Special) to libshutdown2.o(.ARM.Collect$$libshutdown$$0000000A) for __rt_lib_shutdown_signal_1
    libshutdown.o(.ARM.Collect$$libshutdown$$00000000) refers (Special) to libshutdown2.o(.ARM.Collect$$libshutdown$$00000004) for __rt_lib_shutdown_stdio_1
    libshutdown.o(.ARM.Collect$$libshutdown$$00000000) refers (Special) to libshutdown2.o(.ARM.Collect$$libshutdown$$0000000C) for __rt_lib_shutdown_user_alloc_1
    sys_command.o(.text) refers (Special) to use_no_semi.o(.text) for __I$use$semihosting
    sys_command.o(.text) refers (Special) to indicate_semi.o(.text) for __semihosting_library_function
    defsig_rtmem_outer.o(.text) refers to defsig_rtmem_inner.o(.text) for __rt_SIGRTMEM_inner
    defsig_rtmem_outer.o(.text) refers to defsig_exit.o(.text) for __sig_exit
    defsig_rtmem_formal.o(.text) refers to rt_raise.o(.text) for __rt_raise
    rt_raise.o(.text) refers to __raise.o(.text) for __raise
    rt_raise.o(.text) refers to sys_exit.o(.text) for _sys_exit
    defsig_exit.o(.text) refers to sys_exit.o(.text) for _sys_exit
    defsig_rtmem_inner.o(.text) refers to defsig_general.o(.text) for __default_signal_display
    __raise.o(.text) refers to defsig.o(CL$$defsig) for __default_signal_handler
    defsig_general.o(.text) refers to sys_wrch.o(.text) for _ttywrch
    sys_wrch.o(.text) refers (Special) to use_no_semi.o(.text) for __I$use$semihosting
    sys_wrch.o(.text) refers (Special) to indicate_semi.o(.text) for __semihosting_library_function
    defsig.o(CL$$defsig) refers to defsig_rtmem_inner.o(.text) for __rt_SIGRTMEM_inner
    defsig_abrt_inner.o(.text) refers to defsig_general.o(.text) for __default_signal_display
    defsig_fpe_inner.o(.text) refers to defsig_general.o(.text) for __default_signal_display
    defsig_rtred_inner.o(.text) refers to defsig_general.o(.text) for __default_signal_display
    defsig_stak_inner.o(.text) refers to defsig_general.o(.text) for __default_signal_display
    defsig_pvfn_inner.o(.text) refers to defsig_general.o(.text) for __default_signal_display
    defsig_cppl_inner.o(.text) refers to defsig_general.o(.text) for __default_signal_display
    defsig_segv_inner.o(.text) refers to defsig_general.o(.text) for __default_signal_display
    defsig_other.o(.text) refers to defsig_general.o(.text) for __default_signal_display


==============================================================================

Removing Unused input sections from the image.

    Removing main.o(.rev16_text), (4 bytes).
    Removing main.o(.revsh_text), (4 bytes).
    Removing main.o(.rrx_text), (6 bytes).
    Removing main.o(i.average), (56 bytes).
    Removing main.o(i.average_front), (56 bytes).
    Removing main.o(i.average_right), (56 bytes).
    Removing main.o(i.calculateDistance), (84 bytes).
    Removing main.o(i.print_debug), (136 bytes).
    Removing main.o(i.print_strings), (104 bytes).
    Removing main.o(i.print_udecs), (96 bytes).
    Removing main.o(.bss), (80 bytes).
    Removing pwm.o(.rev16_text), (4 bytes).
    Removing pwm.o(.revsh_text), (4 bytes).
    Removing pwm.o(.rrx_text), (6 bytes).
    Removing inputcapture.o(.rev16_text), (4 bytes).
    Removing inputcapture.o(.revsh_text), (4 bytes).
    Removing inputcapture.o(.rrx_text), (6 bytes).
    Removing inputcapture.o(i.TimerCapture2_Init), (160 bytes).
    Removing inputcapture.o(i.TimerCapture_Init), (148 bytes).
    Removing nokia5110.o(i.Nokia5110_ClearBuffer), (24 bytes).
    Removing nokia5110.o(i.Nokia5110_ClrPxl), (48 bytes).
    Removing nokia5110.o(i.Nokia5110_DisplayBuffer), (16 bytes).
    Removing nokia5110.o(i.Nokia5110_DrawFullImage), (32 bytes).
    Removing nokia5110.o(i.Nokia5110_PrintBMP), (416 bytes).
    Removing nokia5110.o(i.Nokia5110_SetPxl), (48 bytes).
    Removing nokia5110.o(i.Output_Clear), (8 bytes).
    Removing nokia5110.o(i.Output_Color), (2 bytes).
    Removing nokia5110.o(i.Output_Init), (8 bytes).
    Removing nokia5110.o(i.Output_Off), (8 bytes).
    Removing nokia5110.o(i.Output_On), (8 bytes).
    Removing nokia5110.o(i.ferror), (8 bytes).
    Removing nokia5110.o(i.fgetc), (6 bytes).
    Removing nokia5110.o(i.fputc), (16 bytes).
    Removing nokia5110.o(.bss), (504 bytes).
    Removing systick.o(.rev16_text), (4 bytes).
    Removing systick.o(.revsh_text), (4 bytes).
    Removing systick.o(.rrx_text), (6 bytes).
    Removing systick.o(i.SysTick_Wait), (38 bytes).
    Removing systick.o(i.SysTick_Wait10ms), (24 bytes).
    Removing clocksystem_1.o(.rev16_text), (4 bytes).
    Removing clocksystem_1.o(.revsh_text), (4 bytes).
    Removing clocksystem_1.o(.rrx_text), (6 bytes).
    Removing clocksystem_1.o(i.Clock_Init), (68 bytes).
    Removing clocksystem_1.o(i.Clock_Init32kHz), (336 bytes).
    Removing clocksystem_1.o(i.Clock_InitLowPower), (224 bytes).
    Removing system_msp432.o(.rev16_text), (4 bytes).
    Removing system_msp432.o(.revsh_text), (4 bytes).
    Removing system_msp432.o(.rrx_text), (6 bytes).
    Removing system_msp432.o(i.SystemCoreClockUpdate), (16 bytes).

49 unused section(s) (total 2918 bytes) removed from the image.

==============================================================================

Image Symbol Table

    Local Symbols

    Symbol Name                              Value     Ov Type        Size  Object(Section)

    RESET                                    0x00000000   Section      324  startup_msp432.o(RESET)
    ../clib/angel/boardlib.s                 0x00000000   Number         0  boardinit2.o ABSOLUTE
    ../clib/angel/boardlib.s                 0x00000000   Number         0  boardinit3.o ABSOLUTE
    ../clib/angel/boardlib.s                 0x00000000   Number         0  boardshut.o ABSOLUTE
    ../clib/angel/boardlib.s                 0x00000000   Number         0  boardinit1.o ABSOLUTE
    ../clib/angel/handlers.s                 0x00000000   Number         0  __scatter_zi.o ABSOLUTE
    ../clib/angel/handlers.s                 0x00000000   Number         0  __scatter_copy.o ABSOLUTE
    ../clib/angel/kernel.s                   0x00000000   Number         0  rtexit2.o ABSOLUTE
    ../clib/angel/kernel.s                   0x00000000   Number         0  __rtentry4.o ABSOLUTE
    ../clib/angel/kernel.s                   0x00000000   Number         0  rtexit.o ABSOLUTE
    ../clib/angel/kernel.s                   0x00000000   Number         0  __rtentry2.o ABSOLUTE
    ../clib/angel/kernel.s                   0x00000000   Number         0  __rtentry.o ABSOLUTE
    ../clib/angel/rt.s                       0x00000000   Number         0  rt_raise.o ABSOLUTE
    ../clib/angel/rt.s                       0x00000000   Number         0  rt_errno_addr.o ABSOLUTE
    ../clib/angel/rt.s                       0x00000000   Number         0  rt_errno_addr_intlibspace.o ABSOLUTE
    ../clib/angel/scatter.s                  0x00000000   Number         0  __scatter.o ABSOLUTE
    ../clib/angel/startup.s                  0x00000000   Number         0  __main.o ABSOLUTE
    ../clib/angel/sys.s                      0x00000000   Number         0  sys_stackheap_outer.o ABSOLUTE
    ../clib/angel/sys.s                      0x00000000   Number         0  use_no_semi.o ABSOLUTE
    ../clib/angel/sys.s                      0x00000000   Number         0  libspace.o ABSOLUTE
    ../clib/angel/sys.s                      0x00000000   Number         0  indicate_semi.o ABSOLUTE
    ../clib/angel/sysapp.c                   0x00000000   Number         0  sys_command.o ABSOLUTE
    ../clib/angel/sysapp.c                   0x00000000   Number         0  sys_exit.o ABSOLUTE
    ../clib/angel/sysapp.c                   0x00000000   Number         0  sys_wrch.o ABSOLUTE
    ../clib/armsys.c                         0x00000000   Number         0  argv_veneer.o ABSOLUTE
    ../clib/armsys.c                         0x00000000   Number         0  argv_veneer.o ABSOLUTE
    ../clib/armsys.c                         0x00000000   Number         0  _get_argv_nomalloc.o ABSOLUTE
    ../clib/armsys.c                         0x00000000   Number         0  no_argv.o ABSOLUTE
    ../clib/fenv.c                           0x00000000   Number         0  _rserrno.o ABSOLUTE
    ../clib/heapalloc.c                      0x00000000   Number         0  hrguard.o ABSOLUTE
    ../clib/heapaux.c                        0x00000000   Number         0  heapauxi.o ABSOLUTE
    ../clib/libinit.s                        0x00000000   Number         0  libshutdown2.o ABSOLUTE
    ../clib/libinit.s                        0x00000000   Number         0  libinit.o ABSOLUTE
    ../clib/libinit.s                        0x00000000   Number         0  libinit2.o ABSOLUTE
    ../clib/libinit.s                        0x00000000   Number         0  libshutdown.o ABSOLUTE
    ../clib/signal.c                         0x00000000   Number         0  defsig_abrt_inner.o ABSOLUTE
    ../clib/signal.c                         0x00000000   Number         0  defsig_rtmem_formal.o ABSOLUTE
    ../clib/signal.c                         0x00000000   Number         0  defsig_rtmem_outer.o ABSOLUTE
    ../clib/signal.c                         0x00000000   Number         0  defsig_rtmem_inner.o ABSOLUTE
    ../clib/signal.c                         0x00000000   Number         0  __raise.o ABSOLUTE
    ../clib/signal.c                         0x00000000   Number         0  defsig_general.o ABSOLUTE
    ../clib/signal.c                         0x00000000   Number         0  defsig_exit.o ABSOLUTE
    ../clib/signal.c                         0x00000000   Number         0  defsig_rtred_inner.o ABSOLUTE
    ../clib/signal.c                         0x00000000   Number         0  defsig_stak_inner.o ABSOLUTE
    ../clib/signal.c                         0x00000000   Number         0  defsig_pvfn_inner.o ABSOLUTE
    ../clib/signal.c                         0x00000000   Number         0  defsig_cppl_inner.o ABSOLUTE
    ../clib/signal.c                         0x00000000   Number         0  defsig_segv_inner.o ABSOLUTE
    ../clib/signal.c                         0x00000000   Number         0  defsig_other.o ABSOLUTE
    ../clib/signal.c                         0x00000000   Number         0  defsig_fpe_inner.o ABSOLUTE
    ../clib/signal.s                         0x00000000   Number         0  defsig.o ABSOLUTE
    ../clib/stdlib.c                         0x00000000   Number         0  exit.o ABSOLUTE
    ../fplib/daddsub.s                       0x00000000   Number         0  daddsub_clz.o ABSOLUTE
    ../fplib/dcheck1.s                       0x00000000   Number         0  dcheck1.o ABSOLUTE
    ../fplib/dcmpi.s                         0x00000000   Number         0  dcmpi.o ABSOLUTE
    ../fplib/ddiv.s                          0x00000000   Number         0  ddiv.o ABSOLUTE
    ../fplib/dflt.s                          0x00000000   Number         0  dflt_clz.o ABSOLUTE
    ../fplib/dleqf.s                         0x00000000   Number         0  dleqf.o ABSOLUTE
    ../fplib/dmul.s                          0x00000000   Number         0  dmul.o ABSOLUTE
    ../fplib/dnaninf.s                       0x00000000   Number         0  dnaninf.o ABSOLUTE
    ../fplib/dretinf.s                       0x00000000   Number         0  dretinf.o ABSOLUTE
    ../fplib/drleqf.s                        0x00000000   Number         0  drleqf.o ABSOLUTE
    ../fplib/dsqrt.s                         0x00000000   Number         0  dsqrt_umaal.o ABSOLUTE
    ../fplib/fpinit.s                        0x00000000   Number         0  fpinit.o ABSOLUTE
    ../fplib/retnan.s                        0x00000000   Number         0  retnan.o ABSOLUTE
    ../fplib/scalbn.s                        0x00000000   Number         0  scalbn.o ABSOLUTE
    ../fplib/trapv.s                         0x00000000   Number         0  trapv.o ABSOLUTE
    ../fplib/usenofp.s                       0x00000000   Number         0  usenofp.o ABSOLUTE
    ../mathlib/dunder.c                      0x00000000   Number         0  dunder.o ABSOLUTE
    ../mathlib/fpclassify.c                  0x00000000   Number         0  fpclassify.o ABSOLUTE
    ../mathlib/poly.c                        0x00000000   Number         0  poly.o ABSOLUTE
    ../mathlib/pow.c                         0x00000000   Number         0  pow_x.o ABSOLUTE
    ../mathlib/pow.c                         0x00000000   Number         0  pow.o ABSOLUTE
    ../mathlib/qnan.c                        0x00000000   Number         0  qnan.o ABSOLUTE
    ../mathlib/sqrt.c                        0x00000000   Number         0  sqrt.o ABSOLUTE
    ../mathlib/sqrt.c                        0x00000000   Number         0  sqrt_x.o ABSOLUTE
    ClockSystem.c                            0x00000000   Number         0  clocksystem_1.o ABSOLUTE
    ClockSystem.c                            0x00000000   Number         0  clocksystem_1.o ABSOLUTE
    InputCapture.c                           0x00000000   Number         0  inputcapture.o ABSOLUTE
    InputCapture.c                           0x00000000   Number         0  inputcapture.o ABSOLUTE
    Nokia5110.c                              0x00000000   Number         0  nokia5110.o ABSOLUTE
    PWM.c                                    0x00000000   Number         0  pwm.o ABSOLUTE
    PWM.c                                    0x00000000   Number         0  pwm.o ABSOLUTE
    RTE\Device\MSP432P401R\startup_msp432.s  0x00000000   Number         0  startup_msp432.o ABSOLUTE
    RTE\Device\MSP432P401R\system_msp432.c   0x00000000   Number         0  system_msp432.o ABSOLUTE
    RTE\\Device\\MSP432P401R\\system_msp432.c 0x00000000   Number         0  system_msp432.o ABSOLUTE
    SysTick.c                                0x00000000   Number         0  systick.o ABSOLUTE
    SysTick.c                                0x00000000   Number         0  systick.o ABSOLUTE
    dc.s                                     0x00000000   Number         0  dc.o ABSOLUTE
    main.c                                   0x00000000   Number         0  main.o ABSOLUTE
    main.c                                   0x00000000   Number         0  main.o ABSOLUTE
    !!!main                                  0x00000144   Section        8  __main.o(!!!main)
    !!!scatter                               0x0000014c   Section       52  __scatter.o(!!!scatter)
    !!handler_copy                           0x00000180   Section       26  __scatter_copy.o(!!handler_copy)
    !!handler_zi                             0x0000019c   Section       28  __scatter_zi.o(!!handler_zi)
    .ARM.Collect$$libinit$$00000000          0x000001b8   Section        2  libinit.o(.ARM.Collect$$libinit$$00000000)
    .ARM.Collect$$libinit$$00000002          0x000001ba   Section        0  libinit2.o(.ARM.Collect$$libinit$$00000002)
    .ARM.Collect$$libinit$$00000004          0x000001ba   Section        0  libinit2.o(.ARM.Collect$$libinit$$00000004)
    .ARM.Collect$$libinit$$0000000A          0x000001ba   Section        0  libinit2.o(.ARM.Collect$$libinit$$0000000A)
    .ARM.Collect$$libinit$$0000000C          0x000001ba   Section        0  libinit2.o(.ARM.Collect$$libinit$$0000000C)
    .ARM.Collect$$libinit$$0000000E          0x000001ba   Section        0  libinit2.o(.ARM.Collect$$libinit$$0000000E)
    .ARM.Collect$$libinit$$00000011          0x000001ba   Section        0  libinit2.o(.ARM.Collect$$libinit$$00000011)
    .ARM.Collect$$libinit$$00000013          0x000001ba   Section        0  libinit2.o(.ARM.Collect$$libinit$$00000013)
    .ARM.Collect$$libinit$$00000015          0x000001ba   Section        0  libinit2.o(.ARM.Collect$$libinit$$00000015)
    .ARM.Collect$$libinit$$00000017          0x000001ba   Section        0  libinit2.o(.ARM.Collect$$libinit$$00000017)
    .ARM.Collect$$libinit$$00000019          0x000001ba   Section        0  libinit2.o(.ARM.Collect$$libinit$$00000019)
    .ARM.Collect$$libinit$$0000001B          0x000001ba   Section        0  libinit2.o(.ARM.Collect$$libinit$$0000001B)
    .ARM.Collect$$libinit$$0000001D          0x000001ba   Section        0  libinit2.o(.ARM.Collect$$libinit$$0000001D)
    .ARM.Collect$$libinit$$0000001F          0x000001ba   Section        0  libinit2.o(.ARM.Collect$$libinit$$0000001F)
    .ARM.Collect$$libinit$$00000021          0x000001ba   Section        0  libinit2.o(.ARM.Collect$$libinit$$00000021)
    .ARM.Collect$$libinit$$00000023          0x000001ba   Section        0  libinit2.o(.ARM.Collect$$libinit$$00000023)
    .ARM.Collect$$libinit$$00000025          0x000001ba   Section        0  libinit2.o(.ARM.Collect$$libinit$$00000025)
    .ARM.Collect$$libinit$$0000002C          0x000001ba   Section        0  libinit2.o(.ARM.Collect$$libinit$$0000002C)
    .ARM.Collect$$libinit$$0000002E          0x000001ba   Section        0  libinit2.o(.ARM.Collect$$libinit$$0000002E)
    .ARM.Collect$$libinit$$00000030          0x000001ba   Section        0  libinit2.o(.ARM.Collect$$libinit$$00000030)
    .ARM.Collect$$libinit$$00000032          0x000001ba   Section        0  libinit2.o(.ARM.Collect$$libinit$$00000032)
    .ARM.Collect$$libinit$$00000033          0x000001ba   Section        2  libinit2.o(.ARM.Collect$$libinit$$00000033)
    .ARM.Collect$$libshutdown$$00000000      0x000001bc   Section        2  libshutdown.o(.ARM.Collect$$libshutdown$$00000000)
    .ARM.Collect$$libshutdown$$00000002      0x000001be   Section        0  libshutdown2.o(.ARM.Collect$$libshutdown$$00000002)
    .ARM.Collect$$libshutdown$$00000004      0x000001be   Section        0  libshutdown2.o(.ARM.Collect$$libshutdown$$00000004)
    .ARM.Collect$$libshutdown$$00000007      0x000001be   Section        0  libshutdown2.o(.ARM.Collect$$libshutdown$$00000007)
    .ARM.Collect$$libshutdown$$0000000A      0x000001be   Section        0  libshutdown2.o(.ARM.Collect$$libshutdown$$0000000A)
    .ARM.Collect$$libshutdown$$0000000C      0x000001be   Section        0  libshutdown2.o(.ARM.Collect$$libshutdown$$0000000C)
    .ARM.Collect$$libshutdown$$0000000F      0x000001be   Section        0  libshutdown2.o(.ARM.Collect$$libshutdown$$0000000F)
    .ARM.Collect$$libshutdown$$00000010      0x000001be   Section        2  libshutdown2.o(.ARM.Collect$$libshutdown$$00000010)
    .ARM.Collect$$rtentry$$00000000          0x000001c0   Section        0  __rtentry.o(.ARM.Collect$$rtentry$$00000000)
    .ARM.Collect$$rtentry$$00000002          0x000001c0   Section        0  __rtentry2.o(.ARM.Collect$$rtentry$$00000002)
    .ARM.Collect$$rtentry$$00000004          0x000001c0   Section        6  __rtentry4.o(.ARM.Collect$$rtentry$$00000004)
    .ARM.Collect$$rtentry$$00000009          0x000001c6   Section        0  __rtentry2.o(.ARM.Collect$$rtentry$$00000009)
    .ARM.Collect$$rtentry$$0000000A          0x000001c6   Section        4  __rtentry2.o(.ARM.Collect$$rtentry$$0000000A)
    .ARM.Collect$$rtentry$$0000000C          0x000001ca   Section        0  __rtentry2.o(.ARM.Collect$$rtentry$$0000000C)
    .ARM.Collect$$rtentry$$0000000D          0x000001ca   Section        8  __rtentry2.o(.ARM.Collect$$rtentry$$0000000D)
    .ARM.Collect$$rtexit$$00000000           0x000001d2   Section        2  rtexit.o(.ARM.Collect$$rtexit$$00000000)
    .ARM.Collect$$rtexit$$00000002           0x000001d4   Section        0  rtexit2.o(.ARM.Collect$$rtexit$$00000002)
    .ARM.Collect$$rtexit$$00000003           0x000001d4   Section        4  rtexit2.o(.ARM.Collect$$rtexit$$00000003)
    .ARM.Collect$$rtexit$$00000004           0x000001d8   Section        6  rtexit2.o(.ARM.Collect$$rtexit$$00000004)
    .emb_text                                0x000001e0   Section        6  main.o(.emb_text)
    .text                                    0x000001e8   Section       84  startup_msp432.o(.text)
    .text                                    0x0000023c   Section        0  heapauxi.o(.text)
    .text                                    0x00000244   Section        8  libspace.o(.text)
    .text                                    0x0000024c   Section       74  sys_stackheap_outer.o(.text)
    .text                                    0x00000296   Section        0  exit.o(.text)
    .text                                    0x000002a8   Section        0  sys_exit.o(.text)
    .text                                    0x000002b4   Section        2  use_no_semi.o(.text)
    .text                                    0x000002b6   Section        0  indicate_semi.o(.text)
    i.Clock_Init48MHz                        0x000002b8   Section        0  clocksystem_1.o(i.Clock_Init48MHz)
    i.Nokia5110_Clear                        0x00000408   Section        0  nokia5110.o(i.Nokia5110_Clear)
    i.Nokia5110_Init                         0x00000428   Section        0  nokia5110.o(i.Nokia5110_Init)
    i.Nokia5110_OutChar                      0x0000050c   Section        0  nokia5110.o(i.Nokia5110_OutChar)
    i.Nokia5110_OutString                    0x00000540   Section        0  nokia5110.o(i.Nokia5110_OutString)
    i.Nokia5110_OutUDec                      0x00000558   Section        0  nokia5110.o(i.Nokia5110_OutUDec)
    i.Nokia5110_SetCursor                    0x000006f4   Section        0  nokia5110.o(i.Nokia5110_SetCursor)
    i.PWM_Duty1                              0x00000722   Section        0  pwm.o(i.PWM_Duty1)
    i.PWM_Duty2                              0x00000738   Section        0  pwm.o(i.PWM_Duty2)
    i.PWM_Init                               0x00000750   Section        0  pwm.o(i.PWM_Init)
    i.SysTick_Init                           0x000007e0   Section        0  systick.o(i.SysTick_Init)
    i.SystemInit                             0x000007f8   Section        0  system_msp432.o(i.SystemInit)
    i.TA0_0_IRQHandler                       0x00000814   Section        0  inputcapture.o(i.TA0_0_IRQHandler)
    i.TA1_0_IRQHandler                       0x00000834   Section        0  inputcapture.o(i.TA1_0_IRQHandler)
    i.TA1_N_IRQHandler                       0x00000858   Section        0  inputcapture.o(i.TA1_N_IRQHandler)
    i.TA2_0_IRQHandler                       0x0000087c   Section        0  inputcapture.o(i.TA2_0_IRQHandler)
    i.TimerCapture1_Init                     0x000008a0   Section        0  inputcapture.o(i.TimerCapture1_Init)
    i.cycles_to_delay_units                  0x00000974   Section        0  main.o(i.cycles_to_delay_units)
    i.encoder_init                           0x00000984   Section        0  main.o(i.encoder_init)
    i.lcddatawrite                           0x000009b4   Section        0  nokia5110.o(i.lcddatawrite)
    lcddatawrite                             0x000009b5   Thumb Code    44  nokia5110.o(i.lcddatawrite)
    i.lcdwrite                               0x000009e8   Section        0  nokia5110.o(i.lcdwrite)
    lcdwrite                                 0x000009e9   Thumb Code    60  nokia5110.o(i.lcdwrite)
    i.left_period_measure                    0x00000a2c   Section        0  main.o(i.left_period_measure)
    i.left_pid_controller                    0x00000a60   Section        0  main.o(i.left_pid_controller)
    i.logic_init                             0x00000ac0   Section        0  main.o(i.logic_init)
    i.main                                   0x00000b04   Section        0  main.o(i.main)
    i.period_measure_init                    0x00000c78   Section        0  main.o(i.period_measure_init)
    i.pid_controller                         0x00000cac   Section        0  main.o(i.pid_controller)
    i.print_sonars                           0x00000d1c   Section        0  main.o(i.print_sonars)
    i.right_period_measure                   0x00000d80   Section        0  main.o(i.right_period_measure)
    i.right_pid_controller                   0x00000db4   Section        0  main.o(i.right_pid_controller)
    i.scale                                  0x00000e14   Section        0  main.o(i.scale)
    i.sonar1_init                            0x00000e28   Section        0  main.o(i.sonar1_init)
    i.sonar1_measure                         0x00000eb4   Section        0  main.o(i.sonar1_measure)
    i.sonar2_init                            0x00000f3c   Section        0  main.o(i.sonar2_init)
    i.sonar2_measure                         0x00000fc8   Section        0  main.o(i.sonar2_measure)
    .constdata                               0x00001050   Section      488  nokia5110.o(.constdata)
    ASCII                                    0x00001050   Data         480  nokia5110.o(.constdata)
    .data                                    0x20000000   Section       76  main.o(.data)
    i                                        0x2000002c   Data           4  main.o(.data)
    i                                        0x20000030   Data           4  main.o(.data)
    e_old                                    0x20000034   Data           4  main.o(.data)
    E                                        0x20000038   Data           4  main.o(.data)
    e_old                                    0x2000003c   Data           4  main.o(.data)
    E                                        0x20000040   Data           4  main.o(.data)
    e_old                                    0x20000044   Data           4  main.o(.data)
    E                                        0x20000048   Data           4  main.o(.data)
    .data                                    0x2000004c   Section        8  inputcapture.o(.data)
    .data                                    0x20000054   Section       20  clocksystem_1.o(.data)
    .data                                    0x20000068   Section        4  system_msp432.o(.data)
    .bss                                     0x2000006c   Section       96  libspace.o(.bss)
    HEAP                                     0x200000d0   Section        0  startup_msp432.o(HEAP)
    STACK                                    0x200000d0   Section     1024  startup_msp432.o(STACK)
    Heap_Mem                                 0x200000d0   Data           0  startup_msp432.o(HEAP)
    Stack_Mem                                0x200000d0   Data        1024  startup_msp432.o(STACK)
    __initial_sp                             0x200004d0   Data           0  startup_msp432.o(STACK)

    Global Symbols

    Symbol Name                              Value     Ov Type        Size  Object(Section)

    BuildAttributes$$THM_ISAv4$E$P$D$K$B$S$7EM$PE$A:L22UL41UL21$X:L11$S22US41US21$IEEE1$IW$USESV6$~STKCKD$USESV7$~SHL$OTIME$ROPI$IEEEX$EBA8$UX$STANDARDLIB$REQ8$PRES8$EABIv2 0x00000000   Number         0  anon$$obj.o ABSOLUTE
    __ARM_use_no_argv                        0x00000000   Number         0  main.o ABSOLUTE
    __Vectors                                0x00000000   Data           4  startup_msp432.o(RESET)
    __ARM_exceptions_init                     - Undefined Weak Reference
    __alloca_initialize                       - Undefined Weak Reference
    __arm_preinit_                            - Undefined Weak Reference
    __cpp_initialize__aeabi_                  - Undefined Weak Reference
    __cxa_finalize                            - Undefined Weak Reference
    __rt_locale                               - Undefined Weak Reference
    __sigvec_lookup                           - Undefined Weak Reference
    _atexit_init                              - Undefined Weak Reference
    _call_atexit_fns                          - Undefined Weak Reference
    _clock_init                               - Undefined Weak Reference
    _fp_trap_init                             - Undefined Weak Reference
    _fp_trap_shutdown                         - Undefined Weak Reference
    _get_lc_collate                           - Undefined Weak Reference
    _get_lc_ctype                             - Undefined Weak Reference
    _get_lc_monetary                          - Undefined Weak Reference
    _get_lc_numeric                           - Undefined Weak Reference
    _get_lc_time                              - Undefined Weak Reference
    _getenv_init                              - Undefined Weak Reference
    _handle_redirection                       - Undefined Weak Reference
    _init_alloc                               - Undefined Weak Reference
    _init_user_alloc                          - Undefined Weak Reference
    _initio                                   - Undefined Weak Reference
    _rand_init                                - Undefined Weak Reference
    _signal_finish                            - Undefined Weak Reference
    _signal_init                              - Undefined Weak Reference
    _terminate_alloc                          - Undefined Weak Reference
    _terminate_user_alloc                     - Undefined Weak Reference
    _terminateio                              - Undefined Weak Reference
    __Vectors_End                            0x00000144   Data           0  startup_msp432.o(RESET)
    __Vectors_Size                           0x00000144   Number         0  startup_msp432.o ABSOLUTE
    __main                                   0x00000145   Thumb Code     8  __main.o(!!!main)
    __scatterload                            0x0000014d   Thumb Code     0  __scatter.o(!!!scatter)
    __scatterload_rt2                        0x0000014d   Thumb Code    44  __scatter.o(!!!scatter)
    __scatterload_rt2_thumb_only             0x0000014d   Thumb Code     0  __scatter.o(!!!scatter)
    __scatterload_null                       0x0000015b   Thumb Code     0  __scatter.o(!!!scatter)
    __scatterload_copy                       0x00000181   Thumb Code    26  __scatter_copy.o(!!handler_copy)
    __scatterload_zeroinit                   0x0000019d   Thumb Code    28  __scatter_zi.o(!!handler_zi)
    __rt_lib_init                            0x000001b9   Thumb Code     0  libinit.o(.ARM.Collect$$libinit$$00000000)
    __rt_lib_init_alloca_1                   0x000001bb   Thumb Code     0  libinit2.o(.ARM.Collect$$libinit$$0000002E)
    __rt_lib_init_argv_1                     0x000001bb   Thumb Code     0  libinit2.o(.ARM.Collect$$libinit$$0000002C)
    __rt_lib_init_atexit_1                   0x000001bb   Thumb Code     0  libinit2.o(.ARM.Collect$$libinit$$0000001B)
    __rt_lib_init_clock_1                    0x000001bb   Thumb Code     0  libinit2.o(.ARM.Collect$$libinit$$00000021)
    __rt_lib_init_cpp_1                      0x000001bb   Thumb Code     0  libinit2.o(.ARM.Collect$$libinit$$00000032)
    __rt_lib_init_exceptions_1               0x000001bb   Thumb Code     0  libinit2.o(.ARM.Collect$$libinit$$00000030)
    __rt_lib_init_fp_1                       0x000001bb   Thumb Code     0  libinit2.o(.ARM.Collect$$libinit$$00000002)
    __rt_lib_init_fp_trap_1                  0x000001bb   Thumb Code     0  libinit2.o(.ARM.Collect$$libinit$$0000001F)
    __rt_lib_init_getenv_1                   0x000001bb   Thumb Code     0  libinit2.o(.ARM.Collect$$libinit$$00000023)
    __rt_lib_init_heap_1                     0x000001bb   Thumb Code     0  libinit2.o(.ARM.Collect$$libinit$$0000000A)
    __rt_lib_init_lc_collate_1               0x000001bb   Thumb Code     0  libinit2.o(.ARM.Collect$$libinit$$00000011)
    __rt_lib_init_lc_ctype_1                 0x000001bb   Thumb Code     0  libinit2.o(.ARM.Collect$$libinit$$00000013)
    __rt_lib_init_lc_monetary_1              0x000001bb   Thumb Code     0  libinit2.o(.ARM.Collect$$libinit$$00000015)
    __rt_lib_init_lc_numeric_1               0x000001bb   Thumb Code     0  libinit2.o(.ARM.Collect$$libinit$$00000017)
    __rt_lib_init_lc_time_1                  0x000001bb   Thumb Code     0  libinit2.o(.ARM.Collect$$libinit$$00000019)
    __rt_lib_init_preinit_1                  0x000001bb   Thumb Code     0  libinit2.o(.ARM.Collect$$libinit$$00000004)
    __rt_lib_init_rand_1                     0x000001bb   Thumb Code     0  libinit2.o(.ARM.Collect$$libinit$$0000000E)
    __rt_lib_init_return                     0x000001bb   Thumb Code     0  libinit2.o(.ARM.Collect$$libinit$$00000033)
    __rt_lib_init_signal_1                   0x000001bb   Thumb Code     0  libinit2.o(.ARM.Collect$$libinit$$0000001D)
    __rt_lib_init_stdio_1                    0x000001bb   Thumb Code     0  libinit2.o(.ARM.Collect$$libinit$$00000025)
    __rt_lib_init_user_alloc_1               0x000001bb   Thumb Code     0  libinit2.o(.ARM.Collect$$libinit$$0000000C)
    __rt_lib_shutdown                        0x000001bd   Thumb Code     0  libshutdown.o(.ARM.Collect$$libshutdown$$00000000)
    __rt_lib_shutdown_cpp_1                  0x000001bf   Thumb Code     0  libshutdown2.o(.ARM.Collect$$libshutdown$$00000002)
    __rt_lib_shutdown_fp_trap_1              0x000001bf   Thumb Code     0  libshutdown2.o(.ARM.Collect$$libshutdown$$00000007)
    __rt_lib_shutdown_heap_1                 0x000001bf   Thumb Code     0  libshutdown2.o(.ARM.Collect$$libshutdown$$0000000F)
    __rt_lib_shutdown_return                 0x000001bf   Thumb Code     0  libshutdown2.o(.ARM.Collect$$libshutdown$$00000010)
    __rt_lib_shutdown_signal_1               0x000001bf   Thumb Code     0  libshutdown2.o(.ARM.Collect$$libshutdown$$0000000A)
    __rt_lib_shutdown_stdio_1                0x000001bf   Thumb Code     0  libshutdown2.o(.ARM.Collect$$libshutdown$$00000004)
    __rt_lib_shutdown_user_alloc_1           0x000001bf   Thumb Code     0  libshutdown2.o(.ARM.Collect$$libshutdown$$0000000C)
    __rt_entry                               0x000001c1   Thumb Code     0  __rtentry.o(.ARM.Collect$$rtentry$$00000000)
    __rt_entry_presh_1                       0x000001c1   Thumb Code     0  __rtentry2.o(.ARM.Collect$$rtentry$$00000002)
    __rt_entry_sh                            0x000001c1   Thumb Code     0  __rtentry4.o(.ARM.Collect$$rtentry$$00000004)
    __rt_entry_li                            0x000001c7   Thumb Code     0  __rtentry2.o(.ARM.Collect$$rtentry$$0000000A)
    __rt_entry_postsh_1                      0x000001c7   Thumb Code     0  __rtentry2.o(.ARM.Collect$$rtentry$$00000009)
    __rt_entry_main                          0x000001cb   Thumb Code     0  __rtentry2.o(.ARM.Collect$$rtentry$$0000000D)
    __rt_entry_postli_1                      0x000001cb   Thumb Code     0  __rtentry2.o(.ARM.Collect$$rtentry$$0000000C)
    __rt_exit                                0x000001d3   Thumb Code     0  rtexit.o(.ARM.Collect$$rtexit$$00000000)
    __rt_exit_ls                             0x000001d5   Thumb Code     0  rtexit2.o(.ARM.Collect$$rtexit$$00000003)
    __rt_exit_prels_1                        0x000001d5   Thumb Code     0  rtexit2.o(.ARM.Collect$$rtexit$$00000002)
    __rt_exit_exit                           0x000001d9   Thumb Code     0  rtexit2.o(.ARM.Collect$$rtexit$$00000004)
    Delay                                    0x000001e1   Thumb Code     6  main.o(.emb_text)
    Reset_Handler                            0x000001e9   Thumb Code     8  startup_msp432.o(.text)
    NMI_Handler                              0x000001f1   Thumb Code     2  startup_msp432.o(.text)
    HardFault_Handler                        0x000001f3   Thumb Code     2  startup_msp432.o(.text)
    MemManage_Handler                        0x000001f5   Thumb Code     2  startup_msp432.o(.text)
    BusFault_Handler                         0x000001f7   Thumb Code     2  startup_msp432.o(.text)
    UsageFault_Handler                       0x000001f9   Thumb Code     2  startup_msp432.o(.text)
    SVC_Handler                              0x000001fb   Thumb Code     2  startup_msp432.o(.text)
    DebugMon_Handler                         0x000001fd   Thumb Code     2  startup_msp432.o(.text)
    PendSV_Handler                           0x000001ff   Thumb Code     2  startup_msp432.o(.text)
    SysTick_Handler                          0x00000201   Thumb Code     2  startup_msp432.o(.text)
    ADC14_IRQHandler                         0x00000203   Thumb Code     0  startup_msp432.o(.text)
    AES256_IRQHandler                        0x00000203   Thumb Code     0  startup_msp432.o(.text)
    COMP_E0_IRQHandler                       0x00000203   Thumb Code     0  startup_msp432.o(.text)
    COMP_E1_IRQHandler                       0x00000203   Thumb Code     0  startup_msp432.o(.text)
    CS_IRQHandler                            0x00000203   Thumb Code     0  startup_msp432.o(.text)
    DMA_ERR_IRQHandler                       0x00000203   Thumb Code     0  startup_msp432.o(.text)
    DMA_INT0_IRQHandler                      0x00000203   Thumb Code     0  startup_msp432.o(.text)
    DMA_INT1_IRQHandler                      0x00000203   Thumb Code     0  startup_msp432.o(.text)
    DMA_INT2_IRQHandler                      0x00000203   Thumb Code     0  startup_msp432.o(.text)
    DMA_INT3_IRQHandler                      0x00000203   Thumb Code     0  startup_msp432.o(.text)
    EUSCIA0_IRQHandler                       0x00000203   Thumb Code     0  startup_msp432.o(.text)
    EUSCIA1_IRQHandler                       0x00000203   Thumb Code     0  startup_msp432.o(.text)
    EUSCIA2_IRQHandler                       0x00000203   Thumb Code     0  startup_msp432.o(.text)
    EUSCIA3_IRQHandler                       0x00000203   Thumb Code     0  startup_msp432.o(.text)
    EUSCIB0_IRQHandler                       0x00000203   Thumb Code     0  startup_msp432.o(.text)
    EUSCIB1_IRQHandler                       0x00000203   Thumb Code     0  startup_msp432.o(.text)
    EUSCIB2_IRQHandler                       0x00000203   Thumb Code     0  startup_msp432.o(.text)
    EUSCIB3_IRQHandler                       0x00000203   Thumb Code     0  startup_msp432.o(.text)
    FLCTL_IRQHandler                         0x00000203   Thumb Code     0  startup_msp432.o(.text)
    FPU_IRQHandler                           0x00000203   Thumb Code     0  startup_msp432.o(.text)
    PCM_IRQHandler                           0x00000203   Thumb Code     0  startup_msp432.o(.text)
    PORT1_IRQHandler                         0x00000203   Thumb Code     0  startup_msp432.o(.text)
    PORT2_IRQHandler                         0x00000203   Thumb Code     0  startup_msp432.o(.text)
    PORT3_IRQHandler                         0x00000203   Thumb Code     0  startup_msp432.o(.text)
    PORT4_IRQHandler                         0x00000203   Thumb Code     0  startup_msp432.o(.text)
    PORT5_IRQHandler                         0x00000203   Thumb Code     0  startup_msp432.o(.text)
    PORT6_IRQHandler                         0x00000203   Thumb Code     0  startup_msp432.o(.text)
    PSS_IRQHandler                           0x00000203   Thumb Code     0  startup_msp432.o(.text)
    RTC_C_IRQHandler                         0x00000203   Thumb Code     0  startup_msp432.o(.text)
    T32_INT1_IRQHandler                      0x00000203   Thumb Code     0  startup_msp432.o(.text)
    T32_INT2_IRQHandler                      0x00000203   Thumb Code     0  startup_msp432.o(.text)
    T32_INTC_IRQHandler                      0x00000203   Thumb Code     0  startup_msp432.o(.text)
    TA0_N_IRQHandler                         0x00000203   Thumb Code     0  startup_msp432.o(.text)
    TA2_N_IRQHandler                         0x00000203   Thumb Code     0  startup_msp432.o(.text)
    TA3_0_IRQHandler                         0x00000203   Thumb Code     0  startup_msp432.o(.text)
    TA3_N_IRQHandler                         0x00000203   Thumb Code     0  startup_msp432.o(.text)
    WDT_A_IRQHandler                         0x00000203   Thumb Code     0  startup_msp432.o(.text)
    DisableInterrupts                        0x0000020d   Thumb Code     0  startup_msp432.o(.text)
    EnableInterrupts                         0x00000211   Thumb Code     0  startup_msp432.o(.text)
    StartCritical                            0x00000215   Thumb Code     0  startup_msp432.o(.text)
    EndCritical                              0x0000021d   Thumb Code     0  startup_msp432.o(.text)
    WaitForInterrupt                         0x00000223   Thumb Code     0  startup_msp432.o(.text)
    __user_initial_stackheap                 0x00000227   Thumb Code    10  startup_msp432.o(.text)
    __use_two_region_memory                  0x0000023d   Thumb Code     2  heapauxi.o(.text)
    __rt_heap_escrow$2region                 0x0000023f   Thumb Code     2  heapauxi.o(.text)
    __rt_heap_expand$2region                 0x00000241   Thumb Code     2  heapauxi.o(.text)
    __user_libspace                          0x00000245   Thumb Code     8  libspace.o(.text)
    __user_perproc_libspace                  0x00000245   Thumb Code     0  libspace.o(.text)
    __user_perthread_libspace                0x00000245   Thumb Code     0  libspace.o(.text)
    __user_setup_stackheap                   0x0000024d   Thumb Code    74  sys_stackheap_outer.o(.text)
    exit                                     0x00000297   Thumb Code    18  exit.o(.text)
    _sys_exit                                0x000002a9   Thumb Code     8  sys_exit.o(.text)
    __I$use$semihosting                      0x000002b5   Thumb Code     0  use_no_semi.o(.text)
    __use_no_semihosting_swi                 0x000002b5   Thumb Code     2  use_no_semi.o(.text)
    __semihosting_library_function           0x000002b7   Thumb Code     0  indicate_semi.o(.text)
    Clock_Init48MHz                          0x000002b9   Thumb Code   286  clocksystem_1.o(i.Clock_Init48MHz)
    Nokia5110_Clear                          0x00000409   Thumb Code    30  nokia5110.o(i.Nokia5110_Clear)
    Nokia5110_Init                           0x00000429   Thumb Code   218  nokia5110.o(i.Nokia5110_Init)
    Nokia5110_OutChar                        0x0000050d   Thumb Code    46  nokia5110.o(i.Nokia5110_OutChar)
    Nokia5110_OutString                      0x00000541   Thumb Code    24  nokia5110.o(i.Nokia5110_OutString)
    Nokia5110_OutUDec                        0x00000559   Thumb Code   394  nokia5110.o(i.Nokia5110_OutUDec)
    Nokia5110_SetCursor                      0x000006f5   Thumb Code    46  nokia5110.o(i.Nokia5110_SetCursor)
    PWM_Duty1                                0x00000723   Thumb Code    22  pwm.o(i.PWM_Duty1)
    PWM_Duty2                                0x00000739   Thumb Code    22  pwm.o(i.PWM_Duty2)
    PWM_Init                                 0x00000751   Thumb Code   140  pwm.o(i.PWM_Init)
    SysTick_Init                             0x000007e1   Thumb Code    24  systick.o(i.SysTick_Init)
    SystemInit                               0x000007f9   Thumb Code    16  system_msp432.o(i.SystemInit)
    TA0_0_IRQHandler                         0x00000815   Thumb Code    28  inputcapture.o(i.TA0_0_IRQHandler)
    TA1_0_IRQHandler                         0x00000835   Thumb Code    28  inputcapture.o(i.TA1_0_IRQHandler)
    TA1_N_IRQHandler                         0x00000859   Thumb Code    28  inputcapture.o(i.TA1_N_IRQHandler)
    TA2_0_IRQHandler                         0x0000087d   Thumb Code    28  inputcapture.o(i.TA2_0_IRQHandler)
    TimerCapture1_Init                       0x000008a1   Thumb Code   188  inputcapture.o(i.TimerCapture1_Init)
    cycles_to_delay_units                    0x00000975   Thumb Code    16  main.o(i.cycles_to_delay_units)
    encoder_init                             0x00000985   Thumb Code    42  main.o(i.encoder_init)
    left_period_measure                      0x00000a2d   Thumb Code    34  main.o(i.left_period_measure)
    left_pid_controller                      0x00000a61   Thumb Code    82  main.o(i.left_pid_controller)
    logic_init                               0x00000ac1   Thumb Code    64  main.o(i.logic_init)
    main                                     0x00000b05   Thumb Code   348  main.o(i.main)
    period_measure_init                      0x00000c79   Thumb Code    28  main.o(i.period_measure_init)
    pid_controller                           0x00000cad   Thumb Code    98  main.o(i.pid_controller)
    print_sonars                             0x00000d1d   Thumb Code    68  main.o(i.print_sonars)
    right_period_measure                     0x00000d81   Thumb Code    34  main.o(i.right_period_measure)
    right_pid_controller                     0x00000db5   Thumb Code    82  main.o(i.right_pid_controller)
    scale                                    0x00000e15   Thumb Code    20  main.o(i.scale)
    sonar1_init                              0x00000e29   Thumb Code   132  main.o(i.sonar1_init)
    sonar1_measure                           0x00000eb5   Thumb Code   126  main.o(i.sonar1_measure)
    sonar2_init                              0x00000f3d   Thumb Code   132  main.o(i.sonar2_init)
    sonar2_measure                           0x00000fc9   Thumb Code   126  main.o(i.sonar2_measure)
    Masks                                    0x00001230   Data           8  nokia5110.o(.constdata)
    Region$$Table$$Base                      0x00001238   Number         0  anon$$obj.o(Region$$Table)
    Region$$Table$$Limit                     0x00001258   Number         0  anon$$obj.o(Region$$Table)
    states                                   0x20000000   Data          18  main.o(.data)
    leftPeriod                               0x20000012   Data           2  main.o(.data)
    leftFirst                                0x20000014   Data           2  main.o(.data)
    leftDone                                 0x20000018   Data           4  main.o(.data)
    leftCount                                0x2000001c   Data           2  main.o(.data)
    rightPeriod                              0x2000001e   Data           2  main.o(.data)
    rightFirst                               0x20000020   Data           2  main.o(.data)
    rightDone                                0x20000024   Data           4  main.o(.data)
    rightCount                               0x20000028   Data           2  main.o(.data)
    CaptureTask                              0x2000004c   Data           4  inputcapture.o(.data)
    CaptureTask2                             0x20000050   Data           4  inputcapture.o(.data)
    Prewait                                  0x20000054   Data           4  clocksystem_1.o(.data)
    CPMwait                                  0x20000058   Data           4  clocksystem_1.o(.data)
    Postwait                                 0x2000005c   Data           4  clocksystem_1.o(.data)
    IFlags                                   0x20000060   Data           4  clocksystem_1.o(.data)
    Crystalstable                            0x20000064   Data           4  clocksystem_1.o(.data)
    SystemCoreClock                          0x20000068   Data           4  system_msp432.o(.data)
    __libspace_start                         0x2000006c   Data          96  libspace.o(.bss)
    __temporary_stack_top$libspace           0x200000cc   Data           0  libspace.o(.bss)



==============================================================================

Memory Map of the image

  Image Entry point : 0x000001e9

  Load Region LR_1 (Base: 0x00000000, Size: 0x000012c4, Max: 0xffffffff, ABSOLUTE)

    Execution Region ER_RO (Base: 0x00000000, Size: 0x00001258, Max: 0xffffffff, ABSOLUTE)

    Base Addr    Size         Type   Attr      Idx    E Section Name        Object

    0x00000000   0x00000144   Data   RO          534    RESET               startup_msp432.o
    0x00000144   0x00000008   Code   RO          579  * !!!main             c_w.l(__main.o)
    0x0000014c   0x00000034   Code   RO          819    !!!scatter          c_w.l(__scatter.o)
    0x00000180   0x0000001a   Code   RO          821    !!handler_copy      c_w.l(__scatter_copy.o)
    0x0000019a   0x00000002   PAD
    0x0000019c   0x0000001c   Code   RO          823    !!handler_zi        c_w.l(__scatter_zi.o)
    0x000001b8   0x00000002   Code   RO          686    .ARM.Collect$$libinit$$00000000  c_w.l(libinit.o)
    0x000001ba   0x00000000   Code   RO          694    .ARM.Collect$$libinit$$00000002  c_w.l(libinit2.o)
    0x000001ba   0x00000000   Code   RO          696    .ARM.Collect$$libinit$$00000004  c_w.l(libinit2.o)
    0x000001ba   0x00000000   Code   RO          699    .ARM.Collect$$libinit$$0000000A  c_w.l(libinit2.o)
    0x000001ba   0x00000000   Code   RO          701    .ARM.Collect$$libinit$$0000000C  c_w.l(libinit2.o)
    0x000001ba   0x00000000   Code   RO          703    .ARM.Collect$$libinit$$0000000E  c_w.l(libinit2.o)
    0x000001ba   0x00000000   Code   RO          706    .ARM.Collect$$libinit$$00000011  c_w.l(libinit2.o)
    0x000001ba   0x00000000   Code   RO          708    .ARM.Collect$$libinit$$00000013  c_w.l(libinit2.o)
    0x000001ba   0x00000000   Code   RO          710    .ARM.Collect$$libinit$$00000015  c_w.l(libinit2.o)
    0x000001ba   0x00000000   Code   RO          712    .ARM.Collect$$libinit$$00000017  c_w.l(libinit2.o)
    0x000001ba   0x00000000   Code   RO          714    .ARM.Collect$$libinit$$00000019  c_w.l(libinit2.o)
    0x000001ba   0x00000000   Code   RO          716    .ARM.Collect$$libinit$$0000001B  c_w.l(libinit2.o)
    0x000001ba   0x00000000   Code   RO          718    .ARM.Collect$$libinit$$0000001D  c_w.l(libinit2.o)
    0x000001ba   0x00000000   Code   RO          720    .ARM.Collect$$libinit$$0000001F  c_w.l(libinit2.o)
    0x000001ba   0x00000000   Code   RO          722    .ARM.Collect$$libinit$$00000021  c_w.l(libinit2.o)
    0x000001ba   0x00000000   Code   RO          724    .ARM.Collect$$libinit$$00000023  c_w.l(libinit2.o)
    0x000001ba   0x00000000   Code   RO          726    .ARM.Collect$$libinit$$00000025  c_w.l(libinit2.o)
    0x000001ba   0x00000000   Code   RO          730    .ARM.Collect$$libinit$$0000002C  c_w.l(libinit2.o)
    0x000001ba   0x00000000   Code   RO          732    .ARM.Collect$$libinit$$0000002E  c_w.l(libinit2.o)
    0x000001ba   0x00000000   Code   RO          734    .ARM.Collect$$libinit$$00000030  c_w.l(libinit2.o)
    0x000001ba   0x00000000   Code   RO          736    .ARM.Collect$$libinit$$00000032  c_w.l(libinit2.o)
    0x000001ba   0x00000002   Code   RO          737    .ARM.Collect$$libinit$$00000033  c_w.l(libinit2.o)
    0x000001bc   0x00000002   Code   RO          759    .ARM.Collect$$libshutdown$$00000000  c_w.l(libshutdown.o)
    0x000001be   0x00000000   Code   RO          772    .ARM.Collect$$libshutdown$$00000002  c_w.l(libshutdown2.o)
    0x000001be   0x00000000   Code   RO          774    .ARM.Collect$$libshutdown$$00000004  c_w.l(libshutdown2.o)
    0x000001be   0x00000000   Code   RO          777    .ARM.Collect$$libshutdown$$00000007  c_w.l(libshutdown2.o)
    0x000001be   0x00000000   Code   RO          780    .ARM.Collect$$libshutdown$$0000000A  c_w.l(libshutdown2.o)
    0x000001be   0x00000000   Code   RO          782    .ARM.Collect$$libshutdown$$0000000C  c_w.l(libshutdown2.o)
    0x000001be   0x00000000   Code   RO          785    .ARM.Collect$$libshutdown$$0000000F  c_w.l(libshutdown2.o)
    0x000001be   0x00000002   Code   RO          786    .ARM.Collect$$libshutdown$$00000010  c_w.l(libshutdown2.o)
    0x000001c0   0x00000000   Code   RO          599    .ARM.Collect$$rtentry$$00000000  c_w.l(__rtentry.o)
    0x000001c0   0x00000000   Code   RO          649    .ARM.Collect$$rtentry$$00000002  c_w.l(__rtentry2.o)
    0x000001c0   0x00000006   Code   RO          661    .ARM.Collect$$rtentry$$00000004  c_w.l(__rtentry4.o)
    0x000001c6   0x00000000   Code   RO          651    .ARM.Collect$$rtentry$$00000009  c_w.l(__rtentry2.o)
    0x000001c6   0x00000004   Code   RO          652    .ARM.Collect$$rtentry$$0000000A  c_w.l(__rtentry2.o)
    0x000001ca   0x00000000   Code   RO          654    .ARM.Collect$$rtentry$$0000000C  c_w.l(__rtentry2.o)
    0x000001ca   0x00000008   Code   RO          655    .ARM.Collect$$rtentry$$0000000D  c_w.l(__rtentry2.o)
    0x000001d2   0x00000002   Code   RO          691    .ARM.Collect$$rtexit$$00000000  c_w.l(rtexit.o)
    0x000001d4   0x00000000   Code   RO          741    .ARM.Collect$$rtexit$$00000002  c_w.l(rtexit2.o)
    0x000001d4   0x00000004   Code   RO          742    .ARM.Collect$$rtexit$$00000003  c_w.l(rtexit2.o)
    0x000001d8   0x00000006   Code   RO          743    .ARM.Collect$$rtexit$$00000004  c_w.l(rtexit2.o)
    0x000001de   0x00000002   PAD
    0x000001e0   0x00000006   Code   RO            4    .emb_text           main.o
    0x000001e6   0x00000002   PAD
    0x000001e8   0x00000054   Code   RO          535  * .text               startup_msp432.o
    0x0000023c   0x00000006   Code   RO          577    .text               c_w.l(heapauxi.o)
    0x00000242   0x00000002   PAD
    0x00000244   0x00000008   Code   RO          674    .text               c_w.l(libspace.o)
    0x0000024c   0x0000004a   Code   RO          677    .text               c_w.l(sys_stackheap_outer.o)
    0x00000296   0x00000012   Code   RO          679    .text               c_w.l(exit.o)
    0x000002a8   0x0000000c   Code   RO          751    .text               c_w.l(sys_exit.o)
    0x000002b4   0x00000002   Code   RO          762    .text               c_w.l(use_no_semi.o)
    0x000002b6   0x00000000   Code   RO          764    .text               c_w.l(indicate_semi.o)
    0x000002b6   0x00000002   PAD
    0x000002b8   0x00000150   Code   RO          492    i.Clock_Init48MHz   clocksystem_1.o
    0x00000408   0x0000001e   Code   RO          311    i.Nokia5110_Clear   nokia5110.o
    0x00000426   0x00000002   PAD
    0x00000428   0x000000e4   Code   RO          316    i.Nokia5110_Init    nokia5110.o
    0x0000050c   0x00000034   Code   RO          317    i.Nokia5110_OutChar  nokia5110.o
    0x00000540   0x00000018   Code   RO          318    i.Nokia5110_OutString  nokia5110.o
    0x00000558   0x0000019c   Code   RO          319    i.Nokia5110_OutUDec  nokia5110.o
    0x000006f4   0x0000002e   Code   RO          321    i.Nokia5110_SetCursor  nokia5110.o
    0x00000722   0x00000016   Code   RO          212    i.PWM_Duty1         pwm.o
    0x00000738   0x00000016   Code   RO          213    i.PWM_Duty2         pwm.o
    0x0000074e   0x00000002   PAD
    0x00000750   0x00000090   Code   RO          214    i.PWM_Init          pwm.o
    0x000007e0   0x00000018   Code   RO          454    i.SysTick_Init      systick.o
    0x000007f8   0x0000001c   Code   RO          543    i.SystemInit        system_msp432.o
    0x00000814   0x00000020   Code   RO          248    i.TA0_0_IRQHandler  inputcapture.o
    0x00000834   0x00000024   Code   RO          249    i.TA1_0_IRQHandler  inputcapture.o
    0x00000858   0x00000024   Code   RO          250    i.TA1_N_IRQHandler  inputcapture.o
    0x0000087c   0x00000024   Code   RO          251    i.TA2_0_IRQHandler  inputcapture.o
    0x000008a0   0x000000d4   Code   RO          252    i.TimerCapture1_Init  inputcapture.o
    0x00000974   0x00000010   Code   RO            9    i.cycles_to_delay_units  main.o
    0x00000984   0x00000030   Code   RO           10    i.encoder_init      main.o
    0x000009b4   0x00000034   Code   RO          331    i.lcddatawrite      nokia5110.o
    0x000009e8   0x00000044   Code   RO          332    i.lcdwrite          nokia5110.o
    0x00000a2c   0x00000034   Code   RO           11    i.left_period_measure  main.o
    0x00000a60   0x00000060   Code   RO           12    i.left_pid_controller  main.o
    0x00000ac0   0x00000044   Code   RO           13    i.logic_init        main.o
    0x00000b04   0x00000174   Code   RO           14    i.main              main.o
    0x00000c78   0x00000034   Code   RO           15    i.period_measure_init  main.o
    0x00000cac   0x00000070   Code   RO           16    i.pid_controller    main.o
    0x00000d1c   0x00000064   Code   RO           18    i.print_sonars      main.o
    0x00000d80   0x00000034   Code   RO           21    i.right_period_measure  main.o
    0x00000db4   0x00000060   Code   RO           22    i.right_pid_controller  main.o
    0x00000e14   0x00000014   Code   RO           23    i.scale             main.o
    0x00000e28   0x0000008c   Code   RO           24    i.sonar1_init       main.o
    0x00000eb4   0x00000088   Code   RO           25    i.sonar1_measure    main.o
    0x00000f3c   0x0000008c   Code   RO           26    i.sonar2_init       main.o
    0x00000fc8   0x00000088   Code   RO           27    i.sonar2_measure    main.o
    0x00001050   0x000001e8   Data   RO          334    .constdata          nokia5110.o
    0x00001238   0x00000020   Data   RO          817    Region$$Table       anon$$obj.o


    Execution Region ER_RW (Base: 0x20000000, Size: 0x0000006c, Max: 0xffffffff, ABSOLUTE)

    Base Addr    Size         Type   Attr      Idx    E Section Name        Object

    0x20000000   0x0000004c   Data   RW           29    .data               main.o
    0x2000004c   0x00000008   Data   RW          255    .data               inputcapture.o
    0x20000054   0x00000014   Data   RW          494    .data               clocksystem_1.o
    0x20000068   0x00000004   Data   RW          544    .data               system_msp432.o


    Execution Region ER_ZI (Base: 0x2000006c, Size: 0x00000464, Max: 0xffffffff, ABSOLUTE)

    Base Addr    Size         Type   Attr      Idx    E Section Name        Object

    0x2000006c   0x00000060   Zero   RW          675    .bss                c_w.l(libspace.o)
    0x200000cc   0x00000004   PAD
    0x200000d0   0x00000000   Zero   RW          533    HEAP                startup_msp432.o
    0x200000d0   0x00000400   Zero   RW          532    STACK               startup_msp432.o


==============================================================================

Image component sizes


      Code (inc. data)   RO Data    RW Data    ZI Data      Debug   Object Name

       336         50          0         20          0        894   clocksystem_1.o
       352         52          0          8          0       2988   inputcapture.o
      1642        204          0         76          0      15534   main.o
       912         50        488          0          0       5394   nokia5110.o
       188          4          0          0          0       1435   pwm.o
        84         20        324          0       1024        872   startup_msp432.o
        28         12          0          4          0        675   system_msp432.o
        24          0          0          0          0        391   systick.o

    ----------------------------------------------------------------------
      3572        392        844        108       1024      28183   Object Totals
         0          0         32          0          0          0   (incl. Generated)
         6          0          0          0          0          0   (incl. Padding)

    ----------------------------------------------------------------------

      Code (inc. data)   RO Data    RW Data    ZI Data      Debug   Library Member Name

         8          0          0          0          0         68   __main.o
         0          0          0          0          0          0   __rtentry.o
        12          0          0          0          0          0   __rtentry2.o
         6          0          0          0          0          0   __rtentry4.o
        52          8          0          0          0          0   __scatter.o
        26          0          0          0          0          0   __scatter_copy.o
        28          0          0          0          0          0   __scatter_zi.o
        18          0          0          0          0         80   exit.o
         6          0          0          0          0        152   heapauxi.o
         0          0          0          0          0          0   indicate_semi.o
         2          0          0          0          0          0   libinit.o
         2          0          0          0          0          0   libinit2.o
         2          0          0          0          0          0   libshutdown.o
         2          0          0          0          0          0   libshutdown2.o
         8          4          0          0         96         68   libspace.o
         2          0          0          0          0          0   rtexit.o
        10          0          0          0          0          0   rtexit2.o
        12          4          0          0          0         68   sys_exit.o
        74          0          0          0          0         80   sys_stackheap_outer.o
         2          0          0          0          0         68   use_no_semi.o

    ----------------------------------------------------------------------
       280         16          0          0        100        584   Library Totals
         8          0          0          0          4          0   (incl. Padding)

    ----------------------------------------------------------------------

      Code (inc. data)   RO Data    RW Data    ZI Data      Debug   Library Name

       272         16          0          0         96        584   c_w.l

    ----------------------------------------------------------------------
       280         16          0          0        100        584   Library Totals

    ----------------------------------------------------------------------

==============================================================================


      Code (inc. data)   RO Data    RW Data    ZI Data      Debug   

      3852        408        844        108       1124      26891   Grand Totals
      3852        408        844        108       1124      26891   ELF Image Totals
      3852        408        844        108          0          0   ROM Totals

==============================================================================

    Total RO  Size (Code + RO Data)                 4696 (   4.59kB)
    Total RW  Size (RW Data + ZI Data)              1232 (   1.20kB)
    Total ROM Size (Code + RO Data + RW Data)       4804 (   4.69kB)

==============================================================================

